******************************************************************************
            TI ARM Clang Linker PC v4.0.4                      
******************************************************************************
>> Linked Wed Feb 11 16:19:40 2026

OUTPUT FILE NAME:   <ST7735R.out>
ENTRY POINT SYMBOL: "_c_int00_noargs"  address: 00000db1


MEMORY CONFIGURATION

         name            origin    length      used     unused   attr    fill
----------------------  --------  ---------  --------  --------  ----  --------
  FLASH                 00000000   00020000  000014c8  0001eb38  R  X
  SRAM                  20200000   00008000  0000041d  00007be3  RW X
  BCR_CONFIG            41c00000   00000080  00000000  00000080  R   
  BSL_CONFIG            41c00100   00000080  00000000  00000080  R   


SEGMENT ALLOCATION MAP

run origin  load origin   length   init length attrs members
----------  ----------- ---------- ----------- ----- -------
00000000    00000000    000014c8   000014c8    r-x
  00000000    00000000    000000c0   000000c0    r-- .intvecs
  000000c0    000000c0    00000e18   00000e18    r-x .text
  00000ed8    00000ed8    000005b8   000005b8    r-- .rodata
  00001490    00001490    00000038   00000038    r-- .cinit
20200000    20200000    0000021d   00000000    rw-
  20200000    20200000    00000200   00000000    rw- .sysmem
  20200200    20200200    0000001a   00000000    rw- .data
  2020021a    2020021a    00000003   00000000    rw- .bss
20207e00    20207e00    00000200   00000000    rw-
  20207e00    20207e00    00000200   00000000    rw- .stack


SECTION ALLOCATION MAP

 output                                  attributes/
section   page    origin      length       input sections
--------  ----  ----------  ----------   ----------------
.intvecs   0    00000000    000000c0     
                  00000000    000000c0     startup_mspm0g3507_ticlang.o (.intvecs)

.text      0    000000c0    00000e18     
                  000000c0    000001b4     Clock.o (.text.Clock_Init80MHz)
                  00000274    000001a4     ST7735_SDC.o (.text.ST7735_DrawChar)
                  00000418    00000120     SPI.o (.text.SPI1_Init)
                  00000538    00000118     ST7735_SDC.o (.text.ST7735_FillRect)
                  00000650    000000d0     ST7735_SDC.o (.text.ST7735_OutChar)
                  00000720    000000a2     ST7735_SDC.o (.text.commandList)
                  000007c2    00000002     libclang_rt.builtins.a : aeabi_div0.c.obj (.text.__aeabi_idiv0)
                  000007c4    00000098     ST7735_SDC.o (.text.ST7735_InitR)
                  0000085c    00000098     ST7735Rtestmain.o (.text.main)
                  000008f4    00000088     ST7735_SDC.o (.text.setAddrWindow)
                  0000097c    00000084     ST7735_SDC.o (.text.ST7735_DrawString)
                  00000a00    0000007c     LaunchPad.o (.text.LaunchPad_Init)
                  00000a7c    0000007c     libc.a : copy_decompress_lzss.c.obj (.text:decompress:lzss)
                  00000af8    00000064     SPI.o (.text.TFT_OutCommand)
                  00000b5c    00000064     SPI.o (.text.TFT_OutData)
                  00000bc0    00000040     SPI.o (.text.SPI1_Reset)
                  00000c00    00000040     libclang_rt.builtins.a : aeabi_uidivmod.S.obj (.text.__aeabi_uidivmod)
                  00000c40    0000003c     libc.a : autoinit.c.obj (.text:__TI_auto_init_nobinit_nopinit)
                  00000c7c    00000038     LaunchPad.o (.text.ActivatePortA_B)
                  00000cb4    00000038     ST7735_SDC.o (.text.ST7735_OutString)
                  00000cec    00000034     Clock.o (.text.Clock_Delay1ms)
                  00000d20    00000034     ST7735_SDC.o (.text.ST7735_SetCursor)
                  00000d54    00000030     ST7735_SDC.o (.text.commonInit)
                  00000d84    0000002c     ST7735_SDC.o (.text.ST7735_FillScreen)
                  00000db0    00000028     libc.a : boot_cortex_m.c.obj (.text:_c_int00_noargs)
                  00000dd8    00000024     SPI.o (.text.CS_Init)
                  00000dfc    0000001e     ST7735_SDC.o (.text.pushColor)
                  00000e1a    00000002     --HOLE-- [fill = 0]
                  00000e1c    0000001c     startup_mspm0g3507_ticlang.o (.text.Default_Handler)
                  00000e38    0000001c     startup_mspm0g3507_ticlang.o (.text.HardFault_Handler)
                  00000e54    00000016     libc.a : copy_zero_init.c.obj (.text:decompress:ZI:__TI_zero_init_nomemset)
                  00000e6a    00000012            : memcpy16.S.obj (.text:TI_memcpy_small)
                  00000e7c    00000012            : copy_decompress_none.c.obj (.text:decompress:none)
                  00000e8e    00000010     Clock.o (.text.Clock_Delay)
                  00000e9e    00000010     LaunchPad.o (.text.Delay)
                  00000eae    00000002     --HOLE-- [fill = 0]
                  00000eb0    0000000c     Clock.o (.text.Clock_Freq)
                  00000ebc    00000008     libclang_rt.builtins.a : aeabi_memcpy.S.obj (.text.__aeabi_memcpy)
                  00000ec4    00000006     libc.a : exit.c.obj (.text:abort)
                  00000eca    00000004     libsysbm.a : hostexit.c.obj (.text.HOSTexit)
                  00000ece    00000004     startup_mspm0g3507_ticlang.o (.text.Reset_Handler)
                  00000ed2    00000004     libc.a : pre_init.c.obj (.text._system_pre_init)
                  00000ed6    00000002     --HOLE-- [fill = 0]

.cinit     0    00001490    00000038     
                  00001490    00000013     (.cinit..data.load) [load image, compression = lzss]
                  000014a3    00000001     --HOLE-- [fill = 0]
                  000014a4    0000000c     (__TI_handler_table)
                  000014b0    00000008     (.cinit..bss.load) [load image, compression = zero_init]
                  000014b8    00000010     (__TI_cinit_table)

.rodata    0    00000ed8    000005b8     
                  00000ed8    000004fb     ST7735_SDC.o (.rodata.Font)
                  000013d3    0000003b     ST7735_SDC.o (.rodata.Rcmd1)
                  0000140e    0000002b     ST7735_SDC.o (.rodata.Rcmd3)
                  00001439    00000016     ST7735_SDC.o (.rodata.str1.18061791561094498689.1)
                  0000144f    00000010     ST7735Rtestmain.o (.rodata.str1.11795601456643503699.1)
                  0000145f    0000000d     ST7735_SDC.o (.rodata.Rcmd2green)
                  0000146c    0000000d     ST7735_SDC.o (.rodata.Rcmd2red)
                  00001479    00000007     ST7735Rtestmain.o (.rodata.Hello_Spanish)
                  00001480    00000006     ST7735Rtestmain.o (.rodata.Hello_English)
                  00001486    00000005     ST7735Rtestmain.o (.rodata.Hello_French)
                  0000148b    00000004     ST7735Rtestmain.o (.rodata.Hello_Portuguese)
                  0000148f    00000001     --HOLE-- [fill = 0]

.init_array 
*          0    00000000    00000000     UNINITIALIZED

.binit     0    00000000    00000000     

.sysmem    0    20200000    00000200     UNINITIALIZED
                  20200000    00000010     libc.a : memory.c.obj (.sysmem)
                  20200010    000001f0     --HOLE--

.data      0    20200200    0000001a     UNINITIALIZED
                  20200200    00000004     Clock.o (.data.BusFreq)
                  20200204    00000004     ST7735_SDC.o (.data.Display_Free)
                  20200208    00000004     SPI.o (.data.SPI1_init_Flag)
                  2020020c    00000004     ST7735_SDC.o (.data.StX)
                  20200210    00000004     ST7735_SDC.o (.data.StY)
                  20200214    00000002     ST7735_SDC.o (.data.StTextColor)
                  20200216    00000002     ST7735_SDC.o (.data._height)
                  20200218    00000002     ST7735_SDC.o (.data._width)

.bss       0    2020021a    00000003     UNINITIALIZED
                  2020021a    00000001     ST7735_SDC.o (.bss.ColStart)
                  2020021b    00000001     ST7735_SDC.o (.bss.RowStart)
                  2020021c    00000001     ST7735_SDC.o (.bss.TabColor)

.stack     0    20207e00    00000200     UNINITIALIZED
                  20207e00    00000004     libc.a : boot_cortex_m.c.obj (.stack)
                  20207e04    000001fc     --HOLE--

__llvm_prf_cnts 
*          0    20200000    00000000     UNINITIALIZED

__llvm_prf_bits 
*          0    20200000    00000000     UNINITIALIZED

MODULE SUMMARY

       Module                         code   ro data   rw data
       ------                         ----   -------   -------
    .\
       ST7735_SDC.o                   1720   1425      21     
       SPI.o                          588    0         4      
       Clock.o                        516    0         4      
       LaunchPad.o                    196    0         0      
       ST7735Rtestmain.o              152    38        0      
    +--+------------------------------+------+---------+---------+
       Total:                         3172   1463      29     
                                                              
    .\ticlang\
       startup_mspm0g3507_ticlang.o   60     192       0      
    +--+------------------------------+------+---------+---------+
       Total:                         60     192       0      
                                                              
    C:\ti\ccs2040\ccs\tools\compiler\ti-cgt-armllvm_4.0.4.LTS\lib\armv6m-ti-none-eabi/c/libc.a
       copy_decompress_lzss.c.obj     124    0         0      
       autoinit.c.obj                 60     0         0      
       boot_cortex_m.c.obj            40     0         0      
       copy_zero_init.c.obj           22     0         0      
       copy_decompress_none.c.obj     18     0         0      
       memcpy16.S.obj                 18     0         0      
       exit.c.obj                     6      0         0      
       pre_init.c.obj                 4      0         0      
    +--+------------------------------+------+---------+---------+
       Total:                         292    0         0      
                                                              
    C:\ti\ccs2040\ccs\tools\compiler\ti-cgt-armllvm_4.0.4.LTS\lib\armv6m-ti-none-eabi/c/libsysbm.a
       hostexit.c.obj                 4      0         0      
    +--+------------------------------+------+---------+---------+
       Total:                         4      0         0      
                                                              
    C:\ti\ccs2040\ccs\tools\compiler\ti-cgt-armllvm_4.0.4.LTS\lib\armv6m-ti-none-eabi/libclang_rt.builtins.a
       aeabi_uidivmod.S.obj           64     0         0      
       aeabi_memcpy.S.obj             8      0         0      
       aeabi_div0.c.obj               2      0         0      
    +--+------------------------------+------+---------+---------+
       Total:                         74     0         0      
                                                              
       Heap:                          0      0         512    
       Stack:                         0      0         512    
       Linker Generated:              0      55        0      
    +--+------------------------------+------+---------+---------+
       Grand Total:                   3602   1710      1053   


LINKER GENERATED COPY TABLES

__TI_cinit_table @ 000014b8 records: 2, size/record: 8, table size: 16
	.data: load addr=00001490, load size=00000013 bytes, run addr=20200200, run size=0000001a bytes, compression=lzss
	.bss: load addr=000014b0, load size=00000008 bytes, run addr=2020021a, run size=00000003 bytes, compression=zero_init


LINKER GENERATED HANDLER TABLE

__TI_handler_table @ 000014a4 records: 3, size/record: 4, table size: 12
	index: 0, handler: __TI_decompress_lzss
	index: 1, handler: __TI_decompress_none
	index: 2, handler: __TI_zero_init


GLOBAL SYMBOLS: SORTED ALPHABETICALLY BY Name 

address   name                          
-------   ----                          
00000e1d  ADC0_IRQHandler               
00000e1d  ADC1_IRQHandler               
00000e1d  AES_IRQHandler                
00000c7d  ActivatePortA_B               
20200200  BusFreq                       
00000eca  C$$EXIT                       
00000e1d  CANFD0_IRQHandler             
00000dd9  CS_Init                       
00000e8f  Clock_Delay                   
00000ced  Clock_Delay1ms                
00000eb1  Clock_Freq                    
000000c1  Clock_Init80MHz               
00000e1d  DAC0_IRQHandler               
00000e1d  DMA_IRQHandler                
00000e1d  Default_Handler               
00000e9f  Delay                         
20200204  Display_Free                  
00000e1d  GROUP0_IRQHandler             
00000e1d  GROUP1_IRQHandler             
00000ecb  HOSTexit                      
00000e39  HardFault_Handler             
00001480  Hello_English                 
00001486  Hello_French                  
0000148b  Hello_Portuguese              
00001479  Hello_Spanish                 
00000e1d  I2C0_IRQHandler               
00000e1d  I2C1_IRQHandler               
00000a01  LaunchPad_Init                
00000e1d  NMI_Handler                   
UNDEFED   OS_bSignal                    
UNDEFED   OS_bWait                      
00000e1d  PendSV_Handler                
00000e1d  RTC_IRQHandler                
00000ecf  Reset_Handler                 
00000e1d  SPI0_IRQHandler               
00000e1d  SPI1_IRQHandler               
00000419  SPI1_Init                     
00000bc1  SPI1_Reset                    
20200208  SPI1_init_Flag                
00000275  ST7735_DrawChar               
0000097d  ST7735_DrawString             
00000539  ST7735_FillRect               
00000d85  ST7735_FillScreen             
000007c5  ST7735_InitR                  
00000651  ST7735_OutChar                
00000cb5  ST7735_OutString              
00000d21  ST7735_SetCursor              
00000e1d  SVC_Handler                   
20200214  StTextColor                   
2020020c  StX                           
20200210  StY                           
00000e1d  SysTick_Handler               
00000af9  TFT_OutCommand                
00000b5d  TFT_OutData                   
00000e1d  TIMA0_IRQHandler              
00000e1d  TIMA1_IRQHandler              
00000e1d  TIMG0_IRQHandler              
00000e1d  TIMG12_IRQHandler             
00000e1d  TIMG6_IRQHandler              
00000e1d  TIMG7_IRQHandler              
00000e1d  TIMG8_IRQHandler              
00000e6b  TI_memcpy_small               
00000e1d  UART0_IRQHandler              
00000e1d  UART1_IRQHandler              
00000e1d  UART2_IRQHandler              
00000e1d  UART3_IRQHandler              
20208000  __STACK_END                   
00000200  __STACK_SIZE                  
00000200  __SYSMEM_SIZE                 
00000000  __TI_ATRegion0_region_sz      
00000000  __TI_ATRegion0_src_addr       
00000000  __TI_ATRegion0_trg_addr       
00000000  __TI_ATRegion1_region_sz      
00000000  __TI_ATRegion1_src_addr       
00000000  __TI_ATRegion1_trg_addr       
00000000  __TI_ATRegion2_region_sz      
00000000  __TI_ATRegion2_src_addr       
00000000  __TI_ATRegion2_trg_addr       
000014b8  __TI_CINIT_Base               
000014c8  __TI_CINIT_Limit              
000014c8  __TI_CINIT_Warm               
000014a4  __TI_Handler_Table_Base       
000014b0  __TI_Handler_Table_Limit      
00000c41  __TI_auto_init_nobinit_nopinit
00000a7d  __TI_decompress_lzss          
00000e7d  __TI_decompress_none          
ffffffff  __TI_pprof_out_hndl           
ffffffff  __TI_prof_data_size           
ffffffff  __TI_prof_data_start          
00000000  __TI_static_base__            
00000e55  __TI_zero_init_nomemset       
000007c3  __aeabi_idiv0                 
00000ebd  __aeabi_memcpy                
00000ebd  __aeabi_memcpy4               
00000ebd  __aeabi_memcpy8               
00000c01  __aeabi_uidiv                 
00000c01  __aeabi_uidivmod              
ffffffff  __binit__                     
UNDEFED   __mpu_init                    
20207e00  __stack                       
20200000  __start___llvm_prf_bits       
20200000  __start___llvm_prf_cnts       
20200000  __stop___llvm_prf_bits        
20200000  __stop___llvm_prf_cnts        
00000db1  _c_int00_noargs               
20200000  _sys_memory                   
UNDEFED   _system_post_cinit            
00000ed3  _system_pre_init              
00000ec5  abort                         
ffffffff  binit                         
00000000  interruptVectors              
0000085d  main                          


GLOBAL SYMBOLS: SORTED BY Symbol Address 

address   name                          
-------   ----                          
00000000  __TI_ATRegion0_region_sz      
00000000  __TI_ATRegion0_src_addr       
00000000  __TI_ATRegion0_trg_addr       
00000000  __TI_ATRegion1_region_sz      
00000000  __TI_ATRegion1_src_addr       
00000000  __TI_ATRegion1_trg_addr       
00000000  __TI_ATRegion2_region_sz      
00000000  __TI_ATRegion2_src_addr       
00000000  __TI_ATRegion2_trg_addr       
00000000  __TI_static_base__            
00000000  interruptVectors              
000000c1  Clock_Init80MHz               
00000200  __STACK_SIZE                  
00000200  __SYSMEM_SIZE                 
00000275  ST7735_DrawChar               
00000419  SPI1_Init                     
00000539  ST7735_FillRect               
00000651  ST7735_OutChar                
000007c3  __aeabi_idiv0                 
000007c5  ST7735_InitR                  
0000085d  main                          
0000097d  ST7735_DrawString             
00000a01  LaunchPad_Init                
00000a7d  __TI_decompress_lzss          
00000af9  TFT_OutCommand                
00000b5d  TFT_OutData                   
00000bc1  SPI1_Reset                    
00000c01  __aeabi_uidiv                 
00000c01  __aeabi_uidivmod              
00000c41  __TI_auto_init_nobinit_nopinit
00000c7d  ActivatePortA_B               
00000cb5  ST7735_OutString              
00000ced  Clock_Delay1ms                
00000d21  ST7735_SetCursor              
00000d85  ST7735_FillScreen             
00000db1  _c_int00_noargs               
00000dd9  CS_Init                       
00000e1d  ADC0_IRQHandler               
00000e1d  ADC1_IRQHandler               
00000e1d  AES_IRQHandler                
00000e1d  CANFD0_IRQHandler             
00000e1d  DAC0_IRQHandler               
00000e1d  DMA_IRQHandler                
00000e1d  Default_Handler               
00000e1d  GROUP0_IRQHandler             
00000e1d  GROUP1_IRQHandler             
00000e1d  I2C0_IRQHandler               
00000e1d  I2C1_IRQHandler               
00000e1d  NMI_Handler                   
00000e1d  PendSV_Handler                
00000e1d  RTC_IRQHandler                
00000e1d  SPI0_IRQHandler               
00000e1d  SPI1_IRQHandler               
00000e1d  SVC_Handler                   
00000e1d  SysTick_Handler               
00000e1d  TIMA0_IRQHandler              
00000e1d  TIMA1_IRQHandler              
00000e1d  TIMG0_IRQHandler              
00000e1d  TIMG12_IRQHandler             
00000e1d  TIMG6_IRQHandler              
00000e1d  TIMG7_IRQHandler              
00000e1d  TIMG8_IRQHandler              
00000e1d  UART0_IRQHandler              
00000e1d  UART1_IRQHandler              
00000e1d  UART2_IRQHandler              
00000e1d  UART3_IRQHandler              
00000e39  HardFault_Handler             
00000e55  __TI_zero_init_nomemset       
00000e6b  TI_memcpy_small               
00000e7d  __TI_decompress_none          
00000e8f  Clock_Delay                   
00000e9f  Delay                         
00000eb1  Clock_Freq                    
00000ebd  __aeabi_memcpy                
00000ebd  __aeabi_memcpy4               
00000ebd  __aeabi_memcpy8               
00000ec5  abort                         
00000eca  C$$EXIT                       
00000ecb  HOSTexit                      
00000ecf  Reset_Handler                 
00000ed3  _system_pre_init              
00001479  Hello_Spanish                 
00001480  Hello_English                 
00001486  Hello_French                  
0000148b  Hello_Portuguese              
000014a4  __TI_Handler_Table_Base       
000014b0  __TI_Handler_Table_Limit      
000014b8  __TI_CINIT_Base               
000014c8  __TI_CINIT_Limit              
000014c8  __TI_CINIT_Warm               
20200000  __start___llvm_prf_bits       
20200000  __start___llvm_prf_cnts       
20200000  __stop___llvm_prf_bits        
20200000  __stop___llvm_prf_cnts        
20200000  _sys_memory                   
20200200  BusFreq                       
20200204  Display_Free                  
20200208  SPI1_init_Flag                
2020020c  StX                           
20200210  StY                           
20200214  StTextColor                   
20207e00  __stack                       
20208000  __STACK_END                   
ffffffff  __TI_pprof_out_hndl           
ffffffff  __TI_prof_data_size           
ffffffff  __TI_prof_data_start          
ffffffff  __binit__                     
ffffffff  binit                         
UNDEFED   OS_bSignal                    
UNDEFED   OS_bWait                      
UNDEFED   __mpu_init                    
UNDEFED   _system_post_cinit            

[112 symbols]
