******************************************************************************
            TI ARM Clang Linker PC v4.0.4                      
******************************************************************************
>> Linked Wed Feb 11 21:56:11 2026

OUTPUT FILE NAME:   <RTOS_Lab2_RTOSkernel.out>
ENTRY POINT SYMBOL: "_c_int00_noargs"  address: 0000361d


MEMORY CONFIGURATION

         name            origin    length      used     unused   attr    fill
----------------------  --------  ---------  --------  --------  ----  --------
  FLASH                 00000000   00020000  00004240  0001bdc0  R  X
  SRAM                  20200000   00008000  00002404  00005bfc  RW X
  BCR_CONFIG            41c00000   00000080  00000000  00000080  R   
  BSL_CONFIG            41c00100   00000080  00000000  00000080  R   


SEGMENT ALLOCATION MAP

run origin  load origin   length   init length attrs members
----------  ----------- ---------- ----------- ----- -------
00000000    00000000    00004240   00004240    r-x
  00000000    00000000    000000c0   000000c0    r-- .intvecs
  000000c0    000000c0    000038c0   000038c0    r-x .text
  00003980    00003980    00000880   00000880    r-- .rodata
  00004200    00004200    00000040   00000040    r-- .cinit
20200000    20200000    00002208   00000000    rw-
  20200000    20200000    00001bd8   00000000    rw- .bss
  20201bd8    20201bd8    0000042c   00000000    rw- .data
  20202008    20202008    00000200   00000000    rw- .sysmem
20207e00    20207e00    00000200   00000000    rw-
  20207e00    20207e00    00000200   00000000    rw- .stack


SECTION ALLOCATION MAP

 output                                  attributes/
section   page    origin      length       input sections
--------  ----  ----------  ----------   ----------------
.intvecs   0    00000000    000000c0     
                  00000000    000000c0     startup_mspm0g3507_ticlang.o (.intvecs)

.text      0    000000c0    000038c0     
                  000000c0    00000284     Interpreter.o (.text.Interpreter)
                  00000344    000001f4     RTOS_UART.o (.text.UART_OutUDec5)
                  00000538    000001b4     Clock.o (.text.Clock_Init80MHz)
                  000006ec    000001a4     ST7735_SDC.o (.text.ST7735_DrawChar)
                  00000890    00000188     OS.o (.text.OS_AddThread)
                  00000a18    00000174     TFLuna2.o (.text.TFLuna2_Init)
                  00000b8c    00000160     ST7735_SDC.o (.text.ST7735_Message)
                  00000cec    00000144     TFLuna2.o (.text.copyHardwareToSoftware2)
                  00000e30    00000138     RTOS_UARTints.o (.text.UART_Init)
                  00000f68    00000134     RTOS_Lab2.o (.text.DAS)
                  0000109c    00000130     LPF.o (.text.Median5)
                  000011cc    0000012c     ST7735_SDC.o (.text.ST7735_FillRect)
                  000012f8    00000120     SPI.o (.text.SPI1_Init)
                  00001418    000000f4     ADC.o (.text.ADC0_Init)
                  0000150c    000000e8     RTOS_Lab2.o (.text.Consumer)
                  000015f4    000000e8     DFT16.o (.text.DFT16)
                  000016dc    000000e4     OS.o (.text.GROUP1_IRQHandler)
                  000017c0    000000dc     OS.o (.text.OS_AddPeriodicThread)
                  0000189c    000000c8     RTOS_UART.o (.text.UART_OutUDec3)
                  00001964    000000c4     OS.o (.text.OS_Sleep)
                  00001a28    000000c4     RTOS_Lab2.o (.text.realmain)
                  00001aec    000000b8     OS.o (.text.OS_AddS2Task)
                  00001ba4    000000a8     RTOS_Lab2.o (.text.Display)
                  00001c4c    000000a8     Timer.o (.text.TimerG7_IntArm)
                  00001cf4    000000a8     Timer.o (.text.TimerG8_IntArm)
                  00001d9c    000000a2     ST7735_SDC.o (.text.commandList)
                  00001e3e    00000002     libclang_rt.builtins.a : aeabi_div0.c.obj (.text.__aeabi_idiv0)
                  00001e40    000000a0     RTOS_Lab2.o (.text.DFT)
                  00001ee0    000000a0     OS.o (.text.TIMG7_IRQHandler)
                  00001f80    0000009c     RTOS_Lab2.o (.text.ButtonWork)
                  0000201c    00000098     ST7735_SDC.o (.text.ST7735_InitR)
                  000020b4    00000094     OS.o (.text.EdgeTriggered_Init)
                  00002148    00000094     LPF.o (.text.Filter)
                  000021dc    00000094     ST7735_SDC.o (.text.ST7735_OutUDec)
                  00002270    00000088     ST7735_SDC.o (.text.setAddrWindow)
                  000022f8    00000008     libclang_rt.builtins.a : aeabi_memcpy.S.obj (.text.__aeabi_memcpy)
                  00002300    00000088     libc.a : strcmp-armv6m.S.obj (.text:strcmp)
                  00002388    00000084     ST7735_SDC.o (.text.ST7735_DrawString)
                  0000240c    00000084     OS.o (.text.SysTick_Handler)
                  00002490    00000084     OS.o (.text.__NVIC_SetPriority)
                  00002514    00000080     RTOS_Lab2.o (.text.Lab2)
                  00002594    00000080     OS.o (.text.TIMG8_IRQHandler)
                  00002614    0000007c     RTOS_Lab2.o (.text.Jitter)
                  00002690    0000007c     LaunchPad.o (.text.LaunchPad_Init)
                  0000270c    0000007c     libc.a : copy_decompress_lzss.c.obj (.text:decompress:lzss)
                  00002788    00000070     osasm.o (.text)
                  000027f8    00000068     LPF.o (.text.LPF_Init7)
                  00002860    00000064     OS.o (.text.OS_Kill)
                  000028c4    00000064     RTOS_Lab2.o (.text.Producer)
                  00002928    00000064     SPI.o (.text.TFT_OutCommand)
                  0000298c    00000064     SPI.o (.text.TFT_OutData)
                  000029f0    00000064     RTOS_Lab2.o (.text.VirusDetector)
                  00002a54    00000060     Timer.o (.text.TimerG12_Init)
                  00002ab4    0000005c     RTOS_UARTints.o (.text.UART0_IRQHandler)
                  00002b10    0000005c     TFLuna2.o (.text.UART2_IRQHandler)
                  00002b6c    00000058     IRDistance.o (.text.IRDistance_Convert)
                  00002bc4    00000058     RTOS_Lab2.o (.text.Logic_Init)
                  00002c1c    00000058     OS.o (.text.OS_Fifo_Put)
                  00002c74    00000058     OS.o (.text.OS_Init)
                  00002ccc    00000056     libclang_rt.builtins.a : aeabi_idivmod.S.obj (.text.__aeabi_idivmod)
                  00002d22    00000002     --HOLE-- [fill = 0]
                  00002d24    00000054     ST7735_SDC.o (.text.fillmessage)
                  00002d78    0000004c     TFLuna2.o (.text.Rx2Fifo_Put)
                  00002dc4    0000004c     RTOS_FIFO.o (.text.RxFifo_Get)
                  00002e10    0000004c     RTOS_FIFO.o (.text.RxFifo_Put)
                  00002e5c    0000004c     RTOS_Lab2.o (.text.S2Push)
                  00002ea8    0000004c     TFLuna2.o (.text.Tx2Fifo_Put)
                  00002ef4    0000004c     RTOS_FIFO.o (.text.TxFifo_Get)
                  00002f40    0000004c     RTOS_FIFO.o (.text.TxFifo_Put)
                  00002f8c    0000004c     TFLuna2.o (.text.copySoftwareToHardware2)
                  00002fd8    0000004c     RTOS_UARTints.o (.text.copySoftwareToHardware)
                  00003024    00000048     OS.o (.text.OS_Fifo_Init)
                  0000306c    00000048     TFLuna2.o (.text.Tx2Fifo_Get)
                  000030b4    00000048     OS.o (.text.get_next_free_tcb)
                  000030fc    00000044     ADC.o (.text.ADC0_In)
                  00003140    00000042     LPF.o (.text.sqrt2)
                  00003182    00000002     --HOLE-- [fill = 0]
                  00003184    00000040     SPI.o (.text.SPI1_Reset)
                  000031c4    00000040     TFLuna2.o (.text.TFLuna2_OutChar)
                  00003204    00000040     RTOS_UARTints.o (.text.UART_OutChar)
                  00003244    00000040     libclang_rt.builtins.a : aeabi_uidivmod.S.obj (.text.__aeabi_uidivmod)
                  00003284    0000003c     OS.o (.text.OS_Fifo_Get)
                  000032c0    0000003c     OS.o (.text.OS_Wait)
                  000032fc    0000003c     libc.a : autoinit.c.obj (.text:__TI_auto_init_nobinit_nopinit)
                  00003338    0000003a     OS.o (.text.OS_bWait)
                  00003372    00000002     --HOLE-- [fill = 0]
                  00003374    00000038     LaunchPad.o (.text.ActivatePortA_B)
                  000033ac    00000038     RTOS_Lab2.o (.text.Jitter_Init)
                  000033e4    00000036     RTOS_UART.o (.text.UART_OutUDec)
                  0000341a    00000002     --HOLE-- [fill = 0]
                  0000341c    00000034     Clock.o (.text.Clock_Delay1ms)
                  00003450    00000034     ST7735_SDC.o (.text.ST7735_SetCursor)
                  00003484    00000030     RTOS_Lab2.o (.text.Check)
                  000034b4    00000030     OS.o (.text.OS_Launch)
                  000034e4    00000030     TFLuna2.o (.text.TFLuna2_SendMessage)
                  00003514    00000030     ST7735_SDC.o (.text.commonInit)
                  00003544    00000030     RTOS_UARTints.o (.text.copyHardwareToSoftware)
                  00003574    0000002c     OS.o (.text.OS_MailBox_Init)
                  000035a0    0000002c     ST7735_SDC.o (.text.ST7735_FillScreen)
                  000035cc    00000028     OS.o (.text.OS_MailBox_Recv)
                  000035f4    00000028     OS.o (.text.OS_MailBox_Send)
                  0000361c    00000028     libc.a : boot_cortex_m.c.obj (.text:_c_int00_noargs)
                  00003644    00000026     RTOS_UART.o (.text.UART_OutSDec)
                  0000366a    00000026     RTOS_UART.o (.text.UART_OutString)
                  00003690    00000024     SPI.o (.text.CS_Init)
                  000036b4    00000022     RTOS_UARTints.o (.text.UART_InChar)
                  000036d6    0000001e     OS.o (.text.OS_Signal)
                  000036f4    0000001e     ST7735_SDC.o (.text.pushColor)
                  00003712    00000002     --HOLE-- [fill = 0]
                  00003714    0000001c     startup_mspm0g3507_ticlang.o (.text.Default_Handler)
                  00003730    0000001c     startup_mspm0g3507_ticlang.o (.text.HardFault_Handler)
                  0000374c    0000001c     OS.o (.text.OS_ClearMsTime)
                  00003768    0000001c     OS.o (.text.OS_bSignal)
                  00003784    0000001c     RTOS_Lab2.o (.text.main)
                  000037a0    00000018     OS.o (.text.OS_Suspend)
                  000037b8    00000018     TFLuna2.o (.text.TFLuna2_InStatus)
                  000037d0    00000018     TFLuna2.o (.text.TFLuna2_OutStatus)
                  000037e8    00000018     RTOS_FIFO.o (.text.TxFifo_Size)
                  00003800    00000014     TFLuna2.o (.text.Rx2Fifo_Init)
                  00003814    00000014     RTOS_FIFO.o (.text.RxFifo_Init)
                  00003828    00000014     TFLuna2.o (.text.Tx2Fifo_Init)
                  0000383c    00000014     RTOS_FIFO.o (.text.TxFifo_Init)
                  00003850    00000012     libc.a : memcpy16.S.obj (.text:TI_memcpy_small)
                  00003862    00000012            : copy_decompress_none.c.obj (.text:decompress:none)
                  00003874    00000010     Clock.o (.text.Clock_Delay)
                  00003884    00000010     LaunchPad.o (.text.Delay)
                  00003894    00000010     OS.o (.text.OS_InitSemaphore)
                  000038a4    00000010     OS.o (.text.OS_TimeDifference)
                  000038b4    00000010     TFLuna2.o (.text.TFLuna2_Format_Standard_mm)
                  000038c4    00000010     TFLuna2.o (.text.TFLuna2_Frame_Rate)
                  000038d4    00000010     TFLuna2.o (.text.TFLuna2_SaveSettings)
                  000038e4    00000010     TFLuna2.o (.text.TFLuna2_System_Reset)
                  000038f4    00000010     libc.a : copy_zero_init.c.obj (.text:decompress:ZI)
                  00003904    0000000e            : memset16.S.obj (.text:TI_memset_small)
                  00003912    00000002     --HOLE-- [fill = 0]
                  00003914    0000000c     Clock.o (.text.Clock_Freq)
                  00003920    0000000c     OS.o (.text.OS_Id)
                  0000392c    0000000c     OS.o (.text.OS_MsTime)
                  00003938    0000000c     OS.o (.text.OS_Time)
                  00003944    0000000c     ST7735_SDC.o (.text.ST7735_GetCursorX)
                  00003950    0000000c     ST7735_SDC.o (.text.ST7735_GetCursorY)
                  0000395c    0000000c     libclang_rt.builtins.a : aeabi_memset.S.obj (.text.__aeabi_memclr)
                  00003968    00000006     libc.a : exit.c.obj (.text:abort)
                  0000396e    00000004     libsysbm.a : hostexit.c.obj (.text.HOSTexit)
                  00003972    00000004     startup_mspm0g3507_ticlang.o (.text.Reset_Handler)
                  00003976    00000004     libc.a : pre_init.c.obj (.text._system_pre_init)
                  0000397a    00000006     --HOLE-- [fill = 0]

.cinit     0    00004200    00000040     
                  00004200    0000001b     (.cinit..data.load) [load image, compression = lzss]
                  0000421b    00000001     --HOLE-- [fill = 0]
                  0000421c    0000000c     (__TI_handler_table)
                  00004228    00000008     (.cinit..bss.load) [load image, compression = zero_init]
                  00004230    00000010     (__TI_cinit_table)

.rodata    0    00003980    00000880     
                  00003980    000004fb     ST7735_SDC.o (.rodata.Font)
                  00003e7b    00000001     --HOLE-- [fill = 0]
                  00003e7c    00000040     DFT16.o (.rodata.ImW)
                  00003ebc    00000040     DFT16.o (.rodata.ReW)
                  00003efc    0000003b     ST7735_SDC.o (.rodata.Rcmd1)
                  00003f37    00000033     RTOS_Lab2.o (.rodata.str1.6066801870357442448.1)
                  00003f6a    0000002b     ST7735_SDC.o (.rodata.Rcmd3)
                  00003f95    0000002b     RTOS_Lab2.o (.rodata.str1.3235339116083799439.1)
                  00003fc0    00000019     RTOS_Lab2.o (.rodata.str1.11569616415019509438.1)
                  00003fd9    00000017     RTOS_Lab2.o (.rodata.str1.7186421768302375505.1)
                  00003ff0    00000015     RTOS_Lab2.o (.rodata.str1.15128141841981046251.1)
                  00004005    00000013     RTOS_Lab2.o (.rodata.str1.16197822860938376297.1)
                  00004018    00000013     RTOS_Lab2.o (.rodata.str1.16217389383957280451.1)
                  0000402b    00000013     RTOS_Lab2.o (.rodata.str1.17109309798139953841.1)
                  0000403e    00000013     RTOS_Lab2.o (.rodata.str1.1811555013555149502.1)
                  00004051    00000013     RTOS_Lab2.o (.rodata.str1.3134789965122105148.1)
                  00004064    00000013     RTOS_Lab2.o (.rodata.str1.7725883726707649277.1)
                  00004077    00000001     --HOLE-- [fill = 0]
                  00004078    00000010     IRDistance.o (.rodata.A)
                  00004088    00000010     IRDistance.o (.rodata.B)
                  00004098    00000010     IRDistance.o (.rodata.C)
                  000040a8    00000010     IRDistance.o (.rodata.IRmax)
                  000040b8    00000010     Interpreter.o (.rodata.str1.15287782171638189172.1)
                  000040c8    0000000e     Interpreter.o (.rodata.str1.13584691219899174016.1)
                  000040d6    0000000e     RTOS_Lab2.o (.rodata.str1.15473308779470817733.1)
                  000040e4    0000000e     RTOS_Lab2.o (.rodata.str1.16416093860625361664.1)
                  000040f2    0000000e     RTOS_Lab2.o (.rodata.str1.17679771814919969525.1)
                  00004100    0000000e     RTOS_Lab2.o (.rodata.str1.1794353361076966109.1)
                  0000410e    0000000e     Interpreter.o (.rodata.str1.310310424903037747.1)
                  0000411c    0000000e     RTOS_Lab2.o (.rodata.str1.3450051177060641693.1)
                  0000412a    0000000e     Interpreter.o (.rodata.str1.438584629756741659.1)
                  00004138    0000000e     RTOS_Lab2.o (.rodata.str1.7020951307108328600.1)
                  00004146    0000000e     RTOS_Lab2.o (.rodata.str1.7825035365138425360.1)
                  00004154    0000000e     RTOS_Lab2.o (.rodata.str1.8925288025610837898.1)
                  00004162    0000000d     ST7735_SDC.o (.rodata.Rcmd2green)
                  0000416f    0000000d     ST7735_SDC.o (.rodata.Rcmd2red)
                  0000417c    0000000c     Interpreter.o (.rodata.str1.10788060859246666907.1)
                  00004188    0000000c     Interpreter.o (.rodata.str1.6099132036730984718.1)
                  00004194    0000000b     Interpreter.o (.rodata.str1.8801398533620989010.1)
                  0000419f    0000000a     Interpreter.o (.rodata.str1.6869798450878480225.1)
                  000041a9    0000000a     Interpreter.o (.rodata.str1.8834951582488220755.1)
                  000041b3    00000008     RTOS_Lab2.o (.rodata.str1.3430899476870171312.1)
                  000041bb    00000008     RTOS_Lab2.o (.rodata.str1.3567716910133625951.1)
                  000041c3    00000008     Interpreter.o (.rodata.str1.8740789795297769696.1)
                  000041cb    00000007     Interpreter.o (.rodata.str1.15341649103122110242.1)
                  000041d2    00000006     TFLunaCommon.o (.rodata.Frame_Rate)
                  000041d8    00000006     Interpreter.o (.rodata.str1.16145079996052228972.1)
                  000041de    00000006     RTOS_UART.o (.rodata.str1.348781566416802842.1)
                  000041e4    00000005     TFLunaCommon.o (.rodata.Format_Standard_mm)
                  000041e9    00000004     TFLunaCommon.o (.rodata.SaveSettings)
                  000041ed    00000004     TFLunaCommon.o (.rodata.System_Reset)
                  000041f1    00000004     RTOS_UART.o (.rodata.str1.10625393595149509852.1)
                  000041f5    00000004     Interpreter.o (.rodata.str1.17318961184984262945.1)
                  000041f9    00000003     RTOS_Lab2.o (.rodata.str1.4842634112794907620.1)
                  000041fc    00000002     Interpreter.o (.rodata.str1.1287619923014008887.1)
                  000041fe    00000002     Interpreter.o (.rodata.str1.9303564720754203623.1)

.init_array 
*          0    00000000    00000000     UNINITIALIZED

.binit     0    00000000    00000000     

.bss       0    20200000    00001bd8     UNINITIALIZED
                  20200000    00001400     (.common:stacks)
                  20201400    00000400     (.common:fifo)
                  20201800    000000c8     (.common:tcbs)
                  202018c8    00000050     (.common:periodic_threads)
                  20201918    00000040     RTOS_FIFO.o (.bss.TxFifo)
                  20201958    00000040     (.common:ImX)
                  20201998    00000040     (.common:ReX)
                  202019d8    00000040     (.common:x)
                  20201a18    00000040     (.common:x7)
                  20201a58    0000001c     (.common:f7)
                  20201a74    0000001c     (.common:mx7)
                  20201a90    00000018     LPF.o (.bss.Filter.x)
                  20201aa8    00000018     LPF.o (.bss.Filter.y)
                  20201ac0    00000018     (.common:s2_threads)
                  20201ad8    00000015     (.common:str)
                  20201aed    00000010     TFLuna2.o (.bss.Rx2Fifo)
                  20201afd    00000010     RTOS_FIFO.o (.bss.RxFifo)
                  20201b0d    00000010     TFLuna2.o (.bss.Tx2Fifo)
                  20201b1d    0000000c     (.common:Message)
                  20201b29    0000000c     (.common:TFLuna2DataMessage)
                  20201b35    0000000a     (.common:used_tcbs)
                  20201b3f    00000001     ST7735_SDC.o (.bss.ColStart)
                  20201b40    00000004     RTOS_Lab2.o (.bss.DAS.LastTime)
                  20201b44    00000004     TFLuna2.o (.bss.Rx2GetI)
                  20201b48    00000004     TFLuna2.o (.bss.Rx2PutI)
                  20201b4c    00000004     TFLuna2.o (.bss.Tx2GetI)
                  20201b50    00000004     TFLuna2.o (.bss.Tx2PutI)
                  20201b54    00000004     (.common:BadCheckSum2)
                  20201b58    00000004     (.common:Checks)
                  20201b5c    00000004     (.common:ChecksWork)
                  20201b60    00000004     (.common:Checksum)
                  20201b64    00000004     (.common:ChecksumErrors)
                  20201b68    00000004     (.common:ChecksumOriginal)
                  20201b6c    00000004     (.common:DataAvailable)
                  20201b70    00000004     (.common:DataLost)
                  20201b74    00000004     (.common:Distance)
                  20201b78    00000004     (.common:FilterOutput)
                  20201b7c    00000004     (.common:FilterWork)
                  20201b80    00000004     (.common:I7)
                  20201b84    00000004     (.common:LCDFree)
                  20201b88    00000004     (.common:LPFSum7)
                  20201b8c    00000004     (.common:LostData2)
                  20201b90    00000004     (.common:MailBoxData)
                  20201b94    00000004     (.common:MailBoxDataAvailable)
                  20201b98    00000004     (.common:MailBoxFree)
                  20201b9c    00000004     (.common:MaxJitter)
                  20201ba0    00000004     (.common:Messageindex)
                  20201ba4    00000004     (.common:NumCreated)
                  20201ba8    00000004     (.common:RxGetI)
                  20201bac    00000004     (.common:RxPutI)
                  20201bb0    00000004     (.common:Size7)
                  20201bb4    00000004     (.common:TFLuna2Distance)
                  20201bb8    00000004     (.common:TFLuna2Function)
                  20201bbc    00000004     (.common:TFLuna2Index)
                  20201bc0    00000004     (.common:TimeMs)
                  20201bc4    00000004     (.common:TxGetI)
                  20201bc8    00000004     (.common:TxPutI)
                  20201bcc    00000004     (.common:j)
                  20201bd0    00000002     (.common:fifo_size)
                  20201bd2    00000001     ST7735_SDC.o (.bss.RowStart)
                  20201bd3    00000001     ST7735_SDC.o (.bss.TabColor)
                  20201bd4    00000001     (.common:GetI)
                  20201bd5    00000001     (.common:PutI)
                  20201bd6    00000001     (.common:TFLuna2LastByte)
                  20201bd7    00000001     (.common:c)

.data      0    20201bd8    0000042c     UNINITIALIZED
                  20201bd8    00000400     RTOS_Lab2.o (.data.JitterHistogram)
                  20201fd8    00000004     Clock.o (.data.BusFreq)
                  20201fdc    00000004     ST7735_SDC.o (.data.Display_Free)
                  20201fe0    00000004     LPF.o (.data.Filter.n)
                  20201fe4    00000004     OS.o (.data.NextThreadPt)
                  20201fe8    00000004     OS.o (.data.RunPt)
                  20201fec    00000004     SPI.o (.data.SPI1_init_Flag)
                  20201ff0    00000004     ST7735_SDC.o (.data.StX)
                  20201ff4    00000004     ST7735_SDC.o (.data.StY)
                  20201ff8    00000004     OS.o (.data.delta_queue_head)
                  20201ffc    00000002     ST7735_SDC.o (.data.StTextColor)
                  20201ffe    00000002     ST7735_SDC.o (.data._height)
                  20202000    00000002     ST7735_SDC.o (.data._width)
                  20202002    00000001     OS.o (.data.num_periodic_threads)
                  20202003    00000001     OS.o (.data.num_s2_threads)

.sysmem    0    20202008    00000200     UNINITIALIZED
                  20202008    00000010     libc.a : memory.c.obj (.sysmem)
                  20202018    000001f0     --HOLE--

.stack     0    20207e00    00000200     UNINITIALIZED
                  20207e00    00000004     libc.a : boot_cortex_m.c.obj (.stack)
                  20207e04    000001fc     --HOLE--

__llvm_prf_cnts 
*          0    20200000    00000000     UNINITIALIZED

__llvm_prf_bits 
*          0    20200000    00000000     UNINITIALIZED

MODULE SUMMARY

       Module                         code    ro data   rw data
       ------                         ----    -------   -------
    .\
       OS.o                           2868    0         6496   
       RTOS_Lab2.o                    1968    408       1268   
       ST7735_SDC.o                   2084    1403      37     
       TFLuna2.o                      1352    0         81     
       RTOS_UART.o                    830     10        0      
       Interpreter.o                  644     142       26     
       LPF.o                          622     0         184    
       RTOS_UARTints.o                626     0         0      
       SPI.o                          588     0         4      
       Clock.o                        516     0         4      
       RTOS_FIFO.o                    368     0         96     
       Timer.o                        432     0         0      
       DFT16.o                        232     128       0      
       ADC.o                          312     0         0      
       LaunchPad.o                    196     0         0      
       IRDistance.o                   88      64        0      
       osasm.o                        112     0         0      
       TFLunaCommon.o                 0       19        0      
    +--+------------------------------+-------+---------+---------+
       Total:                         13838   2174      8196   
                                                               
    .\ticlang\
       startup_mspm0g3507_ticlang.o   60      192       0      
    +--+------------------------------+-------+---------+---------+
       Total:                         60      192       0      
                                                               
    C:\ti\ccs2040\ccs\tools\compiler\ti-cgt-armllvm_4.0.4.LTS\lib\armv6m-ti-none-eabi/c/libc.a
       strcmp-armv6m.S.obj            136     0         0      
       copy_decompress_lzss.c.obj     124     0         0      
       autoinit.c.obj                 60      0         0      
       boot_cortex_m.c.obj            40      0         0      
       copy_decompress_none.c.obj     18      0         0      
       memcpy16.S.obj                 18      0         0      
       copy_zero_init.c.obj           16      0         0      
       memset16.S.obj                 14      0         0      
       exit.c.obj                     6       0         0      
       pre_init.c.obj                 4       0         0      
    +--+------------------------------+-------+---------+---------+
       Total:                         436     0         0      
                                                               
    C:\ti\ccs2040\ccs\tools\compiler\ti-cgt-armllvm_4.0.4.LTS\lib\armv6m-ti-none-eabi/c/libsysbm.a
       hostexit.c.obj                 4       0         0      
    +--+------------------------------+-------+---------+---------+
       Total:                         4       0         0      
                                                               
    C:\ti\ccs2040\ccs\tools\compiler\ti-cgt-armllvm_4.0.4.LTS\lib\armv6m-ti-none-eabi/libclang_rt.builtins.a
       aeabi_idivmod.S.obj            86      0         0      
       aeabi_uidivmod.S.obj           64      0         0      
       aeabi_memset.S.obj             12      0         0      
       aeabi_memcpy.S.obj             8       0         0      
       aeabi_div0.c.obj               2       0         0      
    +--+------------------------------+-------+---------+---------+
       Total:                         172     0         0      
                                                               
       Heap:                          0       0         512    
       Stack:                         0       0         512    
       Linker Generated:              0       63        0      
    +--+------------------------------+-------+---------+---------+
       Grand Total:                   14510   2429      9220   


LINKER GENERATED COPY TABLES

__TI_cinit_table @ 00004230 records: 2, size/record: 8, table size: 16
	.data: load addr=00004200, load size=0000001b bytes, run addr=20201bd8, run size=0000042c bytes, compression=lzss
	.bss: load addr=00004228, load size=00000008 bytes, run addr=20200000, run size=00001bd8 bytes, compression=zero_init


LINKER GENERATED HANDLER TABLE

__TI_handler_table @ 0000421c records: 3, size/record: 4, table size: 12
	index: 0, handler: __TI_decompress_lzss
	index: 1, handler: __TI_decompress_none
	index: 2, handler: __TI_zero_init


GLOBAL SYMBOLS: SORTED ALPHABETICALLY BY Name 

address   name                          
-------   ----                          
00004078  A                             
00003715  ADC0_IRQHandler               
000030fd  ADC0_In                       
00001419  ADC0_Init                     
00003715  ADC1_IRQHandler               
00003715  AES_IRQHandler                
00003375  ActivatePortA_B               
00004088  B                             
20201b54  BadCheckSum2                  
20201fd8  BusFreq                       
00001f81  ButtonWork                    
00004098  C                             
0000396e  C$$EXIT                       
00003715  CANFD0_IRQHandler             
00003691  CS_Init                       
00003485  Check                         
20201b58  Checks                        
20201b5c  ChecksWork                    
20201b60  Checksum                      
20201b64  ChecksumErrors                
20201b68  ChecksumOriginal              
00003875  Clock_Delay                   
0000341d  Clock_Delay1ms                
00003915  Clock_Freq                    
00000539  Clock_Init80MHz               
0000150d  Consumer                      
00003715  DAC0_IRQHandler               
00000f69  DAS                           
00001e41  DFT                           
000015f5  DFT16                         
00003715  DMA_IRQHandler                
20201b6c  DataAvailable                 
20201b70  DataLost                      
00003715  Default_Handler               
00003885  Delay                         
00001ba5  Display                       
20201fdc  Display_Free                  
20201b74  Distance                      
000020b5  EdgeTriggered_Init            
00002798  EndCritical                   
00002149  Filter                        
20201b78  FilterOutput                  
20201b7c  FilterWork                    
000041e4  Format_Standard_mm            
000041d2  Frame_Rate                    
00003715  GROUP0_IRQHandler             
000016dd  GROUP1_IRQHandler             
20201bd4  GetI                          
0000396f  HOSTexit                      
00003731  HardFault_Handler             
00003715  I2C0_IRQHandler               
00003715  I2C1_IRQHandler               
20201b80  I7                            
00002b6d  IRDistance_Convert            
000040a8  IRmax                         
00003e7c  ImW                           
20201958  ImX                           
000000c1  Interpreter                   
00002615  Jitter                        
20201bd8  JitterHistogram               
000033ad  Jitter_Init                   
20201b84  LCDFree                       
20201b88  LPFSum7                       
000027f9  LPF_Init7                     
00002515  Lab2                          
00002691  LaunchPad_Init                
00002bc5  Logic_Init                    
20201b8c  LostData2                     
20201b90  MailBoxData                   
20201b94  MailBoxDataAvailable          
20201b98  MailBoxFree                   
20201b9c  MaxJitter                     
0000109d  Median5                       
20201b1d  Message                       
20201ba0  Messageindex                  
00003715  NMI_Handler                   
20201fe4  NextThreadPt                  
20201ba4  NumCreated                    
00002788  OSDisableInterrupts           
0000278c  OSEnableInterrupts            
000017c1  OS_AddPeriodicThread          
00001aed  OS_AddS2Task                  
00000891  OS_AddThread                  
0000374d  OS_ClearMsTime                
00003285  OS_Fifo_Get                   
00003025  OS_Fifo_Init                  
00002c1d  OS_Fifo_Put                   
00003921  OS_Id                         
00002c75  OS_Init                       
00003895  OS_InitSemaphore              
00002861  OS_Kill                       
000034b5  OS_Launch                     
00003575  OS_MailBox_Init               
000035cd  OS_MailBox_Recv               
000035f5  OS_MailBox_Send               
0000392d  OS_MsTime                     
000036d7  OS_Signal                     
00001965  OS_Sleep                      
000037a1  OS_Suspend                    
00003939  OS_Time                       
000038a5  OS_TimeDifference             
000032c1  OS_Wait                       
00003769  OS_bSignal                    
00003339  OS_bWait                      
000027b9  PendSV_Handler                
000028c5  Producer                      
20201bd5  PutI                          
00003715  RTC_IRQHandler                
00003ebc  ReW                           
20201998  ReX                           
00003973  Reset_Handler                 
20201fe8  RunPt                         
00003801  Rx2Fifo_Init                  
00002d79  Rx2Fifo_Put                   
00002dc5  RxFifo_Get                    
00003815  RxFifo_Init                   
00002e11  RxFifo_Put                    
20201ba8  RxGetI                        
20201bac  RxPutI                        
00002e5d  S2Push                        
00003715  SPI0_IRQHandler               
00003715  SPI1_IRQHandler               
000012f9  SPI1_Init                     
00003185  SPI1_Reset                    
20201fec  SPI1_init_Flag                
000006ed  ST7735_DrawChar               
00002389  ST7735_DrawString             
000011cd  ST7735_FillRect               
000035a1  ST7735_FillScreen             
00003945  ST7735_GetCursorX             
00003951  ST7735_GetCursorY             
0000201d  ST7735_InitR                  
00000b8d  ST7735_Message                
000021dd  ST7735_OutUDec                
00003451  ST7735_SetCursor              
000027d5  SVC_Handler                   
000041e9  SaveSettings                  
20201bb0  Size7                         
20201ffc  StTextColor                   
20201ff0  StX                           
20201ff4  StY                           
00002790  StartCritical                 
0000279e  StartOS                       
0000240d  SysTick_Handler               
000041ed  System_Reset                  
20201b29  TFLuna2DataMessage            
20201bb4  TFLuna2Distance               
20201bb8  TFLuna2Function               
20201bbc  TFLuna2Index                  
20201bd6  TFLuna2LastByte               
000038b5  TFLuna2_Format_Standard_mm    
000038c5  TFLuna2_Frame_Rate            
000037b9  TFLuna2_InStatus              
00000a19  TFLuna2_Init                  
000031c5  TFLuna2_OutChar               
000037d1  TFLuna2_OutStatus             
000038d5  TFLuna2_SaveSettings          
000034e5  TFLuna2_SendMessage           
000038e5  TFLuna2_System_Reset          
00002929  TFT_OutCommand                
0000298d  TFT_OutData                   
00003715  TIMA0_IRQHandler              
00003715  TIMA1_IRQHandler              
00003715  TIMG0_IRQHandler              
00003715  TIMG12_IRQHandler             
00003715  TIMG6_IRQHandler              
00001ee1  TIMG7_IRQHandler              
00002595  TIMG8_IRQHandler              
00003851  TI_memcpy_small               
00003905  TI_memset_small               
20201bc0  TimeMs                        
00002a55  TimerG12_Init                 
00001c4d  TimerG7_IntArm                
00001cf5  TimerG8_IntArm                
0000306d  Tx2Fifo_Get                   
00003829  Tx2Fifo_Init                  
00002ea9  Tx2Fifo_Put                   
00002ef5  TxFifo_Get                    
0000383d  TxFifo_Init                   
00002f41  TxFifo_Put                    
000037e9  TxFifo_Size                   
20201bc4  TxGetI                        
20201bc8  TxPutI                        
00002ab5  UART0_IRQHandler              
00003715  UART1_IRQHandler              
00002b11  UART2_IRQHandler              
00003715  UART3_IRQHandler              
000036b5  UART_InChar                   
00000e31  UART_Init                     
00003205  UART_OutChar                  
00003645  UART_OutSDec                  
0000366b  UART_OutString                
000033e5  UART_OutUDec                  
0000189d  UART_OutUDec3                 
00000345  UART_OutUDec5                 
000029f1  VirusDetector                 
20208000  __STACK_END                   
00000200  __STACK_SIZE                  
00000200  __SYSMEM_SIZE                 
00000000  __TI_ATRegion0_region_sz      
00000000  __TI_ATRegion0_src_addr       
00000000  __TI_ATRegion0_trg_addr       
00000000  __TI_ATRegion1_region_sz      
00000000  __TI_ATRegion1_src_addr       
00000000  __TI_ATRegion1_trg_addr       
00000000  __TI_ATRegion2_region_sz      
00000000  __TI_ATRegion2_src_addr       
00000000  __TI_ATRegion2_trg_addr       
00004230  __TI_CINIT_Base               
00004240  __TI_CINIT_Limit              
00004240  __TI_CINIT_Warm               
0000421c  __TI_Handler_Table_Base       
00004228  __TI_Handler_Table_Limit      
000032fd  __TI_auto_init_nobinit_nopinit
0000270d  __TI_decompress_lzss          
00003863  __TI_decompress_none          
ffffffff  __TI_pprof_out_hndl           
ffffffff  __TI_prof_data_size           
ffffffff  __TI_prof_data_start          
00000000  __TI_static_base__            
000038f5  __TI_zero_init                
00002ccd  __aeabi_idiv                  
00001e3f  __aeabi_idiv0                 
00002ccd  __aeabi_idivmod               
0000395d  __aeabi_memclr                
0000395d  __aeabi_memclr4               
0000395d  __aeabi_memclr8               
000022f9  __aeabi_memcpy                
000022f9  __aeabi_memcpy4               
000022f9  __aeabi_memcpy8               
00003245  __aeabi_uidiv                 
00003245  __aeabi_uidivmod              
ffffffff  __binit__                     
UNDEFED   __mpu_init                    
20207e00  __stack                       
20200000  __start___llvm_prf_bits       
20200000  __start___llvm_prf_cnts       
20200000  __stop___llvm_prf_bits        
20200000  __stop___llvm_prf_cnts        
0000361d  _c_int00_noargs               
20202008  _sys_memory                   
UNDEFED   _system_post_cinit            
00003977  _system_pre_init              
00003969  abort                         
ffffffff  binit                         
20201bd7  c                             
20201ff8  delta_queue_head              
20201a58  f7                            
20201400  fifo                          
20201bd0  fifo_size                     
00002d25  fillmessage                   
000030b5  get_next_free_tcb             
00000000  interruptVectors              
20201bcc  j                             
00003785  main                          
20201a74  mx7                           
20202002  num_periodic_threads          
20202003  num_s2_threads                
202018c8  periodic_threads              
00001a29  realmain                      
20201ac0  s2_threads                    
00003141  sqrt2                         
20200000  stacks                        
20201ad8  str                           
00002301  strcmp                        
20201800  tcbs                          
20201b35  used_tcbs                     
202019d8  x                             
20201a18  x7                            


GLOBAL SYMBOLS: SORTED BY Symbol Address 

address   name                          
-------   ----                          
00000000  __TI_ATRegion0_region_sz      
00000000  __TI_ATRegion0_src_addr       
00000000  __TI_ATRegion0_trg_addr       
00000000  __TI_ATRegion1_region_sz      
00000000  __TI_ATRegion1_src_addr       
00000000  __TI_ATRegion1_trg_addr       
00000000  __TI_ATRegion2_region_sz      
00000000  __TI_ATRegion2_src_addr       
00000000  __TI_ATRegion2_trg_addr       
00000000  __TI_static_base__            
00000000  interruptVectors              
000000c1  Interpreter                   
00000200  __STACK_SIZE                  
00000200  __SYSMEM_SIZE                 
00000345  UART_OutUDec5                 
00000539  Clock_Init80MHz               
000006ed  ST7735_DrawChar               
00000891  OS_AddThread                  
00000a19  TFLuna2_Init                  
00000b8d  ST7735_Message                
00000e31  UART_Init                     
00000f69  DAS                           
0000109d  Median5                       
000011cd  ST7735_FillRect               
000012f9  SPI1_Init                     
00001419  ADC0_Init                     
0000150d  Consumer                      
000015f5  DFT16                         
000016dd  GROUP1_IRQHandler             
000017c1  OS_AddPeriodicThread          
0000189d  UART_OutUDec3                 
00001965  OS_Sleep                      
00001a29  realmain                      
00001aed  OS_AddS2Task                  
00001ba5  Display                       
00001c4d  TimerG7_IntArm                
00001cf5  TimerG8_IntArm                
00001e3f  __aeabi_idiv0                 
00001e41  DFT                           
00001ee1  TIMG7_IRQHandler              
00001f81  ButtonWork                    
0000201d  ST7735_InitR                  
000020b5  EdgeTriggered_Init            
00002149  Filter                        
000021dd  ST7735_OutUDec                
000022f9  __aeabi_memcpy                
000022f9  __aeabi_memcpy4               
000022f9  __aeabi_memcpy8               
00002301  strcmp                        
00002389  ST7735_DrawString             
0000240d  SysTick_Handler               
00002515  Lab2                          
00002595  TIMG8_IRQHandler              
00002615  Jitter                        
00002691  LaunchPad_Init                
0000270d  __TI_decompress_lzss          
00002788  OSDisableInterrupts           
0000278c  OSEnableInterrupts            
00002790  StartCritical                 
00002798  EndCritical                   
0000279e  StartOS                       
000027b9  PendSV_Handler                
000027d5  SVC_Handler                   
000027f9  LPF_Init7                     
00002861  OS_Kill                       
000028c5  Producer                      
00002929  TFT_OutCommand                
0000298d  TFT_OutData                   
000029f1  VirusDetector                 
00002a55  TimerG12_Init                 
00002ab5  UART0_IRQHandler              
00002b11  UART2_IRQHandler              
00002b6d  IRDistance_Convert            
00002bc5  Logic_Init                    
00002c1d  OS_Fifo_Put                   
00002c75  OS_Init                       
00002ccd  __aeabi_idiv                  
00002ccd  __aeabi_idivmod               
00002d25  fillmessage                   
00002d79  Rx2Fifo_Put                   
00002dc5  RxFifo_Get                    
00002e11  RxFifo_Put                    
00002e5d  S2Push                        
00002ea9  Tx2Fifo_Put                   
00002ef5  TxFifo_Get                    
00002f41  TxFifo_Put                    
00003025  OS_Fifo_Init                  
0000306d  Tx2Fifo_Get                   
000030b5  get_next_free_tcb             
000030fd  ADC0_In                       
00003141  sqrt2                         
00003185  SPI1_Reset                    
000031c5  TFLuna2_OutChar               
00003205  UART_OutChar                  
00003245  __aeabi_uidiv                 
00003245  __aeabi_uidivmod              
00003285  OS_Fifo_Get                   
000032c1  OS_Wait                       
000032fd  __TI_auto_init_nobinit_nopinit
00003339  OS_bWait                      
00003375  ActivatePortA_B               
000033ad  Jitter_Init                   
000033e5  UART_OutUDec                  
0000341d  Clock_Delay1ms                
00003451  ST7735_SetCursor              
00003485  Check                         
000034b5  OS_Launch                     
000034e5  TFLuna2_SendMessage           
00003575  OS_MailBox_Init               
000035a1  ST7735_FillScreen             
000035cd  OS_MailBox_Recv               
000035f5  OS_MailBox_Send               
0000361d  _c_int00_noargs               
00003645  UART_OutSDec                  
0000366b  UART_OutString                
00003691  CS_Init                       
000036b5  UART_InChar                   
000036d7  OS_Signal                     
00003715  ADC0_IRQHandler               
00003715  ADC1_IRQHandler               
00003715  AES_IRQHandler                
00003715  CANFD0_IRQHandler             
00003715  DAC0_IRQHandler               
00003715  DMA_IRQHandler                
00003715  Default_Handler               
00003715  GROUP0_IRQHandler             
00003715  I2C0_IRQHandler               
00003715  I2C1_IRQHandler               
00003715  NMI_Handler                   
00003715  RTC_IRQHandler                
00003715  SPI0_IRQHandler               
00003715  SPI1_IRQHandler               
00003715  TIMA0_IRQHandler              
00003715  TIMA1_IRQHandler              
00003715  TIMG0_IRQHandler              
00003715  TIMG12_IRQHandler             
00003715  TIMG6_IRQHandler              
00003715  UART1_IRQHandler              
00003715  UART3_IRQHandler              
00003731  HardFault_Handler             
0000374d  OS_ClearMsTime                
00003769  OS_bSignal                    
00003785  main                          
000037a1  OS_Suspend                    
000037b9  TFLuna2_InStatus              
000037d1  TFLuna2_OutStatus             
000037e9  TxFifo_Size                   
00003801  Rx2Fifo_Init                  
00003815  RxFifo_Init                   
00003829  Tx2Fifo_Init                  
0000383d  TxFifo_Init                   
00003851  TI_memcpy_small               
00003863  __TI_decompress_none          
00003875  Clock_Delay                   
00003885  Delay                         
00003895  OS_InitSemaphore              
000038a5  OS_TimeDifference             
000038b5  TFLuna2_Format_Standard_mm    
000038c5  TFLuna2_Frame_Rate            
000038d5  TFLuna2_SaveSettings          
000038e5  TFLuna2_System_Reset          
000038f5  __TI_zero_init                
00003905  TI_memset_small               
00003915  Clock_Freq                    
00003921  OS_Id                         
0000392d  OS_MsTime                     
00003939  OS_Time                       
00003945  ST7735_GetCursorX             
00003951  ST7735_GetCursorY             
0000395d  __aeabi_memclr                
0000395d  __aeabi_memclr4               
0000395d  __aeabi_memclr8               
00003969  abort                         
0000396e  C$$EXIT                       
0000396f  HOSTexit                      
00003973  Reset_Handler                 
00003977  _system_pre_init              
00003e7c  ImW                           
00003ebc  ReW                           
00004078  A                             
00004088  B                             
00004098  C                             
000040a8  IRmax                         
000041d2  Frame_Rate                    
000041e4  Format_Standard_mm            
000041e9  SaveSettings                  
000041ed  System_Reset                  
0000421c  __TI_Handler_Table_Base       
00004228  __TI_Handler_Table_Limit      
00004230  __TI_CINIT_Base               
00004240  __TI_CINIT_Limit              
00004240  __TI_CINIT_Warm               
20200000  __start___llvm_prf_bits       
20200000  __start___llvm_prf_cnts       
20200000  __stop___llvm_prf_bits        
20200000  __stop___llvm_prf_cnts        
20200000  stacks                        
20201400  fifo                          
20201800  tcbs                          
202018c8  periodic_threads              
20201958  ImX                           
20201998  ReX                           
202019d8  x                             
20201a18  x7                            
20201a58  f7                            
20201a74  mx7                           
20201ac0  s2_threads                    
20201ad8  str                           
20201b1d  Message                       
20201b29  TFLuna2DataMessage            
20201b35  used_tcbs                     
20201b54  BadCheckSum2                  
20201b58  Checks                        
20201b5c  ChecksWork                    
20201b60  Checksum                      
20201b64  ChecksumErrors                
20201b68  ChecksumOriginal              
20201b6c  DataAvailable                 
20201b70  DataLost                      
20201b74  Distance                      
20201b78  FilterOutput                  
20201b7c  FilterWork                    
20201b80  I7                            
20201b84  LCDFree                       
20201b88  LPFSum7                       
20201b8c  LostData2                     
20201b90  MailBoxData                   
20201b94  MailBoxDataAvailable          
20201b98  MailBoxFree                   
20201b9c  MaxJitter                     
20201ba0  Messageindex                  
20201ba4  NumCreated                    
20201ba8  RxGetI                        
20201bac  RxPutI                        
20201bb0  Size7                         
20201bb4  TFLuna2Distance               
20201bb8  TFLuna2Function               
20201bbc  TFLuna2Index                  
20201bc0  TimeMs                        
20201bc4  TxGetI                        
20201bc8  TxPutI                        
20201bcc  j                             
20201bd0  fifo_size                     
20201bd4  GetI                          
20201bd5  PutI                          
20201bd6  TFLuna2LastByte               
20201bd7  c                             
20201bd8  JitterHistogram               
20201fd8  BusFreq                       
20201fdc  Display_Free                  
20201fe4  NextThreadPt                  
20201fe8  RunPt                         
20201fec  SPI1_init_Flag                
20201ff0  StX                           
20201ff4  StY                           
20201ff8  delta_queue_head              
20201ffc  StTextColor                   
20202002  num_periodic_threads          
20202003  num_s2_threads                
20202008  _sys_memory                   
20207e00  __stack                       
20208000  __STACK_END                   
ffffffff  __TI_pprof_out_hndl           
ffffffff  __TI_prof_data_size           
ffffffff  __TI_prof_data_start          
ffffffff  __binit__                     
ffffffff  binit                         
UNDEFED   __mpu_init                    
UNDEFED   _system_post_cinit            

[269 symbols]
