******************************************************************************
            TI ARM Clang Linker PC v4.0.4                      
******************************************************************************
>> Linked Tue Feb 10 14:52:47 2026

OUTPUT FILE NAME:   <RTOS_Lab2_RTOSkernel.out>
ENTRY POINT SYMBOL: "_c_int00_noargs"  address: 000017d9


MEMORY CONFIGURATION

         name            origin    length      used     unused   attr    fill
----------------------  --------  ---------  --------  --------  ----  --------
  FLASH                 00000000   00020000  00001f18  0001e0e8  R  X
  SRAM                  20200000   00008000  00001a2a  000065d6  RW X
  BCR_CONFIG            41c00000   00000080  00000000  00000080  R   
  BSL_CONFIG            41c00100   00000080  00000000  00000080  R   


SEGMENT ALLOCATION MAP

run origin  load origin   length   init length attrs members
----------  ----------- ---------- ----------- ----- -------
00000000    00000000    00001f18   00001f18    r-x
  00000000    00000000    000000c0   000000c0    r-- .intvecs
  000000c0    000000c0    00001920   00001920    r-x .text
  000019e0    000019e0    00000500   00000500    r-- .rodata
  00001ee0    00001ee0    00000038   00000038    r-- .cinit
20200000    20200000    00001831   00000000    rw-
  20200000    20200000    00001611   00000000    rw- .bss
  20201618    20201618    00000200   00000000    rw- .sysmem
  20201818    20201818    00000019   00000000    rw- .data
20207e00    20207e00    00000200   00000000    rw-
  20207e00    20207e00    00000200   00000000    rw- .stack


SECTION ALLOCATION MAP

 output                                  attributes/
section   page    origin      length       input sections
--------  ----  ----------  ----------   ----------------
.intvecs   0    00000000    000000c0     
                  00000000    000000c0     startup_mspm0g3507_ticlang.o (.intvecs)

.text      0    000000c0    00001920     
                  000000c0    000001b4     Clock.o (.text.Clock_Init80MHz)
                  00000274    000001a4     ST7735_SDC.o (.text.ST7735_DrawChar)
                  00000418    00000188     OS.o (.text.OS_AddThread)
                  000005a0    00000180     ST7735_SDC.o (.text.ST7735_Message)
                  00000720    00000144     TFLuna2.o (.text.copyHardwareToSoftware2)
                  00000864    000000e4     OS.o (.text.GROUP1_IRQHandler)
                  00000948    000000c4     OS.o (.text.OS_Sleep)
                  00000a0c    000000b8     OS.o (.text.OS_AddS2Task)
                  00000ac4    000000a8     Timer.o (.text.TimerG8_IntArm)
                  00000b6c    000000a0     OS.o (.text.SysTick_Handler)
                  00000c0c    000000a0     OS.o (.text.TIMG7_IRQHandler)
                  00000cac    00000090     OS.o (.text.EdgeTriggered_Init)
                  00000d3c    0000008c     RTOS_Lab2.o (.text.Testmain4)
                  00000dc8    00000088     OS.o (.text.TIMG8_IRQHandler)
                  00000e50    00000088     ST7735_SDC.o (.text.setAddrWindow)
                  00000ed8    00000084     OS.o (.text.__NVIC_SetPriority)
                  00000f5c    0000007c     LaunchPad.o (.text.LaunchPad_Init)
                  00000fd8    0000007c     libc.a : copy_decompress_lzss.c.obj (.text:decompress:lzss)
                  00001054    00000070     osasm.o (.text)
                  000010c4    00000064     OS.o (.text.OS_Kill)
                  00001128    00000064     SPI.o (.text.TFT_OutCommand)
                  0000118c    00000064     SPI.o (.text.TFT_OutData)
                  000011f0    00000064     RTOS_Lab2.o (.text.Thread2d)
                  00001254    0000005c     RTOS_UARTints.o (.text.UART0_IRQHandler)
                  000012b0    0000005c     TFLuna2.o (.text.UART2_IRQHandler)
                  0000130c    00000058     RTOS_Lab2.o (.text.Logic_Init)
                  00001364    00000056     libclang_rt.builtins.a : aeabi_idivmod.S.obj (.text.__aeabi_idivmod)
                  000013ba    00000002                            : aeabi_div0.c.obj (.text.__aeabi_idiv0)
                  000013bc    0000004c     TFLuna2.o (.text.Rx2Fifo_Put)
                  00001408    0000004c     RTOS_FIFO.o (.text.RxFifo_Put)
                  00001454    0000004c     RTOS_FIFO.o (.text.TxFifo_Get)
                  000014a0    0000004c     TFLuna2.o (.text.copySoftwareToHardware2)
                  000014ec    0000004c     RTOS_UARTints.o (.text.copySoftwareToHardware)
                  00001538    00000048     RTOS_Lab2.o (.text.BackgroundThread5d)
                  00001580    00000048     RTOS_Lab2.o (.text.Thread4d)
                  000015c8    00000048     RTOS_Lab2.o (.text.Thread5d)
                  00001610    00000048     TFLuna2.o (.text.Tx2Fifo_Get)
                  00001658    00000048     OS.o (.text.get_next_free_tcb)
                  000016a0    0000003c     OS.o (.text.OS_Init)
                  000016dc    0000003c     libc.a : autoinit.c.obj (.text:__TI_auto_init_nobinit_nopinit)
                  00001718    00000038     LaunchPad.o (.text.ActivatePortA_B)
                  00001750    00000030     RTOS_UARTints.o (.text.copyHardwareToSoftware)
                  00001780    0000002c     OS.o (.text.OS_Launch)
                  000017ac    0000002c     OS.o (.text.OS_Wait)
                  000017d8    00000028     libc.a : boot_cortex_m.c.obj (.text:_c_int00_noargs)
                  00001800    00000020     RTOS_Lab2.o (.text.Thread3d)
                  00001820    0000001e     OS.o (.text.OS_Signal)
                  0000183e    0000001e     ST7735_SDC.o (.text.pushColor)
                  0000185c    0000001c     startup_mspm0g3507_ticlang.o (.text.Default_Handler)
                  00001878    0000001c     startup_mspm0g3507_ticlang.o (.text.HardFault_Handler)
                  00001894    0000001c     OS.o (.text.OS_ClearMsTime)
                  000018b0    0000001c     RTOS_Lab2.o (.text.main)
                  000018cc    00000018     OS.o (.text.OS_Suspend)
                  000018e4    00000018     TFLuna2.o (.text.TFLuna2_InStatus)
                  000018fc    00000018     TFLuna2.o (.text.TFLuna2_OutStatus)
                  00001914    00000018     RTOS_FIFO.o (.text.TxFifo_Size)
                  0000192c    00000012     libc.a : memcpy16.S.obj (.text:TI_memcpy_small)
                  0000193e    00000012            : copy_decompress_none.c.obj (.text:decompress:none)
                  00001950    00000010     Clock.o (.text.Clock_Delay)
                  00001960    00000010     LaunchPad.o (.text.Delay)
                  00001970    00000010     OS.o (.text.OS_InitSemaphore)
                  00001980    00000010     libc.a : copy_zero_init.c.obj (.text:decompress:ZI)
                  00001990    0000000e            : memset16.S.obj (.text:TI_memset_small)
                  0000199e    00000002     --HOLE-- [fill = 0]
                  000019a0    0000000c     OS.o (.text.OS_MsTime)
                  000019ac    0000000c     libclang_rt.builtins.a : aeabi_memset.S.obj (.text.__aeabi_memclr)
                  000019b8    00000008                            : aeabi_memcpy.S.obj (.text.__aeabi_memcpy)
                  000019c0    00000006     libc.a : exit.c.obj (.text:abort)
                  000019c6    00000004     libsysbm.a : hostexit.c.obj (.text.HOSTexit)
                  000019ca    00000004     OS.o (.text.OS_Id)
                  000019ce    00000004     OS.o (.text.OS_Time)
                  000019d2    00000004     startup_mspm0g3507_ticlang.o (.text.Reset_Handler)
                  000019d6    00000004     libc.a : pre_init.c.obj (.text._system_pre_init)
                  000019da    00000006     --HOLE-- [fill = 0]

.cinit     0    00001ee0    00000038     
                  00001ee0    00000012     (.cinit..data.load) [load image, compression = lzss]
                  00001ef2    00000002     --HOLE-- [fill = 0]
                  00001ef4    0000000c     (__TI_handler_table)
                  00001f00    00000008     (.cinit..bss.load) [load image, compression = zero_init]
                  00001f08    00000010     (__TI_cinit_table)

.rodata    0    000019e0    00000500     
                  000019e0    000004fb     ST7735_SDC.o (.rodata.Font)
                  00001edb    00000005     --HOLE-- [fill = 0]

.init_array 
*          0    00000000    00000000     UNINITIALIZED

.binit     0    00000000    00000000     

.bss       0    20200000    00001611     UNINITIALIZED
                  20200000    00001400     (.common:stacks)
                  20201400    000000c8     (.common:tcbs)
                  202014c8    00000050     (.common:periodic_threads)
                  20201518    00000040     RTOS_FIFO.o (.bss.TxFifo)
                  20201558    00000018     (.common:s2_threads)
                  20201570    00000010     TFLuna2.o (.bss.Rx2Fifo)
                  20201580    00000010     RTOS_FIFO.o (.bss.RxFifo)
                  20201590    00000010     TFLuna2.o (.bss.Tx2Fifo)
                  202015a0    0000000c     (.common:TFLuna2DataMessage)
                  202015ac    0000000a     (.common:used_tcbs)
                  202015b6    00000001     ST7735_SDC.o (.bss.ColStart)
                  202015b7    00000001     ST7735_SDC.o (.bss.RowStart)
                  202015b8    00000004     TFLuna2.o (.bss.Rx2GetI)
                  202015bc    00000004     TFLuna2.o (.bss.Rx2PutI)
                  202015c0    00000004     TFLuna2.o (.bss.Tx2GetI)
                  202015c4    00000004     TFLuna2.o (.bss.Tx2PutI)
                  202015c8    00000004     (.common:BadCheckSum2)
                  202015cc    00000004     (.common:Count0)
                  202015d0    00000004     (.common:Count1)
                  202015d4    00000004     (.common:Count2)
                  202015d8    00000004     (.common:Count3)
                  202015dc    00000004     (.common:Count4)
                  202015e0    00000004     (.common:Count5)
                  202015e4    00000004     (.common:Lost)
                  202015e8    00000004     (.common:NumCreated)
                  202015ec    00000004     (.common:Readyd)
                  202015f0    00000004     (.common:RxGetI)
                  202015f4    00000004     (.common:RxPutI)
                  202015f8    00000004     (.common:TFLuna2Distance)
                  202015fc    00000004     (.common:TFLuna2Function)
                  20201600    00000004     (.common:TFLuna2Index)
                  20201604    00000004     (.common:TimeMs)
                  20201608    00000004     (.common:TxGetI)
                  2020160c    00000004     (.common:TxPutI)
                  20201610    00000001     (.common:TFLuna2LastByte)

.sysmem    0    20201618    00000200     UNINITIALIZED
                  20201618    00000010     libc.a : memory.c.obj (.sysmem)
                  20201628    000001f0     --HOLE--

.data      0    20201818    00000019     UNINITIALIZED
                  20201818    00000004     Clock.o (.data.BusFreq)
                  2020181c    00000004     ST7735_SDC.o (.data.Display_Free)
                  20201820    00000004     OS.o (.data.NextThreadPt)
                  20201824    00000004     OS.o (.data.RunPt)
                  20201828    00000004     OS.o (.data.delta_queue_head)
                  2020182c    00000002     ST7735_SDC.o (.data._height)
                  2020182e    00000002     ST7735_SDC.o (.data._width)
                  20201830    00000001     OS.o (.data.num_s2_threads)

.stack     0    20207e00    00000200     UNINITIALIZED
                  20207e00    00000004     libc.a : boot_cortex_m.c.obj (.stack)
                  20207e04    000001fc     --HOLE--

__llvm_prf_cnts 
*          0    20200000    00000000     UNINITIALIZED

__llvm_prf_bits 
*          0    20200000    00000000     UNINITIALIZED

MODULE SUMMARY

       Module                         code   ro data   rw data
       ------                         ----   -------   -------
    .\
       OS.o                           2170   0         5451   
       ST7735_SDC.o                   970    1275      10     
       TFLuna2.o                      688    0         77     
       RTOS_Lab2.o                    604    0         36     
       Clock.o                        452    0         4      
       RTOS_FIFO.o                    176    0         96     
       RTOS_UARTints.o                216    0         0      
       SPI.o                          200    0         0      
       LaunchPad.o                    196    0         0      
       Timer.o                        168    0         0      
       osasm.o                        112    0         0      
    +--+------------------------------+------+---------+---------+
       Total:                         5952   1275      5674   
                                                              
    .\ticlang\
       startup_mspm0g3507_ticlang.o   60     192       0      
    +--+------------------------------+------+---------+---------+
       Total:                         60     192       0      
                                                              
    C:\ti\ccs2040\ccs\tools\compiler\ti-cgt-armllvm_4.0.4.LTS\lib\armv6m-ti-none-eabi/c/libc.a
       copy_decompress_lzss.c.obj     124    0         0      
       autoinit.c.obj                 60     0         0      
       boot_cortex_m.c.obj            40     0         0      
       copy_decompress_none.c.obj     18     0         0      
       memcpy16.S.obj                 18     0         0      
       copy_zero_init.c.obj           16     0         0      
       memset16.S.obj                 14     0         0      
       exit.c.obj                     6      0         0      
       pre_init.c.obj                 4      0         0      
    +--+------------------------------+------+---------+---------+
       Total:                         300    0         0      
                                                              
    C:\ti\ccs2040\ccs\tools\compiler\ti-cgt-armllvm_4.0.4.LTS\lib\armv6m-ti-none-eabi/c/libsysbm.a
       hostexit.c.obj                 4      0         0      
    +--+------------------------------+------+---------+---------+
       Total:                         4      0         0      
                                                              
    C:\ti\ccs2040\ccs\tools\compiler\ti-cgt-armllvm_4.0.4.LTS\lib\armv6m-ti-none-eabi/libclang_rt.builtins.a
       aeabi_idivmod.S.obj            86     0         0      
       aeabi_memset.S.obj             12     0         0      
       aeabi_memcpy.S.obj             8      0         0      
       aeabi_div0.c.obj               2      0         0      
    +--+------------------------------+------+---------+---------+
       Total:                         108    0         0      
                                                              
       Heap:                          0      0         512    
       Stack:                         0      0         512    
       Linker Generated:              0      54        0      
    +--+------------------------------+------+---------+---------+
       Grand Total:                   6424   1521      6698   


LINKER GENERATED COPY TABLES

__TI_cinit_table @ 00001f08 records: 2, size/record: 8, table size: 16
	.data: load addr=00001ee0, load size=00000012 bytes, run addr=20201818, run size=00000019 bytes, compression=lzss
	.bss: load addr=00001f00, load size=00000008 bytes, run addr=20200000, run size=00001611 bytes, compression=zero_init


LINKER GENERATED HANDLER TABLE

__TI_handler_table @ 00001ef4 records: 3, size/record: 4, table size: 12
	index: 0, handler: __TI_decompress_lzss
	index: 1, handler: __TI_decompress_none
	index: 2, handler: __TI_zero_init


GLOBAL SYMBOLS: SORTED ALPHABETICALLY BY Name 

address   name                          
-------   ----                          
0000185d  ADC0_IRQHandler               
0000185d  ADC1_IRQHandler               
0000185d  AES_IRQHandler                
00001719  ActivatePortA_B               
00001539  BackgroundThread5d            
202015c8  BadCheckSum2                  
20201818  BusFreq                       
000019c6  C$$EXIT                       
0000185d  CANFD0_IRQHandler             
00001951  Clock_Delay                   
000000c1  Clock_Init80MHz               
202015cc  Count0                        
202015d0  Count1                        
202015d4  Count2                        
202015d8  Count3                        
202015dc  Count4                        
202015e0  Count5                        
0000185d  DAC0_IRQHandler               
0000185d  DMA_IRQHandler                
0000185d  Default_Handler               
00001961  Delay                         
2020181c  Display_Free                  
00000cad  EdgeTriggered_Init            
00001064  EndCritical                   
0000185d  GROUP0_IRQHandler             
00000865  GROUP1_IRQHandler             
000019c7  HOSTexit                      
00001879  HardFault_Handler             
0000185d  I2C0_IRQHandler               
0000185d  I2C1_IRQHandler               
00000f5d  LaunchPad_Init                
0000130d  Logic_Init                    
202015e4  Lost                          
0000185d  NMI_Handler                   
20201820  NextThreadPt                  
202015e8  NumCreated                    
00001054  OSDisableInterrupts           
00001058  OSEnableInterrupts            
00000a0d  OS_AddS2Task                  
00000419  OS_AddThread                  
00001895  OS_ClearMsTime                
000019cb  OS_Id                         
000016a1  OS_Init                       
00001971  OS_InitSemaphore              
000010c5  OS_Kill                       
00001781  OS_Launch                     
000019a1  OS_MsTime                     
00001821  OS_Signal                     
00000949  OS_Sleep                      
000018cd  OS_Suspend                    
000019cf  OS_Time                       
000017ad  OS_Wait                       
00001085  PendSV_Handler                
0000185d  RTC_IRQHandler                
202015ec  Readyd                        
000019d3  Reset_Handler                 
20201824  RunPt                         
000013bd  Rx2Fifo_Put                   
00001409  RxFifo_Put                    
202015f0  RxGetI                        
202015f4  RxPutI                        
0000185d  SPI0_IRQHandler               
0000185d  SPI1_IRQHandler               
00000275  ST7735_DrawChar               
000005a1  ST7735_Message                
000010a1  SVC_Handler                   
0000105c  StartCritical                 
0000106a  StartOS                       
00000b6d  SysTick_Handler               
202015a0  TFLuna2DataMessage            
202015f8  TFLuna2Distance               
202015fc  TFLuna2Function               
20201600  TFLuna2Index                  
20201610  TFLuna2LastByte               
000018e5  TFLuna2_InStatus              
000018fd  TFLuna2_OutStatus             
00001129  TFT_OutCommand                
0000118d  TFT_OutData                   
0000185d  TIMA0_IRQHandler              
0000185d  TIMA1_IRQHandler              
0000185d  TIMG0_IRQHandler              
0000185d  TIMG12_IRQHandler             
0000185d  TIMG6_IRQHandler              
00000c0d  TIMG7_IRQHandler              
00000dc9  TIMG8_IRQHandler              
0000192d  TI_memcpy_small               
00001991  TI_memset_small               
00000d3d  Testmain4                     
000011f1  Thread2d                      
00001801  Thread3d                      
00001581  Thread4d                      
000015c9  Thread5d                      
20201604  TimeMs                        
00000ac5  TimerG8_IntArm                
00001611  Tx2Fifo_Get                   
00001455  TxFifo_Get                    
00001915  TxFifo_Size                   
20201608  TxGetI                        
2020160c  TxPutI                        
00001255  UART0_IRQHandler              
0000185d  UART1_IRQHandler              
000012b1  UART2_IRQHandler              
0000185d  UART3_IRQHandler              
20208000  __STACK_END                   
00000200  __STACK_SIZE                  
00000200  __SYSMEM_SIZE                 
00000000  __TI_ATRegion0_region_sz      
00000000  __TI_ATRegion0_src_addr       
00000000  __TI_ATRegion0_trg_addr       
00000000  __TI_ATRegion1_region_sz      
00000000  __TI_ATRegion1_src_addr       
00000000  __TI_ATRegion1_trg_addr       
00000000  __TI_ATRegion2_region_sz      
00000000  __TI_ATRegion2_src_addr       
00000000  __TI_ATRegion2_trg_addr       
00001f08  __TI_CINIT_Base               
00001f18  __TI_CINIT_Limit              
00001f18  __TI_CINIT_Warm               
00001ef4  __TI_Handler_Table_Base       
00001f00  __TI_Handler_Table_Limit      
000016dd  __TI_auto_init_nobinit_nopinit
00000fd9  __TI_decompress_lzss          
0000193f  __TI_decompress_none          
ffffffff  __TI_pprof_out_hndl           
ffffffff  __TI_prof_data_size           
ffffffff  __TI_prof_data_start          
00000000  __TI_static_base__            
00001981  __TI_zero_init                
00001365  __aeabi_idiv                  
000013bb  __aeabi_idiv0                 
00001365  __aeabi_idivmod               
000019ad  __aeabi_memclr                
000019ad  __aeabi_memclr4               
000019ad  __aeabi_memclr8               
000019b9  __aeabi_memcpy                
000019b9  __aeabi_memcpy4               
000019b9  __aeabi_memcpy8               
ffffffff  __binit__                     
UNDEFED   __mpu_init                    
20207e00  __stack                       
20200000  __start___llvm_prf_bits       
20200000  __start___llvm_prf_cnts       
20200000  __stop___llvm_prf_bits        
20200000  __stop___llvm_prf_cnts        
000017d9  _c_int00_noargs               
20201618  _sys_memory                   
UNDEFED   _system_post_cinit            
000019d7  _system_pre_init              
000019c1  abort                         
ffffffff  binit                         
20201828  delta_queue_head              
00001659  get_next_free_tcb             
00000000  interruptVectors              
000018b1  main                          
20201830  num_s2_threads                
202014c8  periodic_threads              
20201558  s2_threads                    
20200000  stacks                        
20201400  tcbs                          
202015ac  used_tcbs                     


GLOBAL SYMBOLS: SORTED BY Symbol Address 

address   name                          
-------   ----                          
00000000  __TI_ATRegion0_region_sz      
00000000  __TI_ATRegion0_src_addr       
00000000  __TI_ATRegion0_trg_addr       
00000000  __TI_ATRegion1_region_sz      
00000000  __TI_ATRegion1_src_addr       
00000000  __TI_ATRegion1_trg_addr       
00000000  __TI_ATRegion2_region_sz      
00000000  __TI_ATRegion2_src_addr       
00000000  __TI_ATRegion2_trg_addr       
00000000  __TI_static_base__            
00000000  interruptVectors              
000000c1  Clock_Init80MHz               
00000200  __STACK_SIZE                  
00000200  __SYSMEM_SIZE                 
00000275  ST7735_DrawChar               
00000419  OS_AddThread                  
000005a1  ST7735_Message                
00000865  GROUP1_IRQHandler             
00000949  OS_Sleep                      
00000a0d  OS_AddS2Task                  
00000ac5  TimerG8_IntArm                
00000b6d  SysTick_Handler               
00000c0d  TIMG7_IRQHandler              
00000cad  EdgeTriggered_Init            
00000d3d  Testmain4                     
00000dc9  TIMG8_IRQHandler              
00000f5d  LaunchPad_Init                
00000fd9  __TI_decompress_lzss          
00001054  OSDisableInterrupts           
00001058  OSEnableInterrupts            
0000105c  StartCritical                 
00001064  EndCritical                   
0000106a  StartOS                       
00001085  PendSV_Handler                
000010a1  SVC_Handler                   
000010c5  OS_Kill                       
00001129  TFT_OutCommand                
0000118d  TFT_OutData                   
000011f1  Thread2d                      
00001255  UART0_IRQHandler              
000012b1  UART2_IRQHandler              
0000130d  Logic_Init                    
00001365  __aeabi_idiv                  
00001365  __aeabi_idivmod               
000013bb  __aeabi_idiv0                 
000013bd  Rx2Fifo_Put                   
00001409  RxFifo_Put                    
00001455  TxFifo_Get                    
00001539  BackgroundThread5d            
00001581  Thread4d                      
000015c9  Thread5d                      
00001611  Tx2Fifo_Get                   
00001659  get_next_free_tcb             
000016a1  OS_Init                       
000016dd  __TI_auto_init_nobinit_nopinit
00001719  ActivatePortA_B               
00001781  OS_Launch                     
000017ad  OS_Wait                       
000017d9  _c_int00_noargs               
00001801  Thread3d                      
00001821  OS_Signal                     
0000185d  ADC0_IRQHandler               
0000185d  ADC1_IRQHandler               
0000185d  AES_IRQHandler                
0000185d  CANFD0_IRQHandler             
0000185d  DAC0_IRQHandler               
0000185d  DMA_IRQHandler                
0000185d  Default_Handler               
0000185d  GROUP0_IRQHandler             
0000185d  I2C0_IRQHandler               
0000185d  I2C1_IRQHandler               
0000185d  NMI_Handler                   
0000185d  RTC_IRQHandler                
0000185d  SPI0_IRQHandler               
0000185d  SPI1_IRQHandler               
0000185d  TIMA0_IRQHandler              
0000185d  TIMA1_IRQHandler              
0000185d  TIMG0_IRQHandler              
0000185d  TIMG12_IRQHandler             
0000185d  TIMG6_IRQHandler              
0000185d  UART1_IRQHandler              
0000185d  UART3_IRQHandler              
00001879  HardFault_Handler             
00001895  OS_ClearMsTime                
000018b1  main                          
000018cd  OS_Suspend                    
000018e5  TFLuna2_InStatus              
000018fd  TFLuna2_OutStatus             
00001915  TxFifo_Size                   
0000192d  TI_memcpy_small               
0000193f  __TI_decompress_none          
00001951  Clock_Delay                   
00001961  Delay                         
00001971  OS_InitSemaphore              
00001981  __TI_zero_init                
00001991  TI_memset_small               
000019a1  OS_MsTime                     
000019ad  __aeabi_memclr                
000019ad  __aeabi_memclr4               
000019ad  __aeabi_memclr8               
000019b9  __aeabi_memcpy                
000019b9  __aeabi_memcpy4               
000019b9  __aeabi_memcpy8               
000019c1  abort                         
000019c6  C$$EXIT                       
000019c7  HOSTexit                      
000019cb  OS_Id                         
000019cf  OS_Time                       
000019d3  Reset_Handler                 
000019d7  _system_pre_init              
00001ef4  __TI_Handler_Table_Base       
00001f00  __TI_Handler_Table_Limit      
00001f08  __TI_CINIT_Base               
00001f18  __TI_CINIT_Limit              
00001f18  __TI_CINIT_Warm               
20200000  __start___llvm_prf_bits       
20200000  __start___llvm_prf_cnts       
20200000  __stop___llvm_prf_bits        
20200000  __stop___llvm_prf_cnts        
20200000  stacks                        
20201400  tcbs                          
202014c8  periodic_threads              
20201558  s2_threads                    
202015a0  TFLuna2DataMessage            
202015ac  used_tcbs                     
202015c8  BadCheckSum2                  
202015cc  Count0                        
202015d0  Count1                        
202015d4  Count2                        
202015d8  Count3                        
202015dc  Count4                        
202015e0  Count5                        
202015e4  Lost                          
202015e8  NumCreated                    
202015ec  Readyd                        
202015f0  RxGetI                        
202015f4  RxPutI                        
202015f8  TFLuna2Distance               
202015fc  TFLuna2Function               
20201600  TFLuna2Index                  
20201604  TimeMs                        
20201608  TxGetI                        
2020160c  TxPutI                        
20201610  TFLuna2LastByte               
20201618  _sys_memory                   
20201818  BusFreq                       
2020181c  Display_Free                  
20201820  NextThreadPt                  
20201824  RunPt                         
20201828  delta_queue_head              
20201830  num_s2_threads                
20207e00  __stack                       
20208000  __STACK_END                   
ffffffff  __TI_pprof_out_hndl           
ffffffff  __TI_prof_data_size           
ffffffff  __TI_prof_data_start          
ffffffff  __binit__                     
ffffffff  binit                         
UNDEFED   __mpu_init                    
UNDEFED   _system_post_cinit            

[160 symbols]
