******************************************************************************
            TI ARM Clang Linker PC v4.0.4                      
******************************************************************************
>> Linked Tue Feb 24 11:27:35 2026

OUTPUT FILE NAME:   <RTOS_Lab2_RTOSkernel.out>
ENTRY POINT SYMBOL: "_c_int00_noargs"  address: 00003f69


MEMORY CONFIGURATION

         name            origin    length      used     unused   attr    fill
----------------------  --------  ---------  --------  --------  ----  --------
  FLASH                 00000000   00020000  00004a38  0001b5c8  R  X
  SRAM                  20200000   00008000  00003db4  0000424c  RW X
  BCR_CONFIG            41c00000   00000080  00000000  00000080  R   
  BSL_CONFIG            41c00100   00000080  00000000  00000080  R   


SEGMENT ALLOCATION MAP

run origin  load origin   length   init length attrs members
----------  ----------- ---------- ----------- ----- -------
00000000    00000000    00004a38   00004a38    r-x
  00000000    00000000    000000c0   000000c0    r-- .intvecs
  000000c0    000000c0    000041f0   000041f0    r-x .text
  000042b0    000042b0    00000748   00000748    r-- .rodata
  000049f8    000049f8    00000040   00000040    r-- .cinit
20200000    20200000    00003bb8   00000000    rw-
  20200000    20200000    00003570   00000000    rw- .bss
  20203570    20203570    00000444   00000000    rw- .data
  202039b8    202039b8    00000200   00000000    rw- .sysmem
20207e00    20207e00    00000200   00000000    rw-
  20207e00    20207e00    00000200   00000000    rw- .stack


SECTION ALLOCATION MAP

 output                                  attributes/
section   page    origin      length       input sections
--------  ----  ----------  ----------   ----------------
.intvecs   0    00000000    000000c0     
                  00000000    000000c0     startup_mspm0g3507_ticlang.o (.intvecs)

.text      0    000000c0    000041f0     
                  000000c0    0000038c     OS.o (.text.OS_CreateScheduler)
                  0000044c    00000314     OS.o (.text.ScheduleFinder)
                  00000760    0000026c     OS.o (.text.OS_AddThread)
                  000009cc    0000023c     Interpreter.o (.text.Interpreter)
                  00000c08    000001b4     Clock.o (.text.Clock_Init80MHz)
                  00000dbc    000001a4     ST7735_SDC.o (.text.ST7735_DrawChar)
                  00000f60    000001a0     OS.o (.text.OS_Sleep)
                  00001100    00000174     TFLuna2.o (.text.TFLuna2_Init)
                  00001274    00000160     ST7735_SDC.o (.text.ST7735_Message)
                  000013d4    00000154     OS.o (.text.TIMG8_IRQHandler)
                  00001528    00000144     TFLuna2.o (.text.copyHardwareToSoftware2)
                  0000166c    00000138     RTOS_UARTints.o (.text.UART_Init)
                  000017a4    00000134     RTOS_Lab2.o (.text.DAS)
                  000018d8    00000130     LPF.o (.text.Median5)
                  00001a08    0000012c     ST7735_SDC.o (.text.ST7735_FillRect)
                  00001b34    00000128     OS.o (.text.GROUP1_IRQHandler)
                  00001c5c    00000128     OS.o (.text.OS_Block)
                  00001d84    00000120     SPI.o (.text.SPI1_Init)
                  00001ea4    00000108     OS.o (.text.OS_Kill)
                  00001fac    000000f8     OS.o (.text.OS_Unblock)
                  000020a4    000000f4     ADC.o (.text.ADC0_Init)
                  00002198    000000e8     RTOS_Lab2.o (.text.Consumer)
                  00002280    000000e8     DFT16.o (.text.DFT16)
                  00002368    000000e4     OS.o (.text.OS_AddPeriodicThread)
                  0000244c    000000d4     OS.o (.text.SysTick_Handler)
                  00002520    000000c4     RTOS_Lab2.o (.text.realmain)
                  000025e4    000000c4     OS.o (.text.sortPeriodicThreads)
                  000026a8    000000b8     OS.o (.text.OS_AddS2Task)
                  00002760    000000a8     RTOS_Lab2.o (.text.Display)
                  00002808    000000a8     Timer.o (.text.TimerG7_IntArm)
                  000028b0    000000a8     Timer.o (.text.TimerG8_IntArm)
                  00002958    000000a2     ST7735_SDC.o (.text.commandList)
                  000029fa    00000002     libclang_rt.builtins.a : aeabi_div0.c.obj (.text.__aeabi_idiv0)
                  000029fc    0000009c     RTOS_Lab2.o (.text.ButtonWork)
                  00002a98    00000098     ST7735_SDC.o (.text.ST7735_InitR)
                  00002b30    00000094     OS.o (.text.EdgeTriggered_Init)
                  00002bc4    00000094     LPF.o (.text.Filter)
                  00002c58    00000094     ST7735_SDC.o (.text.ST7735_OutUDec)
                  00002cec    00000088     ST7735_SDC.o (.text.setAddrWindow)
                  00002d74    0000000c     Clock.o (.text.Clock_Freq)
                  00002d80    00000088     libc.a : strcmp-armv6m.S.obj (.text:strcmp)
                  00002e08    00000084     OS.o (.text.OS_Launch)
                  00002e8c    00000084     ST7735_SDC.o (.text.ST7735_DrawString)
                  00002f10    00000084     OS.o (.text.__NVIC_SetPriority)
                  00002f94    0000007c     LaunchPad.o (.text.LaunchPad_Init)
                  00003010    0000007c     libc.a : copy_decompress_lzss.c.obj (.text:decompress:lzss)
                  0000308c    00000070     osasm.o (.text)
                  000030fc    00000068     LPF.o (.text.LPF_Init7)
                  00003164    00000064     RTOS_Lab2.o (.text.Producer)
                  000031c8    00000064     SPI.o (.text.TFT_OutCommand)
                  0000322c    00000064     SPI.o (.text.TFT_OutData)
                  00003290    00000064     RTOS_Lab2.o (.text.VirusDetector)
                  000032f4    00000060     Timer.o (.text.TimerG12_Init)
                  00003354    0000005c     OS.o (.text.TIMG7_IRQHandler)
                  000033b0    0000005c     RTOS_UARTints.o (.text.UART0_IRQHandler)
                  0000340c    0000005c     TFLuna2.o (.text.UART2_IRQHandler)
                  00003468    00000058     IRDistance.o (.text.IRDistance_Convert)
                  000034c0    00000058     RTOS_Lab2.o (.text.Logic_Init)
                  00003518    00000058     OS.o (.text.OS_Fifo_Put)
                  00003570    00000058     OS.o (.text.OS_Init)
                  000035c8    00000056     libclang_rt.builtins.a : aeabi_idivmod.S.obj (.text.__aeabi_idivmod)
                  0000361e    00000002     --HOLE-- [fill = 0]
                  00003620    00000054     ST7735_SDC.o (.text.fillmessage)
                  00003674    00000052     OS.o (.text.lcm_array)
                  000036c6    00000002     --HOLE-- [fill = 0]
                  000036c8    0000004c     OS.o (.text.OS_Signal)
                  00003714    0000004c     TFLuna2.o (.text.Rx2Fifo_Put)
                  00003760    0000004c     RTOS_FIFO.o (.text.RxFifo_Get)
                  000037ac    0000004c     RTOS_FIFO.o (.text.RxFifo_Put)
                  000037f8    0000004c     RTOS_Lab2.o (.text.S2Push)
                  00003844    0000004c     TFLuna2.o (.text.Tx2Fifo_Put)
                  00003890    0000004c     RTOS_FIFO.o (.text.TxFifo_Get)
                  000038dc    0000004c     RTOS_FIFO.o (.text.TxFifo_Put)
                  00003928    0000004c     TFLuna2.o (.text.copySoftwareToHardware2)
                  00003974    0000004c     RTOS_UARTints.o (.text.copySoftwareToHardware)
                  000039c0    00000048     OS.o (.text.OS_Fifo_Init)
                  00003a08    00000048     TFLuna2.o (.text.Tx2Fifo_Get)
                  00003a50    00000048     OS.o (.text.get_next_free_tcb)
                  00003a98    00000044     ADC.o (.text.ADC0_In)
                  00003adc    00000040     SPI.o (.text.SPI1_Reset)
                  00003b1c    00000040     TFLuna2.o (.text.TFLuna2_OutChar)
                  00003b5c    00000040     RTOS_UARTints.o (.text.UART_OutChar)
                  00003b9c    00000040     libclang_rt.builtins.a : aeabi_uidivmod.S.obj (.text.__aeabi_uidivmod)
                  00003bdc    0000003c     OS.o (.text.OS_Fifo_Get)
                  00003c18    0000003c     libc.a : autoinit.c.obj (.text:__TI_auto_init_nobinit_nopinit)
                  00003c54    0000003a     OS.o (.text.OS_bWait)
                  00003c8e    00000002     --HOLE-- [fill = 0]
                  00003c90    00000038     LaunchPad.o (.text.ActivatePortA_B)
                  00003cc8    00000038     RTOS_Lab2.o (.text.Jitter_Init)
                  00003d00    00000036     RTOS_UART.o (.text.UART_OutUDec)
                  00003d36    00000002     --HOLE-- [fill = 0]
                  00003d38    00000034     Clock.o (.text.Clock_Delay1ms)
                  00003d6c    00000034     OS.o (.text.OS_Wait)
                  00003da0    00000034     ST7735_SDC.o (.text.ST7735_SetCursor)
                  00003dd4    00000030     RTOS_Lab2.o (.text.Check)
                  00003e04    00000030     TFLuna2.o (.text.TFLuna2_SendMessage)
                  00003e34    00000030     ST7735_SDC.o (.text.commonInit)
                  00003e64    00000030     RTOS_UARTints.o (.text.copyHardwareToSoftware)
                  00003e94    0000002c     OS.o (.text.OS_MailBox_Init)
                  00003ec0    0000002c     ST7735_SDC.o (.text.ST7735_FillScreen)
                  00003eec    0000002c     OS.o (.text.gcd)
                  00003f18    00000028     OS.o (.text.OS_MailBox_Recv)
                  00003f40    00000028     OS.o (.text.OS_MailBox_Send)
                  00003f68    00000028     libc.a : boot_cortex_m.c.obj (.text:_c_int00_noargs)
                  00003f90    00000026     RTOS_UART.o (.text.UART_OutString)
                  00003fb6    00000002     --HOLE-- [fill = 0]
                  00003fb8    00000024     SPI.o (.text.CS_Init)
                  00003fdc    00000024     OS.o (.text.lcm_two)
                  00004000    00000022     RTOS_UARTints.o (.text.UART_InChar)
                  00004022    0000001e     ST7735_SDC.o (.text.pushColor)
                  00004040    0000001c     startup_mspm0g3507_ticlang.o (.text.Default_Handler)
                  0000405c    0000001c     startup_mspm0g3507_ticlang.o (.text.HardFault_Handler)
                  00004078    0000001c     OS.o (.text.OS_ClearMsTime)
                  00004094    0000001c     OS.o (.text.OS_bSignal)
                  000040b0    0000001c     RTOS_Lab2.o (.text.main)
                  000040cc    00000018     OS.o (.text.OS_Suspend)
                  000040e4    00000018     TFLuna2.o (.text.TFLuna2_InStatus)
                  000040fc    00000018     TFLuna2.o (.text.TFLuna2_OutStatus)
                  00004114    00000018     RTOS_FIFO.o (.text.TxFifo_Size)
                  0000412c    00000016     OS.o (.text.OS_InitSemaphore)
                  00004142    00000002     --HOLE-- [fill = 0]
                  00004144    00000014     TFLuna2.o (.text.Rx2Fifo_Init)
                  00004158    00000014     RTOS_FIFO.o (.text.RxFifo_Init)
                  0000416c    00000014     TFLuna2.o (.text.Tx2Fifo_Init)
                  00004180    00000014     RTOS_FIFO.o (.text.TxFifo_Init)
                  00004194    00000012     libc.a : memcpy16.S.obj (.text:TI_memcpy_small)
                  000041a6    00000012            : copy_decompress_none.c.obj (.text:decompress:none)
                  000041b8    00000010     Clock.o (.text.Clock_Delay)
                  000041c8    00000010     LaunchPad.o (.text.Delay)
                  000041d8    00000010     OS.o (.text.OS_TimeDifference)
                  000041e8    00000010     TFLuna2.o (.text.TFLuna2_Format_Standard_mm)
                  000041f8    00000010     TFLuna2.o (.text.TFLuna2_Frame_Rate)
                  00004208    00000010     TFLuna2.o (.text.TFLuna2_SaveSettings)
                  00004218    00000010     TFLuna2.o (.text.TFLuna2_System_Reset)
                  00004228    00000010     libc.a : copy_zero_init.c.obj (.text:decompress:ZI)
                  00004238    0000000e            : memset16.S.obj (.text:TI_memset_small)
                  00004246    00000002     --HOLE-- [fill = 0]
                  00004248    0000000c     OS.o (.text.OS_Id)
                  00004254    0000000c     OS.o (.text.OS_MsTime)
                  00004260    0000000c     OS.o (.text.OS_Time)
                  0000426c    0000000c     ST7735_SDC.o (.text.ST7735_GetCursorX)
                  00004278    0000000c     ST7735_SDC.o (.text.ST7735_GetCursorY)
                  00004284    0000000c     libclang_rt.builtins.a : aeabi_memset.S.obj (.text.__aeabi_memclr)
                  00004290    00000008                            : aeabi_memcpy.S.obj (.text.__aeabi_memcpy)
                  00004298    00000006     libc.a : exit.c.obj (.text:abort)
                  0000429e    00000004     libsysbm.a : hostexit.c.obj (.text.HOSTexit)
                  000042a2    00000004     startup_mspm0g3507_ticlang.o (.text.Reset_Handler)
                  000042a6    00000004     libc.a : pre_init.c.obj (.text._system_pre_init)
                  000042aa    00000006     --HOLE-- [fill = 0]

.cinit     0    000049f8    00000040     
                  000049f8    0000001b     (.cinit..data.load) [load image, compression = lzss]
                  00004a13    00000001     --HOLE-- [fill = 0]
                  00004a14    0000000c     (__TI_handler_table)
                  00004a20    00000008     (.cinit..bss.load) [load image, compression = zero_init]
                  00004a28    00000010     (__TI_cinit_table)

.rodata    0    000042b0    00000748     
                  000042b0    000004fb     ST7735_SDC.o (.rodata.Font)
                  000047ab    00000001     --HOLE-- [fill = 0]
                  000047ac    00000040     DFT16.o (.rodata.ImW)
                  000047ec    00000040     DFT16.o (.rodata.ReW)
                  0000482c    0000003b     ST7735_SDC.o (.rodata.Rcmd1)
                  00004867    0000002b     ST7735_SDC.o (.rodata.Rcmd3)
                  00004892    00000002     Interpreter.o (.rodata.str1.1287619923014008887.1)
                  00004894    00000010     IRDistance.o (.rodata.A)
                  000048a4    00000010     IRDistance.o (.rodata.B)
                  000048b4    00000010     IRDistance.o (.rodata.C)
                  000048c4    00000010     IRDistance.o (.rodata.IRmax)
                  000048d4    00000010     Interpreter.o (.rodata.str1.15287782171638189172.1)
                  000048e4    0000000e     Interpreter.o (.rodata.str1.13584691219899174016.1)
                  000048f2    0000000e     RTOS_Lab2.o (.rodata.str1.15473308779470817733.1)
                  00004900    0000000e     RTOS_Lab2.o (.rodata.str1.16416093860625361664.1)
                  0000490e    0000000e     RTOS_Lab2.o (.rodata.str1.17679771814919969525.1)
                  0000491c    0000000e     RTOS_Lab2.o (.rodata.str1.1794353361076966109.1)
                  0000492a    0000000e     RTOS_Lab2.o (.rodata.str1.3450051177060641693.1)
                  00004938    0000000e     Interpreter.o (.rodata.str1.438584629756741659.1)
                  00004946    0000000e     RTOS_Lab2.o (.rodata.str1.7020951307108328600.1)
                  00004954    0000000e     RTOS_Lab2.o (.rodata.str1.7825035365138425360.1)
                  00004962    0000000e     RTOS_Lab2.o (.rodata.str1.8925288025610837898.1)
                  00004970    0000000d     ST7735_SDC.o (.rodata.Rcmd2green)
                  0000497d    0000000d     ST7735_SDC.o (.rodata.Rcmd2red)
                  0000498a    0000000c     Interpreter.o (.rodata.str1.10788060859246666907.1)
                  00004996    0000000c     Interpreter.o (.rodata.str1.6099132036730984718.1)
                  000049a2    0000000b     Interpreter.o (.rodata.str1.8801398533620989010.1)
                  000049ad    0000000a     Interpreter.o (.rodata.str1.6869798450878480225.1)
                  000049b7    0000000a     Interpreter.o (.rodata.str1.8834951582488220755.1)
                  000049c1    00000008     RTOS_Lab2.o (.rodata.str1.3430899476870171312.1)
                  000049c9    00000008     RTOS_Lab2.o (.rodata.str1.3567716910133625951.1)
                  000049d1    00000008     Interpreter.o (.rodata.str1.8740789795297769696.1)
                  000049d9    00000006     TFLunaCommon.o (.rodata.Frame_Rate)
                  000049df    00000006     Interpreter.o (.rodata.str1.16145079996052228972.1)
                  000049e5    00000005     TFLunaCommon.o (.rodata.Format_Standard_mm)
                  000049ea    00000004     TFLunaCommon.o (.rodata.SaveSettings)
                  000049ee    00000004     TFLunaCommon.o (.rodata.System_Reset)
                  000049f2    00000002     Interpreter.o (.rodata.str1.9303564720754203623.1)
                  000049f4    00000004     --HOLE-- [fill = 0]

.init_array 
*          0    00000000    00000000     UNINITIALIZED

.binit     0    00000000    00000000     

.bss       0    20200000    00003570     UNINITIALIZED
                  20200000    00001800     (.common:schedule)
                  20201800    00001400     (.common:stacks)
                  20202c00    00000400     (.common:fifo)
                  20203000    000000f0     (.common:tcbs)
                  202030f0    00000096     (.common:Times)
                  20203186    00000096     (.common:bestTimes)
                  2020321c    00000060     (.common:periodic_threads)
                  2020327c    00000040     RTOS_FIFO.o (.bss.TxFifo)
                  202032bc    00000040     (.common:ImX)
                  202032fc    00000040     (.common:ReX)
                  2020333c    00000040     (.common:x)
                  2020337c    00000040     (.common:x7)
                  202033bc    0000001c     (.common:f7)
                  202033d8    0000001c     (.common:mx7)
                  202033f4    00000018     LPF.o (.bss.Filter.x)
                  2020340c    00000018     LPF.o (.bss.Filter.y)
                  20203424    00000018     (.common:PA28_threads)
                  2020343c    00000018     (.common:s2_threads)
                  20203454    00000015     (.common:str)
                  20203469    00000010     TFLuna2.o (.bss.Rx2Fifo)
                  20203479    00000010     RTOS_FIFO.o (.bss.RxFifo)
                  20203489    00000010     TFLuna2.o (.bss.Tx2Fifo)
                  20203499    0000000c     (.common:Message)
                  202034a5    0000000c     (.common:TFLuna2DataMessage)
                  202034b1    0000000a     (.common:used_tcbs)
                  202034bb    00000001     ST7735_SDC.o (.bss.ColStart)
                  202034bc    00000008     (.common:DataAvailable)
                  202034c4    00000008     (.common:LCDFree)
                  202034cc    00000008     (.common:MailBoxDataAvailable)
                  202034d4    00000008     (.common:MailBoxFree)
                  202034dc    00000004     RTOS_Lab2.o (.bss.DAS.LastTime)
                  202034e0    00000004     TFLuna2.o (.bss.Rx2GetI)
                  202034e4    00000004     TFLuna2.o (.bss.Rx2PutI)
                  202034e8    00000004     TFLuna2.o (.bss.Tx2GetI)
                  202034ec    00000004     TFLuna2.o (.bss.Tx2PutI)
                  202034f0    00000004     (.common:BadCheckSum2)
                  202034f4    00000004     (.common:Checks)
                  202034f8    00000004     (.common:ChecksWork)
                  202034fc    00000004     (.common:Checksum)
                  20203500    00000004     (.common:ChecksumErrors)
                  20203504    00000004     (.common:ChecksumOriginal)
                  20203508    00000004     (.common:DataLost)
                  2020350c    00000004     (.common:Distance)
                  20203510    00000004     (.common:FilterOutput)
                  20203514    00000004     (.common:FilterWork)
                  20203518    00000004     (.common:I7)
                  2020351c    00000004     (.common:LPFSum7)
                  20203520    00000004     (.common:LostData2)
                  20203524    00000004     (.common:MailBoxData)
                  20203528    00000004     (.common:MaxJitter)
                  2020352c    00000004     (.common:Messageindex)
                  20203530    00000004     (.common:NumCreated)
                  20203534    00000004     (.common:RxGetI)
                  20203538    00000004     (.common:RxPutI)
                  2020353c    00000004     (.common:Size7)
                  20203540    00000004     (.common:TFLuna2Distance)
                  20203544    00000004     (.common:TFLuna2Function)
                  20203548    00000004     (.common:TFLuna2Index)
                  2020354c    00000004     (.common:TimeMs)
                  20203550    00000004     (.common:TxGetI)
                  20203554    00000004     (.common:TxPutI)
                  20203558    00000004     (.common:bestj)
                  2020355c    00000004     (.common:bestk)
                  20203560    00000004     (.common:bestl)
                  20203564    00000004     (.common:j)
                  20203568    00000002     (.common:fifo_size)
                  2020356a    00000001     ST7735_SDC.o (.bss.RowStart)
                  2020356b    00000001     ST7735_SDC.o (.bss.TabColor)
                  2020356c    00000001     (.common:GetI)
                  2020356d    00000001     (.common:PutI)
                  2020356e    00000001     (.common:TFLuna2LastByte)
                  2020356f    00000001     (.common:c)

.data      0    20203570    00000444     UNINITIALIZED
                  20203570    00000400     RTOS_Lab2.o (.data.JitterHistogram)
                  20203970    00000008     ST7735_SDC.o (.data.Display_Free)
                  20203978    00000004     Clock.o (.data.BusFreq)
                  2020397c    00000004     LPF.o (.data.Filter.n)
                  20203980    00000004     OS.o (.data.NextThreadPt)
                  20203984    00000004     OS.o (.data.RunPt)
                  20203988    00000004     SPI.o (.data.SPI1_init_Flag)
                  2020398c    00000004     ST7735_SDC.o (.data.StX)
                  20203990    00000004     ST7735_SDC.o (.data.StY)
                  20203994    00000004     OS.o (.data.current_periodic_thread)
                  20203998    00000004     OS.o (.data.delta_queue_head)
                  2020399c    00000004     OS.o (.data.level0)
                  202039a0    00000004     OS.o (.data.level1)
                  202039a4    00000004     OS.o (.data.level2)
                  202039a8    00000004     OS.o (.data.level3)
                  202039ac    00000002     ST7735_SDC.o (.data.StTextColor)
                  202039ae    00000002     ST7735_SDC.o (.data._height)
                  202039b0    00000002     ST7735_SDC.o (.data._width)
                  202039b2    00000001     OS.o (.data.num_periodic_threads)
                  202039b3    00000001     OS.o (.data.num_s2_threads)

.sysmem    0    202039b8    00000200     UNINITIALIZED
                  202039b8    00000010     libc.a : memory.c.obj (.sysmem)
                  202039c8    000001f0     --HOLE--

.stack     0    20207e00    00000200     UNINITIALIZED
                  20207e00    00000004     libc.a : boot_cortex_m.c.obj (.stack)
                  20207e04    000001fc     --HOLE--

__llvm_prf_cnts 
*          0    20200000    00000000     UNINITIALIZED

__llvm_prf_bits 
*          0    20200000    00000000     UNINITIALIZED

MODULE SUMMARY

       Module                         code    ro data   rw data
       ------                         ----    -------   -------
    .\
       OS.o                           6506    0         13064  
       ST7735_SDC.o                   2084    1403      41     
       RTOS_Lab2.o                    1556    128       1272   
       TFLuna2.o                      1352    0         81     
       LPF.o                          556     0         184    
       Interpreter.o                  572     117       26     
       RTOS_UARTints.o                626     0         0      
       SPI.o                          588     0         4      
       Clock.o                        516     0         4      
       RTOS_FIFO.o                    368     0         96     
       Timer.o                        432     0         0      
       DFT16.o                        232     128       0      
       ADC.o                          312     0         0      
       LaunchPad.o                    196     0         0      
       IRDistance.o                   88      64        0      
       osasm.o                        112     0         0      
       RTOS_UART.o                    92      0         0      
       TFLunaCommon.o                 0       19        0      
    +--+------------------------------+-------+---------+---------+
       Total:                         16188   1859      14772  
                                                               
    .\ticlang\
       startup_mspm0g3507_ticlang.o   60      192       0      
    +--+------------------------------+-------+---------+---------+
       Total:                         60      192       0      
                                                               
    C:\ti\ccs2040\ccs\tools\compiler\ti-cgt-armllvm_4.0.4.LTS\lib\armv6m-ti-none-eabi/c/libc.a
       strcmp-armv6m.S.obj            136     0         0      
       copy_decompress_lzss.c.obj     124     0         0      
       autoinit.c.obj                 60      0         0      
       boot_cortex_m.c.obj            40      0         0      
       copy_decompress_none.c.obj     18      0         0      
       memcpy16.S.obj                 18      0         0      
       copy_zero_init.c.obj           16      0         0      
       memset16.S.obj                 14      0         0      
       exit.c.obj                     6       0         0      
       pre_init.c.obj                 4       0         0      
    +--+------------------------------+-------+---------+---------+
       Total:                         436     0         0      
                                                               
    C:\ti\ccs2040\ccs\tools\compiler\ti-cgt-armllvm_4.0.4.LTS\lib\armv6m-ti-none-eabi/c/libsysbm.a
       hostexit.c.obj                 4       0         0      
    +--+------------------------------+-------+---------+---------+
       Total:                         4       0         0      
                                                               
    C:\ti\ccs2040\ccs\tools\compiler\ti-cgt-armllvm_4.0.4.LTS\lib\armv6m-ti-none-eabi/libclang_rt.builtins.a
       aeabi_idivmod.S.obj            86      0         0      
       aeabi_uidivmod.S.obj           64      0         0      
       aeabi_memset.S.obj             12      0         0      
       aeabi_memcpy.S.obj             8       0         0      
       aeabi_div0.c.obj               2       0         0      
    +--+------------------------------+-------+---------+---------+
       Total:                         172     0         0      
                                                               
       Heap:                          0       0         512    
       Stack:                         0       0         512    
       Linker Generated:              0       63        0      
    +--+------------------------------+-------+---------+---------+
       Grand Total:                   16860   2114      15796  


LINKER GENERATED COPY TABLES

__TI_cinit_table @ 00004a28 records: 2, size/record: 8, table size: 16
	.data: load addr=000049f8, load size=0000001b bytes, run addr=20203570, run size=00000444 bytes, compression=lzss
	.bss: load addr=00004a20, load size=00000008 bytes, run addr=20200000, run size=00003570 bytes, compression=zero_init


LINKER GENERATED HANDLER TABLE

__TI_handler_table @ 00004a14 records: 3, size/record: 4, table size: 12
	index: 0, handler: __TI_decompress_lzss
	index: 1, handler: __TI_decompress_none
	index: 2, handler: __TI_zero_init


GLOBAL SYMBOLS: SORTED ALPHABETICALLY BY Name 

address   name                          
-------   ----                          
00004894  A                             
00004041  ADC0_IRQHandler               
00003a99  ADC0_In                       
000020a5  ADC0_Init                     
00004041  ADC1_IRQHandler               
00004041  AES_IRQHandler                
00003c91  ActivatePortA_B               
000048a4  B                             
202034f0  BadCheckSum2                  
20203978  BusFreq                       
000029fd  ButtonWork                    
000048b4  C                             
0000429e  C$$EXIT                       
00004041  CANFD0_IRQHandler             
00003fb9  CS_Init                       
00003dd5  Check                         
202034f4  Checks                        
202034f8  ChecksWork                    
202034fc  Checksum                      
20203500  ChecksumErrors                
20203504  ChecksumOriginal              
000041b9  Clock_Delay                   
00003d39  Clock_Delay1ms                
00002d75  Clock_Freq                    
00000c09  Clock_Init80MHz               
00002199  Consumer                      
00004041  DAC0_IRQHandler               
000017a5  DAS                           
00002281  DFT16                         
00004041  DMA_IRQHandler                
202034bc  DataAvailable                 
20203508  DataLost                      
00004041  Default_Handler               
000041c9  Delay                         
00002761  Display                       
20203970  Display_Free                  
2020350c  Distance                      
00002b31  EdgeTriggered_Init            
0000309c  EndCritical                   
00002bc5  Filter                        
20203510  FilterOutput                  
20203514  FilterWork                    
000049e5  Format_Standard_mm            
000049d9  Frame_Rate                    
00004041  GROUP0_IRQHandler             
00001b35  GROUP1_IRQHandler             
2020356c  GetI                          
0000429f  HOSTexit                      
0000405d  HardFault_Handler             
00004041  I2C0_IRQHandler               
00004041  I2C1_IRQHandler               
20203518  I7                            
00003469  IRDistance_Convert            
000048c4  IRmax                         
000047ac  ImW                           
202032bc  ImX                           
000009cd  Interpreter                   
20203570  JitterHistogram               
00003cc9  Jitter_Init                   
202034c4  LCDFree                       
2020351c  LPFSum7                       
000030fd  LPF_Init7                     
00002f95  LaunchPad_Init                
000034c1  Logic_Init                    
20203520  LostData2                     
20203524  MailBoxData                   
202034cc  MailBoxDataAvailable          
202034d4  MailBoxFree                   
20203528  MaxJitter                     
000018d9  Median5                       
20203499  Message                       
2020352c  Messageindex                  
00004041  NMI_Handler                   
20203980  NextThreadPt                  
20203530  NumCreated                    
0000308c  OSDisableInterrupts           
00003090  OSEnableInterrupts            
00002369  OS_AddPeriodicThread          
000026a9  OS_AddS2Task                  
00000761  OS_AddThread                  
00001c5d  OS_Block                      
00004079  OS_ClearMsTime                
000000c1  OS_CreateScheduler            
00003bdd  OS_Fifo_Get                   
000039c1  OS_Fifo_Init                  
00003519  OS_Fifo_Put                   
00004249  OS_Id                         
00003571  OS_Init                       
0000412d  OS_InitSemaphore              
00001ea5  OS_Kill                       
00002e09  OS_Launch                     
00003e95  OS_MailBox_Init               
00003f19  OS_MailBox_Recv               
00003f41  OS_MailBox_Send               
00004255  OS_MsTime                     
000036c9  OS_Signal                     
00000f61  OS_Sleep                      
000040cd  OS_Suspend                    
00004261  OS_Time                       
000041d9  OS_TimeDifference             
00001fad  OS_Unblock                    
00003d6d  OS_Wait                       
00004095  OS_bSignal                    
00003c55  OS_bWait                      
20203424  PA28_threads                  
000030bd  PendSV_Handler                
00003165  Producer                      
2020356d  PutI                          
00004041  RTC_IRQHandler                
000047ec  ReW                           
202032fc  ReX                           
000042a3  Reset_Handler                 
20203984  RunPt                         
00004145  Rx2Fifo_Init                  
00003715  Rx2Fifo_Put                   
00003761  RxFifo_Get                    
00004159  RxFifo_Init                   
000037ad  RxFifo_Put                    
20203534  RxGetI                        
20203538  RxPutI                        
000037f9  S2Push                        
00004041  SPI0_IRQHandler               
00004041  SPI1_IRQHandler               
00001d85  SPI1_Init                     
00003add  SPI1_Reset                    
20203988  SPI1_init_Flag                
00000dbd  ST7735_DrawChar               
00002e8d  ST7735_DrawString             
00001a09  ST7735_FillRect               
00003ec1  ST7735_FillScreen             
0000426d  ST7735_GetCursorX             
00004279  ST7735_GetCursorY             
00002a99  ST7735_InitR                  
00001275  ST7735_Message                
00002c59  ST7735_OutUDec                
00003da1  ST7735_SetCursor              
000030d9  SVC_Handler                   
000049ea  SaveSettings                  
0000044d  ScheduleFinder                
2020353c  Size7                         
202039ac  StTextColor                   
2020398c  StX                           
20203990  StY                           
00003094  StartCritical                 
000030a2  StartOS                       
0000244d  SysTick_Handler               
000049ee  System_Reset                  
202034a5  TFLuna2DataMessage            
20203540  TFLuna2Distance               
20203544  TFLuna2Function               
20203548  TFLuna2Index                  
2020356e  TFLuna2LastByte               
000041e9  TFLuna2_Format_Standard_mm    
000041f9  TFLuna2_Frame_Rate            
000040e5  TFLuna2_InStatus              
00001101  TFLuna2_Init                  
00003b1d  TFLuna2_OutChar               
000040fd  TFLuna2_OutStatus             
00004209  TFLuna2_SaveSettings          
00003e05  TFLuna2_SendMessage           
00004219  TFLuna2_System_Reset          
000031c9  TFT_OutCommand                
0000322d  TFT_OutData                   
00004041  TIMA0_IRQHandler              
00004041  TIMA1_IRQHandler              
00004041  TIMG0_IRQHandler              
00004041  TIMG12_IRQHandler             
00004041  TIMG6_IRQHandler              
00003355  TIMG7_IRQHandler              
000013d5  TIMG8_IRQHandler              
00004195  TI_memcpy_small               
00004239  TI_memset_small               
2020354c  TimeMs                        
000032f5  TimerG12_Init                 
00002809  TimerG7_IntArm                
000028b1  TimerG8_IntArm                
202030f0  Times                         
00003a09  Tx2Fifo_Get                   
0000416d  Tx2Fifo_Init                  
00003845  Tx2Fifo_Put                   
00003891  TxFifo_Get                    
00004181  TxFifo_Init                   
000038dd  TxFifo_Put                    
00004115  TxFifo_Size                   
20203550  TxGetI                        
20203554  TxPutI                        
000033b1  UART0_IRQHandler              
00004041  UART1_IRQHandler              
0000340d  UART2_IRQHandler              
00004041  UART3_IRQHandler              
00004001  UART_InChar                   
0000166d  UART_Init                     
00003b5d  UART_OutChar                  
00003f91  UART_OutString                
00003d01  UART_OutUDec                  
00003291  VirusDetector                 
20208000  __STACK_END                   
00000200  __STACK_SIZE                  
00000200  __SYSMEM_SIZE                 
00000000  __TI_ATRegion0_region_sz      
00000000  __TI_ATRegion0_src_addr       
00000000  __TI_ATRegion0_trg_addr       
00000000  __TI_ATRegion1_region_sz      
00000000  __TI_ATRegion1_src_addr       
00000000  __TI_ATRegion1_trg_addr       
00000000  __TI_ATRegion2_region_sz      
00000000  __TI_ATRegion2_src_addr       
00000000  __TI_ATRegion2_trg_addr       
00004a28  __TI_CINIT_Base               
00004a38  __TI_CINIT_Limit              
00004a38  __TI_CINIT_Warm               
00004a14  __TI_Handler_Table_Base       
00004a20  __TI_Handler_Table_Limit      
00003c19  __TI_auto_init_nobinit_nopinit
00003011  __TI_decompress_lzss          
000041a7  __TI_decompress_none          
ffffffff  __TI_pprof_out_hndl           
ffffffff  __TI_prof_data_size           
ffffffff  __TI_prof_data_start          
00000000  __TI_static_base__            
00004229  __TI_zero_init                
000035c9  __aeabi_idiv                  
000029fb  __aeabi_idiv0                 
000035c9  __aeabi_idivmod               
00004285  __aeabi_memclr                
00004285  __aeabi_memclr4               
00004285  __aeabi_memclr8               
00004291  __aeabi_memcpy                
00004291  __aeabi_memcpy4               
00004291  __aeabi_memcpy8               
00003b9d  __aeabi_uidiv                 
00003b9d  __aeabi_uidivmod              
ffffffff  __binit__                     
UNDEFED   __mpu_init                    
20207e00  __stack                       
20200000  __start___llvm_prf_bits       
20200000  __start___llvm_prf_cnts       
20200000  __stop___llvm_prf_bits        
20200000  __stop___llvm_prf_cnts        
00003f69  _c_int00_noargs               
202039b8  _sys_memory                   
UNDEFED   _system_post_cinit            
000042a7  _system_pre_init              
00004299  abort                         
20203186  bestTimes                     
20203558  bestj                         
2020355c  bestk                         
20203560  bestl                         
ffffffff  binit                         
2020356f  c                             
20203994  current_periodic_thread       
20203998  delta_queue_head              
202033bc  f7                            
20202c00  fifo                          
20203568  fifo_size                     
00003621  fillmessage                   
00003eed  gcd                           
00003a51  get_next_free_tcb             
00000000  interruptVectors              
20203564  j                             
00003675  lcm_array                     
00003fdd  lcm_two                       
2020399c  level0                        
202039a0  level1                        
202039a4  level2                        
202039a8  level3                        
000040b1  main                          
202033d8  mx7                           
202039b2  num_periodic_threads          
202039b3  num_s2_threads                
2020321c  periodic_threads              
00002521  realmain                      
2020343c  s2_threads                    
20200000  schedule                      
000025e5  sortPeriodicThreads           
20201800  stacks                        
20203454  str                           
00002d81  strcmp                        
20203000  tcbs                          
202034b1  used_tcbs                     
2020333c  x                             
2020337c  x7                            


GLOBAL SYMBOLS: SORTED BY Symbol Address 

address   name                          
-------   ----                          
00000000  __TI_ATRegion0_region_sz      
00000000  __TI_ATRegion0_src_addr       
00000000  __TI_ATRegion0_trg_addr       
00000000  __TI_ATRegion1_region_sz      
00000000  __TI_ATRegion1_src_addr       
00000000  __TI_ATRegion1_trg_addr       
00000000  __TI_ATRegion2_region_sz      
00000000  __TI_ATRegion2_src_addr       
00000000  __TI_ATRegion2_trg_addr       
00000000  __TI_static_base__            
00000000  interruptVectors              
000000c1  OS_CreateScheduler            
00000200  __STACK_SIZE                  
00000200  __SYSMEM_SIZE                 
0000044d  ScheduleFinder                
00000761  OS_AddThread                  
000009cd  Interpreter                   
00000c09  Clock_Init80MHz               
00000dbd  ST7735_DrawChar               
00000f61  OS_Sleep                      
00001101  TFLuna2_Init                  
00001275  ST7735_Message                
000013d5  TIMG8_IRQHandler              
0000166d  UART_Init                     
000017a5  DAS                           
000018d9  Median5                       
00001a09  ST7735_FillRect               
00001b35  GROUP1_IRQHandler             
00001c5d  OS_Block                      
00001d85  SPI1_Init                     
00001ea5  OS_Kill                       
00001fad  OS_Unblock                    
000020a5  ADC0_Init                     
00002199  Consumer                      
00002281  DFT16                         
00002369  OS_AddPeriodicThread          
0000244d  SysTick_Handler               
00002521  realmain                      
000025e5  sortPeriodicThreads           
000026a9  OS_AddS2Task                  
00002761  Display                       
00002809  TimerG7_IntArm                
000028b1  TimerG8_IntArm                
000029fb  __aeabi_idiv0                 
000029fd  ButtonWork                    
00002a99  ST7735_InitR                  
00002b31  EdgeTriggered_Init            
00002bc5  Filter                        
00002c59  ST7735_OutUDec                
00002d75  Clock_Freq                    
00002d81  strcmp                        
00002e09  OS_Launch                     
00002e8d  ST7735_DrawString             
00002f95  LaunchPad_Init                
00003011  __TI_decompress_lzss          
0000308c  OSDisableInterrupts           
00003090  OSEnableInterrupts            
00003094  StartCritical                 
0000309c  EndCritical                   
000030a2  StartOS                       
000030bd  PendSV_Handler                
000030d9  SVC_Handler                   
000030fd  LPF_Init7                     
00003165  Producer                      
000031c9  TFT_OutCommand                
0000322d  TFT_OutData                   
00003291  VirusDetector                 
000032f5  TimerG12_Init                 
00003355  TIMG7_IRQHandler              
000033b1  UART0_IRQHandler              
0000340d  UART2_IRQHandler              
00003469  IRDistance_Convert            
000034c1  Logic_Init                    
00003519  OS_Fifo_Put                   
00003571  OS_Init                       
000035c9  __aeabi_idiv                  
000035c9  __aeabi_idivmod               
00003621  fillmessage                   
00003675  lcm_array                     
000036c9  OS_Signal                     
00003715  Rx2Fifo_Put                   
00003761  RxFifo_Get                    
000037ad  RxFifo_Put                    
000037f9  S2Push                        
00003845  Tx2Fifo_Put                   
00003891  TxFifo_Get                    
000038dd  TxFifo_Put                    
000039c1  OS_Fifo_Init                  
00003a09  Tx2Fifo_Get                   
00003a51  get_next_free_tcb             
00003a99  ADC0_In                       
00003add  SPI1_Reset                    
00003b1d  TFLuna2_OutChar               
00003b5d  UART_OutChar                  
00003b9d  __aeabi_uidiv                 
00003b9d  __aeabi_uidivmod              
00003bdd  OS_Fifo_Get                   
00003c19  __TI_auto_init_nobinit_nopinit
00003c55  OS_bWait                      
00003c91  ActivatePortA_B               
00003cc9  Jitter_Init                   
00003d01  UART_OutUDec                  
00003d39  Clock_Delay1ms                
00003d6d  OS_Wait                       
00003da1  ST7735_SetCursor              
00003dd5  Check                         
00003e05  TFLuna2_SendMessage           
00003e95  OS_MailBox_Init               
00003ec1  ST7735_FillScreen             
00003eed  gcd                           
00003f19  OS_MailBox_Recv               
00003f41  OS_MailBox_Send               
00003f69  _c_int00_noargs               
00003f91  UART_OutString                
00003fb9  CS_Init                       
00003fdd  lcm_two                       
00004001  UART_InChar                   
00004041  ADC0_IRQHandler               
00004041  ADC1_IRQHandler               
00004041  AES_IRQHandler                
00004041  CANFD0_IRQHandler             
00004041  DAC0_IRQHandler               
00004041  DMA_IRQHandler                
00004041  Default_Handler               
00004041  GROUP0_IRQHandler             
00004041  I2C0_IRQHandler               
00004041  I2C1_IRQHandler               
00004041  NMI_Handler                   
00004041  RTC_IRQHandler                
00004041  SPI0_IRQHandler               
00004041  SPI1_IRQHandler               
00004041  TIMA0_IRQHandler              
00004041  TIMA1_IRQHandler              
00004041  TIMG0_IRQHandler              
00004041  TIMG12_IRQHandler             
00004041  TIMG6_IRQHandler              
00004041  UART1_IRQHandler              
00004041  UART3_IRQHandler              
0000405d  HardFault_Handler             
00004079  OS_ClearMsTime                
00004095  OS_bSignal                    
000040b1  main                          
000040cd  OS_Suspend                    
000040e5  TFLuna2_InStatus              
000040fd  TFLuna2_OutStatus             
00004115  TxFifo_Size                   
0000412d  OS_InitSemaphore              
00004145  Rx2Fifo_Init                  
00004159  RxFifo_Init                   
0000416d  Tx2Fifo_Init                  
00004181  TxFifo_Init                   
00004195  TI_memcpy_small               
000041a7  __TI_decompress_none          
000041b9  Clock_Delay                   
000041c9  Delay                         
000041d9  OS_TimeDifference             
000041e9  TFLuna2_Format_Standard_mm    
000041f9  TFLuna2_Frame_Rate            
00004209  TFLuna2_SaveSettings          
00004219  TFLuna2_System_Reset          
00004229  __TI_zero_init                
00004239  TI_memset_small               
00004249  OS_Id                         
00004255  OS_MsTime                     
00004261  OS_Time                       
0000426d  ST7735_GetCursorX             
00004279  ST7735_GetCursorY             
00004285  __aeabi_memclr                
00004285  __aeabi_memclr4               
00004285  __aeabi_memclr8               
00004291  __aeabi_memcpy                
00004291  __aeabi_memcpy4               
00004291  __aeabi_memcpy8               
00004299  abort                         
0000429e  C$$EXIT                       
0000429f  HOSTexit                      
000042a3  Reset_Handler                 
000042a7  _system_pre_init              
000047ac  ImW                           
000047ec  ReW                           
00004894  A                             
000048a4  B                             
000048b4  C                             
000048c4  IRmax                         
000049d9  Frame_Rate                    
000049e5  Format_Standard_mm            
000049ea  SaveSettings                  
000049ee  System_Reset                  
00004a14  __TI_Handler_Table_Base       
00004a20  __TI_Handler_Table_Limit      
00004a28  __TI_CINIT_Base               
00004a38  __TI_CINIT_Limit              
00004a38  __TI_CINIT_Warm               
20200000  __start___llvm_prf_bits       
20200000  __start___llvm_prf_cnts       
20200000  __stop___llvm_prf_bits        
20200000  __stop___llvm_prf_cnts        
20200000  schedule                      
20201800  stacks                        
20202c00  fifo                          
20203000  tcbs                          
202030f0  Times                         
20203186  bestTimes                     
2020321c  periodic_threads              
202032bc  ImX                           
202032fc  ReX                           
2020333c  x                             
2020337c  x7                            
202033bc  f7                            
202033d8  mx7                           
20203424  PA28_threads                  
2020343c  s2_threads                    
20203454  str                           
20203499  Message                       
202034a5  TFLuna2DataMessage            
202034b1  used_tcbs                     
202034bc  DataAvailable                 
202034c4  LCDFree                       
202034cc  MailBoxDataAvailable          
202034d4  MailBoxFree                   
202034f0  BadCheckSum2                  
202034f4  Checks                        
202034f8  ChecksWork                    
202034fc  Checksum                      
20203500  ChecksumErrors                
20203504  ChecksumOriginal              
20203508  DataLost                      
2020350c  Distance                      
20203510  FilterOutput                  
20203514  FilterWork                    
20203518  I7                            
2020351c  LPFSum7                       
20203520  LostData2                     
20203524  MailBoxData                   
20203528  MaxJitter                     
2020352c  Messageindex                  
20203530  NumCreated                    
20203534  RxGetI                        
20203538  RxPutI                        
2020353c  Size7                         
20203540  TFLuna2Distance               
20203544  TFLuna2Function               
20203548  TFLuna2Index                  
2020354c  TimeMs                        
20203550  TxGetI                        
20203554  TxPutI                        
20203558  bestj                         
2020355c  bestk                         
20203560  bestl                         
20203564  j                             
20203568  fifo_size                     
2020356c  GetI                          
2020356d  PutI                          
2020356e  TFLuna2LastByte               
2020356f  c                             
20203570  JitterHistogram               
20203970  Display_Free                  
20203978  BusFreq                       
20203980  NextThreadPt                  
20203984  RunPt                         
20203988  SPI1_init_Flag                
2020398c  StX                           
20203990  StY                           
20203994  current_periodic_thread       
20203998  delta_queue_head              
2020399c  level0                        
202039a0  level1                        
202039a4  level2                        
202039a8  level3                        
202039ac  StTextColor                   
202039b2  num_periodic_threads          
202039b3  num_s2_threads                
202039b8  _sys_memory                   
20207e00  __stack                       
20208000  __STACK_END                   
ffffffff  __TI_pprof_out_hndl           
ffffffff  __TI_prof_data_size           
ffffffff  __TI_prof_data_start          
ffffffff  __binit__                     
ffffffff  binit                         
UNDEFED   __mpu_init                    
UNDEFED   _system_post_cinit            

[282 symbols]
