******************************************************************************
            TI ARM Clang Linker PC v4.0.4                      
******************************************************************************
>> Linked Fri Feb 13 12:45:27 2026

OUTPUT FILE NAME:   <RTOS_Lab2_RTOSkernel.out>
ENTRY POINT SYMBOL: "_c_int00_noargs"  address: 00001bbd


MEMORY CONFIGURATION

         name            origin    length      used     unused   attr    fill
----------------------  --------  ---------  --------  --------  ----  --------
  FLASH                 00000000   00020000  000023a8  0001dc58  R  X
  SRAM                  20200000   00008000  00001a24  000065dc  RW X
  BCR_CONFIG            41c00000   00000080  00000000  00000080  R   
  BSL_CONFIG            41c00100   00000080  00000000  00000080  R   


SEGMENT ALLOCATION MAP

run origin  load origin   length   init length attrs members
----------  ----------- ---------- ----------- ----- -------
00000000    00000000    000023a8   000023a8    r-x
  00000000    00000000    000000c0   000000c0    r-- .intvecs
  000000c0    000000c0    00001d30   00001d30    r-x .text
  00001df0    00001df0    00000580   00000580    r-- .rodata
  00002370    00002370    00000038   00000038    r-- .cinit
20200000    20200000    00001826   00000000    rw-
  20200000    20200000    000015fe   00000000    rw- .bss
  20201600    20201600    00000200   00000000    rw- .sysmem
  20201800    20201800    00000026   00000000    rw- .data
20207e00    20207e00    00000200   00000000    rw-
  20207e00    20207e00    00000200   00000000    rw- .stack


SECTION ALLOCATION MAP

 output                                  attributes/
section   page    origin      length       input sections
--------  ----  ----------  ----------   ----------------
.intvecs   0    00000000    000000c0     
                  00000000    000000c0     startup_mspm0g3507_ticlang.o (.intvecs)

.text      0    000000c0    00001d30     
                  000000c0    000001b4     Clock.o (.text.Clock_Init80MHz)
                  00000274    000001a4     ST7735_SDC.o (.text.ST7735_DrawChar)
                  00000418    00000188     OS.o (.text.OS_AddThread)
                  000005a0    00000160     ST7735_SDC.o (.text.ST7735_Message)
                  00000700    00000144     TFLuna2.o (.text.copyHardwareToSoftware2)
                  00000844    00000138     RTOS_UARTints.o (.text.UART_Init)
                  0000097c    0000012c     ST7735_SDC.o (.text.ST7735_FillRect)
                  00000aa8    00000120     SPI.o (.text.SPI1_Init)
                  00000bc8    000000e4     OS.o (.text.GROUP1_IRQHandler)
                  00000cac    000000c4     OS.o (.text.OS_Sleep)
                  00000d70    000000a8     Timer.o (.text.TimerG8_IntArm)
                  00000e18    000000a2     ST7735_SDC.o (.text.commandList)
                  00000eba    00000002     libclang_rt.builtins.a : aeabi_div0.c.obj (.text.__aeabi_idiv0)
                  00000ebc    000000a0     OS.o (.text.SysTick_Handler)
                  00000f5c    000000a0     OS.o (.text.TIMG7_IRQHandler)
                  00000ffc    00000098     ST7735_SDC.o (.text.ST7735_InitR)
                  00001094    00000088     ST7735_SDC.o (.text.setAddrWindow)
                  0000111c    00000084     OS.o (.text.__NVIC_SetPriority)
                  000011a0    0000007c     LaunchPad.o (.text.LaunchPad_Init)
                  0000121c    0000007c     libc.a : copy_decompress_lzss.c.obj (.text:decompress:lzss)
                  00001298    00000074     OS.o (.text.TIMG8_IRQHandler)
                  0000130c    00000074     RTOS_Lab2.o (.text.Testmain1)
                  00001380    00000070     osasm.o (.text)
                  000013f0    00000064     OS.o (.text.OS_Kill)
                  00001454    00000064     SPI.o (.text.TFT_OutCommand)
                  000014b8    00000064     SPI.o (.text.TFT_OutData)
                  0000151c    00000060     Timer.o (.text.TimerG12_Init)
                  0000157c    0000005c     RTOS_UARTints.o (.text.UART0_IRQHandler)
                  000015d8    0000005c     TFLuna2.o (.text.UART2_IRQHandler)
                  00001634    00000058     RTOS_Lab2.o (.text.Logic_Init)
                  0000168c    00000058     OS.o (.text.OS_Init)
                  000016e4    0000004c     TFLuna2.o (.text.Rx2Fifo_Put)
                  00001730    0000004c     RTOS_FIFO.o (.text.RxFifo_Put)
                  0000177c    0000004c     RTOS_FIFO.o (.text.TxFifo_Get)
                  000017c8    0000004c     TFLuna2.o (.text.copySoftwareToHardware2)
                  00001814    0000004c     RTOS_UARTints.o (.text.copySoftwareToHardware)
                  00001860    00000048     TFLuna2.o (.text.Tx2Fifo_Get)
                  000018a8    00000048     OS.o (.text.get_next_free_tcb)
                  000018f0    00000040     SPI.o (.text.SPI1_Reset)
                  00001930    00000040     libclang_rt.builtins.a : aeabi_uidivmod.S.obj (.text.__aeabi_uidivmod)
                  00001970    0000003c     libc.a : autoinit.c.obj (.text:__TI_auto_init_nobinit_nopinit)
                  000019ac    0000003a     OS.o (.text.OS_bWait)
                  000019e6    00000002     --HOLE-- [fill = 0]
                  000019e8    00000038     LaunchPad.o (.text.ActivatePortA_B)
                  00001a20    00000034     Clock.o (.text.Clock_Delay1ms)
                  00001a54    00000034     ST7735_SDC.o (.text.ST7735_SetCursor)
                  00001a88    00000030     OS.o (.text.OS_Launch)
                  00001ab8    00000030     ST7735_SDC.o (.text.commonInit)
                  00001ae8    00000030     RTOS_UARTints.o (.text.copyHardwareToSoftware)
                  00001b18    0000002c     ST7735_SDC.o (.text.ST7735_FillScreen)
                  00001b44    00000028     RTOS_Lab2.o (.text.Thread0)
                  00001b6c    00000028     RTOS_Lab2.o (.text.Thread1)
                  00001b94    00000028     RTOS_Lab2.o (.text.Thread2)
                  00001bbc    00000028     libc.a : boot_cortex_m.c.obj (.text:_c_int00_noargs)
                  00001be4    00000024     SPI.o (.text.CS_Init)
                  00001c08    0000001e     ST7735_SDC.o (.text.pushColor)
                  00001c26    00000002     --HOLE-- [fill = 0]
                  00001c28    0000001c     startup_mspm0g3507_ticlang.o (.text.Default_Handler)
                  00001c44    0000001c     startup_mspm0g3507_ticlang.o (.text.HardFault_Handler)
                  00001c60    0000001c     OS.o (.text.OS_ClearMsTime)
                  00001c7c    0000001c     OS.o (.text.OS_bSignal)
                  00001c98    0000001c     RTOS_Lab2.o (.text.main)
                  00001cb4    00000018     OS.o (.text.OS_Suspend)
                  00001ccc    00000018     TFLuna2.o (.text.TFLuna2_InStatus)
                  00001ce4    00000018     TFLuna2.o (.text.TFLuna2_OutStatus)
                  00001cfc    00000018     RTOS_FIFO.o (.text.TxFifo_Size)
                  00001d14    00000014     RTOS_FIFO.o (.text.RxFifo_Init)
                  00001d28    00000014     RTOS_FIFO.o (.text.TxFifo_Init)
                  00001d3c    00000012     libc.a : memcpy16.S.obj (.text:TI_memcpy_small)
                  00001d4e    00000012            : copy_decompress_none.c.obj (.text:decompress:none)
                  00001d60    00000010     Clock.o (.text.Clock_Delay)
                  00001d70    00000010     LaunchPad.o (.text.Delay)
                  00001d80    00000010     libc.a : copy_zero_init.c.obj (.text:decompress:ZI)
                  00001d90    0000000e            : memset16.S.obj (.text:TI_memset_small)
                  00001d9e    00000002     --HOLE-- [fill = 0]
                  00001da0    0000000c     Clock.o (.text.Clock_Freq)
                  00001dac    0000000c     OS.o (.text.OS_Id)
                  00001db8    0000000c     OS.o (.text.OS_Time)
                  00001dc4    0000000c     libclang_rt.builtins.a : aeabi_memset.S.obj (.text.__aeabi_memclr)
                  00001dd0    00000008                            : aeabi_memcpy.S.obj (.text.__aeabi_memcpy)
                  00001dd8    00000006     libc.a : exit.c.obj (.text:abort)
                  00001dde    00000004     libsysbm.a : hostexit.c.obj (.text.HOSTexit)
                  00001de2    00000004     startup_mspm0g3507_ticlang.o (.text.Reset_Handler)
                  00001de6    00000004     libc.a : pre_init.c.obj (.text._system_pre_init)
                  00001dea    00000006     --HOLE-- [fill = 0]

.cinit     0    00002370    00000038     
                  00002370    00000014     (.cinit..data.load) [load image, compression = lzss]
                  00002384    0000000c     (__TI_handler_table)
                  00002390    00000008     (.cinit..bss.load) [load image, compression = zero_init]
                  00002398    00000010     (__TI_cinit_table)

.rodata    0    00001df0    00000580     
                  00001df0    000004fb     ST7735_SDC.o (.rodata.Font)
                  000022eb    0000003b     ST7735_SDC.o (.rodata.Rcmd1)
                  00002326    0000002b     ST7735_SDC.o (.rodata.Rcmd3)
                  00002351    0000000d     ST7735_SDC.o (.rodata.Rcmd2green)
                  0000235e    0000000d     ST7735_SDC.o (.rodata.Rcmd2red)
                  0000236b    00000005     --HOLE-- [fill = 0]

.init_array 
*          0    00000000    00000000     UNINITIALIZED

.binit     0    00000000    00000000     

.bss       0    20200000    000015fe     UNINITIALIZED
                  20200000    00001400     (.common:stacks)
                  20201400    000000c8     (.common:tcbs)
                  202014c8    00000050     (.common:periodic_threads)
                  20201518    00000040     RTOS_FIFO.o (.bss.TxFifo)
                  20201558    00000018     (.common:s2_threads)
                  20201570    00000010     TFLuna2.o (.bss.Rx2Fifo)
                  20201580    00000010     RTOS_FIFO.o (.bss.RxFifo)
                  20201590    00000010     TFLuna2.o (.bss.Tx2Fifo)
                  202015a0    0000000c     (.common:TFLuna2DataMessage)
                  202015ac    0000000a     (.common:used_tcbs)
                  202015b6    00000001     ST7735_SDC.o (.bss.ColStart)
                  202015b7    00000001     ST7735_SDC.o (.bss.RowStart)
                  202015b8    00000004     TFLuna2.o (.bss.Rx2GetI)
                  202015bc    00000004     TFLuna2.o (.bss.Rx2PutI)
                  202015c0    00000004     TFLuna2.o (.bss.Tx2GetI)
                  202015c4    00000004     TFLuna2.o (.bss.Tx2PutI)
                  202015c8    00000004     (.common:BadCheckSum2)
                  202015cc    00000004     (.common:Count0)
                  202015d0    00000004     (.common:Count1)
                  202015d4    00000004     (.common:Count2)
                  202015d8    00000004     (.common:NumCreated)
                  202015dc    00000004     (.common:RxGetI)
                  202015e0    00000004     (.common:RxPutI)
                  202015e4    00000004     (.common:TFLuna2Distance)
                  202015e8    00000004     (.common:TFLuna2Function)
                  202015ec    00000004     (.common:TFLuna2Index)
                  202015f0    00000004     (.common:TimeMs)
                  202015f4    00000004     (.common:TxGetI)
                  202015f8    00000004     (.common:TxPutI)
                  202015fc    00000001     ST7735_SDC.o (.bss.TabColor)
                  202015fd    00000001     (.common:TFLuna2LastByte)

.sysmem    0    20201600    00000200     UNINITIALIZED
                  20201600    00000010     libc.a : memory.c.obj (.sysmem)
                  20201610    000001f0     --HOLE--

.data      0    20201800    00000026     UNINITIALIZED
                  20201800    00000004     Clock.o (.data.BusFreq)
                  20201804    00000004     ST7735_SDC.o (.data.Display_Free)
                  20201808    00000004     OS.o (.data.NextThreadPt)
                  2020180c    00000004     OS.o (.data.RunPt)
                  20201810    00000004     SPI.o (.data.SPI1_init_Flag)
                  20201814    00000004     ST7735_SDC.o (.data.StX)
                  20201818    00000004     ST7735_SDC.o (.data.StY)
                  2020181c    00000004     OS.o (.data.delta_queue_head)
                  20201820    00000002     ST7735_SDC.o (.data.StTextColor)
                  20201822    00000002     ST7735_SDC.o (.data._height)
                  20201824    00000002     ST7735_SDC.o (.data._width)

.stack     0    20207e00    00000200     UNINITIALIZED
                  20207e00    00000004     libc.a : boot_cortex_m.c.obj (.stack)
                  20207e04    000001fc     --HOLE--

__llvm_prf_cnts 
*          0    20200000    00000000     UNINITIALIZED

__llvm_prf_bits 
*          0    20200000    00000000     UNINITIALIZED

MODULE SUMMARY

       Module                         code   ro data   rw data
       ------                         ----   -------   -------
    .\
       OS.o                           1854   0         5450   
       ST7735_SDC.o                   1696   1403      21     
       TFLuna2.o                      688    0         77     
       SPI.o                          588    0         4      
       RTOS_UARTints.o                528    0         0      
       Clock.o                        516    0         4      
       RTOS_Lab2.o                    352    0         16     
       RTOS_FIFO.o                    216    0         96     
       Timer.o                        264    0         0      
       LaunchPad.o                    196    0         0      
       osasm.o                        112    0         0      
    +--+------------------------------+------+---------+---------+
       Total:                         7010   1403      5668   
                                                              
    .\ticlang\
       startup_mspm0g3507_ticlang.o   60     192       0      
    +--+------------------------------+------+---------+---------+
       Total:                         60     192       0      
                                                              
    C:\ti\ccs2040\ccs\tools\compiler\ti-cgt-armllvm_4.0.4.LTS\lib\armv6m-ti-none-eabi/c/libc.a
       copy_decompress_lzss.c.obj     124    0         0      
       autoinit.c.obj                 60     0         0      
       boot_cortex_m.c.obj            40     0         0      
       copy_decompress_none.c.obj     18     0         0      
       memcpy16.S.obj                 18     0         0      
       copy_zero_init.c.obj           16     0         0      
       memset16.S.obj                 14     0         0      
       exit.c.obj                     6      0         0      
       pre_init.c.obj                 4      0         0      
    +--+------------------------------+------+---------+---------+
       Total:                         300    0         0      
                                                              
    C:\ti\ccs2040\ccs\tools\compiler\ti-cgt-armllvm_4.0.4.LTS\lib\armv6m-ti-none-eabi/c/libsysbm.a
       hostexit.c.obj                 4      0         0      
    +--+------------------------------+------+---------+---------+
       Total:                         4      0         0      
                                                              
    C:\ti\ccs2040\ccs\tools\compiler\ti-cgt-armllvm_4.0.4.LTS\lib\armv6m-ti-none-eabi/libclang_rt.builtins.a
       aeabi_uidivmod.S.obj           64     0         0      
       aeabi_memset.S.obj             12     0         0      
       aeabi_memcpy.S.obj             8      0         0      
       aeabi_div0.c.obj               2      0         0      
    +--+------------------------------+------+---------+---------+
       Total:                         86     0         0      
                                                              
       Heap:                          0      0         512    
       Stack:                         0      0         512    
       Linker Generated:              0      56        0      
    +--+------------------------------+------+---------+---------+
       Grand Total:                   7460   1651      6692   


LINKER GENERATED COPY TABLES

__TI_cinit_table @ 00002398 records: 2, size/record: 8, table size: 16
	.data: load addr=00002370, load size=00000014 bytes, run addr=20201800, run size=00000026 bytes, compression=lzss
	.bss: load addr=00002390, load size=00000008 bytes, run addr=20200000, run size=000015fe bytes, compression=zero_init


LINKER GENERATED HANDLER TABLE

__TI_handler_table @ 00002384 records: 3, size/record: 4, table size: 12
	index: 0, handler: __TI_decompress_lzss
	index: 1, handler: __TI_decompress_none
	index: 2, handler: __TI_zero_init


GLOBAL SYMBOLS: SORTED ALPHABETICALLY BY Name 

address   name                          
-------   ----                          
00001c29  ADC0_IRQHandler               
00001c29  ADC1_IRQHandler               
00001c29  AES_IRQHandler                
000019e9  ActivatePortA_B               
202015c8  BadCheckSum2                  
20201800  BusFreq                       
00001dde  C$$EXIT                       
00001c29  CANFD0_IRQHandler             
00001be5  CS_Init                       
00001d61  Clock_Delay                   
00001a21  Clock_Delay1ms                
00001da1  Clock_Freq                    
000000c1  Clock_Init80MHz               
202015cc  Count0                        
202015d0  Count1                        
202015d4  Count2                        
00001c29  DAC0_IRQHandler               
00001c29  DMA_IRQHandler                
00001c29  Default_Handler               
00001d71  Delay                         
20201804  Display_Free                  
00001390  EndCritical                   
00001c29  GROUP0_IRQHandler             
00000bc9  GROUP1_IRQHandler             
00001ddf  HOSTexit                      
00001c45  HardFault_Handler             
00001c29  I2C0_IRQHandler               
00001c29  I2C1_IRQHandler               
000011a1  LaunchPad_Init                
00001635  Logic_Init                    
00001c29  NMI_Handler                   
20201808  NextThreadPt                  
202015d8  NumCreated                    
00001380  OSDisableInterrupts           
00001384  OSEnableInterrupts            
00000419  OS_AddThread                  
00001c61  OS_ClearMsTime                
00001dad  OS_Id                         
0000168d  OS_Init                       
000013f1  OS_Kill                       
00001a89  OS_Launch                     
00000cad  OS_Sleep                      
00001cb5  OS_Suspend                    
00001db9  OS_Time                       
00001c7d  OS_bSignal                    
000019ad  OS_bWait                      
000013b1  PendSV_Handler                
00001c29  RTC_IRQHandler                
00001de3  Reset_Handler                 
2020180c  RunPt                         
000016e5  Rx2Fifo_Put                   
00001d15  RxFifo_Init                   
00001731  RxFifo_Put                    
202015dc  RxGetI                        
202015e0  RxPutI                        
00001c29  SPI0_IRQHandler               
00001c29  SPI1_IRQHandler               
00000aa9  SPI1_Init                     
000018f1  SPI1_Reset                    
20201810  SPI1_init_Flag                
00000275  ST7735_DrawChar               
0000097d  ST7735_FillRect               
00001b19  ST7735_FillScreen             
00000ffd  ST7735_InitR                  
000005a1  ST7735_Message                
00001a55  ST7735_SetCursor              
000013cd  SVC_Handler                   
20201820  StTextColor                   
20201814  StX                           
20201818  StY                           
00001388  StartCritical                 
00001396  StartOS                       
00000ebd  SysTick_Handler               
202015a0  TFLuna2DataMessage            
202015e4  TFLuna2Distance               
202015e8  TFLuna2Function               
202015ec  TFLuna2Index                  
202015fd  TFLuna2LastByte               
00001ccd  TFLuna2_InStatus              
00001ce5  TFLuna2_OutStatus             
00001455  TFT_OutCommand                
000014b9  TFT_OutData                   
00001c29  TIMA0_IRQHandler              
00001c29  TIMA1_IRQHandler              
00001c29  TIMG0_IRQHandler              
00001c29  TIMG12_IRQHandler             
00001c29  TIMG6_IRQHandler              
00000f5d  TIMG7_IRQHandler              
00001299  TIMG8_IRQHandler              
00001d3d  TI_memcpy_small               
00001d91  TI_memset_small               
0000130d  Testmain1                     
00001b45  Thread0                       
00001b6d  Thread1                       
00001b95  Thread2                       
202015f0  TimeMs                        
0000151d  TimerG12_Init                 
00000d71  TimerG8_IntArm                
00001861  Tx2Fifo_Get                   
0000177d  TxFifo_Get                    
00001d29  TxFifo_Init                   
00001cfd  TxFifo_Size                   
202015f4  TxGetI                        
202015f8  TxPutI                        
0000157d  UART0_IRQHandler              
00001c29  UART1_IRQHandler              
000015d9  UART2_IRQHandler              
00001c29  UART3_IRQHandler              
00000845  UART_Init                     
20208000  __STACK_END                   
00000200  __STACK_SIZE                  
00000200  __SYSMEM_SIZE                 
00000000  __TI_ATRegion0_region_sz      
00000000  __TI_ATRegion0_src_addr       
00000000  __TI_ATRegion0_trg_addr       
00000000  __TI_ATRegion1_region_sz      
00000000  __TI_ATRegion1_src_addr       
00000000  __TI_ATRegion1_trg_addr       
00000000  __TI_ATRegion2_region_sz      
00000000  __TI_ATRegion2_src_addr       
00000000  __TI_ATRegion2_trg_addr       
00002398  __TI_CINIT_Base               
000023a8  __TI_CINIT_Limit              
000023a8  __TI_CINIT_Warm               
00002384  __TI_Handler_Table_Base       
00002390  __TI_Handler_Table_Limit      
00001971  __TI_auto_init_nobinit_nopinit
0000121d  __TI_decompress_lzss          
00001d4f  __TI_decompress_none          
ffffffff  __TI_pprof_out_hndl           
ffffffff  __TI_prof_data_size           
ffffffff  __TI_prof_data_start          
00000000  __TI_static_base__            
00001d81  __TI_zero_init                
00000ebb  __aeabi_idiv0                 
00001dc5  __aeabi_memclr                
00001dc5  __aeabi_memclr4               
00001dc5  __aeabi_memclr8               
00001dd1  __aeabi_memcpy                
00001dd1  __aeabi_memcpy4               
00001dd1  __aeabi_memcpy8               
00001931  __aeabi_uidiv                 
00001931  __aeabi_uidivmod              
ffffffff  __binit__                     
UNDEFED   __mpu_init                    
20207e00  __stack                       
20200000  __start___llvm_prf_bits       
20200000  __start___llvm_prf_cnts       
20200000  __stop___llvm_prf_bits        
20200000  __stop___llvm_prf_cnts        
00001bbd  _c_int00_noargs               
20201600  _sys_memory                   
UNDEFED   _system_post_cinit            
00001de7  _system_pre_init              
00001dd9  abort                         
ffffffff  binit                         
2020181c  delta_queue_head              
000018a9  get_next_free_tcb             
00000000  interruptVectors              
00001c99  main                          
202014c8  periodic_threads              
20201558  s2_threads                    
20200000  stacks                        
20201400  tcbs                          
202015ac  used_tcbs                     


GLOBAL SYMBOLS: SORTED BY Symbol Address 

address   name                          
-------   ----                          
00000000  __TI_ATRegion0_region_sz      
00000000  __TI_ATRegion0_src_addr       
00000000  __TI_ATRegion0_trg_addr       
00000000  __TI_ATRegion1_region_sz      
00000000  __TI_ATRegion1_src_addr       
00000000  __TI_ATRegion1_trg_addr       
00000000  __TI_ATRegion2_region_sz      
00000000  __TI_ATRegion2_src_addr       
00000000  __TI_ATRegion2_trg_addr       
00000000  __TI_static_base__            
00000000  interruptVectors              
000000c1  Clock_Init80MHz               
00000200  __STACK_SIZE                  
00000200  __SYSMEM_SIZE                 
00000275  ST7735_DrawChar               
00000419  OS_AddThread                  
000005a1  ST7735_Message                
00000845  UART_Init                     
0000097d  ST7735_FillRect               
00000aa9  SPI1_Init                     
00000bc9  GROUP1_IRQHandler             
00000cad  OS_Sleep                      
00000d71  TimerG8_IntArm                
00000ebb  __aeabi_idiv0                 
00000ebd  SysTick_Handler               
00000f5d  TIMG7_IRQHandler              
00000ffd  ST7735_InitR                  
000011a1  LaunchPad_Init                
0000121d  __TI_decompress_lzss          
00001299  TIMG8_IRQHandler              
0000130d  Testmain1                     
00001380  OSDisableInterrupts           
00001384  OSEnableInterrupts            
00001388  StartCritical                 
00001390  EndCritical                   
00001396  StartOS                       
000013b1  PendSV_Handler                
000013cd  SVC_Handler                   
000013f1  OS_Kill                       
00001455  TFT_OutCommand                
000014b9  TFT_OutData                   
0000151d  TimerG12_Init                 
0000157d  UART0_IRQHandler              
000015d9  UART2_IRQHandler              
00001635  Logic_Init                    
0000168d  OS_Init                       
000016e5  Rx2Fifo_Put                   
00001731  RxFifo_Put                    
0000177d  TxFifo_Get                    
00001861  Tx2Fifo_Get                   
000018a9  get_next_free_tcb             
000018f1  SPI1_Reset                    
00001931  __aeabi_uidiv                 
00001931  __aeabi_uidivmod              
00001971  __TI_auto_init_nobinit_nopinit
000019ad  OS_bWait                      
000019e9  ActivatePortA_B               
00001a21  Clock_Delay1ms                
00001a55  ST7735_SetCursor              
00001a89  OS_Launch                     
00001b19  ST7735_FillScreen             
00001b45  Thread0                       
00001b6d  Thread1                       
00001b95  Thread2                       
00001bbd  _c_int00_noargs               
00001be5  CS_Init                       
00001c29  ADC0_IRQHandler               
00001c29  ADC1_IRQHandler               
00001c29  AES_IRQHandler                
00001c29  CANFD0_IRQHandler             
00001c29  DAC0_IRQHandler               
00001c29  DMA_IRQHandler                
00001c29  Default_Handler               
00001c29  GROUP0_IRQHandler             
00001c29  I2C0_IRQHandler               
00001c29  I2C1_IRQHandler               
00001c29  NMI_Handler                   
00001c29  RTC_IRQHandler                
00001c29  SPI0_IRQHandler               
00001c29  SPI1_IRQHandler               
00001c29  TIMA0_IRQHandler              
00001c29  TIMA1_IRQHandler              
00001c29  TIMG0_IRQHandler              
00001c29  TIMG12_IRQHandler             
00001c29  TIMG6_IRQHandler              
00001c29  UART1_IRQHandler              
00001c29  UART3_IRQHandler              
00001c45  HardFault_Handler             
00001c61  OS_ClearMsTime                
00001c7d  OS_bSignal                    
00001c99  main                          
00001cb5  OS_Suspend                    
00001ccd  TFLuna2_InStatus              
00001ce5  TFLuna2_OutStatus             
00001cfd  TxFifo_Size                   
00001d15  RxFifo_Init                   
00001d29  TxFifo_Init                   
00001d3d  TI_memcpy_small               
00001d4f  __TI_decompress_none          
00001d61  Clock_Delay                   
00001d71  Delay                         
00001d81  __TI_zero_init                
00001d91  TI_memset_small               
00001da1  Clock_Freq                    
00001dad  OS_Id                         
00001db9  OS_Time                       
00001dc5  __aeabi_memclr                
00001dc5  __aeabi_memclr4               
00001dc5  __aeabi_memclr8               
00001dd1  __aeabi_memcpy                
00001dd1  __aeabi_memcpy4               
00001dd1  __aeabi_memcpy8               
00001dd9  abort                         
00001dde  C$$EXIT                       
00001ddf  HOSTexit                      
00001de3  Reset_Handler                 
00001de7  _system_pre_init              
00002384  __TI_Handler_Table_Base       
00002390  __TI_Handler_Table_Limit      
00002398  __TI_CINIT_Base               
000023a8  __TI_CINIT_Limit              
000023a8  __TI_CINIT_Warm               
20200000  __start___llvm_prf_bits       
20200000  __start___llvm_prf_cnts       
20200000  __stop___llvm_prf_bits        
20200000  __stop___llvm_prf_cnts        
20200000  stacks                        
20201400  tcbs                          
202014c8  periodic_threads              
20201558  s2_threads                    
202015a0  TFLuna2DataMessage            
202015ac  used_tcbs                     
202015c8  BadCheckSum2                  
202015cc  Count0                        
202015d0  Count1                        
202015d4  Count2                        
202015d8  NumCreated                    
202015dc  RxGetI                        
202015e0  RxPutI                        
202015e4  TFLuna2Distance               
202015e8  TFLuna2Function               
202015ec  TFLuna2Index                  
202015f0  TimeMs                        
202015f4  TxGetI                        
202015f8  TxPutI                        
202015fd  TFLuna2LastByte               
20201600  _sys_memory                   
20201800  BusFreq                       
20201804  Display_Free                  
20201808  NextThreadPt                  
2020180c  RunPt                         
20201810  SPI1_init_Flag                
20201814  StX                           
20201818  StY                           
2020181c  delta_queue_head              
20201820  StTextColor                   
20207e00  __stack                       
20208000  __STACK_END                   
ffffffff  __TI_pprof_out_hndl           
ffffffff  __TI_prof_data_size           
ffffffff  __TI_prof_data_start          
ffffffff  __binit__                     
ffffffff  binit                         
UNDEFED   __mpu_init                    
UNDEFED   _system_post_cinit            

[165 symbols]
