******************************************************************************
            TI ARM Clang Linker PC v4.0.4                      
******************************************************************************
>> Linked Mon Mar 23 10:25:14 2026

OUTPUT FILE NAME:   <MotorTest.out>
ENTRY POINT SYMBOL: "_c_int00_noargs"  address: 00001399


MEMORY CONFIGURATION

         name            origin    length      used     unused   attr    fill
----------------------  --------  ---------  --------  --------  ----  --------
  FLASH                 00000000   00020000  00001ba0  0001e460  R  X
  SRAM                  20200000   00008000  00000628  000079d8  RW X
  BCR_CONFIG            41c00000   00000080  00000000  00000080  R   
  BSL_CONFIG            41c00100   00000080  00000000  00000080  R   


SEGMENT ALLOCATION MAP

run origin  load origin   length   init length attrs members
----------  ----------- ---------- ----------- ----- -------
00000000    00000000    00001ba0   00001ba0    r-x
  00000000    00000000    000000c0   000000c0    r-- .intvecs
  000000c0    000000c0    00001490   00001490    r-x .text
  00001550    00001550    00000620   00000620    r-- .rodata
  00001b70    00001b70    00000030   00000030    r-- .cinit
20200000    20200000    00000428   00000000    rw-
  20200000    20200000    00000420   00000000    rw- .bss
  20200420    20200420    00000008   00000000    rw- .data
20207e00    20207e00    00000200   00000000    rw-
  20207e00    20207e00    00000200   00000000    rw- .stack


SECTION ALLOCATION MAP

 output                                  attributes/
section   page    origin      length       input sections
--------  ----  ----------  ----------   ----------------
.intvecs   0    00000000    000000c0     
                  00000000    000000c0     startup_mspm0g3507_ticlang.o (.intvecs)

.text      0    000000c0    00001490     
                  000000c0    000001ec     SSD1306.o (.text.SSD1306_OutUDec)
                  000002ac    000001b4     Clock.o (.text.Clock_Init80MHz)
                  00000460    00000134     SSD1306.o (.text.SSD1306_OutChar)
                  00000594    0000011c     I2C.o (.text.I2C_SendData)
                  000006b0    00000118     MotorTestmain.o (.text.RunBackward)
                  000007c8    00000118     MotorTestmain.o (.text.RunForward)
                  000008e0    000000fc     PWMA0.o (.text.PWMA0_Init)
                  000009dc    000000fc     PWMA1.o (.text.PWMA1_Init)
                  00000ad8    000000d4     PWMG6.o (.text.PWMG6_Init)
                  00000bac    000000d4     MotorTestmain.o (.text.SSD1306_Display)
                  00000c80    000000cc     SSD1306.o (.text.SSD1306_Init)
                  00000d4c    000000b0     I2C.o (.text.I2C_Send)
                  00000dfc    000000a8     I2C.o (.text.I2C_Send2)
                  00000ea4    00000098     MotorTestmain.o (.text.main)
                  00000f3c    00000080     SSD1306.o (.text.SSD1306_SetCursor)
                  00000fbc    0000007c     LaunchPad.o (.text.LaunchPad_Init)
                  00001038    0000007c     libc.a : copy_decompress_lzss.c.obj (.text:decompress:lzss)
                  000010b4    00000078     I2C.o (.text.I2C_Init)
                  0000112c    00000058     I2C.o (.text.IC2FillTxFifo)
                  00001184    00000040     libclang_rt.builtins.a : aeabi_uidivmod.S.obj (.text.__aeabi_uidivmod)
                  000011c4    0000003c     SSD1306.o (.text.SSD1306_ClearBuffer)
                  00001200    0000003c     libc.a : autoinit.c.obj (.text:__TI_auto_init_nobinit_nopinit)
                  0000123c    00000038     LaunchPad.o (.text.ActivatePortA_B)
                  00001274    00000034     Clock.o (.text.Clock_Delay1ms)
                  000012a8    00000034     PWMA0.o (.text.PWMA0_Backward)
                  000012dc    00000034     PWMA0.o (.text.PWMA0_Forward)
                  00001310    00000030     PWMA1.o (.text.PWMA1_Backward)
                  00001340    00000030     PWMA1.o (.text.PWMA1_Forward)
                  00001370    00000028     SSD1306.o (.text.SSD1306_OutBuffer)
                  00001398    00000028     libc.a : boot_cortex_m.c.obj (.text:_c_int00_noargs)
                  000013c0    00000026     SSD1306.o (.text.SSD1306_OutString)
                  000013e6    00000002     libclang_rt.builtins.a : aeabi_div0.c.obj (.text.__aeabi_idiv0)
                  000013e8    00000020     PWMA0.o (.text.PWMA0_Break)
                  00001408    00000020     PWMA1.o (.text.PWMA1_Break)
                  00001428    0000001c     startup_mspm0g3507_ticlang.o (.text.Default_Handler)
                  00001444    0000001c     startup_mspm0g3507_ticlang.o (.text.HardFault_Handler)
                  00001460    0000001c     PWMG6.o (.text.PWMG6_SetDuty)
                  0000147c    00000018     SSD1306.o (.text.ssd1306command1)
                  00001494    00000018     SSD1306.o (.text.ssd1306command)
                  000014ac    00000016     SSD1306.o (.text.ssd1306commandList)
                  000014c2    00000012     libc.a : memcpy16.S.obj (.text:TI_memcpy_small)
                  000014d4    00000012            : copy_decompress_none.c.obj (.text:decompress:none)
                  000014e6    00000010     Clock.o (.text.Clock_Delay)
                  000014f6    00000010     LaunchPad.o (.text.Delay)
                  00001506    00000010     libc.a : copy_zero_init.c.obj (.text:decompress:ZI)
                  00001516    0000000e            : memset16.S.obj (.text:TI_memset_small)
                  00001524    0000000c     libclang_rt.builtins.a : aeabi_memset.S.obj (.text.__aeabi_memclr)
                  00001530    00000008                            : aeabi_memcpy.S.obj (.text.__aeabi_memcpy)
                  00001538    00000006     libc.a : exit.c.obj (.text:abort)
                  0000153e    00000004     libsysbm.a : hostexit.c.obj (.text.HOSTexit)
                  00001542    00000004     startup_mspm0g3507_ticlang.o (.text.Reset_Handler)
                  00001546    00000004     libc.a : pre_init.c.obj (.text._system_pre_init)
                  0000154a    00000006     --HOLE-- [fill = 0]

.cinit     0    00001b70    00000030     
                  00001b70    0000000c     (__TI_handler_table)
                  00001b7c    0000000b     (.cinit..data.load) [load image, compression = lzss]
                  00001b87    00000001     --HOLE-- [fill = 0]
                  00001b88    00000008     (.cinit..bss.load) [load image, compression = zero_init]
                  00001b90    00000010     (__TI_cinit_table)

.rodata    0    00001550    00000620     
                  00001550    00000540     SSD1306.o (.rodata.ASCII)
                  00001a90    00000015     MotorTestmain.o (.rodata.str1.1477527182708191683.1)
                  00001aa5    00000015     MotorTestmain.o (.rodata.str1.16992150672685914044.1)
                  00001aba    00000015     MotorTestmain.o (.rodata.str1.17229710855366283057.1)
                  00001acf    00000015     MotorTestmain.o (.rodata.str1.2990601656051533287.1)
                  00001ae4    00000015     MotorTestmain.o (.rodata.str1.5520418279105533953.1)
                  00001af9    00000015     MotorTestmain.o (.rodata.str1.5828596866691903918.1)
                  00001b0e    00000014     MotorTestmain.o (.rodata.str1.6321908435135911579.1)
                  00001b22    0000000f     MotorTestmain.o (.rodata.str1.9187735282363174735.1)
                  00001b31    0000000e     MotorTestmain.o (.rodata.str1.262331214312035035.1)
                  00001b3f    00000007     SSD1306.o (.rodata.init5)
                  00001b46    00000005     SSD1306.o (.rodata.dlist1)
                  00001b4b    00000005     SSD1306.o (.rodata.init1)
                  00001b50    00000005     SSD1306.o (.rodata.init2)
                  00001b55    00000005     SSD1306.o (.rodata.init3)
                  00001b5a    00000005     SSD1306.o (.rodata.str1.14451269319768076594.1)
                  00001b5f    00000004     SSD1306.o (.rodata.init4b)
                  00001b63    00000004     SSD1306.o (.rodata.str1.10002672771383525571.1)
                  00001b67    00000003     SSD1306.o (.rodata.str1.4784759802907365934.1)
                  00001b6a    00000006     --HOLE-- [fill = 0]

.init_array 
*          0    00000000    00000000     UNINITIALIZED

.binit     0    00000000    00000000     

.bss       0    20200000    00000420     UNINITIALIZED
                  20200000    00000400     (.common:buffer)
                  20200400    00000004     (.common:Duty)
                  20200404    00000004     (.common:I2C_error)
                  20200408    00000004     (.common:PWMA0_Period)
                  2020040c    00000004     (.common:PWMA1_Period)
                  20200410    00000004     (.common:PWMG6_Period)
                  20200414    00000004     (.common:ServoDuty)
                  20200418    00000004     (.common:vccstate)
                  2020041c    00000002     (.common:StartX)
                  2020041e    00000002     (.common:StartY)

.data      0    20200420    00000008     UNINITIALIZED
                  20200420    00000004     Clock.o (.data.BusFreq)
                  20200424    00000002     SSD1306.o (.data.CurrentX)
                  20200426    00000002     SSD1306.o (.data.CurrentY)

.stack     0    20207e00    00000200     UNINITIALIZED
                  20207e00    00000004     libc.a : boot_cortex_m.c.obj (.stack)
                  20207e04    000001fc     --HOLE--

__llvm_prf_cnts 
*          0    20200000    00000000     UNINITIALIZED

__llvm_prf_bits 
*          0    20200000    00000000     UNINITIALIZED

MODULE SUMMARY

       Module                         code   ro data   rw data
       ------                         ----   -------   -------
    .\
       SSD1306.o                      1340   1387      1036   
       MotorTestmain.o                924    175       8      
       I2C.o                          836    0         4      
       Clock.o                        504    0         4      
       PWMA0.o                        388    0         4      
       PWMA1.o                        380    0         4      
       PWMG6.o                        240    0         4      
       LaunchPad.o                    196    0         0      
    +--+------------------------------+------+---------+---------+
       Total:                         4808   1562      1064   
                                                              
    .\ticlang\
       startup_mspm0g3507_ticlang.o   60     192       0      
    +--+------------------------------+------+---------+---------+
       Total:                         60     192       0      
                                                              
    C:\ti\ccs2020\ccs\tools\compiler\ti-cgt-armllvm_4.0.4.LTS\lib\armv6m-ti-none-eabi/c/libc.a
       copy_decompress_lzss.c.obj     124    0         0      
       autoinit.c.obj                 60     0         0      
       boot_cortex_m.c.obj            40     0         0      
       copy_decompress_none.c.obj     18     0         0      
       memcpy16.S.obj                 18     0         0      
       copy_zero_init.c.obj           16     0         0      
       memset16.S.obj                 14     0         0      
       exit.c.obj                     6      0         0      
       pre_init.c.obj                 4      0         0      
    +--+------------------------------+------+---------+---------+
       Total:                         300    0         0      
                                                              
    C:\ti\ccs2020\ccs\tools\compiler\ti-cgt-armllvm_4.0.4.LTS\lib\armv6m-ti-none-eabi/c/libsysbm.a
       hostexit.c.obj                 4      0         0      
    +--+------------------------------+------+---------+---------+
       Total:                         4      0         0      
                                                              
    C:\ti\ccs2020\ccs\tools\compiler\ti-cgt-armllvm_4.0.4.LTS\lib\armv6m-ti-none-eabi/libclang_rt.builtins.a
       aeabi_uidivmod.S.obj           64     0         0      
       aeabi_memset.S.obj             12     0         0      
       aeabi_memcpy.S.obj             8      0         0      
       aeabi_div0.c.obj               2      0         0      
    +--+------------------------------+------+---------+---------+
       Total:                         86     0         0      
                                                              
       Stack:                         0      0         512    
       Linker Generated:              0      47        0      
    +--+------------------------------+------+---------+---------+
       Grand Total:                   5258   1801      1576   


LINKER GENERATED COPY TABLES

__TI_cinit_table @ 00001b90 records: 2, size/record: 8, table size: 16
	.data: load addr=00001b7c, load size=0000000b bytes, run addr=20200420, run size=00000008 bytes, compression=lzss
	.bss: load addr=00001b88, load size=00000008 bytes, run addr=20200000, run size=00000420 bytes, compression=zero_init


LINKER GENERATED HANDLER TABLE

__TI_handler_table @ 00001b70 records: 3, size/record: 4, table size: 12
	index: 0, handler: __TI_decompress_lzss
	index: 1, handler: __TI_decompress_none
	index: 2, handler: __TI_zero_init


GLOBAL SYMBOLS: SORTED ALPHABETICALLY BY Name 

address   name                          
-------   ----                          
00001429  ADC0_IRQHandler               
00001429  ADC1_IRQHandler               
00001429  AES_IRQHandler                
0000123d  ActivatePortA_B               
20200420  BusFreq                       
0000153e  C$$EXIT                       
00001429  CANFD0_IRQHandler             
000014e7  Clock_Delay                   
00001275  Clock_Delay1ms                
000002ad  Clock_Init80MHz               
20200424  CurrentX                      
20200426  CurrentY                      
00001429  DAC0_IRQHandler               
00001429  DMA_IRQHandler                
00001429  Default_Handler               
000014f7  Delay                         
20200400  Duty                          
00001429  GROUP0_IRQHandler             
00001429  GROUP1_IRQHandler             
0000153f  HOSTexit                      
00001445  HardFault_Handler             
00001429  I2C0_IRQHandler               
00001429  I2C1_IRQHandler               
000010b5  I2C_Init                      
00000d4d  I2C_Send                      
00000dfd  I2C_Send2                     
00000595  I2C_SendData                  
20200404  I2C_error                     
00000fbd  LaunchPad_Init                
00001429  NMI_Handler                   
000012a9  PWMA0_Backward                
000013e9  PWMA0_Break                   
000012dd  PWMA0_Forward                 
000008e1  PWMA0_Init                    
20200408  PWMA0_Period                  
00001311  PWMA1_Backward                
00001409  PWMA1_Break                   
00001341  PWMA1_Forward                 
000009dd  PWMA1_Init                    
2020040c  PWMA1_Period                  
00000ad9  PWMG6_Init                    
20200410  PWMG6_Period                  
00001461  PWMG6_SetDuty                 
00001429  PendSV_Handler                
00001429  RTC_IRQHandler                
00001543  Reset_Handler                 
000006b1  RunBackward                   
000007c9  RunForward                    
00001429  SPI0_IRQHandler               
00001429  SPI1_IRQHandler               
000011c5  SSD1306_ClearBuffer           
00000bad  SSD1306_Display               
00000c81  SSD1306_Init                  
00001371  SSD1306_OutBuffer             
00000461  SSD1306_OutChar               
000013c1  SSD1306_OutString             
000000c1  SSD1306_OutUDec               
00000f3d  SSD1306_SetCursor             
00001429  SVC_Handler                   
20200414  ServoDuty                     
2020041c  StartX                        
2020041e  StartY                        
00001429  SysTick_Handler               
00001429  TIMA0_IRQHandler              
00001429  TIMA1_IRQHandler              
00001429  TIMG0_IRQHandler              
00001429  TIMG12_IRQHandler             
00001429  TIMG6_IRQHandler              
00001429  TIMG7_IRQHandler              
00001429  TIMG8_IRQHandler              
000014c3  TI_memcpy_small               
00001517  TI_memset_small               
00001429  UART0_IRQHandler              
00001429  UART1_IRQHandler              
00001429  UART2_IRQHandler              
00001429  UART3_IRQHandler              
20208000  __STACK_END                   
00000200  __STACK_SIZE                  
00000000  __TI_ATRegion0_region_sz      
00000000  __TI_ATRegion0_src_addr       
00000000  __TI_ATRegion0_trg_addr       
00000000  __TI_ATRegion1_region_sz      
00000000  __TI_ATRegion1_src_addr       
00000000  __TI_ATRegion1_trg_addr       
00000000  __TI_ATRegion2_region_sz      
00000000  __TI_ATRegion2_src_addr       
00000000  __TI_ATRegion2_trg_addr       
00001b90  __TI_CINIT_Base               
00001ba0  __TI_CINIT_Limit              
00001ba0  __TI_CINIT_Warm               
00001b70  __TI_Handler_Table_Base       
00001b7c  __TI_Handler_Table_Limit      
00001201  __TI_auto_init_nobinit_nopinit
00001039  __TI_decompress_lzss          
000014d5  __TI_decompress_none          
ffffffff  __TI_pprof_out_hndl           
ffffffff  __TI_prof_data_size           
ffffffff  __TI_prof_data_start          
00000000  __TI_static_base__            
00001507  __TI_zero_init                
000013e7  __aeabi_idiv0                 
00001525  __aeabi_memclr                
00001525  __aeabi_memclr4               
00001525  __aeabi_memclr8               
00001531  __aeabi_memcpy                
00001531  __aeabi_memcpy4               
00001531  __aeabi_memcpy8               
00001185  __aeabi_uidiv                 
00001185  __aeabi_uidivmod              
ffffffff  __binit__                     
UNDEFED   __mpu_init                    
20207e00  __stack                       
20200000  __start___llvm_prf_bits       
20200000  __start___llvm_prf_cnts       
20200000  __stop___llvm_prf_bits        
20200000  __stop___llvm_prf_cnts        
00001399  _c_int00_noargs               
UNDEFED   _system_post_cinit            
00001547  _system_pre_init              
00001539  abort                         
ffffffff  binit                         
20200000  buffer                        
00000000  interruptVectors              
00000ea5  main                          
00001495  ssd1306command                
0000147d  ssd1306command1               
000014ad  ssd1306commandList            
20200418  vccstate                      


GLOBAL SYMBOLS: SORTED BY Symbol Address 

address   name                          
-------   ----                          
00000000  __TI_ATRegion0_region_sz      
00000000  __TI_ATRegion0_src_addr       
00000000  __TI_ATRegion0_trg_addr       
00000000  __TI_ATRegion1_region_sz      
00000000  __TI_ATRegion1_src_addr       
00000000  __TI_ATRegion1_trg_addr       
00000000  __TI_ATRegion2_region_sz      
00000000  __TI_ATRegion2_src_addr       
00000000  __TI_ATRegion2_trg_addr       
00000000  __TI_static_base__            
00000000  interruptVectors              
000000c1  SSD1306_OutUDec               
00000200  __STACK_SIZE                  
000002ad  Clock_Init80MHz               
00000461  SSD1306_OutChar               
00000595  I2C_SendData                  
000006b1  RunBackward                   
000007c9  RunForward                    
000008e1  PWMA0_Init                    
000009dd  PWMA1_Init                    
00000ad9  PWMG6_Init                    
00000bad  SSD1306_Display               
00000c81  SSD1306_Init                  
00000d4d  I2C_Send                      
00000dfd  I2C_Send2                     
00000ea5  main                          
00000f3d  SSD1306_SetCursor             
00000fbd  LaunchPad_Init                
00001039  __TI_decompress_lzss          
000010b5  I2C_Init                      
00001185  __aeabi_uidiv                 
00001185  __aeabi_uidivmod              
000011c5  SSD1306_ClearBuffer           
00001201  __TI_auto_init_nobinit_nopinit
0000123d  ActivatePortA_B               
00001275  Clock_Delay1ms                
000012a9  PWMA0_Backward                
000012dd  PWMA0_Forward                 
00001311  PWMA1_Backward                
00001341  PWMA1_Forward                 
00001371  SSD1306_OutBuffer             
00001399  _c_int00_noargs               
000013c1  SSD1306_OutString             
000013e7  __aeabi_idiv0                 
000013e9  PWMA0_Break                   
00001409  PWMA1_Break                   
00001429  ADC0_IRQHandler               
00001429  ADC1_IRQHandler               
00001429  AES_IRQHandler                
00001429  CANFD0_IRQHandler             
00001429  DAC0_IRQHandler               
00001429  DMA_IRQHandler                
00001429  Default_Handler               
00001429  GROUP0_IRQHandler             
00001429  GROUP1_IRQHandler             
00001429  I2C0_IRQHandler               
00001429  I2C1_IRQHandler               
00001429  NMI_Handler                   
00001429  PendSV_Handler                
00001429  RTC_IRQHandler                
00001429  SPI0_IRQHandler               
00001429  SPI1_IRQHandler               
00001429  SVC_Handler                   
00001429  SysTick_Handler               
00001429  TIMA0_IRQHandler              
00001429  TIMA1_IRQHandler              
00001429  TIMG0_IRQHandler              
00001429  TIMG12_IRQHandler             
00001429  TIMG6_IRQHandler              
00001429  TIMG7_IRQHandler              
00001429  TIMG8_IRQHandler              
00001429  UART0_IRQHandler              
00001429  UART1_IRQHandler              
00001429  UART2_IRQHandler              
00001429  UART3_IRQHandler              
00001445  HardFault_Handler             
00001461  PWMG6_SetDuty                 
0000147d  ssd1306command1               
00001495  ssd1306command                
000014ad  ssd1306commandList            
000014c3  TI_memcpy_small               
000014d5  __TI_decompress_none          
000014e7  Clock_Delay                   
000014f7  Delay                         
00001507  __TI_zero_init                
00001517  TI_memset_small               
00001525  __aeabi_memclr                
00001525  __aeabi_memclr4               
00001525  __aeabi_memclr8               
00001531  __aeabi_memcpy                
00001531  __aeabi_memcpy4               
00001531  __aeabi_memcpy8               
00001539  abort                         
0000153e  C$$EXIT                       
0000153f  HOSTexit                      
00001543  Reset_Handler                 
00001547  _system_pre_init              
00001b70  __TI_Handler_Table_Base       
00001b7c  __TI_Handler_Table_Limit      
00001b90  __TI_CINIT_Base               
00001ba0  __TI_CINIT_Limit              
00001ba0  __TI_CINIT_Warm               
20200000  __start___llvm_prf_bits       
20200000  __start___llvm_prf_cnts       
20200000  __stop___llvm_prf_bits        
20200000  __stop___llvm_prf_cnts        
20200000  buffer                        
20200400  Duty                          
20200404  I2C_error                     
20200408  PWMA0_Period                  
2020040c  PWMA1_Period                  
20200410  PWMG6_Period                  
20200414  ServoDuty                     
20200418  vccstate                      
2020041c  StartX                        
2020041e  StartY                        
20200420  BusFreq                       
20200424  CurrentX                      
20200426  CurrentY                      
20207e00  __stack                       
20208000  __STACK_END                   
ffffffff  __TI_pprof_out_hndl           
ffffffff  __TI_prof_data_size           
ffffffff  __TI_prof_data_start          
ffffffff  __binit__                     
ffffffff  binit                         
UNDEFED   __mpu_init                    
UNDEFED   _system_post_cinit            

[128 symbols]
