******************************************************************************
            TI ARM Clang Linker PC v4.0.4                      
******************************************************************************
>> Linked Sat Jan 31 14:17:35 2026

OUTPUT FILE NAME:   <RTOS_Lab4_FileSystem.out>
ENTRY POINT SYMBOL: "_c_int00_noargs"  address: 00001f6d


MEMORY CONFIGURATION

         name            origin    length      used     unused   attr    fill
----------------------  --------  ---------  --------  --------  ----  --------
  FLASH                 00000000   00020000  00002888  0001d778  R  X
  SRAM                  20200000   00008000  00001b92  0000646e  RW X
  BCR_CONFIG            41c00000   00000080  00000000  00000080  R   
  BSL_CONFIG            41c00100   00000080  00000000  00000080  R   


SEGMENT ALLOCATION MAP

run origin  load origin   length   init length attrs members
----------  ----------- ---------- ----------- ----- -------
00000000    00000000    00002888   00002888    r-x
  00000000    00000000    000000c0   000000c0    r-- .intvecs
  000000c0    000000c0    00002188   00002188    r-x .text
  00002248    00002248    00000600   00000600    r-- .rodata
  00002848    00002848    00000040   00000040    r-- .cinit
20200000    20200000    00001998   00000000    rw-
  20200000    20200000    0000176a   00000000    rw- .bss
  20201770    20201770    00000200   00000000    rw- .sysmem
  20201970    20201970    00000028   00000000    rw- .data
20207e00    20207e00    00000200   00000000    rw-
  20207e00    20207e00    00000200   00000000    rw- .stack


SECTION ALLOCATION MAP

 output                                  attributes/
section   page    origin      length       input sections
--------  ----  ----------  ----------   ----------------
.intvecs   0    00000000    000000c0     
                  00000000    000000c0     startup_mspm0g3507_ticlang.o (.intvecs)

.text      0    000000c0    00002188     
                  000000c0    00000228     eDisk.o (.text.eDisk_Init)
                  000002e8    000001dc     RTOS_Lab4.o (.text.TestDisk)
                  000004c4    000001b4     Clock.o (.text.Clock_Init80MHz)
                  00000678    000001a4     ST7735_SDC.o (.text.ST7735_DrawChar)
                  0000081c    00000170     ST7735_SDC.o (.text.ST7735_Message)
                  0000098c    00000144     TFLuna2.o (.text.copyHardwareToSoftware2)
                  00000ad0    00000126     eDisk.o (.text.send_cmd)
                  00000bf6    00000002     OS.o (.text.OS_Init)
                  00000bf8    00000120     SPI.o (.text.SPI1_Init)
                  00000d18    00000118     eDisk.o (.text.eDisk_Write)
                  00000e30    000000e4     eDisk.o (.text.eDisk_Read)
                  00000f14    000000e0     OS.o (.text.OS_AddThread)
                  00000ff4    0000008c     RTOS_Lab4.o (.text.Testmain1)
                  00001080    00000088     ST7735_SDC.o (.text.setAddrWindow)
                  00001108    00000084     ST7735_SDC.o (.text.ST7735_DrawString)
                  0000118c    00000084     ST7735_SDC.o (.text.ST7735_OutUDec)
                  00001210    00000084     OS.o (.text.__NVIC_SetPriority)
                  00001294    0000007c     LaunchPad.o (.text.LaunchPad_Init)
                  00001310    0000007c     libc.a : copy_decompress_lzss.c.obj (.text:decompress:lzss)
                  0000138c    00000078     eDisk.o (.text.rcvr_datablock)
                  00001404    00000076     eDisk.o (.text.xmit_datablock)
                  0000147a    00000002     libclang_rt.builtins.a : aeabi_div0.c.obj (.text.__aeabi_idiv0)
                  0000147c    00000070     eDisk.o (.text.disk_timerproc)
                  000014ec    0000006c     RTOS_Lab4.o (.text.diskError)
                  00001558    00000064     SPI.o (.text.TFT_OutCommand)
                  000015bc    00000064     SPI.o (.text.TFT_OutData)
                  00001620    00000064     RTOS_Lab4.o (.text.VirusDetector)
                  00001684    0000005c     RTOS_UARTints.o (.text.UART0_IRQHandler)
                  000016e0    0000005c     TFLuna2.o (.text.UART2_IRQHandler)
                  0000173c    00000058     RTOS_Lab4.o (.text.Logic_Init)
                  00001794    00000056     libclang_rt.builtins.a : aeabi_idivmod.S.obj (.text.__aeabi_idivmod)
                  000017ea    00000002     --HOLE-- [fill = 0]
                  000017ec    00000054     OS.o (.text.GROUP1_IRQHandler)
                  00001840    00000054     ST7735_SDC.o (.text.fillmessage)
                  00001894    00000054     osasm.o (.text)
                  000018e8    00000050     eDisk.o (.text.wait_ready)
                  00001938    00000050     eDisk.o (.text.xmit_spi_multi)
                  00001988    0000004c     TFLuna2.o (.text.Rx2Fifo_Put)
                  000019d4    0000004c     RTOS_FIFO.o (.text.RxFifo_Put)
                  00001a20    0000004c     RTOS_FIFO.o (.text.TxFifo_Get)
                  00001a6c    0000004c     RTOS_FIFO.o (.text.TxFifo_Put)
                  00001ab8    0000004c     TFLuna2.o (.text.copySoftwareToHardware2)
                  00001b04    0000004c     RTOS_UARTints.o (.text.copySoftwareToHardware)
                  00001b50    00000048     OS.o (.text.OS_Launch)
                  00001b98    00000048     TFLuna2.o (.text.Tx2Fifo_Get)
                  00001be0    00000048     eDisk.o (.text.xchg_spi)
                  00001c28    00000044     eDisk.o (.text.select)
                  00001c6c    00000040     SPI.o (.text.SPI1_Reset)
                  00001cac    00000040     RTOS_UARTints.o (.text.UART_OutChar)
                  00001cec    00000040     libclang_rt.builtins.a : aeabi_uidivmod.S.obj (.text.__aeabi_uidivmod)
                  00001d2c    0000003c     eDisk.o (.text.rcvr_spi)
                  00001d68    0000003c     libc.a : autoinit.c.obj (.text:__TI_auto_init_nobinit_nopinit)
                  00001da4    00000038     LaunchPad.o (.text.ActivatePortA_B)
                  00001ddc    00000036     RTOS_UART.o (.text.UART_OutUDec)
                  00001e12    00000002     --HOLE-- [fill = 0]
                  00001e14    00000034     Clock.o (.text.Clock_Delay1ms)
                  00001e48    00000034     ST7735_SDC.o (.text.ST7735_SetCursor)
                  00001e7c    00000034     RTOS_Lab4.o (.text.StartTestDisk)
                  00001eb0    00000030     RTOS_Lab4.o (.text.Check)
                  00001ee0    00000030     OS.o (.text.SysTick_Handler)
                  00001f10    00000030     RTOS_UARTints.o (.text.copyHardwareToSoftware)
                  00001f40    0000002c     eDisk.o (.text.rcvr_spi_multi)
                  00001f6c    00000028     libc.a : boot_cortex_m.c.obj (.text:_c_int00_noargs)
                  00001f94    00000026     RTOS_UART.o (.text.UART_OutString)
                  00001fba    00000002     --HOLE-- [fill = 0]
                  00001fbc    00000024     SPI.o (.text.CS_Init)
                  00001fe0    00000020     RTOS_Lab4.o (.text.Random32)
                  00002000    00000020     OS.o (.text.TIMG7_IRQHandler)
                  00002020    0000001e     ST7735_SDC.o (.text.pushColor)
                  0000203e    00000002     --HOLE-- [fill = 0]
                  00002040    0000001c     startup_mspm0g3507_ticlang.o (.text.Default_Handler)
                  0000205c    0000001c     startup_mspm0g3507_ticlang.o (.text.HardFault_Handler)
                  00002078    0000001c     RTOS_Lab4.o (.text.main)
                  00002094    00000018     TFLuna2.o (.text.TFLuna2_InStatus)
                  000020ac    00000018     TFLuna2.o (.text.TFLuna2_OutStatus)
                  000020c4    00000018     RTOS_FIFO.o (.text.TxFifo_Size)
                  000020dc    00000018     eDisk.o (.text.eDisk_ReadBlock)
                  000020f4    00000018     eDisk.o (.text.eDisk_WriteBlock)
                  0000210c    00000018     eDisk.o (.text.init_spi)
                  00002124    00000014     ST7735_SDC.o (.text.ST7735_SetTextColor)
                  00002138    00000014     OS.o (.text.TIMG8_IRQHandler)
                  0000214c    00000014     eDisk.o (.text.deselect)
                  00002160    00000012     libc.a : memcpy16.S.obj (.text:TI_memcpy_small)
                  00002172    00000012            : copy_decompress_none.c.obj (.text:decompress:none)
                  00002184    00000010     Clock.o (.text.Clock_Delay)
                  00002194    00000010     LaunchPad.o (.text.Delay)
                  000021a4    00000010     libc.a : copy_zero_init.c.obj (.text:decompress:ZI)
                  000021b4    0000000e     OS.o (.text.OS_AddPeriodicThread)
                  000021c2    0000000e     libc.a : memset16.S.obj (.text:TI_memset_small)
                  000021d0    0000000c     Clock.o (.text.Clock_Freq)
                  000021dc    0000000c     OS.o (.text.OS_AddPA28Task)
                  000021e8    0000000c     OS.o (.text.OS_AddS2Task)
                  000021f4    0000000c     libclang_rt.builtins.a : aeabi_memset.S.obj (.text.__aeabi_memclr)
                  00002200    0000000a     RTOS_Lab4.o (.text.Random8)
                  0000220a    00000008     OS.o (.text.OS_Sleep)
                  00002212    00000008     OS.o (.text.OS_bSignal)
                  0000221a    00000002     --HOLE-- [fill = 0]
                  0000221c    00000008     libclang_rt.builtins.a : aeabi_memcpy.S.obj (.text.__aeabi_memcpy)
                  00002224    00000006     libc.a : exit.c.obj (.text:abort)
                  0000222a    00000004     libsysbm.a : hostexit.c.obj (.text.HOSTexit)
                  0000222e    00000004     OS.o (.text.OS_Id)
                  00002232    00000004     OS.o (.text.OS_Kill)
                  00002236    00000004     OS.o (.text.OS_Time)
                  0000223a    00000004     startup_mspm0g3507_ticlang.o (.text.Reset_Handler)
                  0000223e    00000004     libc.a : pre_init.c.obj (.text._system_pre_init)
                  00002242    00000006     --HOLE-- [fill = 0]

.cinit     0    00002848    00000040     
                  00002848    00000016     (.cinit..data.load) [load image, compression = lzss]
                  0000285e    00000002     --HOLE-- [fill = 0]
                  00002860    0000000c     (__TI_handler_table)
                  0000286c    00000008     (.cinit..bss.load) [load image, compression = zero_init]
                  00002874    00000010     (__TI_cinit_table)
                  00002884    00000004     --HOLE-- [fill = 0]

.rodata    0    00002248    00000600     
                  00002248    000004fb     ST7735_SDC.o (.rodata.Font)
                  00002743    00000029     RTOS_Lab4.o (.rodata.str1.7311154991851211108.1)
                  0000276c    00000020     RTOS_Lab4.o (.rodata.str1.6837049094189945938.1)
                  0000278c    0000001e     RTOS_Lab4.o (.rodata.str1.14228268872972887264.1)
                  000027aa    00000011     RTOS_Lab4.o (.rodata.str1.10301530792065855583.1)
                  000027bb    00000011     RTOS_Lab4.o (.rodata.str1.1050382796086933273.1)
                  000027cc    00000011     RTOS_Lab4.o (.rodata.str1.15278129946318270186.1)
                  000027dd    00000011     RTOS_Lab4.o (.rodata.str1.15448288740872795977.1)
                  000027ee    00000011     RTOS_Lab4.o (.rodata.str1.5923069061183206525.1)
                  000027ff    00000010     RTOS_Lab4.o (.rodata.str1.11206165847214459049.1)
                  0000280f    0000000c     RTOS_Lab4.o (.rodata.str1.8229618897703649964.1)
                  0000281b    0000000b     RTOS_Lab4.o (.rodata.str1.11500409742209980179.1)
                  00002826    0000000b     RTOS_Lab4.o (.rodata.str1.15362941047366836075.1)
                  00002831    00000008     RTOS_Lab4.o (.rodata.str1.3583415386369134498.1)
                  00002839    00000006     RTOS_Lab4.o (.rodata.str1.9083732885720202194.1)
                  0000283f    00000005     RTOS_Lab4.o (.rodata.str1.3422587475573452349.1)
                  00002844    00000003     RTOS_Lab4.o (.rodata.str1.14055571167711525929.1)
                  00002847    00000001     --HOLE-- [fill = 0]

.init_array 
*          0    00000000    00000000     UNINITIALIZED

.binit     0    00000000    00000000     

.bss       0    20200000    0000176a     UNINITIALIZED
                  20200000    00001478     (.common:tcbs)
                  20201478    00000200     (.common:buffer)
                  20201678    00000040     RTOS_FIFO.o (.bss.TxFifo)
                  202016b8    00000010     TFLuna2.o (.bss.Rx2Fifo)
                  202016c8    00000010     RTOS_FIFO.o (.bss.RxFifo)
                  202016d8    00000010     TFLuna2.o (.bss.Tx2Fifo)
                  202016e8    0000000c     (.common:Message)
                  202016f4    0000000c     (.common:TFLuna2DataMessage)
                  20201700    0000000a     (.common:used_tcbs)
                  2020170a    00000001     eDisk.o (.bss.CardType)
                  2020170b    00000001     ST7735_SDC.o (.bss.ColStart)
                  2020170c    00000004     TFLuna2.o (.bss.Rx2GetI)
                  20201710    00000004     TFLuna2.o (.bss.Rx2PutI)
                  20201714    00000004     eDisk.o (.bss.Timer1)
                  20201718    00000004     eDisk.o (.bss.Timer2)
                  2020171c    00000004     TFLuna2.o (.bss.Tx2GetI)
                  20201720    00000004     TFLuna2.o (.bss.Tx2PutI)
                  20201724    00000004     (.common:BadCheckSum2)
                  20201728    00000004     (.common:Checks)
                  2020172c    00000004     (.common:Checksum)
                  20201730    00000004     (.common:ChecksumErrors)
                  20201734    00000004     (.common:ChecksumOriginal)
                  20201738    00000004     (.common:LCDFree)
                  2020173c    00000004     (.common:Messageindex)
                  20201740    00000004     (.common:NumCreated)
                  20201744    00000004     (.common:Running)
                  20201748    00000004     (.common:RxGetI)
                  2020174c    00000004     (.common:RxPutI)
                  20201750    00000004     (.common:TFLuna2Distance)
                  20201754    00000004     (.common:TFLuna2Function)
                  20201758    00000004     (.common:TFLuna2Index)
                  2020175c    00000004     (.common:TimeMs)
                  20201760    00000004     (.common:TxGetI)
                  20201764    00000004     (.common:TxPutI)
                  20201768    00000001     ST7735_SDC.o (.bss.RowStart)
                  20201769    00000001     (.common:TFLuna2LastByte)

.sysmem    0    20201770    00000200     UNINITIALIZED
                  20201770    00000010     libc.a : memory.c.obj (.sysmem)
                  20201780    000001f0     --HOLE--

.data      0    20201970    00000028     UNINITIALIZED
                  20201970    00000004     Clock.o (.data.BusFreq)
                  20201974    00000004     RTOS_Lab4.o (.data.M)
                  20201978    00000004     OS.o (.data.NextThreadPt)
                  2020197c    00000004     OS.o (.data.PrevRunPt)
                  20201980    00000004     OS.o (.data.RunPt)
                  20201984    00000004     SPI.o (.data.SPI1_init_Flag)
                  20201988    00000004     ST7735_SDC.o (.data.StX)
                  2020198c    00000004     ST7735_SDC.o (.data.StY)
                  20201990    00000002     ST7735_SDC.o (.data.StTextColor)
                  20201992    00000002     ST7735_SDC.o (.data._height)
                  20201994    00000002     ST7735_SDC.o (.data._width)
                  20201996    00000001     eDisk.o (.data.Stat)
                  20201997    00000001     OS.o (.data.currID)

.stack     0    20207e00    00000200     UNINITIALIZED
                  20207e00    00000004     libc.a : boot_cortex_m.c.obj (.stack)
                  20207e04    000001fc     --HOLE--

__llvm_prf_cnts 
*          0    20200000    00000000     UNINITIALIZED

__llvm_prf_bits 
*          0    20200000    00000000     UNINITIALIZED

MODULE SUMMARY

       Module                         code   ro data   rw data
       ------                         ----   -------   -------
    .\
       OS.o                           680    0         5267   
       ST7735_SDC.o                   1374   1275      32     
       eDisk.o                        2200   0         10     
       RTOS_Lab4.o                    1082   260       544    
       TFLuna2.o                      688    0         77     
       SPI.o                          588    0         4      
       Clock.o                        516    0         4      
       RTOS_FIFO.o                    252    0         96     
       RTOS_UARTints.o                280    0         0      
       LaunchPad.o                    196    0         0      
       RTOS_UART.o                    92     0         0      
       osasm.o                        84     0         0      
    +--+------------------------------+------+---------+---------+
       Total:                         8032   1535      6034   
                                                              
    .\ticlang\
       startup_mspm0g3507_ticlang.o   60     192       0      
    +--+------------------------------+------+---------+---------+
       Total:                         60     192       0      
                                                              
    C:\ti\ccs2040\ccs\tools\compiler\ti-cgt-armllvm_4.0.4.LTS\lib\armv6m-ti-none-eabi/c/libc.a
       copy_decompress_lzss.c.obj     124    0         0      
       autoinit.c.obj                 60     0         0      
       boot_cortex_m.c.obj            40     0         0      
       copy_decompress_none.c.obj     18     0         0      
       memcpy16.S.obj                 18     0         0      
       copy_zero_init.c.obj           16     0         0      
       memset16.S.obj                 14     0         0      
       exit.c.obj                     6      0         0      
       pre_init.c.obj                 4      0         0      
    +--+------------------------------+------+---------+---------+
       Total:                         300    0         0      
                                                              
    C:\ti\ccs2040\ccs\tools\compiler\ti-cgt-armllvm_4.0.4.LTS\lib\armv6m-ti-none-eabi/c/libsysbm.a
       hostexit.c.obj                 4      0         0      
    +--+------------------------------+------+---------+---------+
       Total:                         4      0         0      
                                                              
    C:\ti\ccs2040\ccs\tools\compiler\ti-cgt-armllvm_4.0.4.LTS\lib\armv6m-ti-none-eabi/libclang_rt.builtins.a
       aeabi_idivmod.S.obj            86     0         0      
       aeabi_uidivmod.S.obj           64     0         0      
       aeabi_memset.S.obj             12     0         0      
       aeabi_memcpy.S.obj             8      0         0      
       aeabi_div0.c.obj               2      0         0      
    +--+------------------------------+------+---------+---------+
       Total:                         172    0         0      
                                                              
       Heap:                          0      0         512    
       Stack:                         0      0         512    
       Linker Generated:              0      58        0      
    +--+------------------------------+------+---------+---------+
       Grand Total:                   8568   1785      7058   


LINKER GENERATED COPY TABLES

__TI_cinit_table @ 00002874 records: 2, size/record: 8, table size: 16
	.data: load addr=00002848, load size=00000016 bytes, run addr=20201970, run size=00000028 bytes, compression=lzss
	.bss: load addr=0000286c, load size=00000008 bytes, run addr=20200000, run size=0000176a bytes, compression=zero_init


LINKER GENERATED HANDLER TABLE

__TI_handler_table @ 00002860 records: 3, size/record: 4, table size: 12
	index: 0, handler: __TI_decompress_lzss
	index: 1, handler: __TI_decompress_none
	index: 2, handler: __TI_zero_init


GLOBAL SYMBOLS: SORTED ALPHABETICALLY BY Name 

address   name                          
-------   ----                          
00002041  ADC0_IRQHandler               
00002041  ADC1_IRQHandler               
00002041  AES_IRQHandler                
00001da5  ActivatePortA_B               
20201724  BadCheckSum2                  
20201970  BusFreq                       
0000222a  C$$EXIT                       
00002041  CANFD0_IRQHandler             
00001fbd  CS_Init                       
00001eb1  Check                         
20201728  Checks                        
2020172c  Checksum                      
20201730  ChecksumErrors                
20201734  ChecksumOriginal              
00002185  Clock_Delay                   
00001e15  Clock_Delay1ms                
000021d1  Clock_Freq                    
000004c5  Clock_Init80MHz               
00002041  DAC0_IRQHandler               
00002041  DMA_IRQHandler                
00002041  Default_Handler               
00002195  Delay                         
000018a4  EndCritical                   
00002041  GROUP0_IRQHandler             
000017ed  GROUP1_IRQHandler             
0000222b  HOSTexit                      
0000205d  HardFault_Handler             
00002041  I2C0_IRQHandler               
00002041  I2C1_IRQHandler               
20201738  LCDFree                       
00001295  LaunchPad_Init                
0000173d  Logic_Init                    
20201974  M                             
202016e8  Message                       
2020173c  Messageindex                  
00002041  NMI_Handler                   
20201978  NextThreadPt                  
20201740  NumCreated                    
00001894  OSDisableInterrupts           
00001898  OSEnableInterrupts            
000021dd  OS_AddPA28Task                
000021b5  OS_AddPeriodicThread          
000021e9  OS_AddS2Task                  
00000f15  OS_AddThread                  
0000222f  OS_Id                         
00000bf7  OS_Init                       
00002233  OS_Kill                       
00001b51  OS_Launch                     
0000220b  OS_Sleep                      
00002237  OS_Time                       
00002213  OS_bSignal                    
000018ad  PendSV_Handler                
2020197c  PrevRunPt                     
00002041  RTC_IRQHandler                
00001fe1  Random32                      
00002201  Random8                       
0000223b  Reset_Handler                 
20201980  RunPt                         
20201744  Running                       
00001989  Rx2Fifo_Put                   
000019d5  RxFifo_Put                    
20201748  RxGetI                        
2020174c  RxPutI                        
00002041  SPI0_IRQHandler               
00002041  SPI1_IRQHandler               
00000bf9  SPI1_Init                     
00001c6d  SPI1_Reset                    
20201984  SPI1_init_Flag                
00000679  ST7735_DrawChar               
00001109  ST7735_DrawString             
0000081d  ST7735_Message                
0000118d  ST7735_OutUDec                
00001e49  ST7735_SetCursor              
00002125  ST7735_SetTextColor           
000018c7  SVC_Handler                   
20201990  StTextColor                   
20201988  StX                           
2020198c  StY                           
0000189c  StartCritical                 
000018aa  StartOS                       
00001e7d  StartTestDisk                 
00001ee1  SysTick_Handler               
202016f4  TFLuna2DataMessage            
20201750  TFLuna2Distance               
20201754  TFLuna2Function               
20201758  TFLuna2Index                  
20201769  TFLuna2LastByte               
00002095  TFLuna2_InStatus              
000020ad  TFLuna2_OutStatus             
00001559  TFT_OutCommand                
000015bd  TFT_OutData                   
00002041  TIMA0_IRQHandler              
00002041  TIMA1_IRQHandler              
00002041  TIMG0_IRQHandler              
00002041  TIMG12_IRQHandler             
00002041  TIMG6_IRQHandler              
00002001  TIMG7_IRQHandler              
00002139  TIMG8_IRQHandler              
00002161  TI_memcpy_small               
000021c3  TI_memset_small               
000002e9  TestDisk                      
00000ff5  Testmain1                     
2020175c  TimeMs                        
00001b99  Tx2Fifo_Get                   
00001a21  TxFifo_Get                    
00001a6d  TxFifo_Put                    
000020c5  TxFifo_Size                   
20201760  TxGetI                        
20201764  TxPutI                        
00001685  UART0_IRQHandler              
00002041  UART1_IRQHandler              
000016e1  UART2_IRQHandler              
00002041  UART3_IRQHandler              
00001cad  UART_OutChar                  
00001f95  UART_OutString                
00001ddd  UART_OutUDec                  
00001621  VirusDetector                 
20208000  __STACK_END                   
00000200  __STACK_SIZE                  
00000200  __SYSMEM_SIZE                 
00000000  __TI_ATRegion0_region_sz      
00000000  __TI_ATRegion0_src_addr       
00000000  __TI_ATRegion0_trg_addr       
00000000  __TI_ATRegion1_region_sz      
00000000  __TI_ATRegion1_src_addr       
00000000  __TI_ATRegion1_trg_addr       
00000000  __TI_ATRegion2_region_sz      
00000000  __TI_ATRegion2_src_addr       
00000000  __TI_ATRegion2_trg_addr       
00002874  __TI_CINIT_Base               
00002884  __TI_CINIT_Limit              
00002884  __TI_CINIT_Warm               
00002860  __TI_Handler_Table_Base       
0000286c  __TI_Handler_Table_Limit      
00001d69  __TI_auto_init_nobinit_nopinit
00001311  __TI_decompress_lzss          
00002173  __TI_decompress_none          
ffffffff  __TI_pprof_out_hndl           
ffffffff  __TI_prof_data_size           
ffffffff  __TI_prof_data_start          
00000000  __TI_static_base__            
000021a5  __TI_zero_init                
00001795  __aeabi_idiv                  
0000147b  __aeabi_idiv0                 
00001795  __aeabi_idivmod               
000021f5  __aeabi_memclr                
000021f5  __aeabi_memclr4               
000021f5  __aeabi_memclr8               
0000221d  __aeabi_memcpy                
0000221d  __aeabi_memcpy4               
0000221d  __aeabi_memcpy8               
00001ced  __aeabi_uidiv                 
00001ced  __aeabi_uidivmod              
ffffffff  __binit__                     
UNDEFED   __mpu_init                    
20207e00  __stack                       
20200000  __start___llvm_prf_bits       
20200000  __start___llvm_prf_cnts       
20200000  __stop___llvm_prf_bits        
20200000  __stop___llvm_prf_cnts        
00001f6d  _c_int00_noargs               
20201770  _sys_memory                   
UNDEFED   _system_post_cinit            
0000223f  _system_pre_init              
00002225  abort                         
ffffffff  binit                         
20201478  buffer                        
20201997  currID                        
000014ed  diskError                     
0000147d  disk_timerproc                
000000c1  eDisk_Init                    
00000e31  eDisk_Read                    
000020dd  eDisk_ReadBlock               
00000d19  eDisk_Write                   
000020f5  eDisk_WriteBlock              
00001841  fillmessage                   
00000000  interruptVectors              
00002079  main                          
20200000  tcbs                          
20201700  used_tcbs                     


GLOBAL SYMBOLS: SORTED BY Symbol Address 

address   name                          
-------   ----                          
00000000  __TI_ATRegion0_region_sz      
00000000  __TI_ATRegion0_src_addr       
00000000  __TI_ATRegion0_trg_addr       
00000000  __TI_ATRegion1_region_sz      
00000000  __TI_ATRegion1_src_addr       
00000000  __TI_ATRegion1_trg_addr       
00000000  __TI_ATRegion2_region_sz      
00000000  __TI_ATRegion2_src_addr       
00000000  __TI_ATRegion2_trg_addr       
00000000  __TI_static_base__            
00000000  interruptVectors              
000000c1  eDisk_Init                    
00000200  __STACK_SIZE                  
00000200  __SYSMEM_SIZE                 
000002e9  TestDisk                      
000004c5  Clock_Init80MHz               
00000679  ST7735_DrawChar               
0000081d  ST7735_Message                
00000bf7  OS_Init                       
00000bf9  SPI1_Init                     
00000d19  eDisk_Write                   
00000e31  eDisk_Read                    
00000f15  OS_AddThread                  
00000ff5  Testmain1                     
00001109  ST7735_DrawString             
0000118d  ST7735_OutUDec                
00001295  LaunchPad_Init                
00001311  __TI_decompress_lzss          
0000147b  __aeabi_idiv0                 
0000147d  disk_timerproc                
000014ed  diskError                     
00001559  TFT_OutCommand                
000015bd  TFT_OutData                   
00001621  VirusDetector                 
00001685  UART0_IRQHandler              
000016e1  UART2_IRQHandler              
0000173d  Logic_Init                    
00001795  __aeabi_idiv                  
00001795  __aeabi_idivmod               
000017ed  GROUP1_IRQHandler             
00001841  fillmessage                   
00001894  OSDisableInterrupts           
00001898  OSEnableInterrupts            
0000189c  StartCritical                 
000018a4  EndCritical                   
000018aa  StartOS                       
000018ad  PendSV_Handler                
000018c7  SVC_Handler                   
00001989  Rx2Fifo_Put                   
000019d5  RxFifo_Put                    
00001a21  TxFifo_Get                    
00001a6d  TxFifo_Put                    
00001b51  OS_Launch                     
00001b99  Tx2Fifo_Get                   
00001c6d  SPI1_Reset                    
00001cad  UART_OutChar                  
00001ced  __aeabi_uidiv                 
00001ced  __aeabi_uidivmod              
00001d69  __TI_auto_init_nobinit_nopinit
00001da5  ActivatePortA_B               
00001ddd  UART_OutUDec                  
00001e15  Clock_Delay1ms                
00001e49  ST7735_SetCursor              
00001e7d  StartTestDisk                 
00001eb1  Check                         
00001ee1  SysTick_Handler               
00001f6d  _c_int00_noargs               
00001f95  UART_OutString                
00001fbd  CS_Init                       
00001fe1  Random32                      
00002001  TIMG7_IRQHandler              
00002041  ADC0_IRQHandler               
00002041  ADC1_IRQHandler               
00002041  AES_IRQHandler                
00002041  CANFD0_IRQHandler             
00002041  DAC0_IRQHandler               
00002041  DMA_IRQHandler                
00002041  Default_Handler               
00002041  GROUP0_IRQHandler             
00002041  I2C0_IRQHandler               
00002041  I2C1_IRQHandler               
00002041  NMI_Handler                   
00002041  RTC_IRQHandler                
00002041  SPI0_IRQHandler               
00002041  SPI1_IRQHandler               
00002041  TIMA0_IRQHandler              
00002041  TIMA1_IRQHandler              
00002041  TIMG0_IRQHandler              
00002041  TIMG12_IRQHandler             
00002041  TIMG6_IRQHandler              
00002041  UART1_IRQHandler              
00002041  UART3_IRQHandler              
0000205d  HardFault_Handler             
00002079  main                          
00002095  TFLuna2_InStatus              
000020ad  TFLuna2_OutStatus             
000020c5  TxFifo_Size                   
000020dd  eDisk_ReadBlock               
000020f5  eDisk_WriteBlock              
00002125  ST7735_SetTextColor           
00002139  TIMG8_IRQHandler              
00002161  TI_memcpy_small               
00002173  __TI_decompress_none          
00002185  Clock_Delay                   
00002195  Delay                         
000021a5  __TI_zero_init                
000021b5  OS_AddPeriodicThread          
000021c3  TI_memset_small               
000021d1  Clock_Freq                    
000021dd  OS_AddPA28Task                
000021e9  OS_AddS2Task                  
000021f5  __aeabi_memclr                
000021f5  __aeabi_memclr4               
000021f5  __aeabi_memclr8               
00002201  Random8                       
0000220b  OS_Sleep                      
00002213  OS_bSignal                    
0000221d  __aeabi_memcpy                
0000221d  __aeabi_memcpy4               
0000221d  __aeabi_memcpy8               
00002225  abort                         
0000222a  C$$EXIT                       
0000222b  HOSTexit                      
0000222f  OS_Id                         
00002233  OS_Kill                       
00002237  OS_Time                       
0000223b  Reset_Handler                 
0000223f  _system_pre_init              
00002860  __TI_Handler_Table_Base       
0000286c  __TI_Handler_Table_Limit      
00002874  __TI_CINIT_Base               
00002884  __TI_CINIT_Limit              
00002884  __TI_CINIT_Warm               
20200000  __start___llvm_prf_bits       
20200000  __start___llvm_prf_cnts       
20200000  __stop___llvm_prf_bits        
20200000  __stop___llvm_prf_cnts        
20200000  tcbs                          
20201478  buffer                        
202016e8  Message                       
202016f4  TFLuna2DataMessage            
20201700  used_tcbs                     
20201724  BadCheckSum2                  
20201728  Checks                        
2020172c  Checksum                      
20201730  ChecksumErrors                
20201734  ChecksumOriginal              
20201738  LCDFree                       
2020173c  Messageindex                  
20201740  NumCreated                    
20201744  Running                       
20201748  RxGetI                        
2020174c  RxPutI                        
20201750  TFLuna2Distance               
20201754  TFLuna2Function               
20201758  TFLuna2Index                  
2020175c  TimeMs                        
20201760  TxGetI                        
20201764  TxPutI                        
20201769  TFLuna2LastByte               
20201770  _sys_memory                   
20201970  BusFreq                       
20201974  M                             
20201978  NextThreadPt                  
2020197c  PrevRunPt                     
20201980  RunPt                         
20201984  SPI1_init_Flag                
20201988  StX                           
2020198c  StY                           
20201990  StTextColor                   
20201997  currID                        
20207e00  __stack                       
20208000  __STACK_END                   
ffffffff  __TI_pprof_out_hndl           
ffffffff  __TI_prof_data_size           
ffffffff  __TI_prof_data_start          
ffffffff  __binit__                     
ffffffff  binit                         
UNDEFED   __mpu_init                    
UNDEFED   _system_post_cinit            

[180 symbols]
