******************************************************************************
            TI ARM Clang Linker PC v4.0.4                      
******************************************************************************
>> Linked Wed Feb 11 16:19:28 2026

OUTPUT FILE NAME:   <RTOS_Lab4_FileSystem.out>
ENTRY POINT SYMBOL: "_c_int00_noargs"  address: 0000281d


MEMORY CONFIGURATION

         name            origin    length      used     unused   attr    fill
----------------------  --------  ---------  --------  --------  ----  --------
  FLASH                 00000000   00020000  00003138  0001cec8  R  X
  SRAM                  20200000   00008000  00001c4f  000063b1  RW X
  BCR_CONFIG            41c00000   00000080  00000000  00000080  R   
  BSL_CONFIG            41c00100   00000080  00000000  00000080  R   


SEGMENT ALLOCATION MAP

run origin  load origin   length   init length attrs members
----------  ----------- ---------- ----------- ----- -------
00000000    00000000    00003138   00003138    r-x
  00000000    00000000    000000c0   000000c0    r-- .intvecs
  000000c0    000000c0    00002a38   00002a38    r-x .text
  00002af8    00002af8    00000600   00000600    r-- .rodata
  000030f8    000030f8    00000040   00000040    r-- .cinit
20200000    20200000    00001a55   00000000    rw-
  20200000    20200000    00001822   00000000    rw- .bss
  20201828    20201828    00000200   00000000    rw- .sysmem
  20201a28    20201a28    0000002d   00000000    rw- .data
20207e00    20207e00    00000200   00000000    rw-
  20207e00    20207e00    00000200   00000000    rw- .stack


SECTION ALLOCATION MAP

 output                                  attributes/
section   page    origin      length       input sections
--------  ----  ----------  ----------   ----------------
.intvecs   0    00000000    000000c0     
                  00000000    000000c0     startup_mspm0g3507_ticlang.o (.intvecs)

.text      0    000000c0    00002a38     
                  000000c0    00000228     eDisk.o (.text.eDisk_Init)
                  000002e8    000001dc     RTOS_Lab4.o (.text.TestDisk)
                  000004c4    000001b4     Clock.o (.text.Clock_Init80MHz)
                  00000678    000001a4     ST7735_SDC.o (.text.ST7735_DrawChar)
                  0000081c    00000188     OS.o (.text.OS_AddThread)
                  000009a4    00000180     ST7735_SDC.o (.text.ST7735_Message)
                  00000b24    00000144     TFLuna2.o (.text.copyHardwareToSoftware2)
                  00000c68    00000126     eDisk.o (.text.send_cmd)
                  00000d8e    00000002     libclang_rt.builtins.a : aeabi_div0.c.obj (.text.__aeabi_idiv0)
                  00000d90    00000120     SPI.o (.text.SPI1_Init)
                  00000eb0    00000118     eDisk.o (.text.eDisk_Write)
                  00000fc8    000000e4     OS.o (.text.GROUP1_IRQHandler)
                  000010ac    000000e4     eDisk.o (.text.eDisk_Read)
                  00001190    000000dc     OS.o (.text.OS_AddPeriodicThread)
                  0000126c    000000c4     OS.o (.text.OS_Sleep)
                  00001330    000000b8     OS.o (.text.OS_AddS2Task)
                  000013e8    000000a8     Timer.o (.text.TimerG7_IntArm)
                  00001490    000000a8     Timer.o (.text.TimerG8_IntArm)
                  00001538    000000a0     OS.o (.text.SysTick_Handler)
                  000015d8    000000a0     OS.o (.text.TIMG7_IRQHandler)
                  00001678    00000094     ST7735_SDC.o (.text.ST7735_OutUDec)
                  0000170c    00000090     OS.o (.text.EdgeTriggered_Init)
                  0000179c    0000008c     RTOS_Lab4.o (.text.Testmain1)
                  00001828    00000088     OS.o (.text.TIMG8_IRQHandler)
                  000018b0    00000088     ST7735_SDC.o (.text.setAddrWindow)
                  00001938    00000084     ST7735_SDC.o (.text.ST7735_DrawString)
                  000019bc    00000084     OS.o (.text.__NVIC_SetPriority)
                  00001a40    0000007c     LaunchPad.o (.text.LaunchPad_Init)
                  00001abc    0000007c     libc.a : copy_decompress_lzss.c.obj (.text:decompress:lzss)
                  00001b38    00000078     eDisk.o (.text.rcvr_datablock)
                  00001bb0    00000076     eDisk.o (.text.xmit_datablock)
                  00001c26    00000002     --HOLE-- [fill = 0]
                  00001c28    00000070     eDisk.o (.text.disk_timerproc)
                  00001c98    00000070     osasm.o (.text)
                  00001d08    0000006c     RTOS_Lab4.o (.text.diskError)
                  00001d74    00000064     OS.o (.text.OS_Kill)
                  00001dd8    00000064     SPI.o (.text.TFT_OutCommand)
                  00001e3c    00000064     SPI.o (.text.TFT_OutData)
                  00001ea0    00000064     RTOS_Lab4.o (.text.VirusDetector)
                  00001f04    00000060     Timer.o (.text.TimerG12_Init)
                  00001f64    0000005c     RTOS_UARTints.o (.text.UART0_IRQHandler)
                  00001fc0    0000005c     TFLuna2.o (.text.UART2_IRQHandler)
                  0000201c    00000058     RTOS_Lab4.o (.text.Logic_Init)
                  00002074    00000056     libclang_rt.builtins.a : aeabi_idivmod.S.obj (.text.__aeabi_idivmod)
                  000020ca    00000002     --HOLE-- [fill = 0]
                  000020cc    00000054     ST7735_SDC.o (.text.fillmessage)
                  00002120    00000050     eDisk.o (.text.wait_ready)
                  00002170    00000050     eDisk.o (.text.xmit_spi_multi)
                  000021c0    0000004c     TFLuna2.o (.text.Rx2Fifo_Put)
                  0000220c    0000004c     RTOS_FIFO.o (.text.RxFifo_Put)
                  00002258    0000004c     RTOS_FIFO.o (.text.TxFifo_Get)
                  000022a4    0000004c     RTOS_FIFO.o (.text.TxFifo_Put)
                  000022f0    0000004c     TFLuna2.o (.text.copySoftwareToHardware2)
                  0000233c    0000004c     RTOS_UARTints.o (.text.copySoftwareToHardware)
                  00002388    00000048     TFLuna2.o (.text.Tx2Fifo_Get)
                  000023d0    00000048     OS.o (.text.get_next_free_tcb)
                  00002418    00000048     eDisk.o (.text.xchg_spi)
                  00002460    00000044     eDisk.o (.text.select)
                  000024a4    00000040     SPI.o (.text.SPI1_Reset)
                  000024e4    00000040     RTOS_UARTints.o (.text.UART_OutChar)
                  00002524    00000040     libclang_rt.builtins.a : aeabi_uidivmod.S.obj (.text.__aeabi_uidivmod)
                  00002564    0000003c     OS.o (.text.OS_Init)
                  000025a0    0000003c     eDisk.o (.text.rcvr_spi)
                  000025dc    0000003c     libc.a : autoinit.c.obj (.text:__TI_auto_init_nobinit_nopinit)
                  00002618    0000003a     OS.o (.text.OS_bWait)
                  00002652    00000002     --HOLE-- [fill = 0]
                  00002654    00000038     LaunchPad.o (.text.ActivatePortA_B)
                  0000268c    00000036     RTOS_UART.o (.text.UART_OutUDec)
                  000026c2    00000002     --HOLE-- [fill = 0]
                  000026c4    00000034     Clock.o (.text.Clock_Delay1ms)
                  000026f8    00000034     ST7735_SDC.o (.text.ST7735_SetCursor)
                  0000272c    00000034     RTOS_Lab4.o (.text.StartTestDisk)
                  00002760    00000030     RTOS_Lab4.o (.text.Check)
                  00002790    00000030     OS.o (.text.OS_Launch)
                  000027c0    00000030     RTOS_UARTints.o (.text.copyHardwareToSoftware)
                  000027f0    0000002c     eDisk.o (.text.rcvr_spi_multi)
                  0000281c    00000028     libc.a : boot_cortex_m.c.obj (.text:_c_int00_noargs)
                  00002844    00000026     RTOS_UART.o (.text.UART_OutString)
                  0000286a    00000002     --HOLE-- [fill = 0]
                  0000286c    00000024     SPI.o (.text.CS_Init)
                  00002890    00000020     RTOS_Lab4.o (.text.Random32)
                  000028b0    0000001e     ST7735_SDC.o (.text.pushColor)
                  000028ce    00000002     --HOLE-- [fill = 0]
                  000028d0    0000001c     startup_mspm0g3507_ticlang.o (.text.Default_Handler)
                  000028ec    0000001c     startup_mspm0g3507_ticlang.o (.text.HardFault_Handler)
                  00002908    0000001c     OS.o (.text.OS_ClearMsTime)
                  00002924    0000001c     OS.o (.text.OS_bSignal)
                  00002940    0000001c     RTOS_Lab4.o (.text.main)
                  0000295c    00000018     OS.o (.text.OS_Suspend)
                  00002974    00000018     TFLuna2.o (.text.TFLuna2_InStatus)
                  0000298c    00000018     TFLuna2.o (.text.TFLuna2_OutStatus)
                  000029a4    00000018     RTOS_FIFO.o (.text.TxFifo_Size)
                  000029bc    00000018     eDisk.o (.text.eDisk_ReadBlock)
                  000029d4    00000018     eDisk.o (.text.eDisk_WriteBlock)
                  000029ec    00000018     eDisk.o (.text.init_spi)
                  00002a04    00000014     ST7735_SDC.o (.text.ST7735_SetTextColor)
                  00002a18    00000014     eDisk.o (.text.deselect)
                  00002a2c    00000012     libc.a : memcpy16.S.obj (.text:TI_memcpy_small)
                  00002a3e    00000012            : copy_decompress_none.c.obj (.text:decompress:none)
                  00002a50    00000010     Clock.o (.text.Clock_Delay)
                  00002a60    00000010     LaunchPad.o (.text.Delay)
                  00002a70    00000010     libc.a : copy_zero_init.c.obj (.text:decompress:ZI)
                  00002a80    0000000e            : memset16.S.obj (.text:TI_memset_small)
                  00002a8e    00000002     --HOLE-- [fill = 0]
                  00002a90    0000000c     Clock.o (.text.Clock_Freq)
                  00002a9c    0000000c     OS.o (.text.OS_AddPA28Task)
                  00002aa8    0000000c     OS.o (.text.OS_Id)
                  00002ab4    0000000c     OS.o (.text.OS_Time)
                  00002ac0    0000000c     libclang_rt.builtins.a : aeabi_memset.S.obj (.text.__aeabi_memclr)
                  00002acc    0000000a     RTOS_Lab4.o (.text.Random8)
                  00002ad6    00000002     --HOLE-- [fill = 0]
                  00002ad8    00000008     libclang_rt.builtins.a : aeabi_memcpy.S.obj (.text.__aeabi_memcpy)
                  00002ae0    00000006     libc.a : exit.c.obj (.text:abort)
                  00002ae6    00000004     libsysbm.a : hostexit.c.obj (.text.HOSTexit)
                  00002aea    00000004     startup_mspm0g3507_ticlang.o (.text.Reset_Handler)
                  00002aee    00000004     libc.a : pre_init.c.obj (.text._system_pre_init)
                  00002af2    00000006     --HOLE-- [fill = 0]

.cinit     0    000030f8    00000040     
                  000030f8    0000001a     (.cinit..data.load) [load image, compression = lzss]
                  00003112    00000002     --HOLE-- [fill = 0]
                  00003114    0000000c     (__TI_handler_table)
                  00003120    00000008     (.cinit..bss.load) [load image, compression = zero_init]
                  00003128    00000010     (__TI_cinit_table)

.rodata    0    00002af8    00000600     
                  00002af8    000004fb     ST7735_SDC.o (.rodata.Font)
                  00002ff3    00000029     RTOS_Lab4.o (.rodata.str1.7311154991851211108.1)
                  0000301c    00000020     RTOS_Lab4.o (.rodata.str1.6837049094189945938.1)
                  0000303c    0000001e     RTOS_Lab4.o (.rodata.str1.14228268872972887264.1)
                  0000305a    00000011     RTOS_Lab4.o (.rodata.str1.10301530792065855583.1)
                  0000306b    00000011     RTOS_Lab4.o (.rodata.str1.1050382796086933273.1)
                  0000307c    00000011     RTOS_Lab4.o (.rodata.str1.15278129946318270186.1)
                  0000308d    00000011     RTOS_Lab4.o (.rodata.str1.15448288740872795977.1)
                  0000309e    00000011     RTOS_Lab4.o (.rodata.str1.5923069061183206525.1)
                  000030af    00000010     RTOS_Lab4.o (.rodata.str1.11206165847214459049.1)
                  000030bf    0000000c     RTOS_Lab4.o (.rodata.str1.8229618897703649964.1)
                  000030cb    0000000b     RTOS_Lab4.o (.rodata.str1.11500409742209980179.1)
                  000030d6    0000000b     RTOS_Lab4.o (.rodata.str1.15362941047366836075.1)
                  000030e1    00000008     RTOS_Lab4.o (.rodata.str1.3583415386369134498.1)
                  000030e9    00000006     RTOS_Lab4.o (.rodata.str1.9083732885720202194.1)
                  000030ef    00000005     RTOS_Lab4.o (.rodata.str1.3422587475573452349.1)
                  000030f4    00000003     RTOS_Lab4.o (.rodata.str1.14055571167711525929.1)
                  000030f7    00000001     --HOLE-- [fill = 0]

.init_array 
*          0    00000000    00000000     UNINITIALIZED

.binit     0    00000000    00000000     

.bss       0    20200000    00001822     UNINITIALIZED
                  20200000    00001400     (.common:stacks)
                  20201400    00000200     (.common:buffer)
                  20201600    000000c8     (.common:tcbs)
                  202016c8    00000050     (.common:periodic_threads)
                  20201718    00000040     RTOS_FIFO.o (.bss.TxFifo)
                  20201758    00000018     (.common:s2_threads)
                  20201770    00000010     TFLuna2.o (.bss.Rx2Fifo)
                  20201780    00000010     RTOS_FIFO.o (.bss.RxFifo)
                  20201790    00000010     TFLuna2.o (.bss.Tx2Fifo)
                  202017a0    0000000c     (.common:Message)
                  202017ac    0000000c     (.common:TFLuna2DataMessage)
                  202017b8    0000000a     (.common:used_tcbs)
                  202017c2    00000001     eDisk.o (.bss.CardType)
                  202017c3    00000001     ST7735_SDC.o (.bss.ColStart)
                  202017c4    00000004     TFLuna2.o (.bss.Rx2GetI)
                  202017c8    00000004     TFLuna2.o (.bss.Rx2PutI)
                  202017cc    00000004     eDisk.o (.bss.Timer1)
                  202017d0    00000004     eDisk.o (.bss.Timer2)
                  202017d4    00000004     TFLuna2.o (.bss.Tx2GetI)
                  202017d8    00000004     TFLuna2.o (.bss.Tx2PutI)
                  202017dc    00000004     (.common:BadCheckSum2)
                  202017e0    00000004     (.common:Checks)
                  202017e4    00000004     (.common:Checksum)
                  202017e8    00000004     (.common:ChecksumErrors)
                  202017ec    00000004     (.common:ChecksumOriginal)
                  202017f0    00000004     (.common:LCDFree)
                  202017f4    00000004     (.common:Messageindex)
                  202017f8    00000004     (.common:NumCreated)
                  202017fc    00000004     (.common:Running)
                  20201800    00000004     (.common:RxGetI)
                  20201804    00000004     (.common:RxPutI)
                  20201808    00000004     (.common:TFLuna2Distance)
                  2020180c    00000004     (.common:TFLuna2Function)
                  20201810    00000004     (.common:TFLuna2Index)
                  20201814    00000004     (.common:TimeMs)
                  20201818    00000004     (.common:TxGetI)
                  2020181c    00000004     (.common:TxPutI)
                  20201820    00000001     ST7735_SDC.o (.bss.RowStart)
                  20201821    00000001     (.common:TFLuna2LastByte)

.sysmem    0    20201828    00000200     UNINITIALIZED
                  20201828    00000010     libc.a : memory.c.obj (.sysmem)
                  20201838    000001f0     --HOLE--

.data      0    20201a28    0000002d     UNINITIALIZED
                  20201a28    00000004     Clock.o (.data.BusFreq)
                  20201a2c    00000004     ST7735_SDC.o (.data.Display_Free)
                  20201a30    00000004     RTOS_Lab4.o (.data.M)
                  20201a34    00000004     OS.o (.data.NextThreadPt)
                  20201a38    00000004     OS.o (.data.RunPt)
                  20201a3c    00000004     SPI.o (.data.SPI1_init_Flag)
                  20201a40    00000004     ST7735_SDC.o (.data.StX)
                  20201a44    00000004     ST7735_SDC.o (.data.StY)
                  20201a48    00000004     OS.o (.data.delta_queue_head)
                  20201a4c    00000002     ST7735_SDC.o (.data.StTextColor)
                  20201a4e    00000002     ST7735_SDC.o (.data._height)
                  20201a50    00000002     ST7735_SDC.o (.data._width)
                  20201a52    00000001     eDisk.o (.data.Stat)
                  20201a53    00000001     OS.o (.data.num_periodic_threads)
                  20201a54    00000001     OS.o (.data.num_s2_threads)

.stack     0    20207e00    00000200     UNINITIALIZED
                  20207e00    00000004     libc.a : boot_cortex_m.c.obj (.stack)
                  20207e04    000001fc     --HOLE--

__llvm_prf_cnts 
*          0    20200000    00000000     UNINITIALIZED

__llvm_prf_bits 
*          0    20200000    00000000     UNINITIALIZED

MODULE SUMMARY

       Module                         code    ro data   rw data
       ------                         ----    -------   -------
    .\
       OS.o                           2406    0         5452   
       ST7735_SDC.o                   1406    1275      36     
       eDisk.o                        2200    0         10     
       RTOS_Lab4.o                    1082    260       544    
       TFLuna2.o                      688     0         77     
       SPI.o                          588     0         4      
       Clock.o                        516     0         4      
       Timer.o                        432     0         0      
       RTOS_FIFO.o                    252     0         96     
       RTOS_UARTints.o                280     0         0      
       LaunchPad.o                    196     0         0      
       osasm.o                        112     0         0      
       RTOS_UART.o                    92      0         0      
    +--+------------------------------+-------+---------+---------+
       Total:                         10250   1535      6223   
                                                               
    .\ticlang\
       startup_mspm0g3507_ticlang.o   60      192       0      
    +--+------------------------------+-------+---------+---------+
       Total:                         60      192       0      
                                                               
    C:\ti\ccs2040\ccs\tools\compiler\ti-cgt-armllvm_4.0.4.LTS\lib\armv6m-ti-none-eabi/c/libc.a
       copy_decompress_lzss.c.obj     124     0         0      
       autoinit.c.obj                 60      0         0      
       boot_cortex_m.c.obj            40      0         0      
       copy_decompress_none.c.obj     18      0         0      
       memcpy16.S.obj                 18      0         0      
       copy_zero_init.c.obj           16      0         0      
       memset16.S.obj                 14      0         0      
       exit.c.obj                     6       0         0      
       pre_init.c.obj                 4       0         0      
    +--+------------------------------+-------+---------+---------+
       Total:                         300     0         0      
                                                               
    C:\ti\ccs2040\ccs\tools\compiler\ti-cgt-armllvm_4.0.4.LTS\lib\armv6m-ti-none-eabi/c/libsysbm.a
       hostexit.c.obj                 4       0         0      
    +--+------------------------------+-------+---------+---------+
       Total:                         4       0         0      
                                                               
    C:\ti\ccs2040\ccs\tools\compiler\ti-cgt-armllvm_4.0.4.LTS\lib\armv6m-ti-none-eabi/libclang_rt.builtins.a
       aeabi_idivmod.S.obj            86      0         0      
       aeabi_uidivmod.S.obj           64      0         0      
       aeabi_memset.S.obj             12      0         0      
       aeabi_memcpy.S.obj             8       0         0      
       aeabi_div0.c.obj               2       0         0      
    +--+------------------------------+-------+---------+---------+
       Total:                         172     0         0      
                                                               
       Heap:                          0       0         512    
       Stack:                         0       0         512    
       Linker Generated:              0       62        0      
    +--+------------------------------+-------+---------+---------+
       Grand Total:                   10786   1789      7247   


LINKER GENERATED COPY TABLES

__TI_cinit_table @ 00003128 records: 2, size/record: 8, table size: 16
	.data: load addr=000030f8, load size=0000001a bytes, run addr=20201a28, run size=0000002d bytes, compression=lzss
	.bss: load addr=00003120, load size=00000008 bytes, run addr=20200000, run size=00001822 bytes, compression=zero_init


LINKER GENERATED HANDLER TABLE

__TI_handler_table @ 00003114 records: 3, size/record: 4, table size: 12
	index: 0, handler: __TI_decompress_lzss
	index: 1, handler: __TI_decompress_none
	index: 2, handler: __TI_zero_init


GLOBAL SYMBOLS: SORTED ALPHABETICALLY BY Name 

address   name                          
-------   ----                          
000028d1  ADC0_IRQHandler               
000028d1  ADC1_IRQHandler               
000028d1  AES_IRQHandler                
00002655  ActivatePortA_B               
202017dc  BadCheckSum2                  
20201a28  BusFreq                       
00002ae6  C$$EXIT                       
000028d1  CANFD0_IRQHandler             
0000286d  CS_Init                       
00002761  Check                         
202017e0  Checks                        
202017e4  Checksum                      
202017e8  ChecksumErrors                
202017ec  ChecksumOriginal              
00002a51  Clock_Delay                   
000026c5  Clock_Delay1ms                
00002a91  Clock_Freq                    
000004c5  Clock_Init80MHz               
000028d1  DAC0_IRQHandler               
000028d1  DMA_IRQHandler                
000028d1  Default_Handler               
00002a61  Delay                         
20201a2c  Display_Free                  
0000170d  EdgeTriggered_Init            
00001ca8  EndCritical                   
000028d1  GROUP0_IRQHandler             
00000fc9  GROUP1_IRQHandler             
00002ae7  HOSTexit                      
000028ed  HardFault_Handler             
000028d1  I2C0_IRQHandler               
000028d1  I2C1_IRQHandler               
202017f0  LCDFree                       
00001a41  LaunchPad_Init                
0000201d  Logic_Init                    
20201a30  M                             
202017a0  Message                       
202017f4  Messageindex                  
000028d1  NMI_Handler                   
20201a34  NextThreadPt                  
202017f8  NumCreated                    
00001c98  OSDisableInterrupts           
00001c9c  OSEnableInterrupts            
00002a9d  OS_AddPA28Task                
00001191  OS_AddPeriodicThread          
00001331  OS_AddS2Task                  
0000081d  OS_AddThread                  
00002909  OS_ClearMsTime                
00002aa9  OS_Id                         
00002565  OS_Init                       
00001d75  OS_Kill                       
00002791  OS_Launch                     
0000126d  OS_Sleep                      
0000295d  OS_Suspend                    
00002ab5  OS_Time                       
00002925  OS_bSignal                    
00002619  OS_bWait                      
00001cc9  PendSV_Handler                
000028d1  RTC_IRQHandler                
00002891  Random32                      
00002acd  Random8                       
00002aeb  Reset_Handler                 
20201a38  RunPt                         
202017fc  Running                       
000021c1  Rx2Fifo_Put                   
0000220d  RxFifo_Put                    
20201800  RxGetI                        
20201804  RxPutI                        
000028d1  SPI0_IRQHandler               
000028d1  SPI1_IRQHandler               
00000d91  SPI1_Init                     
000024a5  SPI1_Reset                    
20201a3c  SPI1_init_Flag                
00000679  ST7735_DrawChar               
00001939  ST7735_DrawString             
000009a5  ST7735_Message                
00001679  ST7735_OutUDec                
000026f9  ST7735_SetCursor              
00002a05  ST7735_SetTextColor           
00001ce5  SVC_Handler                   
20201a4c  StTextColor                   
20201a40  StX                           
20201a44  StY                           
00001ca0  StartCritical                 
00001cae  StartOS                       
0000272d  StartTestDisk                 
00001539  SysTick_Handler               
202017ac  TFLuna2DataMessage            
20201808  TFLuna2Distance               
2020180c  TFLuna2Function               
20201810  TFLuna2Index                  
20201821  TFLuna2LastByte               
00002975  TFLuna2_InStatus              
0000298d  TFLuna2_OutStatus             
00001dd9  TFT_OutCommand                
00001e3d  TFT_OutData                   
000028d1  TIMA0_IRQHandler              
000028d1  TIMA1_IRQHandler              
000028d1  TIMG0_IRQHandler              
000028d1  TIMG12_IRQHandler             
000028d1  TIMG6_IRQHandler              
000015d9  TIMG7_IRQHandler              
00001829  TIMG8_IRQHandler              
00002a2d  TI_memcpy_small               
00002a81  TI_memset_small               
000002e9  TestDisk                      
0000179d  Testmain1                     
20201814  TimeMs                        
00001f05  TimerG12_Init                 
000013e9  TimerG7_IntArm                
00001491  TimerG8_IntArm                
00002389  Tx2Fifo_Get                   
00002259  TxFifo_Get                    
000022a5  TxFifo_Put                    
000029a5  TxFifo_Size                   
20201818  TxGetI                        
2020181c  TxPutI                        
00001f65  UART0_IRQHandler              
000028d1  UART1_IRQHandler              
00001fc1  UART2_IRQHandler              
000028d1  UART3_IRQHandler              
000024e5  UART_OutChar                  
00002845  UART_OutString                
0000268d  UART_OutUDec                  
00001ea1  VirusDetector                 
20208000  __STACK_END                   
00000200  __STACK_SIZE                  
00000200  __SYSMEM_SIZE                 
00000000  __TI_ATRegion0_region_sz      
00000000  __TI_ATRegion0_src_addr       
00000000  __TI_ATRegion0_trg_addr       
00000000  __TI_ATRegion1_region_sz      
00000000  __TI_ATRegion1_src_addr       
00000000  __TI_ATRegion1_trg_addr       
00000000  __TI_ATRegion2_region_sz      
00000000  __TI_ATRegion2_src_addr       
00000000  __TI_ATRegion2_trg_addr       
00003128  __TI_CINIT_Base               
00003138  __TI_CINIT_Limit              
00003138  __TI_CINIT_Warm               
00003114  __TI_Handler_Table_Base       
00003120  __TI_Handler_Table_Limit      
000025dd  __TI_auto_init_nobinit_nopinit
00001abd  __TI_decompress_lzss          
00002a3f  __TI_decompress_none          
ffffffff  __TI_pprof_out_hndl           
ffffffff  __TI_prof_data_size           
ffffffff  __TI_prof_data_start          
00000000  __TI_static_base__            
00002a71  __TI_zero_init                
00002075  __aeabi_idiv                  
00000d8f  __aeabi_idiv0                 
00002075  __aeabi_idivmod               
00002ac1  __aeabi_memclr                
00002ac1  __aeabi_memclr4               
00002ac1  __aeabi_memclr8               
00002ad9  __aeabi_memcpy                
00002ad9  __aeabi_memcpy4               
00002ad9  __aeabi_memcpy8               
00002525  __aeabi_uidiv                 
00002525  __aeabi_uidivmod              
ffffffff  __binit__                     
UNDEFED   __mpu_init                    
20207e00  __stack                       
20200000  __start___llvm_prf_bits       
20200000  __start___llvm_prf_cnts       
20200000  __stop___llvm_prf_bits        
20200000  __stop___llvm_prf_cnts        
0000281d  _c_int00_noargs               
20201828  _sys_memory                   
UNDEFED   _system_post_cinit            
00002aef  _system_pre_init              
00002ae1  abort                         
ffffffff  binit                         
20201400  buffer                        
20201a48  delta_queue_head              
00001d09  diskError                     
00001c29  disk_timerproc                
000000c1  eDisk_Init                    
000010ad  eDisk_Read                    
000029bd  eDisk_ReadBlock               
00000eb1  eDisk_Write                   
000029d5  eDisk_WriteBlock              
000020cd  fillmessage                   
000023d1  get_next_free_tcb             
00000000  interruptVectors              
00002941  main                          
20201a53  num_periodic_threads          
20201a54  num_s2_threads                
202016c8  periodic_threads              
20201758  s2_threads                    
20200000  stacks                        
20201600  tcbs                          
202017b8  used_tcbs                     


GLOBAL SYMBOLS: SORTED BY Symbol Address 

address   name                          
-------   ----                          
00000000  __TI_ATRegion0_region_sz      
00000000  __TI_ATRegion0_src_addr       
00000000  __TI_ATRegion0_trg_addr       
00000000  __TI_ATRegion1_region_sz      
00000000  __TI_ATRegion1_src_addr       
00000000  __TI_ATRegion1_trg_addr       
00000000  __TI_ATRegion2_region_sz      
00000000  __TI_ATRegion2_src_addr       
00000000  __TI_ATRegion2_trg_addr       
00000000  __TI_static_base__            
00000000  interruptVectors              
000000c1  eDisk_Init                    
00000200  __STACK_SIZE                  
00000200  __SYSMEM_SIZE                 
000002e9  TestDisk                      
000004c5  Clock_Init80MHz               
00000679  ST7735_DrawChar               
0000081d  OS_AddThread                  
000009a5  ST7735_Message                
00000d8f  __aeabi_idiv0                 
00000d91  SPI1_Init                     
00000eb1  eDisk_Write                   
00000fc9  GROUP1_IRQHandler             
000010ad  eDisk_Read                    
00001191  OS_AddPeriodicThread          
0000126d  OS_Sleep                      
00001331  OS_AddS2Task                  
000013e9  TimerG7_IntArm                
00001491  TimerG8_IntArm                
00001539  SysTick_Handler               
000015d9  TIMG7_IRQHandler              
00001679  ST7735_OutUDec                
0000170d  EdgeTriggered_Init            
0000179d  Testmain1                     
00001829  TIMG8_IRQHandler              
00001939  ST7735_DrawString             
00001a41  LaunchPad_Init                
00001abd  __TI_decompress_lzss          
00001c29  disk_timerproc                
00001c98  OSDisableInterrupts           
00001c9c  OSEnableInterrupts            
00001ca0  StartCritical                 
00001ca8  EndCritical                   
00001cae  StartOS                       
00001cc9  PendSV_Handler                
00001ce5  SVC_Handler                   
00001d09  diskError                     
00001d75  OS_Kill                       
00001dd9  TFT_OutCommand                
00001e3d  TFT_OutData                   
00001ea1  VirusDetector                 
00001f05  TimerG12_Init                 
00001f65  UART0_IRQHandler              
00001fc1  UART2_IRQHandler              
0000201d  Logic_Init                    
00002075  __aeabi_idiv                  
00002075  __aeabi_idivmod               
000020cd  fillmessage                   
000021c1  Rx2Fifo_Put                   
0000220d  RxFifo_Put                    
00002259  TxFifo_Get                    
000022a5  TxFifo_Put                    
00002389  Tx2Fifo_Get                   
000023d1  get_next_free_tcb             
000024a5  SPI1_Reset                    
000024e5  UART_OutChar                  
00002525  __aeabi_uidiv                 
00002525  __aeabi_uidivmod              
00002565  OS_Init                       
000025dd  __TI_auto_init_nobinit_nopinit
00002619  OS_bWait                      
00002655  ActivatePortA_B               
0000268d  UART_OutUDec                  
000026c5  Clock_Delay1ms                
000026f9  ST7735_SetCursor              
0000272d  StartTestDisk                 
00002761  Check                         
00002791  OS_Launch                     
0000281d  _c_int00_noargs               
00002845  UART_OutString                
0000286d  CS_Init                       
00002891  Random32                      
000028d1  ADC0_IRQHandler               
000028d1  ADC1_IRQHandler               
000028d1  AES_IRQHandler                
000028d1  CANFD0_IRQHandler             
000028d1  DAC0_IRQHandler               
000028d1  DMA_IRQHandler                
000028d1  Default_Handler               
000028d1  GROUP0_IRQHandler             
000028d1  I2C0_IRQHandler               
000028d1  I2C1_IRQHandler               
000028d1  NMI_Handler                   
000028d1  RTC_IRQHandler                
000028d1  SPI0_IRQHandler               
000028d1  SPI1_IRQHandler               
000028d1  TIMA0_IRQHandler              
000028d1  TIMA1_IRQHandler              
000028d1  TIMG0_IRQHandler              
000028d1  TIMG12_IRQHandler             
000028d1  TIMG6_IRQHandler              
000028d1  UART1_IRQHandler              
000028d1  UART3_IRQHandler              
000028ed  HardFault_Handler             
00002909  OS_ClearMsTime                
00002925  OS_bSignal                    
00002941  main                          
0000295d  OS_Suspend                    
00002975  TFLuna2_InStatus              
0000298d  TFLuna2_OutStatus             
000029a5  TxFifo_Size                   
000029bd  eDisk_ReadBlock               
000029d5  eDisk_WriteBlock              
00002a05  ST7735_SetTextColor           
00002a2d  TI_memcpy_small               
00002a3f  __TI_decompress_none          
00002a51  Clock_Delay                   
00002a61  Delay                         
00002a71  __TI_zero_init                
00002a81  TI_memset_small               
00002a91  Clock_Freq                    
00002a9d  OS_AddPA28Task                
00002aa9  OS_Id                         
00002ab5  OS_Time                       
00002ac1  __aeabi_memclr                
00002ac1  __aeabi_memclr4               
00002ac1  __aeabi_memclr8               
00002acd  Random8                       
00002ad9  __aeabi_memcpy                
00002ad9  __aeabi_memcpy4               
00002ad9  __aeabi_memcpy8               
00002ae1  abort                         
00002ae6  C$$EXIT                       
00002ae7  HOSTexit                      
00002aeb  Reset_Handler                 
00002aef  _system_pre_init              
00003114  __TI_Handler_Table_Base       
00003120  __TI_Handler_Table_Limit      
00003128  __TI_CINIT_Base               
00003138  __TI_CINIT_Limit              
00003138  __TI_CINIT_Warm               
20200000  __start___llvm_prf_bits       
20200000  __start___llvm_prf_cnts       
20200000  __stop___llvm_prf_bits        
20200000  __stop___llvm_prf_cnts        
20200000  stacks                        
20201400  buffer                        
20201600  tcbs                          
202016c8  periodic_threads              
20201758  s2_threads                    
202017a0  Message                       
202017ac  TFLuna2DataMessage            
202017b8  used_tcbs                     
202017dc  BadCheckSum2                  
202017e0  Checks                        
202017e4  Checksum                      
202017e8  ChecksumErrors                
202017ec  ChecksumOriginal              
202017f0  LCDFree                       
202017f4  Messageindex                  
202017f8  NumCreated                    
202017fc  Running                       
20201800  RxGetI                        
20201804  RxPutI                        
20201808  TFLuna2Distance               
2020180c  TFLuna2Function               
20201810  TFLuna2Index                  
20201814  TimeMs                        
20201818  TxGetI                        
2020181c  TxPutI                        
20201821  TFLuna2LastByte               
20201828  _sys_memory                   
20201a28  BusFreq                       
20201a2c  Display_Free                  
20201a30  M                             
20201a34  NextThreadPt                  
20201a38  RunPt                         
20201a3c  SPI1_init_Flag                
20201a40  StX                           
20201a44  StY                           
20201a48  delta_queue_head              
20201a4c  StTextColor                   
20201a53  num_periodic_threads          
20201a54  num_s2_threads                
20207e00  __stack                       
20208000  __STACK_END                   
ffffffff  __TI_pprof_out_hndl           
ffffffff  __TI_prof_data_size           
ffffffff  __TI_prof_data_start          
ffffffff  __binit__                     
ffffffff  binit                         
UNDEFED   __mpu_init                    
UNDEFED   _system_post_cinit            

[193 symbols]
