<?xml version="1.0" encoding="ISO-8859-1" ?>
<link_info>
   <banner>TI ARM Clang Linker PC v4.0.4.LTS</banner>
   <copyright>Copyright (c) 1996-2018 Texas Instruments Incorporated</copyright>
   <command_line>C:\ti\ccs2040\ccs\tools\compiler\ti-cgt-armllvm_4.0.4.LTS\bin\tiarmlnk -IC:\ti\ccs2040\ccs\tools\compiler\ti-cgt-armllvm_4.0.4.LTS\lib -o RTOS_Lab4_FileSystem.out -mRTOS_Lab4_FileSystem.map --heap_size=512 --stack_size=512 -iC:/UT Courses/Spring 2026/ECE-445M/MSPM0LabProjects/RTOS_Lab4_FileSystem/Debug/syscfg -iC:/ti/ccs2040/ccs/tools/compiler/ti-cgt-armllvm_4.0.4.LTS/lib --diag_wrap=off --display_error_number --warn_sections --xml_link_info=RTOS_Lab4_FileSystem_linkInfo.xml --rom_model ./ADC.o ./Clock.o ./DFT16.o ./IRDistance.o ./Interpreter.o ./LPF.o ./LaunchPad.o ./OS.o ./RTOS_FIFO.o ./RTOS_Lab4.o ./RTOS_UART.o ./RTOS_UARTints.o ./SPI.o ./ST7735_SDC.o ./TFLuna2.o ./TFLunaCommon.o ./Timer.o ./eDisk.o ./eFile.o ./osasm.o ./ticlang/startup_mspm0g3507_ticlang.o ../mspm0g3507.cmd -lC:/ti/mspm0_sdk_2_03_00_07/source/ti/driverlib/lib/ticlang/m0p/mspm0g1x0x_g3x0x/driverlib.a -llibc.a --start-group -llibc++.a -llibc++abi.a -llibc.a -llibsys.a -llibsysbm.a -llibclang_rt.builtins.a -llibclang_rt.profile.a --end-group --cg_opt_level=0</command_line>
   <link_time>0x698d0070</link_time>
   <link_errors>0x0</link_errors>
   <output_file>C:\UT Courses\Spring 2026\ECE-445M\MSPM0LabProjects\RTOS_Lab4_FileSystem\Debug\RTOS_Lab4_FileSystem.out</output_file>
   <entry_point>
      <name>_c_int00_noargs</name>
      <address>0x281d</address>
   </entry_point>
   <input_file_list>
      <input_file id="fl-1">
         <path>C:\UT Courses\Spring 2026\ECE-445M\MSPM0LabProjects\RTOS_Lab4_FileSystem\Debug\.\</path>
         <kind>object</kind>
         <file>ADC.o</file>
         <name>ADC.o</name>
      </input_file>
      <input_file id="fl-2">
         <path>C:\UT Courses\Spring 2026\ECE-445M\MSPM0LabProjects\RTOS_Lab4_FileSystem\Debug\.\</path>
         <kind>object</kind>
         <file>Clock.o</file>
         <name>Clock.o</name>
      </input_file>
      <input_file id="fl-3">
         <path>C:\UT Courses\Spring 2026\ECE-445M\MSPM0LabProjects\RTOS_Lab4_FileSystem\Debug\.\</path>
         <kind>object</kind>
         <file>DFT16.o</file>
         <name>DFT16.o</name>
      </input_file>
      <input_file id="fl-4">
         <path>C:\UT Courses\Spring 2026\ECE-445M\MSPM0LabProjects\RTOS_Lab4_FileSystem\Debug\.\</path>
         <kind>object</kind>
         <file>IRDistance.o</file>
         <name>IRDistance.o</name>
      </input_file>
      <input_file id="fl-5">
         <path>C:\UT Courses\Spring 2026\ECE-445M\MSPM0LabProjects\RTOS_Lab4_FileSystem\Debug\.\</path>
         <kind>object</kind>
         <file>Interpreter.o</file>
         <name>Interpreter.o</name>
      </input_file>
      <input_file id="fl-6">
         <path>C:\UT Courses\Spring 2026\ECE-445M\MSPM0LabProjects\RTOS_Lab4_FileSystem\Debug\.\</path>
         <kind>object</kind>
         <file>LPF.o</file>
         <name>LPF.o</name>
      </input_file>
      <input_file id="fl-7">
         <path>C:\UT Courses\Spring 2026\ECE-445M\MSPM0LabProjects\RTOS_Lab4_FileSystem\Debug\.\</path>
         <kind>object</kind>
         <file>LaunchPad.o</file>
         <name>LaunchPad.o</name>
      </input_file>
      <input_file id="fl-8">
         <path>C:\UT Courses\Spring 2026\ECE-445M\MSPM0LabProjects\RTOS_Lab4_FileSystem\Debug\.\</path>
         <kind>object</kind>
         <file>OS.o</file>
         <name>OS.o</name>
      </input_file>
      <input_file id="fl-9">
         <path>C:\UT Courses\Spring 2026\ECE-445M\MSPM0LabProjects\RTOS_Lab4_FileSystem\Debug\.\</path>
         <kind>object</kind>
         <file>RTOS_FIFO.o</file>
         <name>RTOS_FIFO.o</name>
      </input_file>
      <input_file id="fl-a">
         <path>C:\UT Courses\Spring 2026\ECE-445M\MSPM0LabProjects\RTOS_Lab4_FileSystem\Debug\.\</path>
         <kind>object</kind>
         <file>RTOS_Lab4.o</file>
         <name>RTOS_Lab4.o</name>
      </input_file>
      <input_file id="fl-b">
         <path>C:\UT Courses\Spring 2026\ECE-445M\MSPM0LabProjects\RTOS_Lab4_FileSystem\Debug\.\</path>
         <kind>object</kind>
         <file>RTOS_UART.o</file>
         <name>RTOS_UART.o</name>
      </input_file>
      <input_file id="fl-c">
         <path>C:\UT Courses\Spring 2026\ECE-445M\MSPM0LabProjects\RTOS_Lab4_FileSystem\Debug\.\</path>
         <kind>object</kind>
         <file>RTOS_UARTints.o</file>
         <name>RTOS_UARTints.o</name>
      </input_file>
      <input_file id="fl-d">
         <path>C:\UT Courses\Spring 2026\ECE-445M\MSPM0LabProjects\RTOS_Lab4_FileSystem\Debug\.\</path>
         <kind>object</kind>
         <file>SPI.o</file>
         <name>SPI.o</name>
      </input_file>
      <input_file id="fl-e">
         <path>C:\UT Courses\Spring 2026\ECE-445M\MSPM0LabProjects\RTOS_Lab4_FileSystem\Debug\.\</path>
         <kind>object</kind>
         <file>ST7735_SDC.o</file>
         <name>ST7735_SDC.o</name>
      </input_file>
      <input_file id="fl-f">
         <path>C:\UT Courses\Spring 2026\ECE-445M\MSPM0LabProjects\RTOS_Lab4_FileSystem\Debug\.\</path>
         <kind>object</kind>
         <file>TFLuna2.o</file>
         <name>TFLuna2.o</name>
      </input_file>
      <input_file id="fl-10">
         <path>C:\UT Courses\Spring 2026\ECE-445M\MSPM0LabProjects\RTOS_Lab4_FileSystem\Debug\.\</path>
         <kind>object</kind>
         <file>TFLunaCommon.o</file>
         <name>TFLunaCommon.o</name>
      </input_file>
      <input_file id="fl-11">
         <path>C:\UT Courses\Spring 2026\ECE-445M\MSPM0LabProjects\RTOS_Lab4_FileSystem\Debug\.\</path>
         <kind>object</kind>
         <file>Timer.o</file>
         <name>Timer.o</name>
      </input_file>
      <input_file id="fl-12">
         <path>C:\UT Courses\Spring 2026\ECE-445M\MSPM0LabProjects\RTOS_Lab4_FileSystem\Debug\.\</path>
         <kind>object</kind>
         <file>eDisk.o</file>
         <name>eDisk.o</name>
      </input_file>
      <input_file id="fl-13">
         <path>C:\UT Courses\Spring 2026\ECE-445M\MSPM0LabProjects\RTOS_Lab4_FileSystem\Debug\.\</path>
         <kind>object</kind>
         <file>eFile.o</file>
         <name>eFile.o</name>
      </input_file>
      <input_file id="fl-14">
         <path>C:\UT Courses\Spring 2026\ECE-445M\MSPM0LabProjects\RTOS_Lab4_FileSystem\Debug\.\</path>
         <kind>object</kind>
         <file>osasm.o</file>
         <name>osasm.o</name>
      </input_file>
      <input_file id="fl-15">
         <path>C:\UT Courses\Spring 2026\ECE-445M\MSPM0LabProjects\RTOS_Lab4_FileSystem\Debug\.\ticlang\</path>
         <kind>object</kind>
         <file>startup_mspm0g3507_ticlang.o</file>
         <name>startup_mspm0g3507_ticlang.o</name>
      </input_file>
      <input_file id="fl-21">
         <path>C:\UT Courses\Spring 2026\ECE-445M\MSPM0LabProjects\RTOS_Lab4_FileSystem\Debug\</path>
         <kind>object</kind>
         <file>&lt;internal&gt;</file>
         <name>&lt;internal&gt;</name>
      </input_file>
      <input_file id="fl-38">
         <path>C:\ti\ccs2040\ccs\tools\compiler\ti-cgt-armllvm_4.0.4.LTS\lib\armv6m-ti-none-eabi\c\</path>
         <kind>archive</kind>
         <file>libc.a</file>
         <name>fopen.c.obj</name>
      </input_file>
      <input_file id="fl-39">
         <path>C:\ti\ccs2040\ccs\tools\compiler\ti-cgt-armllvm_4.0.4.LTS\lib\armv6m-ti-none-eabi\c\</path>
         <kind>archive</kind>
         <file>libc.a</file>
         <name>setvbuf.c.obj</name>
      </input_file>
      <input_file id="fl-3a">
         <path>C:\ti\ccs2040\ccs\tools\compiler\ti-cgt-armllvm_4.0.4.LTS\lib\armv6m-ti-none-eabi\c\</path>
         <kind>archive</kind>
         <file>libc.a</file>
         <name>strcmp-armv6m.S.obj</name>
      </input_file>
      <input_file id="fl-3b">
         <path>C:\ti\ccs2040\ccs\tools\compiler\ti-cgt-armllvm_4.0.4.LTS\lib\armv6m-ti-none-eabi\c\</path>
         <kind>archive</kind>
         <file>libc.a</file>
         <name>aeabi_portable.c.obj</name>
      </input_file>
      <input_file id="fl-3c">
         <path>C:\ti\ccs2040\ccs\tools\compiler\ti-cgt-armllvm_4.0.4.LTS\lib\armv6m-ti-none-eabi\c\</path>
         <kind>archive</kind>
         <file>libc.a</file>
         <name>exit.c.obj</name>
      </input_file>
      <input_file id="fl-3d">
         <path>C:\ti\ccs2040\ccs\tools\compiler\ti-cgt-armllvm_4.0.4.LTS\lib\armv6m-ti-none-eabi\c\</path>
         <kind>archive</kind>
         <file>libc.a</file>
         <name>_lock.c.obj</name>
      </input_file>
      <input_file id="fl-3e">
         <path>C:\ti\ccs2040\ccs\tools\compiler\ti-cgt-armllvm_4.0.4.LTS\lib\armv6m-ti-none-eabi\c\</path>
         <kind>archive</kind>
         <file>libc.a</file>
         <name>assert.c.obj</name>
      </input_file>
      <input_file id="fl-3f">
         <path>C:\ti\ccs2040\ccs\tools\compiler\ti-cgt-armllvm_4.0.4.LTS\lib\armv6m-ti-none-eabi\c\</path>
         <kind>archive</kind>
         <file>libc.a</file>
         <name>defs.c.obj</name>
      </input_file>
      <input_file id="fl-40">
         <path>C:\ti\ccs2040\ccs\tools\compiler\ti-cgt-armllvm_4.0.4.LTS\lib\armv6m-ti-none-eabi\c\</path>
         <kind>archive</kind>
         <file>libc.a</file>
         <name>memory.c.obj</name>
      </input_file>
      <input_file id="fl-41">
         <path>C:\ti\ccs2040\ccs\tools\compiler\ti-cgt-armllvm_4.0.4.LTS\lib\armv6m-ti-none-eabi\c\</path>
         <kind>archive</kind>
         <file>libc.a</file>
         <name>strcpy.c.obj</name>
      </input_file>
      <input_file id="fl-42">
         <path>C:\ti\ccs2040\ccs\tools\compiler\ti-cgt-armllvm_4.0.4.LTS\lib\armv6m-ti-none-eabi\c\</path>
         <kind>archive</kind>
         <file>libc.a</file>
         <name>strlen.c.obj</name>
      </input_file>
      <input_file id="fl-43">
         <path>C:\ti\ccs2040\ccs\tools\compiler\ti-cgt-armllvm_4.0.4.LTS\lib\armv6m-ti-none-eabi\c\</path>
         <kind>archive</kind>
         <file>libc.a</file>
         <name>boot_cortex_m.c.obj</name>
      </input_file>
      <input_file id="fl-44">
         <path>C:\ti\ccs2040\ccs\tools\compiler\ti-cgt-armllvm_4.0.4.LTS\lib\armv6m-ti-none-eabi\c\</path>
         <kind>archive</kind>
         <file>libc.a</file>
         <name>mathacl_init.c.obj</name>
      </input_file>
      <input_file id="fl-45">
         <path>C:\ti\ccs2040\ccs\tools\compiler\ti-cgt-armllvm_4.0.4.LTS\lib\armv6m-ti-none-eabi\c\</path>
         <kind>archive</kind>
         <file>libc.a</file>
         <name>autoinit.c.obj</name>
      </input_file>
      <input_file id="fl-46">
         <path>C:\ti\ccs2040\ccs\tools\compiler\ti-cgt-armllvm_4.0.4.LTS\lib\armv6m-ti-none-eabi\c\</path>
         <kind>archive</kind>
         <file>libc.a</file>
         <name>pre_init.c.obj</name>
      </input_file>
      <input_file id="fl-47">
         <path>C:\ti\ccs2040\ccs\tools\compiler\ti-cgt-armllvm_4.0.4.LTS\lib\armv6m-ti-none-eabi\c\</path>
         <kind>archive</kind>
         <file>libc.a</file>
         <name>cpy_tbl.c.obj</name>
      </input_file>
      <input_file id="fl-48">
         <path>C:\ti\ccs2040\ccs\tools\compiler\ti-cgt-armllvm_4.0.4.LTS\lib\armv6m-ti-none-eabi\c\</path>
         <kind>archive</kind>
         <file>libc.a</file>
         <name>copy_zero_init.c.obj</name>
      </input_file>
      <input_file id="fl-49">
         <path>C:\ti\ccs2040\ccs\tools\compiler\ti-cgt-armllvm_4.0.4.LTS\lib\armv6m-ti-none-eabi\c\</path>
         <kind>archive</kind>
         <file>libc.a</file>
         <name>copy_decompress_none.c.obj</name>
      </input_file>
      <input_file id="fl-4a">
         <path>C:\ti\ccs2040\ccs\tools\compiler\ti-cgt-armllvm_4.0.4.LTS\lib\armv6m-ti-none-eabi\c\</path>
         <kind>archive</kind>
         <file>libc.a</file>
         <name>copy_decompress_lzss.c.obj</name>
      </input_file>
      <input_file id="fl-4b">
         <path>C:\ti\ccs2040\ccs\tools\compiler\ti-cgt-armllvm_4.0.4.LTS\lib\armv6m-ti-none-eabi\c\</path>
         <kind>archive</kind>
         <file>libc.a</file>
         <name>sprintf.c.obj</name>
      </input_file>
      <input_file id="fl-4c">
         <path>C:\ti\ccs2040\ccs\tools\compiler\ti-cgt-armllvm_4.0.4.LTS\lib\armv6m-ti-none-eabi\c\</path>
         <kind>archive</kind>
         <file>libc.a</file>
         <name>fclose.c.obj</name>
      </input_file>
      <input_file id="fl-4d">
         <path>C:\ti\ccs2040\ccs\tools\compiler\ti-cgt-armllvm_4.0.4.LTS\lib\armv6m-ti-none-eabi\c\</path>
         <kind>archive</kind>
         <file>libc.a</file>
         <name>fflush.c.obj</name>
      </input_file>
      <input_file id="fl-4e">
         <path>C:\ti\ccs2040\ccs\tools\compiler\ti-cgt-armllvm_4.0.4.LTS\lib\armv6m-ti-none-eabi\c\</path>
         <kind>archive</kind>
         <file>libc.a</file>
         <name>fputs.c.obj</name>
      </input_file>
      <input_file id="fl-4f">
         <path>C:\ti\ccs2040\ccs\tools\compiler\ti-cgt-armllvm_4.0.4.LTS\lib\armv6m-ti-none-eabi\c\</path>
         <kind>archive</kind>
         <file>libc.a</file>
         <name>_io_perm.c.obj</name>
      </input_file>
      <input_file id="fl-50">
         <path>C:\ti\ccs2040\ccs\tools\compiler\ti-cgt-armllvm_4.0.4.LTS\lib\armv6m-ti-none-eabi\c\</path>
         <kind>archive</kind>
         <file>libc.a</file>
         <name>args_main.c.obj</name>
      </input_file>
      <input_file id="fl-51">
         <path>C:\ti\ccs2040\ccs\tools\compiler\ti-cgt-armllvm_4.0.4.LTS\lib\armv6m-ti-none-eabi\c\</path>
         <kind>archive</kind>
         <file>libc.a</file>
         <name>_printfi.c.obj</name>
      </input_file>
      <input_file id="fl-52">
         <path>C:\ti\ccs2040\ccs\tools\compiler\ti-cgt-armllvm_4.0.4.LTS\lib\armv6m-ti-none-eabi\c\</path>
         <kind>archive</kind>
         <file>libc.a</file>
         <name>fseek.c.obj</name>
      </input_file>
      <input_file id="fl-53">
         <path>C:\ti\ccs2040\ccs\tools\compiler\ti-cgt-armllvm_4.0.4.LTS\lib\armv6m-ti-none-eabi\c\</path>
         <kind>archive</kind>
         <file>libc.a</file>
         <name>_ltoa.c.obj</name>
      </input_file>
      <input_file id="fl-54">
         <path>C:\ti\ccs2040\ccs\tools\compiler\ti-cgt-armllvm_4.0.4.LTS\lib\armv6m-ti-none-eabi\c\</path>
         <kind>archive</kind>
         <file>libc.a</file>
         <name>atoi.c.obj</name>
      </input_file>
      <input_file id="fl-55">
         <path>C:\ti\ccs2040\ccs\tools\compiler\ti-cgt-armllvm_4.0.4.LTS\lib\armv6m-ti-none-eabi\c\</path>
         <kind>archive</kind>
         <file>libc.a</file>
         <name>memccpy.c.obj</name>
      </input_file>
      <input_file id="fl-56">
         <path>C:\ti\ccs2040\ccs\tools\compiler\ti-cgt-armllvm_4.0.4.LTS\lib\armv6m-ti-none-eabi\c\</path>
         <kind>archive</kind>
         <file>libc.a</file>
         <name>s_frexp.c.obj</name>
      </input_file>
      <input_file id="fl-57">
         <path>C:\ti\ccs2040\ccs\tools\compiler\ti-cgt-armllvm_4.0.4.LTS\lib\armv6m-ti-none-eabi\c\</path>
         <kind>archive</kind>
         <file>libc.a</file>
         <name>s_scalbn.c.obj</name>
      </input_file>
      <input_file id="fl-58">
         <path>C:\ti\ccs2040\ccs\tools\compiler\ti-cgt-armllvm_4.0.4.LTS\lib\armv6m-ti-none-eabi\c\</path>
         <kind>archive</kind>
         <file>libc.a</file>
         <name>wcslen.c.obj</name>
      </input_file>
      <input_file id="fl-59">
         <path>C:\ti\ccs2040\ccs\tools\compiler\ti-cgt-armllvm_4.0.4.LTS\lib\armv6m-ti-none-eabi\c\</path>
         <kind>archive</kind>
         <file>libc.a</file>
         <name>aeabi_ctype.S.obj</name>
      </input_file>
      <input_file id="fl-f9">
         <path>C:\ti\ccs2040\ccs\tools\compiler\ti-cgt-armllvm_4.0.4.LTS\lib\armv6m-ti-none-eabi\c\</path>
         <kind>archive</kind>
         <file>libsysbm.a</file>
         <name>hostexit.c.obj</name>
      </input_file>
      <input_file id="fl-fa">
         <path>C:\ti\ccs2040\ccs\tools\compiler\ti-cgt-armllvm_4.0.4.LTS\lib\armv6m-ti-none-eabi\c\</path>
         <kind>archive</kind>
         <file>libsysbm.a</file>
         <name>write.c.obj</name>
      </input_file>
      <input_file id="fl-fb">
         <path>C:\ti\ccs2040\ccs\tools\compiler\ti-cgt-armllvm_4.0.4.LTS\lib\armv6m-ti-none-eabi\c\</path>
         <kind>archive</kind>
         <file>libsysbm.a</file>
         <name>host_device.c.obj</name>
      </input_file>
      <input_file id="fl-fc">
         <path>C:\ti\ccs2040\ccs\tools\compiler\ti-cgt-armllvm_4.0.4.LTS\lib\armv6m-ti-none-eabi\c\</path>
         <kind>archive</kind>
         <file>libsysbm.a</file>
         <name>remove.c.obj</name>
      </input_file>
      <input_file id="fl-fd">
         <path>C:\ti\ccs2040\ccs\tools\compiler\ti-cgt-armllvm_4.0.4.LTS\lib\armv6m-ti-none-eabi\c\</path>
         <kind>archive</kind>
         <file>libsysbm.a</file>
         <name>open.c.obj</name>
      </input_file>
      <input_file id="fl-fe">
         <path>C:\ti\ccs2040\ccs\tools\compiler\ti-cgt-armllvm_4.0.4.LTS\lib\armv6m-ti-none-eabi\c\</path>
         <kind>archive</kind>
         <file>libsysbm.a</file>
         <name>lseek.c.obj</name>
      </input_file>
      <input_file id="fl-ff">
         <path>C:\ti\ccs2040\ccs\tools\compiler\ti-cgt-armllvm_4.0.4.LTS\lib\armv6m-ti-none-eabi\c\</path>
         <kind>archive</kind>
         <file>libsysbm.a</file>
         <name>close.c.obj</name>
      </input_file>
      <input_file id="fl-100">
         <path>C:\ti\ccs2040\ccs\tools\compiler\ti-cgt-armllvm_4.0.4.LTS\lib\armv6m-ti-none-eabi\c\</path>
         <kind>archive</kind>
         <file>libsysbm.a</file>
         <name>add_device.c.obj</name>
      </input_file>
      <input_file id="fl-101">
         <path>C:\ti\ccs2040\ccs\tools\compiler\ti-cgt-armllvm_4.0.4.LTS\lib\armv6m-ti-none-eabi\c\</path>
         <kind>archive</kind>
         <file>libsysbm.a</file>
         <name>unlink.c.obj</name>
      </input_file>
      <input_file id="fl-102">
         <path>C:\ti\ccs2040\ccs\tools\compiler\ti-cgt-armllvm_4.0.4.LTS\lib\armv6m-ti-none-eabi\c\</path>
         <kind>archive</kind>
         <file>libsysbm.a</file>
         <name>hostclose.c.obj</name>
      </input_file>
      <input_file id="fl-103">
         <path>C:\ti\ccs2040\ccs\tools\compiler\ti-cgt-armllvm_4.0.4.LTS\lib\armv6m-ti-none-eabi\c\</path>
         <kind>archive</kind>
         <file>libsysbm.a</file>
         <name>hostlseek.c.obj</name>
      </input_file>
      <input_file id="fl-104">
         <path>C:\ti\ccs2040\ccs\tools\compiler\ti-cgt-armllvm_4.0.4.LTS\lib\armv6m-ti-none-eabi\c\</path>
         <kind>archive</kind>
         <file>libsysbm.a</file>
         <name>hostopen.c.obj</name>
      </input_file>
      <input_file id="fl-105">
         <path>C:\ti\ccs2040\ccs\tools\compiler\ti-cgt-armllvm_4.0.4.LTS\lib\armv6m-ti-none-eabi\c\</path>
         <kind>archive</kind>
         <file>libsysbm.a</file>
         <name>hostread.c.obj</name>
      </input_file>
      <input_file id="fl-106">
         <path>C:\ti\ccs2040\ccs\tools\compiler\ti-cgt-armllvm_4.0.4.LTS\lib\armv6m-ti-none-eabi\c\</path>
         <kind>archive</kind>
         <file>libsysbm.a</file>
         <name>hostrename.c.obj</name>
      </input_file>
      <input_file id="fl-107">
         <path>C:\ti\ccs2040\ccs\tools\compiler\ti-cgt-armllvm_4.0.4.LTS\lib\armv6m-ti-none-eabi\c\</path>
         <kind>archive</kind>
         <file>libsysbm.a</file>
         <name>hostunlink.c.obj</name>
      </input_file>
      <input_file id="fl-108">
         <path>C:\ti\ccs2040\ccs\tools\compiler\ti-cgt-armllvm_4.0.4.LTS\lib\armv6m-ti-none-eabi\c\</path>
         <kind>archive</kind>
         <file>libsysbm.a</file>
         <name>hostwrite.c.obj</name>
      </input_file>
      <input_file id="fl-109">
         <path>C:\ti\ccs2040\ccs\tools\compiler\ti-cgt-armllvm_4.0.4.LTS\lib\armv6m-ti-none-eabi\c\</path>
         <kind>archive</kind>
         <file>libsysbm.a</file>
         <name>trgmsg.c.obj</name>
      </input_file>
      <input_file id="fl-10a">
         <path>C:\ti\ccs2040\ccs\tools\compiler\ti-cgt-armllvm_4.0.4.LTS\lib\armv6m-ti-none-eabi\</path>
         <kind>archive</kind>
         <file>libclang_rt.builtins.a</file>
         <name>adddf3.S.obj</name>
      </input_file>
      <input_file id="fl-10b">
         <path>C:\ti\ccs2040\ccs\tools\compiler\ti-cgt-armllvm_4.0.4.LTS\lib\armv6m-ti-none-eabi\</path>
         <kind>archive</kind>
         <file>libclang_rt.builtins.a</file>
         <name>muldf3.S.obj</name>
      </input_file>
      <input_file id="fl-10c">
         <path>C:\ti\ccs2040\ccs\tools\compiler\ti-cgt-armllvm_4.0.4.LTS\lib\armv6m-ti-none-eabi\</path>
         <kind>archive</kind>
         <file>libclang_rt.builtins.a</file>
         <name>muldsi3.S.obj</name>
      </input_file>
      <input_file id="fl-10d">
         <path>C:\ti\ccs2040\ccs\tools\compiler\ti-cgt-armllvm_4.0.4.LTS\lib\armv6m-ti-none-eabi\</path>
         <kind>archive</kind>
         <file>libclang_rt.builtins.a</file>
         <name>divdf3.S.obj</name>
      </input_file>
      <input_file id="fl-10e">
         <path>C:\ti\ccs2040\ccs\tools\compiler\ti-cgt-armllvm_4.0.4.LTS\lib\armv6m-ti-none-eabi\</path>
         <kind>archive</kind>
         <file>libclang_rt.builtins.a</file>
         <name>fixdfsi.S.obj</name>
      </input_file>
      <input_file id="fl-10f">
         <path>C:\ti\ccs2040\ccs\tools\compiler\ti-cgt-armllvm_4.0.4.LTS\lib\armv6m-ti-none-eabi\</path>
         <kind>archive</kind>
         <file>libclang_rt.builtins.a</file>
         <name>floatsidf.S.obj</name>
      </input_file>
      <input_file id="fl-110">
         <path>C:\ti\ccs2040\ccs\tools\compiler\ti-cgt-armllvm_4.0.4.LTS\lib\armv6m-ti-none-eabi\</path>
         <kind>archive</kind>
         <file>libclang_rt.builtins.a</file>
         <name>muldi3.S.obj</name>
      </input_file>
      <input_file id="fl-111">
         <path>C:\ti\ccs2040\ccs\tools\compiler\ti-cgt-armllvm_4.0.4.LTS\lib\armv6m-ti-none-eabi\</path>
         <kind>archive</kind>
         <file>libclang_rt.builtins.a</file>
         <name>aeabi_dcmp.S.obj</name>
      </input_file>
      <input_file id="fl-112">
         <path>C:\ti\ccs2040\ccs\tools\compiler\ti-cgt-armllvm_4.0.4.LTS\lib\armv6m-ti-none-eabi\</path>
         <kind>archive</kind>
         <file>libclang_rt.builtins.a</file>
         <name>aeabi_idivmod.S.obj</name>
      </input_file>
      <input_file id="fl-113">
         <path>C:\ti\ccs2040\ccs\tools\compiler\ti-cgt-armllvm_4.0.4.LTS\lib\armv6m-ti-none-eabi\</path>
         <kind>archive</kind>
         <file>libclang_rt.builtins.a</file>
         <name>aeabi_memcpy.S.obj</name>
      </input_file>
      <input_file id="fl-114">
         <path>C:\ti\ccs2040\ccs\tools\compiler\ti-cgt-armllvm_4.0.4.LTS\lib\armv6m-ti-none-eabi\</path>
         <kind>archive</kind>
         <file>libclang_rt.builtins.a</file>
         <name>aeabi_memset.S.obj</name>
      </input_file>
      <input_file id="fl-115">
         <path>C:\ti\ccs2040\ccs\tools\compiler\ti-cgt-armllvm_4.0.4.LTS\lib\armv6m-ti-none-eabi\</path>
         <kind>archive</kind>
         <file>libclang_rt.builtins.a</file>
         <name>aeabi_uidivmod.S.obj</name>
      </input_file>
      <input_file id="fl-116">
         <path>C:\ti\ccs2040\ccs\tools\compiler\ti-cgt-armllvm_4.0.4.LTS\lib\armv6m-ti-none-eabi\</path>
         <kind>archive</kind>
         <file>libclang_rt.builtins.a</file>
         <name>aeabi_uldivmod.S.obj</name>
      </input_file>
      <input_file id="fl-117">
         <path>C:\ti\ccs2040\ccs\tools\compiler\ti-cgt-armllvm_4.0.4.LTS\lib\armv6m-ti-none-eabi\</path>
         <kind>archive</kind>
         <file>libclang_rt.builtins.a</file>
         <name>udivmoddi4.S.obj</name>
      </input_file>
      <input_file id="fl-118">
         <path>C:\ti\ccs2040\ccs\tools\compiler\ti-cgt-armllvm_4.0.4.LTS\lib\armv6m-ti-none-eabi\</path>
         <kind>archive</kind>
         <file>libclang_rt.builtins.a</file>
         <name>ashldi3.S.obj</name>
      </input_file>
      <input_file id="fl-119">
         <path>C:\ti\ccs2040\ccs\tools\compiler\ti-cgt-armllvm_4.0.4.LTS\lib\armv6m-ti-none-eabi\</path>
         <kind>archive</kind>
         <file>libclang_rt.builtins.a</file>
         <name>comparedf2.c.obj</name>
      </input_file>
      <input_file id="fl-11a">
         <path>C:\ti\ccs2040\ccs\tools\compiler\ti-cgt-armllvm_4.0.4.LTS\lib\armv6m-ti-none-eabi\</path>
         <kind>archive</kind>
         <file>libclang_rt.builtins.a</file>
         <name>aeabi_div0.c.obj</name>
      </input_file>
      <input_file id="fl-11b">
         <path>C:\ti\ccs2040\ccs\tools\compiler\ti-cgt-armllvm_4.0.4.LTS\lib\armv6m-ti-none-eabi\c\</path>
         <kind>archive</kind>
         <file>libc.a</file>
         <name>getdevice.c.obj</name>
      </input_file>
      <input_file id="fl-11c">
         <path>C:\ti\ccs2040\ccs\tools\compiler\ti-cgt-armllvm_4.0.4.LTS\lib\armv6m-ti-none-eabi\c\</path>
         <kind>archive</kind>
         <file>libc.a</file>
         <name>memcpy16.S.obj</name>
      </input_file>
      <input_file id="fl-11d">
         <path>C:\ti\ccs2040\ccs\tools\compiler\ti-cgt-armllvm_4.0.4.LTS\lib\armv6m-ti-none-eabi\c\</path>
         <kind>archive</kind>
         <file>libc.a</file>
         <name>memset16.S.obj</name>
      </input_file>
   </input_file_list>
   <object_component_list>
      <object_component id="oc-18">
         <name>.intvecs</name>
         <load_address>0x0</load_address>
         <readonly>true</readonly>
         <run_address>0x0</run_address>
         <size>0xc0</size>
         <alignment>0x4</alignment>
         <input_file_ref idref="fl-15"/>
      </object_component>
      <object_component id="oc-164">
         <name>.text.eDisk_Init</name>
         <load_address>0xc0</load_address>
         <readonly>true</readonly>
         <executable>true</executable>
         <run_address>0xc0</run_address>
         <size>0x228</size>
         <alignment>0x4</alignment>
         <input_file_ref idref="fl-12"/>
      </object_component>
      <object_component id="oc-12f">
         <name>.text.TestDisk</name>
         <load_address>0x2e8</load_address>
         <readonly>true</readonly>
         <executable>true</executable>
         <run_address>0x2e8</run_address>
         <size>0x1dc</size>
         <alignment>0x4</alignment>
         <input_file_ref idref="fl-a"/>
      </object_component>
      <object_component id="oc-db">
         <name>.text.Clock_Init80MHz</name>
         <load_address>0x4c4</load_address>
         <readonly>true</readonly>
         <executable>true</executable>
         <run_address>0x4c4</run_address>
         <size>0x1b4</size>
         <alignment>0x4</alignment>
         <input_file_ref idref="fl-2"/>
      </object_component>
      <object_component id="oc-b7">
         <name>.text.ST7735_DrawChar</name>
         <load_address>0x678</load_address>
         <readonly>true</readonly>
         <executable>true</executable>
         <run_address>0x678</run_address>
         <size>0x1a4</size>
         <alignment>0x4</alignment>
         <input_file_ref idref="fl-e"/>
      </object_component>
      <object_component id="oc-78">
         <name>.text.OS_AddThread</name>
         <load_address>0x81c</load_address>
         <readonly>true</readonly>
         <executable>true</executable>
         <run_address>0x81c</run_address>
         <size>0x188</size>
         <alignment>0x4</alignment>
         <input_file_ref idref="fl-8"/>
      </object_component>
      <object_component id="oc-79">
         <name>.text.ST7735_Message</name>
         <load_address>0x9a4</load_address>
         <readonly>true</readonly>
         <executable>true</executable>
         <run_address>0x9a4</run_address>
         <size>0x180</size>
         <alignment>0x4</alignment>
         <input_file_ref idref="fl-e"/>
      </object_component>
      <object_component id="oc-86">
         <name>.text.copyHardwareToSoftware2</name>
         <load_address>0xb24</load_address>
         <readonly>true</readonly>
         <executable>true</executable>
         <run_address>0xb24</run_address>
         <size>0x144</size>
         <alignment>0x4</alignment>
         <input_file_ref idref="fl-f"/>
      </object_component>
      <object_component id="oc-195">
         <name>.text.send_cmd</name>
         <load_address>0xc68</load_address>
         <readonly>true</readonly>
         <executable>true</executable>
         <run_address>0xc68</run_address>
         <size>0x126</size>
         <alignment>0x2</alignment>
         <input_file_ref idref="fl-12"/>
      </object_component>
      <object_component id="oc-106">
         <name>.text.__aeabi_idiv0</name>
         <load_address>0xd8e</load_address>
         <readonly>true</readonly>
         <executable>true</executable>
         <run_address>0xd8e</run_address>
         <size>0x2</size>
         <alignment>0x2</alignment>
         <input_file_ref idref="fl-11a"/>
      </object_component>
      <object_component id="oc-1a6">
         <name>.text.SPI1_Init</name>
         <load_address>0xd90</load_address>
         <readonly>true</readonly>
         <executable>true</executable>
         <run_address>0xd90</run_address>
         <size>0x120</size>
         <alignment>0x4</alignment>
         <input_file_ref idref="fl-d"/>
      </object_component>
      <object_component id="oc-19f">
         <name>.text.eDisk_Write</name>
         <load_address>0xeb0</load_address>
         <readonly>true</readonly>
         <executable>true</executable>
         <run_address>0xeb0</run_address>
         <size>0x118</size>
         <alignment>0x4</alignment>
         <input_file_ref idref="fl-12"/>
      </object_component>
      <object_component id="oc-40">
         <name>.text.GROUP1_IRQHandler</name>
         <load_address>0xfc8</load_address>
         <readonly>true</readonly>
         <executable>true</executable>
         <run_address>0xfc8</run_address>
         <size>0xe4</size>
         <alignment>0x4</alignment>
         <input_file_ref idref="fl-8"/>
      </object_component>
      <object_component id="oc-1a0">
         <name>.text.eDisk_Read</name>
         <load_address>0x10ac</load_address>
         <readonly>true</readonly>
         <executable>true</executable>
         <run_address>0x10ac</run_address>
         <size>0xe4</size>
         <alignment>0x4</alignment>
         <input_file_ref idref="fl-12"/>
      </object_component>
      <object_component id="oc-123">
         <name>.text.OS_AddPeriodicThread</name>
         <load_address>0x1190</load_address>
         <readonly>true</readonly>
         <executable>true</executable>
         <run_address>0x1190</run_address>
         <size>0xdc</size>
         <alignment>0x4</alignment>
         <input_file_ref idref="fl-8"/>
      </object_component>
      <object_component id="oc-76">
         <name>.text.OS_Sleep</name>
         <load_address>0x126c</load_address>
         <readonly>true</readonly>
         <executable>true</executable>
         <run_address>0x126c</run_address>
         <size>0xc4</size>
         <alignment>0x4</alignment>
         <input_file_ref idref="fl-8"/>
      </object_component>
      <object_component id="oc-124">
         <name>.text.OS_AddS2Task</name>
         <load_address>0x1330</load_address>
         <readonly>true</readonly>
         <executable>true</executable>
         <run_address>0x1330</run_address>
         <size>0xb8</size>
         <alignment>0x4</alignment>
         <input_file_ref idref="fl-8"/>
      </object_component>
      <object_component id="oc-14f">
         <name>.text.TimerG7_IntArm</name>
         <load_address>0x13e8</load_address>
         <readonly>true</readonly>
         <executable>true</executable>
         <run_address>0x13e8</run_address>
         <size>0xa8</size>
         <alignment>0x4</alignment>
         <input_file_ref idref="fl-11"/>
      </object_component>
      <object_component id="oc-18f">
         <name>.text.TimerG8_IntArm</name>
         <load_address>0x1490</load_address>
         <readonly>true</readonly>
         <executable>true</executable>
         <run_address>0x1490</run_address>
         <size>0xa8</size>
         <alignment>0x4</alignment>
         <input_file_ref idref="fl-11"/>
      </object_component>
      <object_component id="oc-3b">
         <name>.text.SysTick_Handler</name>
         <load_address>0x1538</load_address>
         <readonly>true</readonly>
         <executable>true</executable>
         <run_address>0x1538</run_address>
         <size>0xa0</size>
         <alignment>0x4</alignment>
         <input_file_ref idref="fl-8"/>
      </object_component>
      <object_component id="oc-4c">
         <name>.text.TIMG7_IRQHandler</name>
         <load_address>0x15d8</load_address>
         <readonly>true</readonly>
         <executable>true</executable>
         <run_address>0x15d8</run_address>
         <size>0xa0</size>
         <alignment>0x4</alignment>
         <input_file_ref idref="fl-8"/>
      </object_component>
      <object_component id="oc-19a">
         <name>.text.ST7735_OutUDec</name>
         <load_address>0x1678</load_address>
         <readonly>true</readonly>
         <executable>true</executable>
         <run_address>0x1678</run_address>
         <size>0x94</size>
         <alignment>0x4</alignment>
         <input_file_ref idref="fl-e"/>
      </object_component>
      <object_component id="oc-155">
         <name>.text.EdgeTriggered_Init</name>
         <load_address>0x170c</load_address>
         <readonly>true</readonly>
         <executable>true</executable>
         <run_address>0x170c</run_address>
         <size>0x90</size>
         <alignment>0x4</alignment>
         <input_file_ref idref="fl-8"/>
      </object_component>
      <object_component id="oc-e5">
         <name>.text.Testmain1</name>
         <load_address>0x179c</load_address>
         <readonly>true</readonly>
         <executable>true</executable>
         <run_address>0x179c</run_address>
         <size>0x8c</size>
         <alignment>0x4</alignment>
         <input_file_ref idref="fl-a"/>
      </object_component>
      <object_component id="oc-41">
         <name>.text.TIMG8_IRQHandler</name>
         <load_address>0x1828</load_address>
         <readonly>true</readonly>
         <executable>true</executable>
         <run_address>0x1828</run_address>
         <size>0x88</size>
         <alignment>0x4</alignment>
         <input_file_ref idref="fl-8"/>
      </object_component>
      <object_component id="oc-101">
         <name>.text.setAddrWindow</name>
         <load_address>0x18b0</load_address>
         <readonly>true</readonly>
         <executable>true</executable>
         <run_address>0x18b0</run_address>
         <size>0x88</size>
         <alignment>0x4</alignment>
         <input_file_ref idref="fl-e"/>
      </object_component>
      <object_component id="oc-15e">
         <name>.text.ST7735_DrawString</name>
         <load_address>0x1938</load_address>
         <readonly>true</readonly>
         <executable>true</executable>
         <run_address>0x1938</run_address>
         <size>0x84</size>
         <alignment>0x2</alignment>
         <input_file_ref idref="fl-e"/>
      </object_component>
      <object_component id="oc-14e">
         <name>.text.__NVIC_SetPriority</name>
         <load_address>0x19bc</load_address>
         <readonly>true</readonly>
         <executable>true</executable>
         <run_address>0x19bc</run_address>
         <size>0x84</size>
         <alignment>0x4</alignment>
         <input_file_ref idref="fl-8"/>
      </object_component>
      <object_component id="oc-e0">
         <name>.text.LaunchPad_Init</name>
         <load_address>0x1a40</load_address>
         <readonly>true</readonly>
         <executable>true</executable>
         <run_address>0x1a40</run_address>
         <size>0x7c</size>
         <alignment>0x4</alignment>
         <input_file_ref idref="fl-7"/>
      </object_component>
      <object_component id="oc-1c">
         <name>.text:decompress:lzss</name>
         <load_address>0x1abc</load_address>
         <readonly>true</readonly>
         <executable>true</executable>
         <run_address>0x1abc</run_address>
         <size>0x7c</size>
         <alignment>0x4</alignment>
         <input_file_ref idref="fl-4a"/>
      </object_component>
      <object_component id="oc-1b0">
         <name>.text.rcvr_datablock</name>
         <load_address>0x1b38</load_address>
         <readonly>true</readonly>
         <executable>true</executable>
         <run_address>0x1b38</run_address>
         <size>0x78</size>
         <alignment>0x4</alignment>
         <input_file_ref idref="fl-12"/>
      </object_component>
      <object_component id="oc-1af">
         <name>.text.xmit_datablock</name>
         <load_address>0x1bb0</load_address>
         <readonly>true</readonly>
         <executable>true</executable>
         <run_address>0x1bb0</run_address>
         <size>0x76</size>
         <alignment>0x2</alignment>
         <input_file_ref idref="fl-12"/>
      </object_component>
      <object_component id="oc-128">
         <name>.text.disk_timerproc</name>
         <load_address>0x1c28</load_address>
         <readonly>true</readonly>
         <executable>true</executable>
         <run_address>0x1c28</run_address>
         <size>0x70</size>
         <alignment>0x4</alignment>
         <input_file_ref idref="fl-12"/>
      </object_component>
      <object_component id="oc-37">
         <name>.text</name>
         <load_address>0x1c98</load_address>
         <readonly>true</readonly>
         <executable>true</executable>
         <run_address>0x1c98</run_address>
         <size>0x70</size>
         <alignment>0x4</alignment>
         <input_file_ref idref="fl-14"/>
      </object_component>
      <object_component id="oc-165">
         <name>.text.diskError</name>
         <load_address>0x1d08</load_address>
         <readonly>true</readonly>
         <executable>true</executable>
         <run_address>0x1d08</run_address>
         <size>0x6c</size>
         <alignment>0x4</alignment>
         <input_file_ref idref="fl-a"/>
      </object_component>
      <object_component id="oc-75">
         <name>.text.OS_Kill</name>
         <load_address>0x1d74</load_address>
         <readonly>true</readonly>
         <executable>true</executable>
         <run_address>0x1d74</run_address>
         <size>0x64</size>
         <alignment>0x4</alignment>
         <input_file_ref idref="fl-8"/>
      </object_component>
      <object_component id="oc-141">
         <name>.text.TFT_OutCommand</name>
         <load_address>0x1dd8</load_address>
         <readonly>true</readonly>
         <executable>true</executable>
         <run_address>0x1dd8</run_address>
         <size>0x64</size>
         <alignment>0x4</alignment>
         <input_file_ref idref="fl-d"/>
      </object_component>
      <object_component id="oc-146">
         <name>.text.TFT_OutData</name>
         <load_address>0x1e3c</load_address>
         <readonly>true</readonly>
         <executable>true</executable>
         <run_address>0x1e3c</run_address>
         <size>0x64</size>
         <alignment>0x4</alignment>
         <input_file_ref idref="fl-d"/>
      </object_component>
      <object_component id="oc-130">
         <name>.text.VirusDetector</name>
         <load_address>0x1ea0</load_address>
         <readonly>true</readonly>
         <executable>true</executable>
         <run_address>0x1ea0</run_address>
         <size>0x64</size>
         <alignment>0x4</alignment>
         <input_file_ref idref="fl-a"/>
      </object_component>
      <object_component id="oc-158">
         <name>.text.TimerG12_Init</name>
         <load_address>0x1f04</load_address>
         <readonly>true</readonly>
         <executable>true</executable>
         <run_address>0x1f04</run_address>
         <size>0x60</size>
         <alignment>0x4</alignment>
         <input_file_ref idref="fl-11"/>
      </object_component>
      <object_component id="oc-47">
         <name>.text.UART0_IRQHandler</name>
         <load_address>0x1f64</load_address>
         <readonly>true</readonly>
         <executable>true</executable>
         <run_address>0x1f64</run_address>
         <size>0x5c</size>
         <alignment>0x4</alignment>
         <input_file_ref idref="fl-c"/>
      </object_component>
      <object_component id="oc-42">
         <name>.text.UART2_IRQHandler</name>
         <load_address>0x1fc0</load_address>
         <readonly>true</readonly>
         <executable>true</executable>
         <run_address>0x1fc0</run_address>
         <size>0x5c</size>
         <alignment>0x4</alignment>
         <input_file_ref idref="fl-f"/>
      </object_component>
      <object_component id="oc-122">
         <name>.text.Logic_Init</name>
         <load_address>0x201c</load_address>
         <readonly>true</readonly>
         <executable>true</executable>
         <run_address>0x201c</run_address>
         <size>0x58</size>
         <alignment>0x4</alignment>
         <input_file_ref idref="fl-a"/>
      </object_component>
      <object_component id="oc-b8">
         <name>.text.__aeabi_idivmod</name>
         <load_address>0x2074</load_address>
         <readonly>true</readonly>
         <executable>true</executable>
         <run_address>0x2074</run_address>
         <size>0x56</size>
         <alignment>0x4</alignment>
         <input_file_ref idref="fl-112"/>
      </object_component>
      <object_component id="oc-1ac">
         <name>.text.fillmessage</name>
         <load_address>0x20cc</load_address>
         <readonly>true</readonly>
         <executable>true</executable>
         <run_address>0x20cc</run_address>
         <size>0x54</size>
         <alignment>0x4</alignment>
         <input_file_ref idref="fl-e"/>
      </object_component>
      <object_component id="oc-1b6">
         <name>.text.wait_ready</name>
         <load_address>0x2120</load_address>
         <readonly>true</readonly>
         <executable>true</executable>
         <run_address>0x2120</run_address>
         <size>0x50</size>
         <alignment>0x4</alignment>
         <input_file_ref idref="fl-12"/>
      </object_component>
      <object_component id="oc-1b7">
         <name>.text.xmit_spi_multi</name>
         <load_address>0x2170</load_address>
         <readonly>true</readonly>
         <executable>true</executable>
         <run_address>0x2170</run_address>
         <size>0x50</size>
         <alignment>0x4</alignment>
         <input_file_ref idref="fl-12"/>
      </object_component>
      <object_component id="oc-c1">
         <name>.text.Rx2Fifo_Put</name>
         <load_address>0x21c0</load_address>
         <readonly>true</readonly>
         <executable>true</executable>
         <run_address>0x21c0</run_address>
         <size>0x4c</size>
         <alignment>0x4</alignment>
         <input_file_ref idref="fl-f"/>
      </object_component>
      <object_component id="oc-cb">
         <name>.text.RxFifo_Put</name>
         <load_address>0x220c</load_address>
         <readonly>true</readonly>
         <executable>true</executable>
         <run_address>0x220c</run_address>
         <size>0x4c</size>
         <alignment>0x4</alignment>
         <input_file_ref idref="fl-9"/>
      </object_component>
      <object_component id="oc-cc">
         <name>.text.TxFifo_Get</name>
         <load_address>0x2258</load_address>
         <readonly>true</readonly>
         <executable>true</executable>
         <run_address>0x2258</run_address>
         <size>0x4c</size>
         <alignment>0x4</alignment>
         <input_file_ref idref="fl-9"/>
      </object_component>
      <object_component id="oc-1a5">
         <name>.text.TxFifo_Put</name>
         <load_address>0x22a4</load_address>
         <readonly>true</readonly>
         <executable>true</executable>
         <run_address>0x22a4</run_address>
         <size>0x4c</size>
         <alignment>0x4</alignment>
         <input_file_ref idref="fl-9"/>
      </object_component>
      <object_component id="oc-87">
         <name>.text.copySoftwareToHardware2</name>
         <load_address>0x22f0</load_address>
         <readonly>true</readonly>
         <executable>true</executable>
         <run_address>0x22f0</run_address>
         <size>0x4c</size>
         <alignment>0x4</alignment>
         <input_file_ref idref="fl-f"/>
      </object_component>
      <object_component id="oc-8c">
         <name>.text.copySoftwareToHardware</name>
         <load_address>0x233c</load_address>
         <readonly>true</readonly>
         <executable>true</executable>
         <run_address>0x233c</run_address>
         <size>0x4c</size>
         <alignment>0x4</alignment>
         <input_file_ref idref="fl-c"/>
      </object_component>
      <object_component id="oc-c8">
         <name>.text.Tx2Fifo_Get</name>
         <load_address>0x2388</load_address>
         <readonly>true</readonly>
         <executable>true</executable>
         <run_address>0x2388</run_address>
         <size>0x48</size>
         <alignment>0x4</alignment>
         <input_file_ref idref="fl-f"/>
      </object_component>
      <object_component id="oc-b3">
         <name>.text.get_next_free_tcb</name>
         <load_address>0x23d0</load_address>
         <readonly>true</readonly>
         <executable>true</executable>
         <run_address>0x23d0</run_address>
         <size>0x48</size>
         <alignment>0x4</alignment>
         <input_file_ref idref="fl-8"/>
      </object_component>
      <object_component id="oc-194">
         <name>.text.xchg_spi</name>
         <load_address>0x2418</load_address>
         <readonly>true</readonly>
         <executable>true</executable>
         <run_address>0x2418</run_address>
         <size>0x48</size>
         <alignment>0x4</alignment>
         <input_file_ref idref="fl-12"/>
      </object_component>
      <object_component id="oc-1a8">
         <name>.text.select</name>
         <load_address>0x2460</load_address>
         <readonly>true</readonly>
         <executable>true</executable>
         <run_address>0x2460</run_address>
         <size>0x44</size>
         <alignment>0x4</alignment>
         <input_file_ref idref="fl-12"/>
      </object_component>
      <object_component id="oc-1b4">
         <name>.text.SPI1_Reset</name>
         <load_address>0x24a4</load_address>
         <readonly>true</readonly>
         <executable>true</executable>
         <run_address>0x24a4</run_address>
         <size>0x40</size>
         <alignment>0x4</alignment>
         <input_file_ref idref="fl-d"/>
      </object_component>
      <object_component id="oc-190">
         <name>.text.UART_OutChar</name>
         <load_address>0x24e4</load_address>
         <readonly>true</readonly>
         <executable>true</executable>
         <run_address>0x24e4</run_address>
         <size>0x40</size>
         <alignment>0x4</alignment>
         <input_file_ref idref="fl-c"/>
      </object_component>
      <object_component id="oc-1a1">
         <name>.text.__aeabi_uidivmod</name>
         <load_address>0x2524</load_address>
         <readonly>true</readonly>
         <executable>true</executable>
         <run_address>0x2524</run_address>
         <size>0x40</size>
         <alignment>0x4</alignment>
         <input_file_ref idref="fl-115"/>
      </object_component>
      <object_component id="oc-121">
         <name>.text.OS_Init</name>
         <load_address>0x2564</load_address>
         <readonly>true</readonly>
         <executable>true</executable>
         <run_address>0x2564</run_address>
         <size>0x3c</size>
         <alignment>0x4</alignment>
         <input_file_ref idref="fl-8"/>
      </object_component>
      <object_component id="oc-1b9">
         <name>.text.rcvr_spi</name>
         <load_address>0x25a0</load_address>
         <readonly>true</readonly>
         <executable>true</executable>
         <run_address>0x25a0</run_address>
         <size>0x3c</size>
         <alignment>0x4</alignment>
         <input_file_ref idref="fl-12"/>
      </object_component>
      <object_component id="oc-ef">
         <name>.text:__TI_auto_init_nobinit_nopinit</name>
         <load_address>0x25dc</load_address>
         <readonly>true</readonly>
         <executable>true</executable>
         <run_address>0x25dc</run_address>
         <size>0x3c</size>
         <alignment>0x4</alignment>
         <input_file_ref idref="fl-45"/>
      </object_component>
      <object_component id="oc-b6">
         <name>.text.OS_bWait</name>
         <load_address>0x2618</load_address>
         <readonly>true</readonly>
         <executable>true</executable>
         <run_address>0x2618</run_address>
         <size>0x3a</size>
         <alignment>0x2</alignment>
         <input_file_ref idref="fl-8"/>
      </object_component>
      <object_component id="oc-11e">
         <name>.text.ActivatePortA_B</name>
         <load_address>0x2654</load_address>
         <readonly>true</readonly>
         <executable>true</executable>
         <run_address>0x2654</run_address>
         <size>0x38</size>
         <alignment>0x4</alignment>
         <input_file_ref idref="fl-7"/>
      </object_component>
      <object_component id="oc-169">
         <name>.text.UART_OutUDec</name>
         <load_address>0x268c</load_address>
         <readonly>true</readonly>
         <executable>true</executable>
         <run_address>0x268c</run_address>
         <size>0x36</size>
         <alignment>0x2</alignment>
         <input_file_ref idref="fl-b"/>
      </object_component>
      <object_component id="oc-1a7">
         <name>.text.Clock_Delay1ms</name>
         <load_address>0x26c4</load_address>
         <readonly>true</readonly>
         <executable>true</executable>
         <run_address>0x26c4</run_address>
         <size>0x34</size>
         <alignment>0x4</alignment>
         <input_file_ref idref="fl-2"/>
      </object_component>
      <object_component id="oc-198">
         <name>.text.ST7735_SetCursor</name>
         <load_address>0x26f8</load_address>
         <readonly>true</readonly>
         <executable>true</executable>
         <run_address>0x26f8</run_address>
         <size>0x34</size>
         <alignment>0x4</alignment>
         <input_file_ref idref="fl-e"/>
      </object_component>
      <object_component id="oc-12d">
         <name>.text.StartTestDisk</name>
         <load_address>0x272c</load_address>
         <readonly>true</readonly>
         <executable>true</executable>
         <run_address>0x272c</run_address>
         <size>0x34</size>
         <alignment>0x4</alignment>
         <input_file_ref idref="fl-a"/>
      </object_component>
      <object_component id="oc-17a">
         <name>.text.Check</name>
         <load_address>0x2760</load_address>
         <readonly>true</readonly>
         <executable>true</executable>
         <run_address>0x2760</run_address>
         <size>0x30</size>
         <alignment>0x2</alignment>
         <input_file_ref idref="fl-a"/>
      </object_component>
      <object_component id="oc-126">
         <name>.text.OS_Launch</name>
         <load_address>0x2790</load_address>
         <readonly>true</readonly>
         <executable>true</executable>
         <run_address>0x2790</run_address>
         <size>0x30</size>
         <alignment>0x4</alignment>
         <input_file_ref idref="fl-8"/>
      </object_component>
      <object_component id="oc-8b">
         <name>.text.copyHardwareToSoftware</name>
         <load_address>0x27c0</load_address>
         <readonly>true</readonly>
         <executable>true</executable>
         <run_address>0x27c0</run_address>
         <size>0x30</size>
         <alignment>0x4</alignment>
         <input_file_ref idref="fl-c"/>
      </object_component>
      <object_component id="oc-1b8">
         <name>.text.rcvr_spi_multi</name>
         <load_address>0x27f0</load_address>
         <readonly>true</readonly>
         <executable>true</executable>
         <run_address>0x27f0</run_address>
         <size>0x2c</size>
         <alignment>0x2</alignment>
         <input_file_ref idref="fl-12"/>
      </object_component>
      <object_component id="oc-68">
         <name>.text:_c_int00_noargs</name>
         <load_address>0x281c</load_address>
         <readonly>true</readonly>
         <executable>true</executable>
         <run_address>0x281c</run_address>
         <size>0x28</size>
         <alignment>0x4</alignment>
         <input_file_ref idref="fl-43"/>
      </object_component>
      <object_component id="oc-15f">
         <name>.text.UART_OutString</name>
         <load_address>0x2844</load_address>
         <readonly>true</readonly>
         <executable>true</executable>
         <run_address>0x2844</run_address>
         <size>0x26</size>
         <alignment>0x2</alignment>
         <input_file_ref idref="fl-b"/>
      </object_component>
      <object_component id="oc-1b2">
         <name>.text.CS_Init</name>
         <load_address>0x286c</load_address>
         <readonly>true</readonly>
         <executable>true</executable>
         <run_address>0x286c</run_address>
         <size>0x24</size>
         <alignment>0x4</alignment>
         <input_file_ref idref="fl-d"/>
      </object_component>
      <object_component id="oc-19e">
         <name>.text.Random32</name>
         <load_address>0x2890</load_address>
         <readonly>true</readonly>
         <executable>true</executable>
         <run_address>0x2890</run_address>
         <size>0x20</size>
         <alignment>0x4</alignment>
         <input_file_ref idref="fl-a"/>
      </object_component>
      <object_component id="oc-102">
         <name>.text.pushColor</name>
         <load_address>0x28b0</load_address>
         <readonly>true</readonly>
         <executable>true</executable>
         <run_address>0x28b0</run_address>
         <size>0x1e</size>
         <alignment>0x2</alignment>
         <input_file_ref idref="fl-e"/>
      </object_component>
      <object_component id="oc-35">
         <name>.text.Default_Handler</name>
         <load_address>0x28d0</load_address>
         <readonly>true</readonly>
         <executable>true</executable>
         <run_address>0x28d0</run_address>
         <size>0x1c</size>
         <alignment>0x4</alignment>
         <input_file_ref idref="fl-15"/>
      </object_component>
      <object_component id="oc-36">
         <name>.text.HardFault_Handler</name>
         <load_address>0x28ec</load_address>
         <readonly>true</readonly>
         <executable>true</executable>
         <run_address>0x28ec</run_address>
         <size>0x1c</size>
         <alignment>0x4</alignment>
         <input_file_ref idref="fl-15"/>
      </object_component>
      <object_component id="oc-157">
         <name>.text.OS_ClearMsTime</name>
         <load_address>0x2908</load_address>
         <readonly>true</readonly>
         <executable>true</executable>
         <run_address>0x2908</run_address>
         <size>0x1c</size>
         <alignment>0x4</alignment>
         <input_file_ref idref="fl-8"/>
      </object_component>
      <object_component id="oc-bc">
         <name>.text.OS_bSignal</name>
         <load_address>0x2924</load_address>
         <readonly>true</readonly>
         <executable>true</executable>
         <run_address>0x2924</run_address>
         <size>0x1c</size>
         <alignment>0x2</alignment>
         <input_file_ref idref="fl-8"/>
      </object_component>
      <object_component id="oc-a2">
         <name>.text.main</name>
         <load_address>0x2940</load_address>
         <readonly>true</readonly>
         <executable>true</executable>
         <run_address>0x2940</run_address>
         <size>0x1c</size>
         <alignment>0x2</alignment>
         <input_file_ref idref="fl-a"/>
      </object_component>
      <object_component id="oc-b1">
         <name>.text.OS_Suspend</name>
         <load_address>0x295c</load_address>
         <readonly>true</readonly>
         <executable>true</executable>
         <run_address>0x295c</run_address>
         <size>0x18</size>
         <alignment>0x4</alignment>
         <input_file_ref idref="fl-8"/>
      </object_component>
      <object_component id="oc-c0">
         <name>.text.TFLuna2_InStatus</name>
         <load_address>0x2974</load_address>
         <readonly>true</readonly>
         <executable>true</executable>
         <run_address>0x2974</run_address>
         <size>0x18</size>
         <alignment>0x4</alignment>
         <input_file_ref idref="fl-f"/>
      </object_component>
      <object_component id="oc-88">
         <name>.text.TFLuna2_OutStatus</name>
         <load_address>0x298c</load_address>
         <readonly>true</readonly>
         <executable>true</executable>
         <run_address>0x298c</run_address>
         <size>0x18</size>
         <alignment>0x4</alignment>
         <input_file_ref idref="fl-f"/>
      </object_component>
      <object_component id="oc-8d">
         <name>.text.TxFifo_Size</name>
         <load_address>0x29a4</load_address>
         <readonly>true</readonly>
         <executable>true</executable>
         <run_address>0x29a4</run_address>
         <size>0x18</size>
         <alignment>0x4</alignment>
         <input_file_ref idref="fl-9"/>
      </object_component>
      <object_component id="oc-168">
         <name>.text.eDisk_ReadBlock</name>
         <load_address>0x29bc</load_address>
         <readonly>true</readonly>
         <executable>true</executable>
         <run_address>0x29bc</run_address>
         <size>0x18</size>
         <alignment>0x2</alignment>
         <input_file_ref idref="fl-12"/>
      </object_component>
      <object_component id="oc-167">
         <name>.text.eDisk_WriteBlock</name>
         <load_address>0x29d4</load_address>
         <readonly>true</readonly>
         <executable>true</executable>
         <run_address>0x29d4</run_address>
         <size>0x18</size>
         <alignment>0x2</alignment>
         <input_file_ref idref="fl-12"/>
      </object_component>
      <object_component id="oc-193">
         <name>.text.init_spi</name>
         <load_address>0x29ec</load_address>
         <readonly>true</readonly>
         <executable>true</executable>
         <run_address>0x29ec</run_address>
         <size>0x18</size>
         <alignment>0x4</alignment>
         <input_file_ref idref="fl-12"/>
      </object_component>
      <object_component id="oc-199">
         <name>.text.ST7735_SetTextColor</name>
         <load_address>0x2a04</load_address>
         <readonly>true</readonly>
         <executable>true</executable>
         <run_address>0x2a04</run_address>
         <size>0x14</size>
         <alignment>0x4</alignment>
         <input_file_ref idref="fl-e"/>
      </object_component>
      <object_component id="oc-196">
         <name>.text.deselect</name>
         <load_address>0x2a18</load_address>
         <readonly>true</readonly>
         <executable>true</executable>
         <run_address>0x2a18</run_address>
         <size>0x14</size>
         <alignment>0x4</alignment>
         <input_file_ref idref="fl-12"/>
      </object_component>
      <object_component id="oc-d1">
         <name>.text:TI_memcpy_small</name>
         <load_address>0x2a2c</load_address>
         <readonly>true</readonly>
         <executable>true</executable>
         <run_address>0x2a2c</run_address>
         <size>0x12</size>
         <alignment>0x1</alignment>
         <input_file_ref idref="fl-11c"/>
      </object_component>
      <object_component id="oc-20">
         <name>.text:decompress:none</name>
         <load_address>0x2a3e</load_address>
         <readonly>true</readonly>
         <executable>true</executable>
         <run_address>0x2a3e</run_address>
         <size>0x12</size>
         <alignment>0x2</alignment>
         <input_file_ref idref="fl-49"/>
      </object_component>
      <object_component id="oc-18c">
         <name>.text.Clock_Delay</name>
         <load_address>0x2a50</load_address>
         <readonly>true</readonly>
         <executable>true</executable>
         <run_address>0x2a50</run_address>
         <size>0x10</size>
         <alignment>0x2</alignment>
         <input_file_ref idref="fl-2"/>
      </object_component>
      <object_component id="oc-14d">
         <name>.text.Delay</name>
         <load_address>0x2a60</load_address>
         <readonly>true</readonly>
         <executable>true</executable>
         <run_address>0x2a60</run_address>
         <size>0x10</size>
         <alignment>0x2</alignment>
         <input_file_ref idref="fl-7"/>
      </object_component>
      <object_component id="oc-65">
         <name>.text:decompress:ZI</name>
         <load_address>0x2a70</load_address>
         <readonly>true</readonly>
         <executable>true</executable>
         <run_address>0x2a70</run_address>
         <size>0x10</size>
         <alignment>0x2</alignment>
         <input_file_ref idref="fl-48"/>
      </object_component>
      <object_component id="oc-115">
         <name>.text:TI_memset_small</name>
         <load_address>0x2a80</load_address>
         <readonly>true</readonly>
         <executable>true</executable>
         <run_address>0x2a80</run_address>
         <size>0xe</size>
         <alignment>0x1</alignment>
         <input_file_ref idref="fl-11d"/>
      </object_component>
      <object_component id="oc-1b3">
         <name>.text.Clock_Freq</name>
         <load_address>0x2a90</load_address>
         <readonly>true</readonly>
         <executable>true</executable>
         <run_address>0x2a90</run_address>
         <size>0xc</size>
         <alignment>0x4</alignment>
         <input_file_ref idref="fl-2"/>
      </object_component>
      <object_component id="oc-125">
         <name>.text.OS_AddPA28Task</name>
         <load_address>0x2a9c</load_address>
         <readonly>true</readonly>
         <executable>true</executable>
         <run_address>0x2a9c</run_address>
         <size>0xc</size>
         <alignment>0x2</alignment>
         <input_file_ref idref="fl-8"/>
      </object_component>
      <object_component id="oc-74">
         <name>.text.OS_Id</name>
         <load_address>0x2aa8</load_address>
         <readonly>true</readonly>
         <executable>true</executable>
         <run_address>0x2aa8</run_address>
         <size>0xc</size>
         <alignment>0x4</alignment>
         <input_file_ref idref="fl-8"/>
      </object_component>
      <object_component id="oc-77">
         <name>.text.OS_Time</name>
         <load_address>0x2ab4</load_address>
         <readonly>true</readonly>
         <executable>true</executable>
         <run_address>0x2ab4</run_address>
         <size>0xc</size>
         <alignment>0x4</alignment>
         <input_file_ref idref="fl-8"/>
      </object_component>
      <object_component id="oc-99">
         <name>.text.__aeabi_memclr</name>
         <load_address>0x2ac0</load_address>
         <readonly>true</readonly>
         <executable>true</executable>
         <run_address>0x2ac0</run_address>
         <size>0xc</size>
         <alignment>0x4</alignment>
         <input_file_ref idref="fl-114"/>
      </object_component>
      <object_component id="oc-166">
         <name>.text.Random8</name>
         <load_address>0x2acc</load_address>
         <readonly>true</readonly>
         <executable>true</executable>
         <run_address>0x2acc</run_address>
         <size>0xa</size>
         <alignment>0x2</alignment>
         <input_file_ref idref="fl-a"/>
      </object_component>
      <object_component id="oc-58">
         <name>.text.__aeabi_memcpy</name>
         <load_address>0x2ad8</load_address>
         <readonly>true</readonly>
         <executable>true</executable>
         <run_address>0x2ad8</run_address>
         <size>0x8</size>
         <alignment>0x4</alignment>
         <input_file_ref idref="fl-113"/>
      </object_component>
      <object_component id="oc-e8">
         <name>.text:abort</name>
         <load_address>0x2ae0</load_address>
         <readonly>true</readonly>
         <executable>true</executable>
         <run_address>0x2ae0</run_address>
         <size>0x6</size>
         <alignment>0x2</alignment>
         <input_file_ref idref="fl-3c"/>
      </object_component>
      <object_component id="oc-131">
         <name>.text.HOSTexit</name>
         <load_address>0x2ae6</load_address>
         <readonly>true</readonly>
         <executable>true</executable>
         <run_address>0x2ae6</run_address>
         <size>0x4</size>
         <alignment>0x2</alignment>
         <input_file_ref idref="fl-f9"/>
      </object_component>
      <object_component id="oc-31">
         <name>.text.Reset_Handler</name>
         <load_address>0x2aea</load_address>
         <readonly>true</readonly>
         <executable>true</executable>
         <run_address>0x2aea</run_address>
         <size>0x4</size>
         <alignment>0x2</alignment>
         <input_file_ref idref="fl-15"/>
      </object_component>
      <object_component id="oc-9e">
         <name>.text._system_pre_init</name>
         <load_address>0x2aee</load_address>
         <readonly>true</readonly>
         <executable>true</executable>
         <run_address>0x2aee</run_address>
         <size>0x4</size>
         <alignment>0x2</alignment>
         <input_file_ref idref="fl-46"/>
      </object_component>
      <object_component id="oc-1fb">
         <name>.cinit..data.load</name>
         <load_address>0x30f8</load_address>
         <readonly>true</readonly>
         <run_address>0x30f8</run_address>
         <size>0x1a</size>
         <alignment>0x1</alignment>
      </object_component>
      <object_component id="oc-1f9">
         <name>__TI_handler_table</name>
         <load_address>0x3114</load_address>
         <readonly>true</readonly>
         <run_address>0x3114</run_address>
         <size>0xc</size>
         <alignment>0x4</alignment>
      </object_component>
      <object_component id="oc-1fc">
         <name>.cinit..bss.load</name>
         <load_address>0x3120</load_address>
         <readonly>true</readonly>
         <run_address>0x3120</run_address>
         <size>0x8</size>
         <alignment>0x4</alignment>
      </object_component>
      <object_component id="oc-1fa">
         <name>__TI_cinit_table</name>
         <load_address>0x3128</load_address>
         <readonly>true</readonly>
         <run_address>0x3128</run_address>
         <size>0x10</size>
         <alignment>0x4</alignment>
      </object_component>
      <object_component id="oc-105">
         <name>.rodata.Font</name>
         <load_address>0x2af8</load_address>
         <readonly>true</readonly>
         <run_address>0x2af8</run_address>
         <size>0x4fb</size>
         <alignment>0x1</alignment>
         <input_file_ref idref="fl-e"/>
      </object_component>
      <object_component id="oc-16b">
         <name>.rodata.str1.7311154991851211108.1</name>
         <load_address>0x2ff3</load_address>
         <readonly>true</readonly>
         <run_address>0x2ff3</run_address>
         <size>0x29</size>
         <alignment>0x1</alignment>
         <input_file_ref idref="fl-a"/>
      </object_component>
      <object_component id="oc-170">
         <name>.rodata.str1.6837049094189945938.1</name>
         <load_address>0x301c</load_address>
         <readonly>true</readonly>
         <run_address>0x301c</run_address>
         <size>0x20</size>
         <alignment>0x1</alignment>
         <input_file_ref idref="fl-a"/>
      </object_component>
      <object_component id="oc-174">
         <name>.rodata.str1.14228268872972887264.1</name>
         <load_address>0x303c</load_address>
         <readonly>true</readonly>
         <run_address>0x303c</run_address>
         <size>0x1e</size>
         <alignment>0x1</alignment>
         <input_file_ref idref="fl-a"/>
      </object_component>
      <object_component id="oc-16a">
         <name>.rodata.str1.10301530792065855583.1</name>
         <load_address>0x305a</load_address>
         <readonly>true</readonly>
         <run_address>0x305a</run_address>
         <size>0x11</size>
         <alignment>0x1</alignment>
         <input_file_ref idref="fl-a"/>
      </object_component>
      <object_component id="oc-171">
         <name>.rodata.str1.1050382796086933273.1</name>
         <load_address>0x306b</load_address>
         <readonly>true</readonly>
         <run_address>0x306b</run_address>
         <size>0x11</size>
         <alignment>0x1</alignment>
         <input_file_ref idref="fl-a"/>
      </object_component>
      <object_component id="oc-16d">
         <name>.rodata.str1.15278129946318270186.1</name>
         <load_address>0x307c</load_address>
         <readonly>true</readonly>
         <run_address>0x307c</run_address>
         <size>0x11</size>
         <alignment>0x1</alignment>
         <input_file_ref idref="fl-a"/>
      </object_component>
      <object_component id="oc-179">
         <name>.rodata.str1.15448288740872795977.1</name>
         <load_address>0x308d</load_address>
         <readonly>true</readonly>
         <run_address>0x308d</run_address>
         <size>0x11</size>
         <alignment>0x1</alignment>
         <input_file_ref idref="fl-a"/>
      </object_component>
      <object_component id="oc-16f">
         <name>.rodata.str1.5923069061183206525.1</name>
         <load_address>0x309e</load_address>
         <readonly>true</readonly>
         <run_address>0x309e</run_address>
         <size>0x11</size>
         <alignment>0x1</alignment>
         <input_file_ref idref="fl-a"/>
      </object_component>
      <object_component id="oc-173">
         <name>.rodata.str1.11206165847214459049.1</name>
         <load_address>0x30af</load_address>
         <readonly>true</readonly>
         <run_address>0x30af</run_address>
         <size>0x10</size>
         <alignment>0x1</alignment>
         <input_file_ref idref="fl-a"/>
      </object_component>
      <object_component id="oc-176">
         <name>.rodata.str1.8229618897703649964.1</name>
         <load_address>0x30bf</load_address>
         <readonly>true</readonly>
         <run_address>0x30bf</run_address>
         <size>0xc</size>
         <alignment>0x1</alignment>
         <input_file_ref idref="fl-a"/>
      </object_component>
      <object_component id="oc-16c">
         <name>.rodata.str1.11500409742209980179.1</name>
         <load_address>0x30cb</load_address>
         <readonly>true</readonly>
         <run_address>0x30cb</run_address>
         <size>0xb</size>
         <alignment>0x1</alignment>
         <input_file_ref idref="fl-a"/>
      </object_component>
      <object_component id="oc-19d">
         <name>.rodata.str1.15362941047366836075.1</name>
         <load_address>0x30d6</load_address>
         <readonly>true</readonly>
         <run_address>0x30d6</run_address>
         <size>0xb</size>
         <alignment>0x1</alignment>
         <input_file_ref idref="fl-a"/>
      </object_component>
      <object_component id="oc-177">
         <name>.rodata.str1.3583415386369134498.1</name>
         <load_address>0x30e1</load_address>
         <readonly>true</readonly>
         <run_address>0x30e1</run_address>
         <size>0x8</size>
         <alignment>0x1</alignment>
         <input_file_ref idref="fl-a"/>
      </object_component>
      <object_component id="oc-19c">
         <name>.rodata.str1.9083732885720202194.1</name>
         <load_address>0x30e9</load_address>
         <readonly>true</readonly>
         <run_address>0x30e9</run_address>
         <size>0x6</size>
         <alignment>0x1</alignment>
         <input_file_ref idref="fl-a"/>
      </object_component>
      <object_component id="oc-175">
         <name>.rodata.str1.3422587475573452349.1</name>
         <load_address>0x30ef</load_address>
         <readonly>true</readonly>
         <run_address>0x30ef</run_address>
         <size>0x5</size>
         <alignment>0x1</alignment>
         <input_file_ref idref="fl-a"/>
      </object_component>
      <object_component id="oc-178">
         <name>.rodata.str1.14055571167711525929.1</name>
         <load_address>0x30f4</load_address>
         <readonly>true</readonly>
         <run_address>0x30f4</run_address>
         <size>0x3</size>
         <alignment>0x1</alignment>
         <input_file_ref idref="fl-a"/>
      </object_component>
      <object_component id="oc-1c3">
         <name>.binit</name>
         <load_address>0x0</load_address>
         <readonly>true</readonly>
         <run_address>0x0</run_address>
         <size>0x0</size>
         <alignment>0x4</alignment>
      </object_component>
      <object_component id="oc-11b">
         <name>.data.BusFreq</name>
         <load_address>0x20201a28</load_address>
         <readwrite>true</readwrite>
         <run_address>0x20201a28</run_address>
         <size>0x4</size>
         <alignment>0x4</alignment>
         <input_file_ref idref="fl-2"/>
      </object_component>
      <object_component id="oc-7e">
         <name>.data.RunPt</name>
         <load_address>0x20201a38</load_address>
         <readwrite>true</readwrite>
         <run_address>0x20201a38</run_address>
         <size>0x4</size>
         <alignment>0x4</alignment>
         <input_file_ref idref="fl-8"/>
      </object_component>
      <object_component id="oc-7f">
         <name>.data.NextThreadPt</name>
         <load_address>0x20201a34</load_address>
         <readwrite>true</readwrite>
         <run_address>0x20201a34</run_address>
         <size>0x4</size>
         <alignment>0x4</alignment>
         <input_file_ref idref="fl-8"/>
      </object_component>
      <object_component id="oc-85">
         <name>.data.delta_queue_head</name>
         <load_address>0x20201a48</load_address>
         <readwrite>true</readwrite>
         <run_address>0x20201a48</run_address>
         <size>0x4</size>
         <alignment>0x4</alignment>
         <input_file_ref idref="fl-8"/>
      </object_component>
      <object_component id="oc-156">
         <name>.data.num_s2_threads</name>
         <load_address>0x20201a54</load_address>
         <readwrite>true</readwrite>
         <run_address>0x20201a54</run_address>
         <size>0x1</size>
         <alignment>0x1</alignment>
         <input_file_ref idref="fl-8"/>
      </object_component>
      <object_component id="oc-154">
         <name>.data.num_periodic_threads</name>
         <load_address>0x20201a53</load_address>
         <readwrite>true</readwrite>
         <run_address>0x20201a53</run_address>
         <size>0x1</size>
         <alignment>0x1</alignment>
         <input_file_ref idref="fl-8"/>
      </object_component>
      <object_component id="oc-16e">
         <name>.data.M</name>
         <load_address>0x20201a30</load_address>
         <readwrite>true</readwrite>
         <run_address>0x20201a30</run_address>
         <size>0x4</size>
         <alignment>0x4</alignment>
         <input_file_ref idref="fl-a"/>
      </object_component>
      <object_component id="oc-1b5">
         <name>.data.SPI1_init_Flag</name>
         <load_address>0x20201a3c</load_address>
         <readwrite>true</readwrite>
         <run_address>0x20201a3c</run_address>
         <size>0x4</size>
         <alignment>0x4</alignment>
         <input_file_ref idref="fl-d"/>
      </object_component>
      <object_component id="oc-1a9">
         <name>.data.StX</name>
         <load_address>0x20201a40</load_address>
         <readwrite>true</readwrite>
         <run_address>0x20201a40</run_address>
         <size>0x4</size>
         <alignment>0x4</alignment>
         <input_file_ref idref="fl-e"/>
      </object_component>
      <object_component id="oc-1aa">
         <name>.data.StY</name>
         <load_address>0x20201a44</load_address>
         <readwrite>true</readwrite>
         <run_address>0x20201a44</run_address>
         <size>0x4</size>
         <alignment>0x4</alignment>
         <input_file_ref idref="fl-e"/>
      </object_component>
      <object_component id="oc-1ab">
         <name>.data.StTextColor</name>
         <load_address>0x20201a4c</load_address>
         <readwrite>true</readwrite>
         <run_address>0x20201a4c</run_address>
         <size>0x2</size>
         <alignment>0x2</alignment>
         <input_file_ref idref="fl-e"/>
      </object_component>
      <object_component id="oc-bd">
         <name>.data.Display_Free</name>
         <load_address>0x20201a2c</load_address>
         <readwrite>true</readwrite>
         <run_address>0x20201a2c</run_address>
         <size>0x4</size>
         <alignment>0x4</alignment>
         <input_file_ref idref="fl-e"/>
      </object_component>
      <object_component id="oc-103">
         <name>.data._width</name>
         <load_address>0x20201a50</load_address>
         <readwrite>true</readwrite>
         <run_address>0x20201a50</run_address>
         <size>0x2</size>
         <alignment>0x2</alignment>
         <input_file_ref idref="fl-e"/>
      </object_component>
      <object_component id="oc-104">
         <name>.data._height</name>
         <load_address>0x20201a4e</load_address>
         <readwrite>true</readwrite>
         <run_address>0x20201a4e</run_address>
         <size>0x2</size>
         <alignment>0x2</alignment>
         <input_file_ref idref="fl-e"/>
      </object_component>
      <object_component id="oc-15b">
         <name>.data.Stat</name>
         <load_address>0x20201a52</load_address>
         <readwrite>true</readwrite>
         <run_address>0x20201a52</run_address>
         <size>0x1</size>
         <alignment>0x1</alignment>
         <input_file_ref idref="fl-12"/>
      </object_component>
      <object_component id="oc-113">
         <name>.bss.TxFifo</name>
         <uninitialized>true</uninitialized>
         <readwrite>true</readwrite>
         <run_address>0x20201718</run_address>
         <size>0x40</size>
         <alignment>0x1</alignment>
         <input_file_ref idref="fl-9"/>
      </object_component>
      <object_component id="oc-112">
         <name>.bss.RxFifo</name>
         <uninitialized>true</uninitialized>
         <readwrite>true</readwrite>
         <run_address>0x20201780</run_address>
         <size>0x10</size>
         <alignment>0x1</alignment>
         <input_file_ref idref="fl-9"/>
      </object_component>
      <object_component id="oc-147">
         <name>.bss.ColStart</name>
         <uninitialized>true</uninitialized>
         <readwrite>true</readwrite>
         <run_address>0x202017c3</run_address>
         <size>0x1</size>
         <alignment>0x1</alignment>
         <input_file_ref idref="fl-e"/>
      </object_component>
      <object_component id="oc-148">
         <name>.bss.RowStart</name>
         <uninitialized>true</uninitialized>
         <readwrite>true</readwrite>
         <run_address>0x20201820</run_address>
         <size>0x1</size>
         <alignment>0x1</alignment>
         <input_file_ref idref="fl-e"/>
      </object_component>
      <object_component id="oc-ca">
         <name>.bss.Tx2GetI</name>
         <uninitialized>true</uninitialized>
         <readwrite>true</readwrite>
         <run_address>0x202017d4</run_address>
         <size>0x4</size>
         <alignment>0x4</alignment>
         <input_file_ref idref="fl-f"/>
      </object_component>
      <object_component id="oc-c9">
         <name>.bss.Tx2PutI</name>
         <uninitialized>true</uninitialized>
         <readwrite>true</readwrite>
         <run_address>0x202017d8</run_address>
         <size>0x4</size>
         <alignment>0x4</alignment>
         <input_file_ref idref="fl-f"/>
      </object_component>
      <object_component id="oc-10f">
[...]
         <name>TxFifo_Put</name>
         <value>0x22a5</value>
         <object_component_ref idref="oc-1a5"/>
      </symbol>
      <symbol id="sm-dd">
         <name>TxFifo_Get</name>
         <value>0x2259</value>
         <object_component_ref idref="oc-cc"/>
      </symbol>
      <symbol id="sm-de">
         <name>TxFifo_Size</name>
         <value>0x29a5</value>
         <object_component_ref idref="oc-8d"/>
      </symbol>
      <symbol id="sm-df">
         <name>RxGetI</name>
         <value>0x20201800</value>
      </symbol>
      <symbol id="sm-e0">
         <name>RxPutI</name>
         <value>0x20201804</value>
      </symbol>
      <symbol id="sm-e1">
         <name>RxFifo_Put</name>
         <value>0x220d</value>
         <object_component_ref idref="oc-cb"/>
      </symbol>
      <symbol id="sm-113">
         <name>Logic_Init</name>
         <value>0x201d</value>
         <object_component_ref idref="oc-122"/>
      </symbol>
      <symbol id="sm-114">
         <name>Running</name>
         <value>0x202017fc</value>
      </symbol>
      <symbol id="sm-115">
         <name>Checks</name>
         <value>0x202017e0</value>
      </symbol>
      <symbol id="sm-116">
         <name>NumCreated</name>
         <value>0x202017f8</value>
      </symbol>
      <symbol id="sm-117">
         <name>diskError</name>
         <value>0x1d09</value>
         <object_component_ref idref="oc-165"/>
      </symbol>
      <symbol id="sm-118">
         <name>LCDFree</name>
         <value>0x202017f0</value>
      </symbol>
      <symbol id="sm-119">
         <name>Check</name>
         <value>0x2761</value>
         <object_component_ref idref="oc-17a"/>
      </symbol>
      <symbol id="sm-11a">
         <name>VirusDetector</name>
         <value>0x1ea1</value>
         <object_component_ref idref="oc-130"/>
      </symbol>
      <symbol id="sm-11b">
         <name>ChecksumErrors</name>
         <value>0x202017e8</value>
      </symbol>
      <symbol id="sm-11c">
         <name>ChecksumOriginal</name>
         <value>0x202017ec</value>
      </symbol>
      <symbol id="sm-11d">
         <name>Checksum</name>
         <value>0x202017e4</value>
      </symbol>
      <symbol id="sm-11e">
         <name>Random32</name>
         <value>0x2891</value>
         <object_component_ref idref="oc-19e"/>
      </symbol>
      <symbol id="sm-11f">
         <name>M</name>
         <value>0x20201a30</value>
         <object_component_ref idref="oc-16e"/>
      </symbol>
      <symbol id="sm-120">
         <name>Random8</name>
         <value>0x2acd</value>
         <object_component_ref idref="oc-166"/>
      </symbol>
      <symbol id="sm-121">
         <name>TestDisk</name>
         <value>0x2e9</value>
         <object_component_ref idref="oc-12f"/>
      </symbol>
      <symbol id="sm-122">
         <name>buffer</name>
         <value>0x20201400</value>
      </symbol>
      <symbol id="sm-123">
         <name>StartTestDisk</name>
         <value>0x272d</value>
         <object_component_ref idref="oc-12d"/>
      </symbol>
      <symbol id="sm-124">
         <name>Testmain1</name>
         <value>0x179d</value>
         <object_component_ref idref="oc-e5"/>
      </symbol>
      <symbol id="sm-125">
         <name>main</name>
         <value>0x2941</value>
         <object_component_ref idref="oc-a2"/>
      </symbol>
      <symbol id="sm-130">
         <name>UART_OutString</name>
         <value>0x2845</value>
         <object_component_ref idref="oc-15f"/>
      </symbol>
      <symbol id="sm-131">
         <name>UART_OutUDec</name>
         <value>0x268d</value>
         <object_component_ref idref="oc-169"/>
      </symbol>
      <symbol id="sm-146">
         <name>UART_OutChar</name>
         <value>0x24e5</value>
         <object_component_ref idref="oc-190"/>
      </symbol>
      <symbol id="sm-147">
         <name>UART0_IRQHandler</name>
         <value>0x1f65</value>
         <object_component_ref idref="oc-47"/>
      </symbol>
      <symbol id="sm-15d">
         <name>CS_Init</name>
         <value>0x286d</value>
         <object_component_ref idref="oc-1b2"/>
      </symbol>
      <symbol id="sm-15e">
         <name>SPI1_Reset</name>
         <value>0x24a5</value>
         <object_component_ref idref="oc-1b4"/>
      </symbol>
      <symbol id="sm-15f">
         <name>SPI1_Init</name>
         <value>0xd91</value>
         <object_component_ref idref="oc-1a6"/>
      </symbol>
      <symbol id="sm-160">
         <name>SPI1_init_Flag</name>
         <value>0x20201a3c</value>
         <object_component_ref idref="oc-1b5"/>
      </symbol>
      <symbol id="sm-161">
         <name>TFT_OutData</name>
         <value>0x1e3d</value>
         <object_component_ref idref="oc-146"/>
      </symbol>
      <symbol id="sm-162">
         <name>TFT_OutCommand</name>
         <value>0x1dd9</value>
         <object_component_ref idref="oc-141"/>
      </symbol>
      <symbol id="sm-18e">
         <name>ST7735_SetCursor</name>
         <value>0x26f9</value>
         <object_component_ref idref="oc-198"/>
      </symbol>
      <symbol id="sm-18f">
         <name>StTextColor</name>
         <value>0x20201a4c</value>
         <object_component_ref idref="oc-1ab"/>
      </symbol>
      <symbol id="sm-190">
         <name>StX</name>
         <value>0x20201a40</value>
         <object_component_ref idref="oc-1a9"/>
      </symbol>
      <symbol id="sm-191">
         <name>StY</name>
         <value>0x20201a44</value>
         <object_component_ref idref="oc-1aa"/>
      </symbol>
      <symbol id="sm-192">
         <name>ST7735_DrawChar</name>
         <value>0x679</value>
         <object_component_ref idref="oc-b7"/>
      </symbol>
      <symbol id="sm-193">
         <name>ST7735_DrawString</name>
         <value>0x1939</value>
         <object_component_ref idref="oc-15e"/>
      </symbol>
      <symbol id="sm-194">
         <name>fillmessage</name>
         <value>0x20cd</value>
         <object_component_ref idref="oc-1ac"/>
      </symbol>
      <symbol id="sm-195">
         <name>Messageindex</name>
         <value>0x202017f4</value>
      </symbol>
      <symbol id="sm-196">
         <name>Message</name>
         <value>0x202017a0</value>
      </symbol>
      <symbol id="sm-197">
         <name>ST7735_OutUDec</name>
         <value>0x1679</value>
         <object_component_ref idref="oc-19a"/>
      </symbol>
      <symbol id="sm-198">
         <name>Display_Free</name>
         <value>0x20201a2c</value>
         <object_component_ref idref="oc-bd"/>
      </symbol>
      <symbol id="sm-199">
         <name>ST7735_SetTextColor</name>
         <value>0x2a05</value>
         <object_component_ref idref="oc-199"/>
      </symbol>
      <symbol id="sm-19a">
         <name>ST7735_Message</name>
         <value>0x9a5</value>
         <object_component_ref idref="oc-79"/>
      </symbol>
      <symbol id="sm-1c4">
         <name>TFLuna2Function</name>
         <value>0x2020180c</value>
      </symbol>
      <symbol id="sm-1c5">
         <name>TFLuna2Index</name>
         <value>0x20201810</value>
      </symbol>
      <symbol id="sm-1c6">
         <name>TFLuna2LastByte</name>
         <value>0x20201821</value>
      </symbol>
      <symbol id="sm-1c7">
         <name>TFLuna2DataMessage</name>
         <value>0x202017ac</value>
      </symbol>
      <symbol id="sm-1c8">
         <name>BadCheckSum2</name>
         <value>0x202017dc</value>
      </symbol>
      <symbol id="sm-1c9">
         <name>TFLuna2_OutStatus</name>
         <value>0x298d</value>
         <object_component_ref idref="oc-88"/>
      </symbol>
      <symbol id="sm-1ca">
         <name>Tx2Fifo_Get</name>
         <value>0x2389</value>
         <object_component_ref idref="oc-c8"/>
      </symbol>
      <symbol id="sm-1cb">
         <name>UART2_IRQHandler</name>
         <value>0x1fc1</value>
         <object_component_ref idref="oc-42"/>
      </symbol>
      <symbol id="sm-1cc">
         <name>TFLuna2_InStatus</name>
         <value>0x2975</value>
         <object_component_ref idref="oc-c0"/>
      </symbol>
      <symbol id="sm-1cd">
         <name>Rx2Fifo_Put</name>
         <value>0x21c1</value>
         <object_component_ref idref="oc-c1"/>
      </symbol>
      <symbol id="sm-1ce">
         <name>TFLuna2Distance</name>
         <value>0x20201808</value>
      </symbol>
      <symbol id="sm-1df">
         <name>TimerG8_IntArm</name>
         <value>0x1491</value>
         <object_component_ref idref="oc-18f"/>
      </symbol>
      <symbol id="sm-1e0">
         <name>TimerG7_IntArm</name>
         <value>0x13e9</value>
         <object_component_ref idref="oc-14f"/>
      </symbol>
      <symbol id="sm-1e1">
         <name>TimerG12_Init</name>
         <value>0x1f05</value>
         <object_component_ref idref="oc-158"/>
      </symbol>
      <symbol id="sm-229">
         <name>eDisk_Init</name>
         <value>0xc1</value>
         <object_component_ref idref="oc-164"/>
      </symbol>
      <symbol id="sm-22a">
         <name>eDisk_Read</name>
         <value>0x10ad</value>
         <object_component_ref idref="oc-1a0"/>
      </symbol>
      <symbol id="sm-22b">
         <name>eDisk_ReadBlock</name>
         <value>0x29bd</value>
         <object_component_ref idref="oc-168"/>
      </symbol>
      <symbol id="sm-22c">
         <name>eDisk_Write</name>
         <value>0xeb1</value>
         <object_component_ref idref="oc-19f"/>
      </symbol>
      <symbol id="sm-22d">
         <name>eDisk_WriteBlock</name>
         <value>0x29d5</value>
         <object_component_ref idref="oc-167"/>
      </symbol>
      <symbol id="sm-22e">
         <name>disk_timerproc</name>
         <value>0x1c29</value>
         <object_component_ref idref="oc-128"/>
      </symbol>
      <symbol id="sm-238">
         <name>StartOS</name>
         <value>0x1cae</value>
         <object_component_ref idref="oc-37"/>
      </symbol>
      <symbol id="sm-239">
         <name>PendSV_Handler</name>
         <value>0x1cc9</value>
         <object_component_ref idref="oc-37"/>
      </symbol>
      <symbol id="sm-23a">
         <name>OSDisableInterrupts</name>
         <value>0x1c98</value>
         <object_component_ref idref="oc-37"/>
      </symbol>
      <symbol id="sm-23b">
         <name>OSEnableInterrupts</name>
         <value>0x1c9c</value>
         <object_component_ref idref="oc-37"/>
      </symbol>
      <symbol id="sm-23c">
         <name>SVC_Handler</name>
         <value>0x1ce5</value>
         <object_component_ref idref="oc-37"/>
      </symbol>
      <symbol id="sm-23d">
         <name>StartCritical</name>
         <value>0x1ca0</value>
         <object_component_ref idref="oc-37"/>
      </symbol>
      <symbol id="sm-23e">
         <name>EndCritical</name>
         <value>0x1ca8</value>
         <object_component_ref idref="oc-37"/>
      </symbol>
      <symbol id="sm-283">
         <name>Default_Handler</name>
         <value>0x28d1</value>
         <object_component_ref idref="oc-35"/>
      </symbol>
      <symbol id="sm-284">
         <name>Reset_Handler</name>
         <value>0x2aeb</value>
         <object_component_ref idref="oc-31"/>
      </symbol>
      <symbol id="sm-285">
         <name>HardFault_Handler</name>
         <value>0x28ed</value>
         <object_component_ref idref="oc-36"/>
      </symbol>
      <symbol id="sm-286">
         <name>interruptVectors</name>
         <value>0x0</value>
         <object_component_ref idref="oc-18"/>
      </symbol>
      <symbol id="sm-287">
         <name>NMI_Handler</name>
         <value>0x28d1</value>
         <object_component_ref idref="oc-35"/>
      </symbol>
      <symbol id="sm-288">
         <name>GROUP0_IRQHandler</name>
         <value>0x28d1</value>
         <object_component_ref idref="oc-35"/>
      </symbol>
      <symbol id="sm-289">
         <name>UART3_IRQHandler</name>
         <value>0x28d1</value>
         <object_component_ref idref="oc-35"/>
      </symbol>
      <symbol id="sm-28a">
         <name>ADC0_IRQHandler</name>
         <value>0x28d1</value>
         <object_component_ref idref="oc-35"/>
      </symbol>
      <symbol id="sm-28b">
         <name>ADC1_IRQHandler</name>
         <value>0x28d1</value>
         <object_component_ref idref="oc-35"/>
      </symbol>
      <symbol id="sm-28c">
         <name>CANFD0_IRQHandler</name>
         <value>0x28d1</value>
         <object_component_ref idref="oc-35"/>
      </symbol>
      <symbol id="sm-28d">
         <name>DAC0_IRQHandler</name>
         <value>0x28d1</value>
         <object_component_ref idref="oc-35"/>
      </symbol>
      <symbol id="sm-28e">
         <name>SPI0_IRQHandler</name>
         <value>0x28d1</value>
         <object_component_ref idref="oc-35"/>
      </symbol>
      <symbol id="sm-28f">
         <name>SPI1_IRQHandler</name>
         <value>0x28d1</value>
         <object_component_ref idref="oc-35"/>
      </symbol>
      <symbol id="sm-290">
         <name>UART1_IRQHandler</name>
         <value>0x28d1</value>
         <object_component_ref idref="oc-35"/>
      </symbol>
      <symbol id="sm-291">
         <name>TIMG0_IRQHandler</name>
         <value>0x28d1</value>
         <object_component_ref idref="oc-35"/>
      </symbol>
      <symbol id="sm-292">
         <name>TIMG6_IRQHandler</name>
         <value>0x28d1</value>
         <object_component_ref idref="oc-35"/>
      </symbol>
      <symbol id="sm-293">
         <name>TIMA0_IRQHandler</name>
         <value>0x28d1</value>
         <object_component_ref idref="oc-35"/>
      </symbol>
      <symbol id="sm-294">
         <name>TIMA1_IRQHandler</name>
         <value>0x28d1</value>
         <object_component_ref idref="oc-35"/>
      </symbol>
      <symbol id="sm-295">
         <name>TIMG12_IRQHandler</name>
         <value>0x28d1</value>
         <object_component_ref idref="oc-35"/>
      </symbol>
      <symbol id="sm-296">
         <name>I2C0_IRQHandler</name>
         <value>0x28d1</value>
         <object_component_ref idref="oc-35"/>
      </symbol>
      <symbol id="sm-297">
         <name>I2C1_IRQHandler</name>
         <value>0x28d1</value>
         <object_component_ref idref="oc-35"/>
      </symbol>
      <symbol id="sm-298">
         <name>AES_IRQHandler</name>
         <value>0x28d1</value>
         <object_component_ref idref="oc-35"/>
      </symbol>
      <symbol id="sm-299">
         <name>RTC_IRQHandler</name>
         <value>0x28d1</value>
         <object_component_ref idref="oc-35"/>
      </symbol>
      <symbol id="sm-29a">
         <name>DMA_IRQHandler</name>
         <value>0x28d1</value>
         <object_component_ref idref="oc-35"/>
      </symbol>
      <symbol id="sm-29b">
         <name>__TI_ATRegion0_src_addr</name>
         <value>0x0</value>
      </symbol>
      <symbol id="sm-29c">
         <name>__TI_ATRegion0_trg_addr</name>
         <value>0x0</value>
      </symbol>
      <symbol id="sm-29d">
         <name>__TI_ATRegion0_region_sz</name>
         <value>0x0</value>
      </symbol>
      <symbol id="sm-29e">
         <name>__TI_ATRegion1_src_addr</name>
         <value>0x0</value>
      </symbol>
      <symbol id="sm-29f">
         <name>__TI_ATRegion1_trg_addr</name>
         <value>0x0</value>
      </symbol>
      <symbol id="sm-2a0">
         <name>__TI_ATRegion1_region_sz</name>
         <value>0x0</value>
      </symbol>
      <symbol id="sm-2a1">
         <name>__TI_ATRegion2_src_addr</name>
         <value>0x0</value>
      </symbol>
      <symbol id="sm-2a2">
         <name>__TI_ATRegion2_trg_addr</name>
         <value>0x0</value>
      </symbol>
      <symbol id="sm-2a3">
         <name>__TI_ATRegion2_region_sz</name>
         <value>0x0</value>
      </symbol>
      <symbol id="sm-2b0">
         <name>abort</name>
         <value>0x2ae1</value>
         <object_component_ref idref="oc-e8"/>
      </symbol>
      <symbol id="sm-2ba">
         <name>_sys_memory</name>
         <value>0x20201828</value>
         <object_component_ref idref="oc-2f"/>
      </symbol>
      <symbol id="sm-2c7">
         <name>_c_int00_noargs</name>
         <value>0x281d</value>
         <object_component_ref idref="oc-68"/>
      </symbol>
      <symbol id="sm-2c8">
         <name>__stack</name>
         <value>0x20207e00</value>
         <object_component_ref idref="oc-1a"/>
      </symbol>
      <symbol id="sm-2d4">
         <name>__TI_auto_init_nobinit_nopinit</name>
         <value>0x25dd</value>
         <object_component_ref idref="oc-ef"/>
      </symbol>
      <symbol id="sm-2dc">
         <name>_system_pre_init</name>
         <value>0x2aef</value>
         <object_component_ref idref="oc-9e"/>
      </symbol>
      <symbol id="sm-2e7">
         <name>__TI_zero_init</name>
         <value>0x2a71</value>
         <object_component_ref idref="oc-65"/>
      </symbol>
      <symbol id="sm-2f0">
         <name>__TI_decompress_none</name>
         <value>0x2a3f</value>
         <object_component_ref idref="oc-20"/>
      </symbol>
      <symbol id="sm-2fb">
         <name>__TI_decompress_lzss</name>
         <value>0x1abd</value>
         <object_component_ref idref="oc-1c"/>
      </symbol>
      <symbol id="sm-311">
         <name>HOSTexit</name>
         <value>0x2ae7</value>
         <object_component_ref idref="oc-131"/>
      </symbol>
      <symbol id="sm-312">
         <name>C$$EXIT</name>
         <value>0x2ae6</value>
         <object_component_ref idref="oc-131"/>
      </symbol>
      <symbol id="sm-328">
         <name>__aeabi_idiv</name>
         <value>0x2075</value>
         <object_component_ref idref="oc-b8"/>
      </symbol>
      <symbol id="sm-329">
         <name>__aeabi_idivmod</name>
         <value>0x2075</value>
         <object_component_ref idref="oc-b8"/>
      </symbol>
      <symbol id="sm-32f">
         <name>__aeabi_memcpy</name>
         <value>0x2ad9</value>
         <object_component_ref idref="oc-58"/>
      </symbol>
      <symbol id="sm-330">
         <name>__aeabi_memcpy4</name>
         <value>0x2ad9</value>
         <object_component_ref idref="oc-58"/>
      </symbol>
      <symbol id="sm-331">
         <name>__aeabi_memcpy8</name>
         <value>0x2ad9</value>
         <object_component_ref idref="oc-58"/>
      </symbol>
      <symbol id="sm-338">
         <name>__aeabi_memclr</name>
         <value>0x2ac1</value>
         <object_component_ref idref="oc-99"/>
      </symbol>
      <symbol id="sm-339">
         <name>__aeabi_memclr4</name>
         <value>0x2ac1</value>
         <object_component_ref idref="oc-99"/>
      </symbol>
      <symbol id="sm-33a">
         <name>__aeabi_memclr8</name>
         <value>0x2ac1</value>
         <object_component_ref idref="oc-99"/>
      </symbol>
      <symbol id="sm-340">
         <name>__aeabi_uidiv</name>
         <value>0x2525</value>
         <object_component_ref idref="oc-1a1"/>
      </symbol>
      <symbol id="sm-341">
         <name>__aeabi_uidivmod</name>
         <value>0x2525</value>
         <object_component_ref idref="oc-1a1"/>
      </symbol>
      <symbol id="sm-34c">
         <name>__aeabi_idiv0</name>
         <value>0xd8f</value>
         <object_component_ref idref="oc-106"/>
      </symbol>
      <symbol id="sm-356">
         <name>TI_memcpy_small</name>
         <value>0x2a2d</value>
         <object_component_ref idref="oc-d1"/>
      </symbol>
      <symbol id="sm-35f">
         <name>TI_memset_small</name>
         <value>0x2a81</value>
         <object_component_ref idref="oc-115"/>
      </symbol>
      <symbol id="sm-360">
         <name>__TI_static_base__</name>
         <value>0x0</value>
      </symbol>
      <symbol id="sm-363">
         <name>__mpu_init</name>
         <value>0x0</value>
      </symbol>
      <symbol id="sm-364">
         <name>_system_post_cinit</name>
         <value>0x0</value>
      </symbol>
   </symbol_table>
   <title>Link successful</title>
</link_info>
