******************************************************************************
            TI ARM Clang Linker PC v4.0.4                      
******************************************************************************
>> Linked Tue Mar 24 14:57:14 2026

OUTPUT FILE NAME:   <RTOS_Lab1.out>
ENTRY POINT SYMBOL: "_c_int00_noargs"  address: 00002a7d


MEMORY CONFIGURATION

         name            origin    length      used     unused   attr    fill
----------------------  --------  ---------  --------  --------  ----  --------
  FLASH                 00000000   00020000  000030c0  0001cf40  R  X
  SRAM                  20200000   00008000  00000ac8  00007538  RW X
  BCR_CONFIG            41c00000   00000080  00000000  00000080  R   
  BSL_CONFIG            41c00100   00000080  00000000  00000080  R   


SEGMENT ALLOCATION MAP

run origin  load origin   length   init length attrs members
----------  ----------- ---------- ----------- ----- -------
00000000    00000000    000030c0   000030c0    r-x
  00000000    00000000    000000c0   000000c0    r-- .intvecs
  000000c0    000000c0    00002c60   00002c60    r-x .text
  00002d20    00002d20    00000360   00000360    r-- .rodata
  00003080    00003080    00000040   00000040    r-- .cinit
20200000    20200000    000008ca   00000000    rw-
  20200000    20200000    00000686   00000000    rw- .bss
  20200688    20200688    00000200   00000000    rw- .sysmem
  20200888    20200888    00000042   00000000    rw- .data
20207e00    20207e00    00000200   00000000    rw-
  20207e00    20207e00    00000200   00000000    rw- .stack


SECTION ALLOCATION MAP

 output                                  attributes/
section   page    origin      length       input sections
--------  ----  ----------  ----------   ----------------
.intvecs   0    00000000    000000c0     
                  00000000    000000c0     startup_mspm0g3507_ticlang.o (.intvecs)

.text      0    000000c0    00002c60     
                  000000c0    000005e0     Interpreter.o (.text.Interpreter)
                  000006a0    000001b4     Clock.o (.text.Clock_Init80MHz)
                  00000854    00000174     TFLuna2.o (.text.TFLuna2_Init)
                  000009c8    00000154     OS.o (.text.TIMG8_IRQHandler)
                  00000b1c    00000144     TFLuna2.o (.text.copyHardwareToSoftware2)
                  00000c60    00000138     RTOS_UARTints.o (.text.UART_Init)
                  00000d98    0000012c     OS.o (.text.GROUP1_IRQHandler)
                  00000ec4    00000128     OS.o (.text.OS_Block)
                  00000fec    00000128     RTOS_Lab1.o (.text.TIMG6_IRQHandler)
                  00001114    00000120     SPI.o (.text.SPI1_Init)
                  00001234    0000011c     RTOS_Lab1.o (.text.TIMA0_IRQHandler)
                  00001350    00000118     ST7735_SDC.o (.text.ST7735_FillRect)
                  00001468    000000fc     ADC.o (.text.ADC1_Init)
                  00001564    000000fc     RTOS_Lab1.o (.text.Background2)
                  00001660    000000f8     OS.o (.text.OS_Unblock)
                  00001758    000000f4     ADC.o (.text.ADC0_Init)
                  0000184c    000000e0     OS.o (.text.SysTick_Handler)
                  0000192c    000000b8     RTOS_Lab1.o (.text.main)
                  000019e4    000000a8     DAC.o (.text.DAC_Init)
                  00001a8c    000000a8     Timer.o (.text.TimerA0_IntArm)
                  00001b34    000000a8     Timer.o (.text.TimerG6_IntArm)
                  00001bdc    000000a8     Timer.o (.text.TimerG8_IntArm)
                  00001c84    000000a4     LPF.o (.text.Median)
                  00001d28    000000a2     ST7735_SDC.o (.text.commandList)
                  00001dca    00000002     libclang_rt.builtins.a : aeabi_div0.c.obj (.text.__aeabi_idiv0)
                  00001dcc    00000098     ST7735_SDC.o (.text.ST7735_InitR)
                  00001e64    00000088     ST7735_SDC.o (.text.setAddrWindow)
                  00001eec    00000004     libsysbm.a : hostexit.c.obj (.text.HOSTexit)
                  00001ef0    00000088     libc.a : strcmp-armv6m.S.obj (.text:strcmp)
                  00001f78    00000084     LaunchPad.o (.text.LaunchPad_Init)
                  00001ffc    0000007c     libc.a : copy_decompress_lzss.c.obj (.text:decompress:lzss)
                  00002078    00000068     LPF.o (.text.LPF_Init7)
                  000020e0    00000064     SPI.o (.text.TFT_OutCommand)
                  00002144    00000064     SPI.o (.text.TFT_OutData)
                  000021a8    0000005c     RTOS_UARTints.o (.text.UART0_IRQHandler)
                  00002204    0000005c     TFLuna2.o (.text.UART2_IRQHandler)
                  00002260    00000058     IRDistance.o (.text.IRDistance_Convert)
                  000022b8    00000058     RTOS_Lab1.o (.text.Logic_Init)
                  00002310    00000056     libclang_rt.builtins.a : aeabi_idivmod.S.obj (.text.__aeabi_idivmod)
                  00002366    00000002     --HOLE-- [fill = 0]
                  00002368    00000050     OS.o (.text.TIMG7_IRQHandler)
                  000023b8    0000004c     OS.o (.text.OS_bSignal)
                  00002404    0000004c     TFLuna2.o (.text.Rx2Fifo_Put)
                  00002450    0000004c     RTOS_FIFO.o (.text.RxFifo_Get)
                  0000249c    0000004c     RTOS_FIFO.o (.text.RxFifo_Put)
                  000024e8    0000004c     TFLuna2.o (.text.Tx2Fifo_Put)
                  00002534    0000004c     RTOS_FIFO.o (.text.TxFifo_Get)
                  00002580    0000004c     RTOS_FIFO.o (.text.TxFifo_Put)
                  000025cc    0000004c     TFLuna2.o (.text.copySoftwareToHardware2)
                  00002618    0000004c     RTOS_UARTints.o (.text.copySoftwareToHardware)
                  00002664    00000048     TFLuna2.o (.text.Tx2Fifo_Get)
                  000026ac    00000044     ADC.o (.text.ADC0_In)
                  000026f0    00000044     ADC.o (.text.ADC1_In)
                  00002734    00000042     LPF.o (.text.sqrt2)
                  00002776    00000002     --HOLE-- [fill = 0]
                  00002778    00000040     SPI.o (.text.SPI1_Reset)
                  000027b8    00000040     TFLuna2.o (.text.TFLuna2_OutChar)
                  000027f8    00000040     RTOS_UARTints.o (.text.UART_OutChar)
                  00002838    00000040     libclang_rt.builtins.a : aeabi_uidivmod.S.obj (.text.__aeabi_uidivmod)
                  00002878    0000003c     libc.a : autoinit.c.obj (.text:__TI_auto_init_nobinit_nopinit)
                  000028b4    00000038     LaunchPad.o (.text.ActivatePortA_B)
                  000028ec    00000036     RTOS_UART.o (.text.UART_OutUDec)
                  00002922    00000002     --HOLE-- [fill = 0]
                  00002924    00000034     Clock.o (.text.Clock_Delay1ms)
                  00002958    00000034     OS.o (.text.OS_bWait)
                  0000298c    00000034     ST7735_SDC.o (.text.ST7735_SetCursor)
                  000029c0    00000030     TFLuna2.o (.text.TFLuna2_SendMessage)
                  000029f0    00000030     ST7735_SDC.o (.text.commonInit)
                  00002a20    00000030     RTOS_UARTints.o (.text.copyHardwareToSoftware)
                  00002a50    0000002c     ST7735_SDC.o (.text.ST7735_FillScreen)
                  00002a7c    00000028     libc.a : boot_cortex_m.c.obj (.text:_c_int00_noargs)
                  00002aa4    00000026     RTOS_UART.o (.text.UART_OutString)
                  00002aca    00000002     --HOLE-- [fill = 0]
                  00002acc    00000024     SPI.o (.text.CS_Init)
                  00002af0    00000024     OS.o (.text.OS_Suspend)
                  00002b14    00000022     RTOS_UARTints.o (.text.UART_InChar)
                  00002b36    00000002     --HOLE-- [fill = 0]
                  00002b38    0000001c     startup_mspm0g3507_ticlang.o (.text.Default_Handler)
                  00002b54    0000001c     startup_mspm0g3507_ticlang.o (.text.HardFault_Handler)
                  00002b70    0000001c     OS.o (.text.OS_ClearMsTime)
                  00002b8c    00000018     TFLuna2.o (.text.TFLuna2_InStatus)
                  00002ba4    00000018     TFLuna2.o (.text.TFLuna2_OutStatus)
                  00002bbc    00000018     RTOS_FIFO.o (.text.TxFifo_Size)
                  00002bd4    00000014     DAC.o (.text.DAC_Out)
                  00002be8    00000014     TFLuna2.o (.text.Rx2Fifo_Init)
                  00002bfc    00000014     RTOS_FIFO.o (.text.RxFifo_Init)
                  00002c10    00000014     TFLuna2.o (.text.Tx2Fifo_Init)
                  00002c24    00000014     RTOS_FIFO.o (.text.TxFifo_Init)
                  00002c38    00000012     libc.a : memcpy16.S.obj (.text:TI_memcpy_small)
                  00002c4a    00000012            : copy_decompress_none.c.obj (.text:decompress:none)
                  00002c5c    00000010     Clock.o (.text.Clock_Delay)
                  00002c6c    00000010     LaunchPad.o (.text.Delay)
                  00002c7c    00000010     TFLuna2.o (.text.TFLuna2_Format_Standard_mm)
                  00002c8c    00000010     TFLuna2.o (.text.TFLuna2_Frame_Rate)
                  00002c9c    00000010     TFLuna2.o (.text.TFLuna2_SaveSettings)
                  00002cac    00000010     TFLuna2.o (.text.TFLuna2_System_Reset)
                  00002cbc    00000010     libc.a : copy_zero_init.c.obj (.text:decompress:ZI)
                  00002ccc    0000000e            : memset16.S.obj (.text:TI_memset_small)
                  00002cda    00000002     --HOLE-- [fill = 0]
                  00002cdc    0000000c     Clock.o (.text.Clock_Freq)
                  00002ce8    0000000c     OS.o (.text.OS_MsTime)
                  00002cf4    0000000c     libclang_rt.builtins.a : aeabi_memset.S.obj (.text.__aeabi_memclr)
                  00002d00    00000008                            : aeabi_memcpy.S.obj (.text.__aeabi_memcpy)
                  00002d08    00000006     libc.a : exit.c.obj (.text:abort)
                  00002d0e    00000004     startup_mspm0g3507_ticlang.o (.text.Reset_Handler)
                  00002d12    00000004     libc.a : pre_init.c.obj (.text._system_pre_init)
                  00002d16    0000000a     --HOLE-- [fill = 0]

.cinit     0    00003080    00000040     
                  00003080    00000016     (.cinit..data.load) [load image, compression = lzss]
                  00003096    00000002     --HOLE-- [fill = 0]
                  00003098    0000000c     (__TI_handler_table)
                  000030a4    00000008     (.cinit..bss.load) [load image, compression = zero_init]
                  000030ac    00000010     (__TI_cinit_table)
                  000030bc    00000004     --HOLE-- [fill = 0]

.rodata    0    00002d20    00000360     
                  00002d20    0000003b     ST7735_SDC.o (.rodata.Rcmd1)
                  00002d5b    00000032     Interpreter.o (.rodata.str1.3640833247440392218.1)
                  00002d8d    0000002b     ST7735_SDC.o (.rodata.Rcmd3)
                  00002db8    00000021     Interpreter.o (.rodata.str1.8494452576783132325.1)
                  00002dd9    0000001e     Interpreter.o (.rodata.str1.11118897363992537812.1)
                  00002df7    0000001d     RTOS_Lab1.o (.rodata.str1.13653641550479727842.1)
                  00002e14    0000001c     Interpreter.o (.rodata.str1.12747060012456852606.1)
                  00002e30    0000001c     Interpreter.o (.rodata.str1.6623216276457726575.1)
                  00002e4c    0000001a     Interpreter.o (.rodata.str1.3865723553975578614.1)
                  00002e66    0000001a     Interpreter.o (.rodata.str1.5848584941126780850.1)
                  00002e80    0000001a     Interpreter.o (.rodata.str1.6342930968960270222.1)
                  00002e9a    00000018     Interpreter.o (.rodata.str1.12387308195910721753.1)
                  00002eb2    00000017     Interpreter.o (.rodata.str1.8716952829235969412.1)
                  00002ec9    00000016     Interpreter.o (.rodata.str1.13584691219899174016.1)
                  00002edf    00000016     Interpreter.o (.rodata.str1.17318961184984262945.1)
                  00002ef5    00000016     Interpreter.o (.rodata.str1.18287375918358592274.1)
                  00002f0b    00000016     Interpreter.o (.rodata.str1.1890611713944335580.1)
                  00002f21    00000015     Interpreter.o (.rodata.str1.11371354337695463545.1)
                  00002f36    00000014     Interpreter.o (.rodata.str1.9617158895229922347.1)
                  00002f4a    00000012     Interpreter.o (.rodata.str1.310310424903037747.1)
                  00002f5c    00000012     Interpreter.o (.rodata.str1.6099132036730984718.1)
                  00002f6e    00000002     Interpreter.o (.rodata.str1.17989674901879273765.1)
                  00002f70    00000010     IRDistance.o (.rodata.A)
                  00002f80    00000010     IRDistance.o (.rodata.B)
                  00002f90    00000010     IRDistance.o (.rodata.C)
                  00002fa0    00000010     IRDistance.o (.rodata.IRmax)
                  00002fb0    00000010     Interpreter.o (.rodata.str1.6993097843654508449.1)
                  00002fc0    0000000e     Interpreter.o (.rodata.str1.14968403688219252946.1)
                  00002fce    0000000d     ST7735_SDC.o (.rodata.Rcmd2green)
                  00002fdb    0000000d     ST7735_SDC.o (.rodata.Rcmd2red)
                  00002fe8    0000000c     Interpreter.o (.rodata.str1.15100085666203569218.1)
                  00002ff4    0000000b     Interpreter.o (.rodata.str1.438584629756741659.1)
                  00002fff    0000000b     Interpreter.o (.rodata.str1.8801398533620989010.1)
                  0000300a    00000008     Interpreter.o (.rodata.str1.14402438281036077488.1)
                  00003012    00000007     Interpreter.o (.rodata.str1.10788060859246666907.1)
                  00003019    00000007     Interpreter.o (.rodata.str1.15341649103122110242.1)
                  00003020    00000007     Interpreter.o (.rodata.str1.16145079996052228972.1)
                  00003027    00000007     Interpreter.o (.rodata.str1.9303564720754203623.1)
                  0000302e    00000006     TFLunaCommon.o (.rodata.Frame_Rate)
                  00003034    00000006     Interpreter.o (.rodata.str1.11141932002860361120.1)
                  0000303a    00000006     Interpreter.o (.rodata.str1.15287782171638189172.1)
                  00003040    00000006     Interpreter.o (.rodata.str1.1827009460364060299.1)
                  00003046    00000006     Interpreter.o (.rodata.str1.2838151848085724308.1)
                  0000304c    00000006     Interpreter.o (.rodata.str1.8740789795297769696.1)
                  00003052    00000005     TFLunaCommon.o (.rodata.Format_Standard_mm)
                  00003057    00000005     Interpreter.o (.rodata.str1.11662498999985250417.1)
                  0000305c    00000005     Interpreter.o (.rodata.str1.15874607606149105548.1)
                  00003061    00000005     Interpreter.o (.rodata.str1.6869798450878480225.1)
                  00003066    00000004     TFLunaCommon.o (.rodata.SaveSettings)
                  0000306a    00000004     TFLunaCommon.o (.rodata.System_Reset)
                  0000306e    00000004     Interpreter.o (.rodata.str1.11098986667779094382.1)
                  00003072    00000004     Interpreter.o (.rodata.str1.1287619923014008887.1)
                  00003076    00000003     Interpreter.o (.rodata.str1.1298965053803950432.1)
                  00003079    00000002     Interpreter.o (.rodata.str1.8834951582488220755.1)
                  0000307b    00000001     Interpreter.o (.rodata.str1.7755859433532082946.1)
                  0000307c    00000004     --HOLE-- [fill = 0]

.init_array 
*          0    00000000    00000000     UNINITIALIZED

.binit     0    00000000    00000000     

.bss       0    20200000    00000686     UNINITIALIZED
                  20200000    00000190     (.common:DataBuf)
                  20200190    00000190     (.common:DataBuf2)
                  20200320    00000190     (.common:DataBuf3)
                  202004b0    00000040     RTOS_FIFO.o (.bss.TxFifo)
                  202004f0    00000040     (.common:x7)
                  20200530    00000018     (.common:PA28_threads)
                  20200548    00000018     (.common:s1_threads)
                  20200560    00000018     (.common:s2_threads)
                  20200578    00000015     (.common:str)
                  2020058d    00000010     TFLuna2.o (.bss.Rx2Fifo)
                  2020059d    00000010     RTOS_FIFO.o (.bss.RxFifo)
                  202005ad    00000010     TFLuna2.o (.bss.Tx2Fifo)
                  202005bd    0000000c     (.common:TFLuna2DataMessage)
                  202005c9    00000001     ST7735_SDC.o (.bss.ColStart)
                  202005ca    00000001     ST7735_SDC.o (.bss.RowStart)
                  202005cb    00000001     ST7735_SDC.o (.bss.TabColor)
                  202005cc    00000004     TFLuna2.o (.bss.Rx2GetI)
                  202005d0    00000004     TFLuna2.o (.bss.Rx2PutI)
                  202005d4    00000004     TFLuna2.o (.bss.Tx2GetI)
                  202005d8    00000004     TFLuna2.o (.bss.Tx2PutI)
                  202005dc    00000004     (.common:ADCdata)
                  202005e0    00000004     (.common:ADCdata3)
                  202005e4    00000004     (.common:BadCheckSum2)
                  202005e8    00000004     (.common:Count2)
                  202005ec    00000004     (.common:Distance)
                  202005f0    00000004     (.common:Distance2)
                  202005f4    00000004     (.common:FilterOutput)
                  202005f8    00000004     (.common:I7)
                  202005fc    00000004     (.common:Index)
                  20200600    00000004     (.common:Index2)
                  20200604    00000004     (.common:Index3)
                  20200608    00000004     (.common:LPFSum7)
                  2020060c    00000004     (.common:LostData2)
                  20200610    00000004     (.common:RxGetI)
                  20200614    00000004     (.common:RxPutI)
                  20200618    00000004     (.common:SNR)
                  2020061c    00000004     (.common:SNR2)
                  20200620    00000004     (.common:SNR3)
                  20200624    00000004     (.common:Size7)
                  20200628    00000004     (.common:TFLuna2Distance)
                  2020062c    00000004     (.common:TFLuna2Function)
                  20200630    00000004     (.common:TFLuna2Index)
                  20200634    00000004     (.common:TheNoise)
                  20200638    00000004     (.common:TheNoise2)
                  2020063c    00000004     (.common:TheNoise3)
                  20200640    00000004     (.common:TheSignal)
                  20200644    00000004     (.common:TheSignal2)
                  20200648    00000004     (.common:TheSignal3)
                  2020064c    00000004     (.common:TimeMs)
                  20200650    00000004     (.common:TxGetI)
                  20200654    00000004     (.common:TxPutI)
                  20200658    00000004     (.common:Voltage3)
                  2020065c    00000004     (.common:j)
                  20200660    00000004     (.common:sum)
                  20200664    00000004     (.common:sum2)
                  20200668    00000004     (.common:sum3)
                  2020066c    00000004     (.common:sumsq)
                  20200670    00000004     (.common:sumsq2)
                  20200674    00000004     (.common:sumsq3)
                  20200678    00000004     (.common:u1)
                  2020067c    00000004     (.common:u2)
                  20200680    00000004     (.common:u3)
                  20200684    00000001     (.common:TFLuna2LastByte)
                  20200685    00000001     (.common:c)

.sysmem    0    20200688    00000200     UNINITIALIZED
                  20200688    00000010     libc.a : memory.c.obj (.sysmem)
                  20200698    000001f0     --HOLE--

.data      0    20200888    00000042     UNINITIALIZED
                  20200888    00000008     OS.o (.data.LCDFree)
                  20200890    00000004     Clock.o (.data.BusFreq)
                  20200894    00000004     OS.o (.data.NextThreadPt)
                  20200898    00000004     OS.o (.data.RunPt)
                  2020089c    00000004     SPI.o (.data.SPI1_init_Flag)
                  202008a0    00000004     ST7735_SDC.o (.data.StX)
                  202008a4    00000004     ST7735_SDC.o (.data.StY)
                  202008a8    00000004     OS.o (.data.current_periodic_thread)
                  202008ac    00000004     OS.o (.data.delta_queue_head)
                  202008b0    00000004     OS.o (.data.level0)
                  202008b4    00000004     OS.o (.data.level1)
                  202008b8    00000004     OS.o (.data.level2)
                  202008bc    00000004     OS.o (.data.level3)
                  202008c0    00000004     Interpreter.o (.data.validCommand)
                  202008c4    00000002     ST7735_SDC.o (.data.StTextColor)
                  202008c6    00000002     ST7735_SDC.o (.data._height)
                  202008c8    00000002     ST7735_SDC.o (.data._width)

.stack     0    20207e00    00000200     UNINITIALIZED
                  20207e00    00000004     libc.a : boot_cortex_m.c.obj (.stack)
                  20207e04    000001fc     --HOLE--

__llvm_prf_cnts 
*          0    20200000    00000000     UNINITIALIZED

__llvm_prf_bits 
*          0    20200000    00000000     UNINITIALIZED

MODULE SUMMARY

       Module                         code    ro data   rw data
       ------                         ----    -------   -------
    .\
       RTOS_Lab1.o                    1104    29        1300   
       Interpreter.o                  1504    620       30     
       OS.o                           1692    0         116    
       TFLuna2.o                      1352    0         81     
       ST7735_SDC.o                   874     128       17     
       ADC.o                          632     0         0      
       RTOS_UARTints.o                626     0         0      
       SPI.o                          588     0         4      
       Clock.o                        516     0         4      
       Timer.o                        504     0         0      
       RTOS_FIFO.o                    368     0         96     
       LPF.o                          334     0         88     
       LaunchPad.o                    204     0         0      
       DAC.o                          188     0         0      
       IRDistance.o                   88      64        0      
       RTOS_UART.o                    92      0         0      
       TFLunaCommon.o                 0       19        0      
    +--+------------------------------+-------+---------+---------+
       Total:                         10666   860       1736   
                                                               
    .\ticlang\
       startup_mspm0g3507_ticlang.o   60      192       0      
    +--+------------------------------+-------+---------+---------+
       Total:                         60      192       0      
                                                               
    C:\ti\ccs2040\ccs\tools\compiler\ti-cgt-armllvm_4.0.4.LTS\lib\armv6m-ti-none-eabi/c/libc.a
       strcmp-armv6m.S.obj            136     0         0      
       copy_decompress_lzss.c.obj     124     0         0      
       autoinit.c.obj                 60      0         0      
       boot_cortex_m.c.obj            40      0         0      
       copy_decompress_none.c.obj     18      0         0      
       memcpy16.S.obj                 18      0         0      
       copy_zero_init.c.obj           16      0         0      
       memset16.S.obj                 14      0         0      
       exit.c.obj                     6       0         0      
       pre_init.c.obj                 4       0         0      
    +--+------------------------------+-------+---------+---------+
       Total:                         436     0         0      
                                                               
    C:\ti\ccs2040\ccs\tools\compiler\ti-cgt-armllvm_4.0.4.LTS\lib\armv6m-ti-none-eabi/c/libsysbm.a
       hostexit.c.obj                 4       0         0      
    +--+------------------------------+-------+---------+---------+
       Total:                         4       0         0      
                                                               
    C:\ti\ccs2040\ccs\tools\compiler\ti-cgt-armllvm_4.0.4.LTS\lib\armv6m-ti-none-eabi/libclang_rt.builtins.a
       aeabi_idivmod.S.obj            86      0         0      
       aeabi_uidivmod.S.obj           64      0         0      
       aeabi_memset.S.obj             12      0         0      
       aeabi_memcpy.S.obj             8       0         0      
       aeabi_div0.c.obj               2       0         0      
    +--+------------------------------+-------+---------+---------+
       Total:                         172     0         0      
                                                               
       Heap:                          0       0         512    
       Stack:                         0       0         512    
       Linker Generated:              0       58        0      
    +--+------------------------------+-------+---------+---------+
       Grand Total:                   11338   1110      2760   


LINKER GENERATED COPY TABLES

__TI_cinit_table @ 000030ac records: 2, size/record: 8, table size: 16
	.data: load addr=00003080, load size=00000016 bytes, run addr=20200888, run size=00000042 bytes, compression=lzss
	.bss: load addr=000030a4, load size=00000008 bytes, run addr=20200000, run size=00000686 bytes, compression=zero_init


LINKER GENERATED HANDLER TABLE

__TI_handler_table @ 00003098 records: 3, size/record: 4, table size: 12
	index: 0, handler: __TI_decompress_lzss
	index: 1, handler: __TI_decompress_none
	index: 2, handler: __TI_zero_init


GLOBAL SYMBOLS: SORTED ALPHABETICALLY BY Name 

address   name                          
-------   ----                          
00002f70  A                             
00002b39  ADC0_IRQHandler               
000026ad  ADC0_In                       
00001759  ADC0_Init                     
00002b39  ADC1_IRQHandler               
000026f1  ADC1_In                       
00001469  ADC1_Init                     
202005dc  ADCdata                       
202005e0  ADCdata3                      
00002b39  AES_IRQHandler                
000028b5  ActivatePortA_B               
00002f80  B                             
00001565  Background2                   
202005e4  BadCheckSum2                  
20200890  BusFreq                       
00002f90  C                             
00001eec  C$$EXIT                       
00002b39  CANFD0_IRQHandler             
00002acd  CS_Init                       
00002c5d  Clock_Delay                   
00002925  Clock_Delay1ms                
00002cdd  Clock_Freq                    
000006a1  Clock_Init80MHz               
202005e8  Count2                        
00002b39  DAC0_IRQHandler               
000019e5  DAC_Init                      
00002bd5  DAC_Out                       
00002b39  DMA_IRQHandler                
20200000  DataBuf                       
20200190  DataBuf2                      
20200320  DataBuf3                      
00002b39  Default_Handler               
00002c6d  Delay                         
202005ec  Distance                      
202005f0  Distance2                     
UNDEFED   EndCritical                   
202005f4  FilterOutput                  
00003052  Format_Standard_mm            
0000302e  Frame_Rate                    
00002b39  GROUP0_IRQHandler             
00000d99  GROUP1_IRQHandler             
00001eed  HOSTexit                      
00002b55  HardFault_Handler             
00002b39  I2C0_IRQHandler               
00002b39  I2C1_IRQHandler               
202005f8  I7                            
00002261  IRDistance_Convert            
00002fa0  IRmax                         
202005fc  Index                         
20200600  Index2                        
20200604  Index3                        
000000c1  Interpreter                   
20200888  LCDFree                       
20200608  LPFSum7                       
00002079  LPF_Init7                     
00001f79  LaunchPad_Init                
000022b9  Logic_Init                    
2020060c  LostData2                     
00001c85  Median                        
00002b39  NMI_Handler                   
20200894  NextThreadPt                  
00000ec5  OS_Block                      
00002b71  OS_ClearMsTime                
00002ce9  OS_MsTime                     
00002af1  OS_Suspend                    
00001661  OS_Unblock                    
000023b9  OS_bSignal                    
00002959  OS_bWait                      
20200530  PA28_threads                  
00002b39  PendSV_Handler                
00002b39  RTC_IRQHandler                
00002d0f  Reset_Handler                 
20200898  RunPt                         
00002be9  Rx2Fifo_Init                  
00002405  Rx2Fifo_Put                   
00002451  RxFifo_Get                    
00002bfd  RxFifo_Init                   
0000249d  RxFifo_Put                    
20200610  RxGetI                        
20200614  RxPutI                        
20200618  SNR                           
2020061c  SNR2                          
20200620  SNR3                          
00002b39  SPI0_IRQHandler               
00002b39  SPI1_IRQHandler               
00001115  SPI1_Init                     
00002779  SPI1_Reset                    
2020089c  SPI1_init_Flag                
00001351  ST7735_FillRect               
00002a51  ST7735_FillScreen             
00001dcd  ST7735_InitR                  
0000298d  ST7735_SetCursor              
00002b39  SVC_Handler                   
00003066  SaveSettings                  
20200624  Size7                         
202008c4  StTextColor                   
202008a0  StX                           
202008a4  StY                           
UNDEFED   StartCritical                 
0000184d  SysTick_Handler               
0000306a  System_Reset                  
202005bd  TFLuna2DataMessage            
20200628  TFLuna2Distance               
2020062c  TFLuna2Function               
20200630  TFLuna2Index                  
20200684  TFLuna2LastByte               
00002c7d  TFLuna2_Format_Standard_mm    
00002c8d  TFLuna2_Frame_Rate            
00002b8d  TFLuna2_InStatus              
00000855  TFLuna2_Init                  
000027b9  TFLuna2_OutChar               
00002ba5  TFLuna2_OutStatus             
00002c9d  TFLuna2_SaveSettings          
000029c1  TFLuna2_SendMessage           
00002cad  TFLuna2_System_Reset          
000020e1  TFT_OutCommand                
00002145  TFT_OutData                   
00001235  TIMA0_IRQHandler              
00002b39  TIMA1_IRQHandler              
00002b39  TIMG0_IRQHandler              
00002b39  TIMG12_IRQHandler             
00000fed  TIMG6_IRQHandler              
00002369  TIMG7_IRQHandler              
000009c9  TIMG8_IRQHandler              
00002c39  TI_memcpy_small               
00002ccd  TI_memset_small               
20200634  TheNoise                      
20200638  TheNoise2                     
2020063c  TheNoise3                     
20200640  TheSignal                     
20200644  TheSignal2                    
20200648  TheSignal3                    
2020064c  TimeMs                        
00001a8d  TimerA0_IntArm                
00001b35  TimerG6_IntArm                
00001bdd  TimerG8_IntArm                
00002665  Tx2Fifo_Get                   
00002c11  Tx2Fifo_Init                  
000024e9  Tx2Fifo_Put                   
00002535  TxFifo_Get                    
00002c25  TxFifo_Init                   
00002581  TxFifo_Put                    
00002bbd  TxFifo_Size                   
20200650  TxGetI                        
20200654  TxPutI                        
000021a9  UART0_IRQHandler              
00002b39  UART1_IRQHandler              
00002205  UART2_IRQHandler              
00002b39  UART3_IRQHandler              
00002b15  UART_InChar                   
00000c61  UART_Init                     
000027f9  UART_OutChar                  
00002aa5  UART_OutString                
000028ed  UART_OutUDec                  
20200658  Voltage3                      
20208000  __STACK_END                   
00000200  __STACK_SIZE                  
00000200  __SYSMEM_SIZE                 
00000000  __TI_ATRegion0_region_sz      
00000000  __TI_ATRegion0_src_addr       
00000000  __TI_ATRegion0_trg_addr       
00000000  __TI_ATRegion1_region_sz      
00000000  __TI_ATRegion1_src_addr       
00000000  __TI_ATRegion1_trg_addr       
00000000  __TI_ATRegion2_region_sz      
00000000  __TI_ATRegion2_src_addr       
00000000  __TI_ATRegion2_trg_addr       
000030ac  __TI_CINIT_Base               
000030bc  __TI_CINIT_Limit              
000030bc  __TI_CINIT_Warm               
00003098  __TI_Handler_Table_Base       
000030a4  __TI_Handler_Table_Limit      
00002879  __TI_auto_init_nobinit_nopinit
00001ffd  __TI_decompress_lzss          
00002c4b  __TI_decompress_none          
ffffffff  __TI_pprof_out_hndl           
ffffffff  __TI_prof_data_size           
ffffffff  __TI_prof_data_start          
00000000  __TI_static_base__            
00002cbd  __TI_zero_init                
00002311  __aeabi_idiv                  
00001dcb  __aeabi_idiv0                 
00002311  __aeabi_idivmod               
00002cf5  __aeabi_memclr                
00002cf5  __aeabi_memclr4               
00002cf5  __aeabi_memclr8               
00002d01  __aeabi_memcpy                
00002d01  __aeabi_memcpy4               
00002d01  __aeabi_memcpy8               
00002839  __aeabi_uidiv                 
00002839  __aeabi_uidivmod              
ffffffff  __binit__                     
UNDEFED   __mpu_init                    
20207e00  __stack                       
20200000  __start___llvm_prf_bits       
20200000  __start___llvm_prf_cnts       
20200000  __stop___llvm_prf_bits        
20200000  __stop___llvm_prf_cnts        
00002a7d  _c_int00_noargs               
20200688  _sys_memory                   
UNDEFED   _system_post_cinit            
00002d13  _system_pre_init              
00002d09  abort                         
ffffffff  binit                         
20200685  c                             
202008a8  current_periodic_thread       
202008ac  delta_queue_head              
UNDEFED   eFile_Create                  
UNDEFED   eFile_DClose                  
UNDEFED   eFile_DOpen                   
UNDEFED   eFile_Delete                  
UNDEFED   eFile_DirNext                 
UNDEFED   eFile_Format                  
UNDEFED   eFile_Init                    
UNDEFED   eFile_Mount                   
UNDEFED   eFile_RClose                  
UNDEFED   eFile_ROpen                   
UNDEFED   eFile_ReadNext                
UNDEFED   eFile_Unmount                 
UNDEFED   eFile_WClose                  
UNDEFED   eFile_WOpen                   
UNDEFED   eFile_Write                   
00000000  interruptVectors              
2020065c  j                             
202008b0  level0                        
202008b4  level1                        
202008b8  level2                        
202008bc  level3                        
0000192d  main                          
20200548  s1_threads                    
20200560  s2_threads                    
00002735  sqrt2                         
20200578  str                           
00001ef1  strcmp                        
20200660  sum                           
20200664  sum2                          
20200668  sum3                          
2020066c  sumsq                         
20200670  sumsq2                        
20200674  sumsq3                        
20200678  u1                            
2020067c  u2                            
20200680  u3                            
202008c0  validCommand                  
202004f0  x7                            


GLOBAL SYMBOLS: SORTED BY Symbol Address 

address   name                          
-------   ----                          
00000000  __TI_ATRegion0_region_sz      
00000000  __TI_ATRegion0_src_addr       
00000000  __TI_ATRegion0_trg_addr       
00000000  __TI_ATRegion1_region_sz      
00000000  __TI_ATRegion1_src_addr       
00000000  __TI_ATRegion1_trg_addr       
00000000  __TI_ATRegion2_region_sz      
00000000  __TI_ATRegion2_src_addr       
00000000  __TI_ATRegion2_trg_addr       
00000000  __TI_static_base__            
00000000  interruptVectors              
000000c1  Interpreter                   
00000200  __STACK_SIZE                  
00000200  __SYSMEM_SIZE                 
000006a1  Clock_Init80MHz               
00000855  TFLuna2_Init                  
000009c9  TIMG8_IRQHandler              
00000c61  UART_Init                     
00000d99  GROUP1_IRQHandler             
00000ec5  OS_Block                      
00000fed  TIMG6_IRQHandler              
00001115  SPI1_Init                     
00001235  TIMA0_IRQHandler              
00001351  ST7735_FillRect               
00001469  ADC1_Init                     
00001565  Background2                   
00001661  OS_Unblock                    
00001759  ADC0_Init                     
0000184d  SysTick_Handler               
0000192d  main                          
000019e5  DAC_Init                      
00001a8d  TimerA0_IntArm                
00001b35  TimerG6_IntArm                
00001bdd  TimerG8_IntArm                
00001c85  Median                        
00001dcb  __aeabi_idiv0                 
00001dcd  ST7735_InitR                  
00001eec  C$$EXIT                       
00001eed  HOSTexit                      
00001ef1  strcmp                        
00001f79  LaunchPad_Init                
00001ffd  __TI_decompress_lzss          
00002079  LPF_Init7                     
000020e1  TFT_OutCommand                
00002145  TFT_OutData                   
000021a9  UART0_IRQHandler              
00002205  UART2_IRQHandler              
00002261  IRDistance_Convert            
000022b9  Logic_Init                    
00002311  __aeabi_idiv                  
00002311  __aeabi_idivmod               
00002369  TIMG7_IRQHandler              
000023b9  OS_bSignal                    
00002405  Rx2Fifo_Put                   
00002451  RxFifo_Get                    
0000249d  RxFifo_Put                    
000024e9  Tx2Fifo_Put                   
00002535  TxFifo_Get                    
00002581  TxFifo_Put                    
00002665  Tx2Fifo_Get                   
000026ad  ADC0_In                       
000026f1  ADC1_In                       
00002735  sqrt2                         
00002779  SPI1_Reset                    
000027b9  TFLuna2_OutChar               
000027f9  UART_OutChar                  
00002839  __aeabi_uidiv                 
00002839  __aeabi_uidivmod              
00002879  __TI_auto_init_nobinit_nopinit
000028b5  ActivatePortA_B               
000028ed  UART_OutUDec                  
00002925  Clock_Delay1ms                
00002959  OS_bWait                      
0000298d  ST7735_SetCursor              
000029c1  TFLuna2_SendMessage           
00002a51  ST7735_FillScreen             
00002a7d  _c_int00_noargs               
00002aa5  UART_OutString                
00002acd  CS_Init                       
00002af1  OS_Suspend                    
00002b15  UART_InChar                   
00002b39  ADC0_IRQHandler               
00002b39  ADC1_IRQHandler               
00002b39  AES_IRQHandler                
00002b39  CANFD0_IRQHandler             
00002b39  DAC0_IRQHandler               
00002b39  DMA_IRQHandler                
00002b39  Default_Handler               
00002b39  GROUP0_IRQHandler             
00002b39  I2C0_IRQHandler               
00002b39  I2C1_IRQHandler               
00002b39  NMI_Handler                   
00002b39  PendSV_Handler                
00002b39  RTC_IRQHandler                
00002b39  SPI0_IRQHandler               
00002b39  SPI1_IRQHandler               
00002b39  SVC_Handler                   
00002b39  TIMA1_IRQHandler              
00002b39  TIMG0_IRQHandler              
00002b39  TIMG12_IRQHandler             
00002b39  UART1_IRQHandler              
00002b39  UART3_IRQHandler              
00002b55  HardFault_Handler             
00002b71  OS_ClearMsTime                
00002b8d  TFLuna2_InStatus              
00002ba5  TFLuna2_OutStatus             
00002bbd  TxFifo_Size                   
00002bd5  DAC_Out                       
00002be9  Rx2Fifo_Init                  
00002bfd  RxFifo_Init                   
00002c11  Tx2Fifo_Init                  
00002c25  TxFifo_Init                   
00002c39  TI_memcpy_small               
00002c4b  __TI_decompress_none          
00002c5d  Clock_Delay                   
00002c6d  Delay                         
00002c7d  TFLuna2_Format_Standard_mm    
00002c8d  TFLuna2_Frame_Rate            
00002c9d  TFLuna2_SaveSettings          
00002cad  TFLuna2_System_Reset          
00002cbd  __TI_zero_init                
00002ccd  TI_memset_small               
00002cdd  Clock_Freq                    
00002ce9  OS_MsTime                     
00002cf5  __aeabi_memclr                
00002cf5  __aeabi_memclr4               
00002cf5  __aeabi_memclr8               
00002d01  __aeabi_memcpy                
00002d01  __aeabi_memcpy4               
00002d01  __aeabi_memcpy8               
00002d09  abort                         
00002d0f  Reset_Handler                 
00002d13  _system_pre_init              
00002f70  A                             
00002f80  B                             
00002f90  C                             
00002fa0  IRmax                         
0000302e  Frame_Rate                    
00003052  Format_Standard_mm            
00003066  SaveSettings                  
0000306a  System_Reset                  
00003098  __TI_Handler_Table_Base       
000030a4  __TI_Handler_Table_Limit      
000030ac  __TI_CINIT_Base               
000030bc  __TI_CINIT_Limit              
000030bc  __TI_CINIT_Warm               
20200000  DataBuf                       
20200000  __start___llvm_prf_bits       
20200000  __start___llvm_prf_cnts       
20200000  __stop___llvm_prf_bits        
20200000  __stop___llvm_prf_cnts        
20200190  DataBuf2                      
20200320  DataBuf3                      
202004f0  x7                            
20200530  PA28_threads                  
20200548  s1_threads                    
20200560  s2_threads                    
20200578  str                           
202005bd  TFLuna2DataMessage            
202005dc  ADCdata                       
202005e0  ADCdata3                      
202005e4  BadCheckSum2                  
202005e8  Count2                        
202005ec  Distance                      
202005f0  Distance2                     
202005f4  FilterOutput                  
202005f8  I7                            
202005fc  Index                         
20200600  Index2                        
20200604  Index3                        
20200608  LPFSum7                       
2020060c  LostData2                     
20200610  RxGetI                        
20200614  RxPutI                        
20200618  SNR                           
2020061c  SNR2                          
20200620  SNR3                          
20200624  Size7                         
20200628  TFLuna2Distance               
2020062c  TFLuna2Function               
20200630  TFLuna2Index                  
20200634  TheNoise                      
20200638  TheNoise2                     
2020063c  TheNoise3                     
20200640  TheSignal                     
20200644  TheSignal2                    
20200648  TheSignal3                    
2020064c  TimeMs                        
20200650  TxGetI                        
20200654  TxPutI                        
20200658  Voltage3                      
2020065c  j                             
20200660  sum                           
20200664  sum2                          
20200668  sum3                          
2020066c  sumsq                         
20200670  sumsq2                        
20200674  sumsq3                        
20200678  u1                            
2020067c  u2                            
20200680  u3                            
20200684  TFLuna2LastByte               
20200685  c                             
20200688  _sys_memory                   
20200888  LCDFree                       
20200890  BusFreq                       
20200894  NextThreadPt                  
20200898  RunPt                         
2020089c  SPI1_init_Flag                
202008a0  StX                           
202008a4  StY                           
202008a8  current_periodic_thread       
202008ac  delta_queue_head              
202008b0  level0                        
202008b4  level1                        
202008b8  level2                        
202008bc  level3                        
202008c0  validCommand                  
202008c4  StTextColor                   
20207e00  __stack                       
20208000  __STACK_END                   
ffffffff  __TI_pprof_out_hndl           
ffffffff  __TI_prof_data_size           
ffffffff  __TI_prof_data_start          
ffffffff  __binit__                     
ffffffff  binit                         
UNDEFED   EndCritical                   
UNDEFED   StartCritical                 
UNDEFED   __mpu_init                    
UNDEFED   _system_post_cinit            
UNDEFED   eFile_Create                  
UNDEFED   eFile_DClose                  
UNDEFED   eFile_DOpen                   
UNDEFED   eFile_Delete                  
UNDEFED   eFile_DirNext                 
UNDEFED   eFile_Format                  
UNDEFED   eFile_Init                    
UNDEFED   eFile_Mount                   
UNDEFED   eFile_RClose                  
UNDEFED   eFile_ROpen                   
UNDEFED   eFile_ReadNext                
UNDEFED   eFile_Unmount                 
UNDEFED   eFile_WClose                  
UNDEFED   eFile_WOpen                   
UNDEFED   eFile_Write                   

[245 symbols]
