******************************************************************************
            TI ARM Clang Linker PC v4.0.4                      
******************************************************************************
>> Linked Wed Feb 11 16:19:20 2026

OUTPUT FILE NAME:   <RTOS_Lab1.out>
ENTRY POINT SYMBOL: "_c_int00_noargs"  address: 000027b9


MEMORY CONFIGURATION

         name            origin    length      used     unused   attr    fill
----------------------  --------  ---------  --------  --------  ----  --------
  FLASH                 00000000   00020000  00003150  0001ceb0  R  X
  SRAM                  20200000   00008000  00000adc  00007524  RW X
  BCR_CONFIG            41c00000   00000080  00000000  00000080  R   
  BSL_CONFIG            41c00100   00000080  00000000  00000080  R   


SEGMENT ALLOCATION MAP

run origin  load origin   length   init length attrs members
----------  ----------- ---------- ----------- ----- -------
00000000    00000000    00003150   00003150    r-x
  00000000    00000000    000000c0   000000c0    r-- .intvecs
  000000c0    000000c0    000029d0   000029d0    r-x .text
  00002a90    00002a90    00000688   00000688    r-- .rodata
  00003118    00003118    00000038   00000038    r-- .cinit
20200000    20200000    000008de   00000000    rw-
  20200000    20200000    000006b6   00000000    rw- .bss
  202006b8    202006b8    00000200   00000000    rw- .sysmem
  202008b8    202008b8    00000026   00000000    rw- .data
20207e00    20207e00    00000200   00000000    rw-
  20207e00    20207e00    00000200   00000000    rw- .stack


SECTION ALLOCATION MAP

 output                                  attributes/
section   page    origin      length       input sections
--------  ----  ----------  ----------   ----------------
.intvecs   0    00000000    000000c0     
                  00000000    000000c0     startup_mspm0g3507_ticlang.o (.intvecs)

.text      0    000000c0    000029d0     
                  000000c0    000002a4     Interpreter.o (.text.Interpreter)
                  00000364    000001b4     Clock.o (.text.Clock_Init80MHz)
                  00000518    000001a4     ST7735_SDC.o (.text.ST7735_DrawChar)
                  000006bc    00000174     TFLuna2.o (.text.TFLuna2_Init)
                  00000830    00000144     TFLuna2.o (.text.copyHardwareToSoftware2)
                  00000974    00000138     RTOS_UARTints.o (.text.UART_Init)
                  00000aac    00000128     RTOS_Lab1.o (.text.TIMG6_IRQHandler)
                  00000bd4    00000120     SPI.o (.text.SPI1_Init)
                  00000cf4    0000011c     RTOS_Lab1.o (.text.TIMA0_IRQHandler)
                  00000e10    00000118     ST7735_SDC.o (.text.ST7735_FillRect)
                  00000f28    000000fc     ADC.o (.text.ADC1_Init)
                  00001024    000000fc     RTOS_Lab1.o (.text.Background2)
                  00001120    000000f4     ADC.o (.text.ADC0_Init)
                  00001214    000000e4     OS.o (.text.GROUP1_IRQHandler)
                  000012f8    000000d0     ST7735_SDC.o (.text.ST7735_OutChar)
                  000013c8    000000b8     RTOS_Lab1.o (.text.main)
                  00001480    000000a8     DAC.o (.text.DAC_Init)
                  00001528    000000a8     Timer.o (.text.TimerA0_IntArm)
                  000015d0    000000a8     Timer.o (.text.TimerG6_IntArm)
                  00001678    000000a8     Timer.o (.text.TimerG8_IntArm)
                  00001720    000000a4     LPF.o (.text.Median)
                  000017c4    000000a2     ST7735_SDC.o (.text.commandList)
                  00001866    00000002     libclang_rt.builtins.a : aeabi_div0.c.obj (.text.__aeabi_idiv0)
                  00001868    000000a0     OS.o (.text.SysTick_Handler)
                  00001908    000000a0     OS.o (.text.TIMG7_IRQHandler)
                  000019a8    00000098     ST7735_SDC.o (.text.ST7735_InitR)
                  00001a40    00000094     ST7735_SDC.o (.text.ST7735_OutUDec)
                  00001ad4    00000088     OS.o (.text.TIMG8_IRQHandler)
                  00001b5c    00000088     ST7735_SDC.o (.text.setAddrWindow)
                  00001be4    0000000c     Clock.o (.text.Clock_Freq)
                  00001bf0    00000088     libc.a : strcmp-armv6m.S.obj (.text:strcmp)
                  00001c78    00000084     ST7735_SDC.o (.text.ST7735_DrawString)
                  00001cfc    0000007c     LaunchPad.o (.text.LaunchPad_Init)
                  00001d78    0000007c     libc.a : copy_decompress_lzss.c.obj (.text:decompress:lzss)
                  00001df4    00000068     LPF.o (.text.LPF_Init7)
                  00001e5c    00000064     SPI.o (.text.TFT_OutCommand)
                  00001ec0    00000064     SPI.o (.text.TFT_OutData)
                  00001f24    0000005c     RTOS_UARTints.o (.text.UART0_IRQHandler)
                  00001f80    0000005c     TFLuna2.o (.text.UART2_IRQHandler)
                  00001fdc    00000058     IRDistance.o (.text.IRDistance_Convert)
                  00002034    00000058     RTOS_Lab1.o (.text.Logic_Init)
                  0000208c    00000056     libclang_rt.builtins.a : aeabi_idivmod.S.obj (.text.__aeabi_idivmod)
                  000020e2    00000002     --HOLE-- [fill = 0]
                  000020e4    00000054     ST7735_SDC.o (.text.fillmessage)
                  00002138    0000004c     TFLuna2.o (.text.Rx2Fifo_Put)
                  00002184    0000004c     RTOS_FIFO.o (.text.RxFifo_Get)
                  000021d0    0000004c     RTOS_FIFO.o (.text.RxFifo_Put)
                  0000221c    0000004c     TFLuna2.o (.text.Tx2Fifo_Put)
                  00002268    0000004c     RTOS_FIFO.o (.text.TxFifo_Get)
                  000022b4    0000004c     RTOS_FIFO.o (.text.TxFifo_Put)
                  00002300    0000004c     TFLuna2.o (.text.copySoftwareToHardware2)
                  0000234c    0000004c     RTOS_UARTints.o (.text.copySoftwareToHardware)
                  00002398    00000048     TFLuna2.o (.text.Tx2Fifo_Get)
                  000023e0    00000044     ADC.o (.text.ADC0_In)
                  00002424    00000044     ADC.o (.text.ADC1_In)
                  00002468    00000042     LPF.o (.text.sqrt2)
                  000024aa    00000002     --HOLE-- [fill = 0]
                  000024ac    00000040     SPI.o (.text.SPI1_Reset)
                  000024ec    00000040     TFLuna2.o (.text.TFLuna2_OutChar)
                  0000252c    00000040     RTOS_UARTints.o (.text.UART_OutChar)
                  0000256c    00000040     libclang_rt.builtins.a : aeabi_uidivmod.S.obj (.text.__aeabi_uidivmod)
                  000025ac    0000003c     libc.a : autoinit.c.obj (.text:__TI_auto_init_nobinit_nopinit)
                  000025e8    0000003a     OS.o (.text.OS_bWait)
                  00002622    00000002     --HOLE-- [fill = 0]
                  00002624    00000038     LaunchPad.o (.text.ActivatePortA_B)
                  0000265c    00000036     RTOS_UART.o (.text.UART_OutUDec)
                  00002692    00000002     --HOLE-- [fill = 0]
                  00002694    00000034     Clock.o (.text.Clock_Delay1ms)
                  000026c8    00000034     ST7735_SDC.o (.text.ST7735_SetCursor)
                  000026fc    00000030     TFLuna2.o (.text.TFLuna2_SendMessage)
                  0000272c    00000030     ST7735_SDC.o (.text.commonInit)
                  0000275c    00000030     RTOS_UARTints.o (.text.copyHardwareToSoftware)
                  0000278c    0000002c     ST7735_SDC.o (.text.ST7735_FillScreen)
                  000027b8    00000028     libc.a : boot_cortex_m.c.obj (.text:_c_int00_noargs)
                  000027e0    00000026     RTOS_UART.o (.text.UART_OutString)
                  00002806    00000002     --HOLE-- [fill = 0]
                  00002808    00000024     SPI.o (.text.CS_Init)
                  0000282c    00000022     RTOS_UARTints.o (.text.UART_InChar)
                  0000284e    0000001e     ST7735_SDC.o (.text.pushColor)
                  0000286c    0000001c     startup_mspm0g3507_ticlang.o (.text.Default_Handler)
                  00002888    0000001c     startup_mspm0g3507_ticlang.o (.text.HardFault_Handler)
                  000028a4    0000001c     OS.o (.text.OS_ClearMsTime)
                  000028c0    0000001c     OS.o (.text.OS_bSignal)
                  000028dc    00000018     OS.o (.text.OS_Suspend)
                  000028f4    00000018     TFLuna2.o (.text.TFLuna2_InStatus)
                  0000290c    00000018     TFLuna2.o (.text.TFLuna2_OutStatus)
                  00002924    00000018     RTOS_FIFO.o (.text.TxFifo_Size)
                  0000293c    00000014     DAC.o (.text.DAC_Out)
                  00002950    00000014     TFLuna2.o (.text.Rx2Fifo_Init)
                  00002964    00000014     RTOS_FIFO.o (.text.RxFifo_Init)
                  00002978    00000014     TFLuna2.o (.text.Tx2Fifo_Init)
                  0000298c    00000014     RTOS_FIFO.o (.text.TxFifo_Init)
                  000029a0    00000012     libc.a : memcpy16.S.obj (.text:TI_memcpy_small)
                  000029b2    00000012            : copy_decompress_none.c.obj (.text:decompress:none)
                  000029c4    00000010     Clock.o (.text.Clock_Delay)
                  000029d4    00000010     LaunchPad.o (.text.Delay)
                  000029e4    00000010     TFLuna2.o (.text.TFLuna2_Format_Standard_mm)
                  000029f4    00000010     TFLuna2.o (.text.TFLuna2_Frame_Rate)
                  00002a04    00000010     TFLuna2.o (.text.TFLuna2_SaveSettings)
                  00002a14    00000010     TFLuna2.o (.text.TFLuna2_System_Reset)
                  00002a24    00000010     libc.a : copy_zero_init.c.obj (.text:decompress:ZI)
                  00002a34    0000000e            : memset16.S.obj (.text:TI_memset_small)
                  00002a42    00000002     --HOLE-- [fill = 0]
                  00002a44    0000000c     OS.o (.text.OS_MsTime)
                  00002a50    0000000c     ST7735_SDC.o (.text.ST7735_GetCursorX)
                  00002a5c    0000000c     ST7735_SDC.o (.text.ST7735_GetCursorY)
                  00002a68    0000000c     libclang_rt.builtins.a : aeabi_memset.S.obj (.text.__aeabi_memclr)
                  00002a74    00000008                            : aeabi_memcpy.S.obj (.text.__aeabi_memcpy)
                  00002a7c    00000006     libc.a : exit.c.obj (.text:abort)
                  00002a82    00000004     libsysbm.a : hostexit.c.obj (.text.HOSTexit)
                  00002a86    00000004     startup_mspm0g3507_ticlang.o (.text.Reset_Handler)
                  00002a8a    00000004     libc.a : pre_init.c.obj (.text._system_pre_init)
                  00002a8e    00000002     --HOLE-- [fill = 0]

.cinit     0    00003118    00000038     
                  00003118    00000014     (.cinit..data.load) [load image, compression = lzss]
                  0000312c    0000000c     (__TI_handler_table)
                  00003138    00000008     (.cinit..bss.load) [load image, compression = zero_init]
                  00003140    00000010     (__TI_cinit_table)

.rodata    0    00002a90    00000688     
                  00002a90    000004fb     ST7735_SDC.o (.rodata.Font)
                  00002f8b    0000003b     ST7735_SDC.o (.rodata.Rcmd1)
                  00002fc6    0000002b     ST7735_SDC.o (.rodata.Rcmd3)
                  00002ff1    0000001d     RTOS_Lab1.o (.rodata.str1.13653641550479727842.1)
                  0000300e    00000016     ST7735_SDC.o (.rodata.str1.18061791561094498689.1)
                  00003024    00000010     IRDistance.o (.rodata.A)
                  00003034    00000010     IRDistance.o (.rodata.B)
                  00003044    00000010     IRDistance.o (.rodata.C)
                  00003054    00000010     IRDistance.o (.rodata.IRmax)
                  00003064    00000010     Interpreter.o (.rodata.str1.15287782171638189172.1)
                  00003074    0000000e     Interpreter.o (.rodata.str1.13584691219899174016.1)
                  00003082    0000000e     Interpreter.o (.rodata.str1.310310424903037747.1)
                  00003090    0000000e     Interpreter.o (.rodata.str1.438584629756741659.1)
                  0000309e    0000000d     ST7735_SDC.o (.rodata.Rcmd2green)
                  000030ab    0000000d     ST7735_SDC.o (.rodata.Rcmd2red)
                  000030b8    0000000c     Interpreter.o (.rodata.str1.10788060859246666907.1)
                  000030c4    0000000c     Interpreter.o (.rodata.str1.6099132036730984718.1)
                  000030d0    0000000b     Interpreter.o (.rodata.str1.8801398533620989010.1)
                  000030db    0000000a     Interpreter.o (.rodata.str1.6869798450878480225.1)
                  000030e5    0000000a     Interpreter.o (.rodata.str1.8834951582488220755.1)
                  000030ef    00000008     Interpreter.o (.rodata.str1.8740789795297769696.1)
                  000030f7    00000006     TFLunaCommon.o (.rodata.Frame_Rate)
                  000030fd    00000006     Interpreter.o (.rodata.str1.16145079996052228972.1)
                  00003103    00000005     TFLunaCommon.o (.rodata.Format_Standard_mm)
                  00003108    00000004     TFLunaCommon.o (.rodata.SaveSettings)
                  0000310c    00000004     TFLunaCommon.o (.rodata.System_Reset)
                  00003110    00000002     Interpreter.o (.rodata.str1.1287619923014008887.1)
                  00003112    00000002     Interpreter.o (.rodata.str1.9303564720754203623.1)
                  00003114    00000004     --HOLE-- [fill = 0]

.init_array 
*          0    00000000    00000000     UNINITIALIZED

.binit     0    00000000    00000000     

.bss       0    20200000    000006b6     UNINITIALIZED
                  20200000    00000190     (.common:DataBuf)
                  20200190    00000190     (.common:DataBuf2)
                  20200320    00000190     (.common:DataBuf3)
                  202004b0    00000050     (.common:periodic_threads)
                  20200500    00000040     RTOS_FIFO.o (.bss.TxFifo)
                  20200540    00000040     (.common:x7)
                  20200580    00000018     (.common:s2_threads)
                  20200598    00000015     (.common:str)
                  202005ad    00000010     TFLuna2.o (.bss.Rx2Fifo)
                  202005bd    00000010     RTOS_FIFO.o (.bss.RxFifo)
                  202005cd    00000010     TFLuna2.o (.bss.Tx2Fifo)
                  202005dd    0000000c     (.common:Message)
                  202005e9    0000000c     (.common:TFLuna2DataMessage)
                  202005f5    00000001     ST7735_SDC.o (.bss.ColStart)
                  202005f6    00000001     ST7735_SDC.o (.bss.RowStart)
                  202005f7    00000001     ST7735_SDC.o (.bss.TabColor)
                  202005f8    00000004     TFLuna2.o (.bss.Rx2GetI)
                  202005fc    00000004     TFLuna2.o (.bss.Rx2PutI)
                  20200600    00000004     TFLuna2.o (.bss.Tx2GetI)
                  20200604    00000004     TFLuna2.o (.bss.Tx2PutI)
                  20200608    00000004     (.common:ADCdata)
                  2020060c    00000004     (.common:ADCdata3)
                  20200610    00000004     (.common:BadCheckSum2)
                  20200614    00000004     (.common:Count2)
                  20200618    00000004     (.common:Distance)
                  2020061c    00000004     (.common:Distance2)
                  20200620    00000004     (.common:FilterOutput)
                  20200624    00000004     (.common:I7)
                  20200628    00000004     (.common:Index)
                  2020062c    00000004     (.common:Index2)
                  20200630    00000004     (.common:Index3)
                  20200634    00000004     (.common:LPFSum7)
                  20200638    00000004     (.common:LostData2)
                  2020063c    00000004     (.common:Messageindex)
                  20200640    00000004     (.common:RxGetI)
                  20200644    00000004     (.common:RxPutI)
                  20200648    00000004     (.common:SNR)
                  2020064c    00000004     (.common:SNR2)
                  20200650    00000004     (.common:SNR3)
                  20200654    00000004     (.common:Size7)
                  20200658    00000004     (.common:TFLuna2Distance)
                  2020065c    00000004     (.common:TFLuna2Function)
                  20200660    00000004     (.common:TFLuna2Index)
                  20200664    00000004     (.common:TheNoise)
                  20200668    00000004     (.common:TheNoise2)
                  2020066c    00000004     (.common:TheNoise3)
                  20200670    00000004     (.common:TheSignal)
                  20200674    00000004     (.common:TheSignal2)
                  20200678    00000004     (.common:TheSignal3)
                  2020067c    00000004     (.common:TimeMs)
                  20200680    00000004     (.common:TxGetI)
                  20200684    00000004     (.common:TxPutI)
                  20200688    00000004     (.common:Voltage3)
                  2020068c    00000004     (.common:j)
                  20200690    00000004     (.common:sum)
                  20200694    00000004     (.common:sum2)
                  20200698    00000004     (.common:sum3)
                  2020069c    00000004     (.common:sumsq)
                  202006a0    00000004     (.common:sumsq2)
                  202006a4    00000004     (.common:sumsq3)
                  202006a8    00000004     (.common:u1)
                  202006ac    00000004     (.common:u2)
                  202006b0    00000004     (.common:u3)
                  202006b4    00000001     (.common:TFLuna2LastByte)
                  202006b5    00000001     (.common:c)

.sysmem    0    202006b8    00000200     UNINITIALIZED
                  202006b8    00000010     libc.a : memory.c.obj (.sysmem)
                  202006c8    000001f0     --HOLE--

.data      0    202008b8    00000026     UNINITIALIZED
                  202008b8    00000004     Clock.o (.data.BusFreq)
                  202008bc    00000004     ST7735_SDC.o (.data.Display_Free)
                  202008c0    00000004     OS.o (.data.NextThreadPt)
                  202008c4    00000004     OS.o (.data.RunPt)
                  202008c8    00000004     SPI.o (.data.SPI1_init_Flag)
                  202008cc    00000004     ST7735_SDC.o (.data.StX)
                  202008d0    00000004     ST7735_SDC.o (.data.StY)
                  202008d4    00000004     OS.o (.data.delta_queue_head)
                  202008d8    00000002     ST7735_SDC.o (.data.StTextColor)
                  202008da    00000002     ST7735_SDC.o (.data._height)
                  202008dc    00000002     ST7735_SDC.o (.data._width)

.stack     0    20207e00    00000200     UNINITIALIZED
                  20207e00    00000004     libc.a : boot_cortex_m.c.obj (.stack)
                  20207e04    000001fc     --HOLE--

__llvm_prf_cnts 
*          0    20200000    00000000     UNINITIALIZED

__llvm_prf_bits 
*          0    20200000    00000000     UNINITIALIZED

MODULE SUMMARY

       Module                         code    ro data   rw data
       ------                         ----    -------   -------
    .\
       ST7735_SDC.o                   1920    1425      37     
       RTOS_Lab1.o                    1104    29        1300   
       TFLuna2.o                      1352    0         81     
       OS.o                           834     0         120    
       Interpreter.o                  676     131       26     
       ADC.o                          632     0         0      
       RTOS_UARTints.o                626     0         0      
       SPI.o                          588     0         4      
       Clock.o                        516     0         4      
       Timer.o                        504     0         0      
       RTOS_FIFO.o                    368     0         96     
       LPF.o                          334     0         88     
       LaunchPad.o                    196     0         0      
       DAC.o                          188     0         0      
       IRDistance.o                   88      64        0      
       RTOS_UART.o                    92      0         0      
       TFLunaCommon.o                 0       19        0      
    +--+------------------------------+-------+---------+---------+
       Total:                         10018   1668      1756   
                                                               
    .\ticlang\
       startup_mspm0g3507_ticlang.o   60      192       0      
    +--+------------------------------+-------+---------+---------+
       Total:                         60      192       0      
                                                               
    C:\ti\ccs2040\ccs\tools\compiler\ti-cgt-armllvm_4.0.4.LTS\lib\armv6m-ti-none-eabi/c/libc.a
       strcmp-armv6m.S.obj            136     0         0      
       copy_decompress_lzss.c.obj     124     0         0      
       autoinit.c.obj                 60      0         0      
       boot_cortex_m.c.obj            40      0         0      
       copy_decompress_none.c.obj     18      0         0      
       memcpy16.S.obj                 18      0         0      
       copy_zero_init.c.obj           16      0         0      
       memset16.S.obj                 14      0         0      
       exit.c.obj                     6       0         0      
       pre_init.c.obj                 4       0         0      
    +--+------------------------------+-------+---------+---------+
       Total:                         436     0         0      
                                                               
    C:\ti\ccs2040\ccs\tools\compiler\ti-cgt-armllvm_4.0.4.LTS\lib\armv6m-ti-none-eabi/c/libsysbm.a
       hostexit.c.obj                 4       0         0      
    +--+------------------------------+-------+---------+---------+
       Total:                         4       0         0      
                                                               
    C:\ti\ccs2040\ccs\tools\compiler\ti-cgt-armllvm_4.0.4.LTS\lib\armv6m-ti-none-eabi/libclang_rt.builtins.a
       aeabi_idivmod.S.obj            86      0         0      
       aeabi_uidivmod.S.obj           64      0         0      
       aeabi_memset.S.obj             12      0         0      
       aeabi_memcpy.S.obj             8       0         0      
       aeabi_div0.c.obj               2       0         0      
    +--+------------------------------+-------+---------+---------+
       Total:                         172     0         0      
                                                               
       Heap:                          0       0         512    
       Stack:                         0       0         512    
       Linker Generated:              0       56        0      
    +--+------------------------------+-------+---------+---------+
       Grand Total:                   10690   1916      2780   


LINKER GENERATED COPY TABLES

__TI_cinit_table @ 00003140 records: 2, size/record: 8, table size: 16
	.data: load addr=00003118, load size=00000014 bytes, run addr=202008b8, run size=00000026 bytes, compression=lzss
	.bss: load addr=00003138, load size=00000008 bytes, run addr=20200000, run size=000006b6 bytes, compression=zero_init


LINKER GENERATED HANDLER TABLE

__TI_handler_table @ 0000312c records: 3, size/record: 4, table size: 12
	index: 0, handler: __TI_decompress_lzss
	index: 1, handler: __TI_decompress_none
	index: 2, handler: __TI_zero_init


GLOBAL SYMBOLS: SORTED ALPHABETICALLY BY Name 

address   name                          
-------   ----                          
00003024  A                             
0000286d  ADC0_IRQHandler               
000023e1  ADC0_In                       
00001121  ADC0_Init                     
0000286d  ADC1_IRQHandler               
00002425  ADC1_In                       
00000f29  ADC1_Init                     
20200608  ADCdata                       
2020060c  ADCdata3                      
0000286d  AES_IRQHandler                
00002625  ActivatePortA_B               
00003034  B                             
00001025  Background2                   
20200610  BadCheckSum2                  
202008b8  BusFreq                       
00003044  C                             
00002a82  C$$EXIT                       
0000286d  CANFD0_IRQHandler             
00002809  CS_Init                       
000029c5  Clock_Delay                   
00002695  Clock_Delay1ms                
00001be5  Clock_Freq                    
00000365  Clock_Init80MHz               
20200614  Count2                        
0000286d  DAC0_IRQHandler               
00001481  DAC_Init                      
0000293d  DAC_Out                       
0000286d  DMA_IRQHandler                
20200000  DataBuf                       
20200190  DataBuf2                      
20200320  DataBuf3                      
0000286d  Default_Handler               
000029d5  Delay                         
202008bc  Display_Free                  
20200618  Distance                      
2020061c  Distance2                     
UNDEFED   EndCritical                   
20200620  FilterOutput                  
00003103  Format_Standard_mm            
000030f7  Frame_Rate                    
0000286d  GROUP0_IRQHandler             
00001215  GROUP1_IRQHandler             
00002a83  HOSTexit                      
00002889  HardFault_Handler             
0000286d  I2C0_IRQHandler               
0000286d  I2C1_IRQHandler               
20200624  I7                            
00001fdd  IRDistance_Convert            
00003054  IRmax                         
20200628  Index                         
2020062c  Index2                        
20200630  Index3                        
000000c1  Interpreter                   
20200634  LPFSum7                       
00001df5  LPF_Init7                     
00001cfd  LaunchPad_Init                
00002035  Logic_Init                    
20200638  LostData2                     
00001721  Median                        
202005dd  Message                       
2020063c  Messageindex                  
0000286d  NMI_Handler                   
202008c0  NextThreadPt                  
000028a5  OS_ClearMsTime                
00002a45  OS_MsTime                     
000028dd  OS_Suspend                    
000028c1  OS_bSignal                    
000025e9  OS_bWait                      
0000286d  PendSV_Handler                
0000286d  RTC_IRQHandler                
00002a87  Reset_Handler                 
202008c4  RunPt                         
00002951  Rx2Fifo_Init                  
00002139  Rx2Fifo_Put                   
00002185  RxFifo_Get                    
00002965  RxFifo_Init                   
000021d1  RxFifo_Put                    
20200640  RxGetI                        
20200644  RxPutI                        
20200648  SNR                           
2020064c  SNR2                          
20200650  SNR3                          
0000286d  SPI0_IRQHandler               
0000286d  SPI1_IRQHandler               
00000bd5  SPI1_Init                     
000024ad  SPI1_Reset                    
202008c8  SPI1_init_Flag                
00000519  ST7735_DrawChar               
00001c79  ST7735_DrawString             
00000e11  ST7735_FillRect               
0000278d  ST7735_FillScreen             
00002a51  ST7735_GetCursorX             
00002a5d  ST7735_GetCursorY             
000019a9  ST7735_InitR                  
000012f9  ST7735_OutChar                
00001a41  ST7735_OutUDec                
000026c9  ST7735_SetCursor              
0000286d  SVC_Handler                   
00003108  SaveSettings                  
20200654  Size7                         
202008d8  StTextColor                   
202008cc  StX                           
202008d0  StY                           
UNDEFED   StartCritical                 
00001869  SysTick_Handler               
0000310c  System_Reset                  
202005e9  TFLuna2DataMessage            
20200658  TFLuna2Distance               
2020065c  TFLuna2Function               
20200660  TFLuna2Index                  
202006b4  TFLuna2LastByte               
000029e5  TFLuna2_Format_Standard_mm    
000029f5  TFLuna2_Frame_Rate            
000028f5  TFLuna2_InStatus              
000006bd  TFLuna2_Init                  
000024ed  TFLuna2_OutChar               
0000290d  TFLuna2_OutStatus             
00002a05  TFLuna2_SaveSettings          
000026fd  TFLuna2_SendMessage           
00002a15  TFLuna2_System_Reset          
00001e5d  TFT_OutCommand                
00001ec1  TFT_OutData                   
00000cf5  TIMA0_IRQHandler              
0000286d  TIMA1_IRQHandler              
0000286d  TIMG0_IRQHandler              
0000286d  TIMG12_IRQHandler             
00000aad  TIMG6_IRQHandler              
00001909  TIMG7_IRQHandler              
00001ad5  TIMG8_IRQHandler              
000029a1  TI_memcpy_small               
00002a35  TI_memset_small               
20200664  TheNoise                      
20200668  TheNoise2                     
2020066c  TheNoise3                     
20200670  TheSignal                     
20200674  TheSignal2                    
20200678  TheSignal3                    
2020067c  TimeMs                        
00001529  TimerA0_IntArm                
000015d1  TimerG6_IntArm                
00001679  TimerG8_IntArm                
00002399  Tx2Fifo_Get                   
00002979  Tx2Fifo_Init                  
0000221d  Tx2Fifo_Put                   
00002269  TxFifo_Get                    
0000298d  TxFifo_Init                   
000022b5  TxFifo_Put                    
00002925  TxFifo_Size                   
20200680  TxGetI                        
20200684  TxPutI                        
00001f25  UART0_IRQHandler              
0000286d  UART1_IRQHandler              
00001f81  UART2_IRQHandler              
0000286d  UART3_IRQHandler              
0000282d  UART_InChar                   
00000975  UART_Init                     
0000252d  UART_OutChar                  
000027e1  UART_OutString                
0000265d  UART_OutUDec                  
20200688  Voltage3                      
20208000  __STACK_END                   
00000200  __STACK_SIZE                  
00000200  __SYSMEM_SIZE                 
00000000  __TI_ATRegion0_region_sz      
00000000  __TI_ATRegion0_src_addr       
00000000  __TI_ATRegion0_trg_addr       
00000000  __TI_ATRegion1_region_sz      
00000000  __TI_ATRegion1_src_addr       
00000000  __TI_ATRegion1_trg_addr       
00000000  __TI_ATRegion2_region_sz      
00000000  __TI_ATRegion2_src_addr       
00000000  __TI_ATRegion2_trg_addr       
00003140  __TI_CINIT_Base               
00003150  __TI_CINIT_Limit              
00003150  __TI_CINIT_Warm               
0000312c  __TI_Handler_Table_Base       
00003138  __TI_Handler_Table_Limit      
000025ad  __TI_auto_init_nobinit_nopinit
00001d79  __TI_decompress_lzss          
000029b3  __TI_decompress_none          
ffffffff  __TI_pprof_out_hndl           
ffffffff  __TI_prof_data_size           
ffffffff  __TI_prof_data_start          
00000000  __TI_static_base__            
00002a25  __TI_zero_init                
0000208d  __aeabi_idiv                  
00001867  __aeabi_idiv0                 
0000208d  __aeabi_idivmod               
00002a69  __aeabi_memclr                
00002a69  __aeabi_memclr4               
00002a69  __aeabi_memclr8               
00002a75  __aeabi_memcpy                
00002a75  __aeabi_memcpy4               
00002a75  __aeabi_memcpy8               
0000256d  __aeabi_uidiv                 
0000256d  __aeabi_uidivmod              
ffffffff  __binit__                     
UNDEFED   __mpu_init                    
20207e00  __stack                       
20200000  __start___llvm_prf_bits       
20200000  __start___llvm_prf_cnts       
20200000  __stop___llvm_prf_bits        
20200000  __stop___llvm_prf_cnts        
000027b9  _c_int00_noargs               
202006b8  _sys_memory                   
UNDEFED   _system_post_cinit            
00002a8b  _system_pre_init              
00002a7d  abort                         
ffffffff  binit                         
202006b5  c                             
202008d4  delta_queue_head              
000020e5  fillmessage                   
00000000  interruptVectors              
2020068c  j                             
000013c9  main                          
202004b0  periodic_threads              
20200580  s2_threads                    
00002469  sqrt2                         
20200598  str                           
00001bf1  strcmp                        
20200690  sum                           
20200694  sum2                          
20200698  sum3                          
2020069c  sumsq                         
202006a0  sumsq2                        
202006a4  sumsq3                        
202006a8  u1                            
202006ac  u2                            
202006b0  u3                            
20200540  x7                            


GLOBAL SYMBOLS: SORTED BY Symbol Address 

address   name                          
-------   ----                          
00000000  __TI_ATRegion0_region_sz      
00000000  __TI_ATRegion0_src_addr       
00000000  __TI_ATRegion0_trg_addr       
00000000  __TI_ATRegion1_region_sz      
00000000  __TI_ATRegion1_src_addr       
00000000  __TI_ATRegion1_trg_addr       
00000000  __TI_ATRegion2_region_sz      
00000000  __TI_ATRegion2_src_addr       
00000000  __TI_ATRegion2_trg_addr       
00000000  __TI_static_base__            
00000000  interruptVectors              
000000c1  Interpreter                   
00000200  __STACK_SIZE                  
00000200  __SYSMEM_SIZE                 
00000365  Clock_Init80MHz               
00000519  ST7735_DrawChar               
000006bd  TFLuna2_Init                  
00000975  UART_Init                     
00000aad  TIMG6_IRQHandler              
00000bd5  SPI1_Init                     
00000cf5  TIMA0_IRQHandler              
00000e11  ST7735_FillRect               
00000f29  ADC1_Init                     
00001025  Background2                   
00001121  ADC0_Init                     
00001215  GROUP1_IRQHandler             
000012f9  ST7735_OutChar                
000013c9  main                          
00001481  DAC_Init                      
00001529  TimerA0_IntArm                
000015d1  TimerG6_IntArm                
00001679  TimerG8_IntArm                
00001721  Median                        
00001867  __aeabi_idiv0                 
00001869  SysTick_Handler               
00001909  TIMG7_IRQHandler              
000019a9  ST7735_InitR                  
00001a41  ST7735_OutUDec                
00001ad5  TIMG8_IRQHandler              
00001be5  Clock_Freq                    
00001bf1  strcmp                        
00001c79  ST7735_DrawString             
00001cfd  LaunchPad_Init                
00001d79  __TI_decompress_lzss          
00001df5  LPF_Init7                     
00001e5d  TFT_OutCommand                
00001ec1  TFT_OutData                   
00001f25  UART0_IRQHandler              
00001f81  UART2_IRQHandler              
00001fdd  IRDistance_Convert            
00002035  Logic_Init                    
0000208d  __aeabi_idiv                  
0000208d  __aeabi_idivmod               
000020e5  fillmessage                   
00002139  Rx2Fifo_Put                   
00002185  RxFifo_Get                    
000021d1  RxFifo_Put                    
0000221d  Tx2Fifo_Put                   
00002269  TxFifo_Get                    
000022b5  TxFifo_Put                    
00002399  Tx2Fifo_Get                   
000023e1  ADC0_In                       
00002425  ADC1_In                       
00002469  sqrt2                         
000024ad  SPI1_Reset                    
000024ed  TFLuna2_OutChar               
0000252d  UART_OutChar                  
0000256d  __aeabi_uidiv                 
0000256d  __aeabi_uidivmod              
000025ad  __TI_auto_init_nobinit_nopinit
000025e9  OS_bWait                      
00002625  ActivatePortA_B               
0000265d  UART_OutUDec                  
00002695  Clock_Delay1ms                
000026c9  ST7735_SetCursor              
000026fd  TFLuna2_SendMessage           
0000278d  ST7735_FillScreen             
000027b9  _c_int00_noargs               
000027e1  UART_OutString                
00002809  CS_Init                       
0000282d  UART_InChar                   
0000286d  ADC0_IRQHandler               
0000286d  ADC1_IRQHandler               
0000286d  AES_IRQHandler                
0000286d  CANFD0_IRQHandler             
0000286d  DAC0_IRQHandler               
0000286d  DMA_IRQHandler                
0000286d  Default_Handler               
0000286d  GROUP0_IRQHandler             
0000286d  I2C0_IRQHandler               
0000286d  I2C1_IRQHandler               
0000286d  NMI_Handler                   
0000286d  PendSV_Handler                
0000286d  RTC_IRQHandler                
0000286d  SPI0_IRQHandler               
0000286d  SPI1_IRQHandler               
0000286d  SVC_Handler                   
0000286d  TIMA1_IRQHandler              
0000286d  TIMG0_IRQHandler              
0000286d  TIMG12_IRQHandler             
0000286d  UART1_IRQHandler              
0000286d  UART3_IRQHandler              
00002889  HardFault_Handler             
000028a5  OS_ClearMsTime                
000028c1  OS_bSignal                    
000028dd  OS_Suspend                    
000028f5  TFLuna2_InStatus              
0000290d  TFLuna2_OutStatus             
00002925  TxFifo_Size                   
0000293d  DAC_Out                       
00002951  Rx2Fifo_Init                  
00002965  RxFifo_Init                   
00002979  Tx2Fifo_Init                  
0000298d  TxFifo_Init                   
000029a1  TI_memcpy_small               
000029b3  __TI_decompress_none          
000029c5  Clock_Delay                   
000029d5  Delay                         
000029e5  TFLuna2_Format_Standard_mm    
000029f5  TFLuna2_Frame_Rate            
00002a05  TFLuna2_SaveSettings          
00002a15  TFLuna2_System_Reset          
00002a25  __TI_zero_init                
00002a35  TI_memset_small               
00002a45  OS_MsTime                     
00002a51  ST7735_GetCursorX             
00002a5d  ST7735_GetCursorY             
00002a69  __aeabi_memclr                
00002a69  __aeabi_memclr4               
00002a69  __aeabi_memclr8               
00002a75  __aeabi_memcpy                
00002a75  __aeabi_memcpy4               
00002a75  __aeabi_memcpy8               
00002a7d  abort                         
00002a82  C$$EXIT                       
00002a83  HOSTexit                      
00002a87  Reset_Handler                 
00002a8b  _system_pre_init              
00003024  A                             
00003034  B                             
00003044  C                             
00003054  IRmax                         
000030f7  Frame_Rate                    
00003103  Format_Standard_mm            
00003108  SaveSettings                  
0000310c  System_Reset                  
0000312c  __TI_Handler_Table_Base       
00003138  __TI_Handler_Table_Limit      
00003140  __TI_CINIT_Base               
00003150  __TI_CINIT_Limit              
00003150  __TI_CINIT_Warm               
20200000  DataBuf                       
20200000  __start___llvm_prf_bits       
20200000  __start___llvm_prf_cnts       
20200000  __stop___llvm_prf_bits        
20200000  __stop___llvm_prf_cnts        
20200190  DataBuf2                      
20200320  DataBuf3                      
202004b0  periodic_threads              
20200540  x7                            
20200580  s2_threads                    
20200598  str                           
202005dd  Message                       
202005e9  TFLuna2DataMessage            
20200608  ADCdata                       
2020060c  ADCdata3                      
20200610  BadCheckSum2                  
20200614  Count2                        
20200618  Distance                      
2020061c  Distance2                     
20200620  FilterOutput                  
20200624  I7                            
20200628  Index                         
2020062c  Index2                        
20200630  Index3                        
20200634  LPFSum7                       
20200638  LostData2                     
2020063c  Messageindex                  
20200640  RxGetI                        
20200644  RxPutI                        
20200648  SNR                           
2020064c  SNR2                          
20200650  SNR3                          
20200654  Size7                         
20200658  TFLuna2Distance               
2020065c  TFLuna2Function               
20200660  TFLuna2Index                  
20200664  TheNoise                      
20200668  TheNoise2                     
2020066c  TheNoise3                     
20200670  TheSignal                     
20200674  TheSignal2                    
20200678  TheSignal3                    
2020067c  TimeMs                        
20200680  TxGetI                        
20200684  TxPutI                        
20200688  Voltage3                      
2020068c  j                             
20200690  sum                           
20200694  sum2                          
20200698  sum3                          
2020069c  sumsq                         
202006a0  sumsq2                        
202006a4  sumsq3                        
202006a8  u1                            
202006ac  u2                            
202006b0  u3                            
202006b4  TFLuna2LastByte               
202006b5  c                             
202006b8  _sys_memory                   
202008b8  BusFreq                       
202008bc  Display_Free                  
202008c0  NextThreadPt                  
202008c4  RunPt                         
202008c8  SPI1_init_Flag                
202008cc  StX                           
202008d0  StY                           
202008d4  delta_queue_head              
202008d8  StTextColor                   
20207e00  __stack                       
20208000  __STACK_END                   
ffffffff  __TI_pprof_out_hndl           
ffffffff  __TI_prof_data_size           
ffffffff  __TI_prof_data_start          
ffffffff  __binit__                     
ffffffff  binit                         
UNDEFED   EndCritical                   
UNDEFED   StartCritical                 
UNDEFED   __mpu_init                    
UNDEFED   _system_post_cinit            

[230 symbols]
