******************************************************************************
            TI ARM Clang Linker PC v4.0.4                      
******************************************************************************
>> Linked Wed Feb 11 16:19:10 2026

OUTPUT FILE NAME:   <LD19Tester.out>
ENTRY POINT SYMBOL: "_c_int00_noargs"  address: 00001445


MEMORY CONFIGURATION

         name            origin    length      used     unused   attr    fill
----------------------  --------  ---------  --------  --------  ----  --------
  FLASH                 00000000   00020000  00002270  0001dd90  R  X
  SRAM                  20200000   00008000  00000f6a  00007096  RW X
  BCR_CONFIG            41c00000   00000080  00000000  00000080  R   
  BSL_CONFIG            41c00100   00000080  00000000  00000080  R   


SEGMENT ALLOCATION MAP

run origin  load origin   length   init length attrs members
----------  ----------- ---------- ----------- ----- -------
00000000    00000000    00002270   00002270    r-x
  00000000    00000000    000000c0   000000c0    r-- .intvecs
  000000c0    000000c0    00001510   00001510    r-x .text
  000015d0    000015d0    000005c0   000005c0    r-- .rodata
  00001b90    00001b90    000006e0   000006e0    r-- .cinit
20200000    20200000    00000d6c   00000000    rw-
  20200000    20200000    00000892   00000000    rw- .data
  20200894    20200894    000004d8   00000000    rw- .bss
20207e00    20207e00    00000200   00000000    rw-
  20207e00    20207e00    00000200   00000000    rw- .stack


SECTION ALLOCATION MAP

 output                                  attributes/
section   page    origin      length       input sections
--------  ----  ----------  ----------   ----------------
.intvecs   0    00000000    000000c0     
                  00000000    000000c0     startup_mspm0g3507_ticlang.o (.intvecs)

.text      0    000000c0    00001510     
                  000000c0    000001e0     LD19.o (.text.copyHardwareToSoftwareLD19)
                  000002a0    000001b4     Clock.o (.text.Clock_Init80MHz)
                  00000454    000001a4     ST7735_SDC.o (.text.ST7735_DrawChar)
                  000005f8    00000180     LD19.o (.text.LD19_Init)
                  00000778    0000017c     RTOS_LD19.o (.text.main)
                  000008f4    00000120     SPI.o (.text.SPI1_Init)
                  00000a14    00000118     ST7735_SDC.o (.text.ST7735_FillRect)
                  00000b2c    000000d0     ST7735_SDC.o (.text.ST7735_OutChar)
                  00000bfc    000000c0     fixed.o (.text.cos540)
                  00000cbc    000000a2     ST7735_SDC.o (.text.commandList)
                  00000d5e    00000002     libclang_rt.builtins.a : aeabi_div0.c.obj (.text.__aeabi_idiv0)
                  00000d60    00000098     ST7735_SDC.o (.text.ST7735_InitR)
                  00000df8    00000088     ST7735_SDC.o (.text.setAddrWindow)
                  00000e80    00000084     ST7735_SDC.o (.text.ST7735_DrawString)
                  00000f04    0000007c     LaunchPad.o (.text.LaunchPad_Init)
                  00000f80    0000007c     libc.a : copy_decompress_lzss.c.obj (.text:decompress:lzss)
                  00000ffc    00000070     ST7735_SDC.o (.text.ST7735_DrawPixel)
                  0000106c    00000064     SPI.o (.text.TFT_OutCommand)
                  000010d0    00000064     SPI.o (.text.TFT_OutData)
                  00001134    00000056     libclang_rt.builtins.a : aeabi_idivmod.S.obj (.text.__aeabi_idivmod)
                  0000118a    00000002     --HOLE-- [fill = 0]
                  0000118c    0000004c     LD19.o (.text.LD19Fifo_Put)
                  000011d8    00000048     LD19.o (.text.UART3_IRQHandler)
                  00001220    00000040     SPI.o (.text.SPI1_Reset)
                  00001260    00000040     libclang_rt.builtins.a : aeabi_uidivmod.S.obj (.text.__aeabi_uidivmod)
                  000012a0    0000003c     libc.a : autoinit.c.obj (.text:__TI_auto_init_nobinit_nopinit)
                  000012dc    00000038     LaunchPad.o (.text.ActivatePortA_B)
                  00001314    00000038     ST7735_SDC.o (.text.ST7735_OutString)
                  0000134c    00000034     Clock.o (.text.Clock_Delay1ms)
                  00001380    00000034     ST7735_SDC.o (.text.ST7735_SetCursor)
                  000013b4    00000034     fixed.o (.text.sin540)
                  000013e8    00000030     ST7735_SDC.o (.text.commonInit)
                  00001418    0000002c     ST7735_SDC.o (.text.ST7735_FillScreen)
                  00001444    00000028     libc.a : boot_cortex_m.c.obj (.text:_c_int00_noargs)
                  0000146c    00000024     SPI.o (.text.CS_Init)
                  00001490    00000020     LaunchPad.o (.text.LaunchPad_InS2)
                  000014b0    0000001e     ST7735_SDC.o (.text.pushColor)
                  000014ce    00000002     --HOLE-- [fill = 0]
                  000014d0    0000001c     startup_mspm0g3507_ticlang.o (.text.Default_Handler)
                  000014ec    0000001c     startup_mspm0g3507_ticlang.o (.text.HardFault_Handler)
                  00001508    0000001c     LaunchPad.o (.text.LaunchPad_InS1)
                  00001524    00000014     LD19.o (.text.LD19Fifo_Init)
                  00001538    00000012     libc.a : memcpy16.S.obj (.text:TI_memcpy_small)
                  0000154a    00000012            : copy_decompress_none.c.obj (.text:decompress:none)
                  0000155c    00000010     Clock.o (.text.Clock_Delay)
                  0000156c    00000010     LaunchPad.o (.text.Delay)
                  0000157c    00000010     libc.a : copy_zero_init.c.obj (.text:decompress:ZI)
                  0000158c    0000000e            : memset16.S.obj (.text:TI_memset_small)
                  0000159a    00000002     --HOLE-- [fill = 0]
                  0000159c    0000000c     Clock.o (.text.Clock_Freq)
                  000015a8    0000000c     libclang_rt.builtins.a : aeabi_memset.S.obj (.text.__aeabi_memclr)
                  000015b4    00000008                            : aeabi_memcpy.S.obj (.text.__aeabi_memcpy)
                  000015bc    00000006     libc.a : exit.c.obj (.text:abort)
                  000015c2    00000004     libsysbm.a : hostexit.c.obj (.text.HOSTexit)
                  000015c6    00000004     startup_mspm0g3507_ticlang.o (.text.Reset_Handler)
                  000015ca    00000004     libc.a : pre_init.c.obj (.text._system_pre_init)
                  000015ce    00000002     --HOLE-- [fill = 0]

.cinit     0    00001b90    000006e0     
                  00001b90    000006b5     (.cinit..data.load) [load image, compression = lzss]
                  00002245    00000003     --HOLE-- [fill = 0]
                  00002248    0000000c     (__TI_handler_table)
                  00002254    00000008     (.cinit..bss.load) [load image, compression = zero_init]
                  0000225c    00000010     (__TI_cinit_table)
                  0000226c    00000004     --HOLE-- [fill = 0]

.rodata    0    000015d0    000005c0     
                  000015d0    000004fb     ST7735_SDC.o (.rodata.Font)
                  00001acb    0000003b     ST7735_SDC.o (.rodata.Rcmd1)
                  00001b06    0000002b     ST7735_SDC.o (.rodata.Rcmd3)
                  00001b31    00000003     --HOLE-- [fill = 0]
                  00001b34    00000020     RTOS_LD19.o (.rodata.Colors)
                  00001b54    00000016     ST7735_SDC.o (.rodata.str1.18061791561094498689.1)
                  00001b6a    0000000d     ST7735_SDC.o (.rodata.Rcmd2green)
                  00001b77    0000000d     ST7735_SDC.o (.rodata.Rcmd2red)
                  00001b84    0000000b     RTOS_LD19.o (.rodata.str1.2267697101658364437.1)
                  00001b8f    00000001     --HOLE-- [fill = 0]

.init_array 
*          0    00000000    00000000     UNINITIALIZED

.binit     0    00000000    00000000     

.data      0    20200000    00000892     UNINITIALIZED
                  20200000    00000870     fixed.o (.data.SinTab540)
                  20200870    00000004     LD19.o (.data.BadCnt)
                  20200874    00000004     LD19.o (.data.BadDistance)
                  20200878    00000004     Clock.o (.data.BusFreq)
                  2020087c    00000004     ST7735_SDC.o (.data.Display_Free)
                  20200880    00000004     SPI.o (.data.SPI1_init_Flag)
                  20200884    00000004     ST7735_SDC.o (.data.StX)
                  20200888    00000004     ST7735_SDC.o (.data.StY)
                  2020088c    00000002     ST7735_SDC.o (.data.StTextColor)
                  2020088e    00000002     ST7735_SDC.o (.data._height)
                  20200890    00000002     ST7735_SDC.o (.data._width)

.bss       0    20200894    000004d8     UNINITIALIZED
                  20200894    00000438     (.common:Data)
                  20200ccc    00000040     LD19.o (.bss.LD19Fifo)
                  20200d0c    00000040     (.common:LD19DataMessage)
                  20200d4c    00000004     LD19.o (.bss.LD19GetI)
                  20200d50    00000004     LD19.o (.bss.LD19PutI)
                  20200d54    00000004     (.common:BadIntensity)
                  20200d58    00000004     (.common:Distances)
                  20200d5c    00000004     (.common:LD19Index)
                  20200d60    00000004     (.common:LostDataLD19)
                  20200d64    00000004     (.common:StartAngle)
                  20200d68    00000001     ST7735_SDC.o (.bss.ColStart)
                  20200d69    00000001     ST7735_SDC.o (.bss.RowStart)
                  20200d6a    00000001     ST7735_SDC.o (.bss.TabColor)
                  20200d6b    00000001     (.common:LD19LastByte)

.stack     0    20207e00    00000200     UNINITIALIZED
                  20207e00    00000004     libc.a : boot_cortex_m.c.obj (.stack)
                  20207e04    000001fc     --HOLE--

__llvm_prf_cnts 
*          0    20200000    00000000     UNINITIALIZED

__llvm_prf_bits 
*          0    20200000    00000000     UNINITIALIZED

MODULE SUMMARY

       Module                         code   ro data   rw data
       ------                         ----   -------   -------
    .\
       ST7735_SDC.o                   1832   1425      21     
       fixed.o                        244    0         2160   
       RTOS_LD19.o                    380    43        1080   
       LD19.o                         1032   0         165    
       SPI.o                          588    0         4      
       Clock.o                        516    0         4      
       LaunchPad.o                    256    0         0      
    +--+------------------------------+------+---------+---------+
       Total:                         4848   1468      3434   
                                                              
    .\ticlang\
       startup_mspm0g3507_ticlang.o   60     192       0      
    +--+------------------------------+------+---------+---------+
       Total:                         60     192       0      
                                                              
    C:\ti\ccs2040\ccs\tools\compiler\ti-cgt-armllvm_4.0.4.LTS\lib\armv6m-ti-none-eabi/c/libc.a
       copy_decompress_lzss.c.obj     124    0         0      
       autoinit.c.obj                 60     0         0      
       boot_cortex_m.c.obj            40     0         0      
       copy_decompress_none.c.obj     18     0         0      
       memcpy16.S.obj                 18     0         0      
       copy_zero_init.c.obj           16     0         0      
       memset16.S.obj                 14     0         0      
       exit.c.obj                     6      0         0      
       pre_init.c.obj                 4      0         0      
    +--+------------------------------+------+---------+---------+
       Total:                         300    0         0      
                                                              
    C:\ti\ccs2040\ccs\tools\compiler\ti-cgt-armllvm_4.0.4.LTS\lib\armv6m-ti-none-eabi/c/libsysbm.a
       hostexit.c.obj                 4      0         0      
    +--+------------------------------+------+---------+---------+
       Total:                         4      0         0      
                                                              
    C:\ti\ccs2040\ccs\tools\compiler\ti-cgt-armllvm_4.0.4.LTS\lib\armv6m-ti-none-eabi/libclang_rt.builtins.a
       aeabi_idivmod.S.obj            86     0         0      
       aeabi_uidivmod.S.obj           64     0         0      
       aeabi_memset.S.obj             12     0         0      
       aeabi_memcpy.S.obj             8      0         0      
       aeabi_div0.c.obj               2      0         0      
    +--+------------------------------+------+---------+---------+
       Total:                         172    0         0      
                                                              
       Stack:                         0      0         512    
       Linker Generated:              0      1753      0      
    +--+------------------------------+------+---------+---------+
       Grand Total:                   5384   3413      3946   


LINKER GENERATED COPY TABLES

__TI_cinit_table @ 0000225c records: 2, size/record: 8, table size: 16
	.data: load addr=00001b90, load size=000006b5 bytes, run addr=20200000, run size=00000892 bytes, compression=lzss
	.bss: load addr=00002254, load size=00000008 bytes, run addr=20200894, run size=000004d8 bytes, compression=zero_init


LINKER GENERATED HANDLER TABLE

__TI_handler_table @ 00002248 records: 3, size/record: 4, table size: 12
	index: 0, handler: __TI_decompress_lzss
	index: 1, handler: __TI_decompress_none
	index: 2, handler: __TI_zero_init


GLOBAL SYMBOLS: SORTED ALPHABETICALLY BY Name 

address   name                          
-------   ----                          
000014d1  ADC0_IRQHandler               
000014d1  ADC1_IRQHandler               
000014d1  AES_IRQHandler                
000012dd  ActivatePortA_B               
20200870  BadCnt                        
20200874  BadDistance                   
20200d54  BadIntensity                  
20200878  BusFreq                       
000015c2  C$$EXIT                       
000014d1  CANFD0_IRQHandler             
0000146d  CS_Init                       
0000155d  Clock_Delay                   
0000134d  Clock_Delay1ms                
0000159d  Clock_Freq                    
000002a1  Clock_Init80MHz               
00001b34  Colors                        
000014d1  DAC0_IRQHandler               
000014d1  DMA_IRQHandler                
20200894  Data                          
000014d1  Default_Handler               
0000156d  Delay                         
2020087c  Display_Free                  
20200d58  Distances                     
000014d1  GROUP0_IRQHandler             
000014d1  GROUP1_IRQHandler             
000015c3  HOSTexit                      
000014ed  HardFault_Handler             
000014d1  I2C0_IRQHandler               
000014d1  I2C1_IRQHandler               
20200d0c  LD19DataMessage               
00001525  LD19Fifo_Init                 
0000118d  LD19Fifo_Put                  
20200d5c  LD19Index                     
20200d6b  LD19LastByte                  
000005f9  LD19_Init                     
00001509  LaunchPad_InS1                
00001491  LaunchPad_InS2                
00000f05  LaunchPad_Init                
20200d60  LostDataLD19                  
000014d1  NMI_Handler                   
UNDEFED   OS_bSignal                    
UNDEFED   OS_bWait                      
000014d1  PendSV_Handler                
000014d1  RTC_IRQHandler                
000015c7  Reset_Handler                 
000014d1  SPI0_IRQHandler               
000014d1  SPI1_IRQHandler               
000008f5  SPI1_Init                     
00001221  SPI1_Reset                    
20200880  SPI1_init_Flag                
00000455  ST7735_DrawChar               
00000ffd  ST7735_DrawPixel              
00000e81  ST7735_DrawString             
00000a15  ST7735_FillRect               
00001419  ST7735_FillScreen             
00000d61  ST7735_InitR                  
00000b2d  ST7735_OutChar                
00001315  ST7735_OutString              
00001381  ST7735_SetCursor              
000014d1  SVC_Handler                   
20200000  SinTab540                     
2020088c  StTextColor                   
20200884  StX                           
20200888  StY                           
20200d64  StartAngle                    
000014d1  SysTick_Handler               
0000106d  TFT_OutCommand                
000010d1  TFT_OutData                   
000014d1  TIMA0_IRQHandler              
000014d1  TIMA1_IRQHandler              
000014d1  TIMG0_IRQHandler              
000014d1  TIMG12_IRQHandler             
000014d1  TIMG6_IRQHandler              
000014d1  TIMG7_IRQHandler              
000014d1  TIMG8_IRQHandler              
00001539  TI_memcpy_small               
0000158d  TI_memset_small               
000014d1  UART0_IRQHandler              
000014d1  UART1_IRQHandler              
000014d1  UART2_IRQHandler              
000011d9  UART3_IRQHandler              
20208000  __STACK_END                   
00000200  __STACK_SIZE                  
00000000  __TI_ATRegion0_region_sz      
00000000  __TI_ATRegion0_src_addr       
00000000  __TI_ATRegion0_trg_addr       
00000000  __TI_ATRegion1_region_sz      
00000000  __TI_ATRegion1_src_addr       
00000000  __TI_ATRegion1_trg_addr       
00000000  __TI_ATRegion2_region_sz      
00000000  __TI_ATRegion2_src_addr       
00000000  __TI_ATRegion2_trg_addr       
0000225c  __TI_CINIT_Base               
0000226c  __TI_CINIT_Limit              
0000226c  __TI_CINIT_Warm               
00002248  __TI_Handler_Table_Base       
00002254  __TI_Handler_Table_Limit      
000012a1  __TI_auto_init_nobinit_nopinit
00000f81  __TI_decompress_lzss          
0000154b  __TI_decompress_none          
ffffffff  __TI_pprof_out_hndl           
ffffffff  __TI_prof_data_size           
ffffffff  __TI_prof_data_start          
00000000  __TI_static_base__            
0000157d  __TI_zero_init                
00001135  __aeabi_idiv                  
00000d5f  __aeabi_idiv0                 
00001135  __aeabi_idivmod               
000015a9  __aeabi_memclr                
000015a9  __aeabi_memclr4               
000015a9  __aeabi_memclr8               
000015b5  __aeabi_memcpy                
000015b5  __aeabi_memcpy4               
000015b5  __aeabi_memcpy8               
00001261  __aeabi_uidiv                 
00001261  __aeabi_uidivmod              
ffffffff  __binit__                     
UNDEFED   __mpu_init                    
20207e00  __stack                       
20200000  __start___llvm_prf_bits       
20200000  __start___llvm_prf_cnts       
20200000  __stop___llvm_prf_bits        
20200000  __stop___llvm_prf_cnts        
00001445  _c_int00_noargs               
UNDEFED   _system_post_cinit            
000015cb  _system_pre_init              
000015bd  abort                         
ffffffff  binit                         
00000bfd  cos540                        
00000000  interruptVectors              
00000779  main                          
000013b5  sin540                        


GLOBAL SYMBOLS: SORTED BY Symbol Address 

address   name                          
-------   ----                          
00000000  __TI_ATRegion0_region_sz      
00000000  __TI_ATRegion0_src_addr       
00000000  __TI_ATRegion0_trg_addr       
00000000  __TI_ATRegion1_region_sz      
00000000  __TI_ATRegion1_src_addr       
00000000  __TI_ATRegion1_trg_addr       
00000000  __TI_ATRegion2_region_sz      
00000000  __TI_ATRegion2_src_addr       
00000000  __TI_ATRegion2_trg_addr       
00000000  __TI_static_base__            
00000000  interruptVectors              
00000200  __STACK_SIZE                  
000002a1  Clock_Init80MHz               
00000455  ST7735_DrawChar               
000005f9  LD19_Init                     
00000779  main                          
000008f5  SPI1_Init                     
00000a15  ST7735_FillRect               
00000b2d  ST7735_OutChar                
00000bfd  cos540                        
00000d5f  __aeabi_idiv0                 
00000d61  ST7735_InitR                  
00000e81  ST7735_DrawString             
00000f05  LaunchPad_Init                
00000f81  __TI_decompress_lzss          
00000ffd  ST7735_DrawPixel              
0000106d  TFT_OutCommand                
000010d1  TFT_OutData                   
00001135  __aeabi_idiv                  
00001135  __aeabi_idivmod               
0000118d  LD19Fifo_Put                  
000011d9  UART3_IRQHandler              
00001221  SPI1_Reset                    
00001261  __aeabi_uidiv                 
00001261  __aeabi_uidivmod              
000012a1  __TI_auto_init_nobinit_nopinit
000012dd  ActivatePortA_B               
00001315  ST7735_OutString              
0000134d  Clock_Delay1ms                
00001381  ST7735_SetCursor              
000013b5  sin540                        
00001419  ST7735_FillScreen             
00001445  _c_int00_noargs               
0000146d  CS_Init                       
00001491  LaunchPad_InS2                
000014d1  ADC0_IRQHandler               
000014d1  ADC1_IRQHandler               
000014d1  AES_IRQHandler                
000014d1  CANFD0_IRQHandler             
000014d1  DAC0_IRQHandler               
000014d1  DMA_IRQHandler                
000014d1  Default_Handler               
000014d1  GROUP0_IRQHandler             
000014d1  GROUP1_IRQHandler             
000014d1  I2C0_IRQHandler               
000014d1  I2C1_IRQHandler               
000014d1  NMI_Handler                   
000014d1  PendSV_Handler                
000014d1  RTC_IRQHandler                
000014d1  SPI0_IRQHandler               
000014d1  SPI1_IRQHandler               
000014d1  SVC_Handler                   
000014d1  SysTick_Handler               
000014d1  TIMA0_IRQHandler              
000014d1  TIMA1_IRQHandler              
000014d1  TIMG0_IRQHandler              
000014d1  TIMG12_IRQHandler             
000014d1  TIMG6_IRQHandler              
000014d1  TIMG7_IRQHandler              
000014d1  TIMG8_IRQHandler              
000014d1  UART0_IRQHandler              
000014d1  UART1_IRQHandler              
000014d1  UART2_IRQHandler              
000014ed  HardFault_Handler             
00001509  LaunchPad_InS1                
00001525  LD19Fifo_Init                 
00001539  TI_memcpy_small               
0000154b  __TI_decompress_none          
0000155d  Clock_Delay                   
0000156d  Delay                         
0000157d  __TI_zero_init                
0000158d  TI_memset_small               
0000159d  Clock_Freq                    
000015a9  __aeabi_memclr                
000015a9  __aeabi_memclr4               
000015a9  __aeabi_memclr8               
000015b5  __aeabi_memcpy                
000015b5  __aeabi_memcpy4               
000015b5  __aeabi_memcpy8               
000015bd  abort                         
000015c2  C$$EXIT                       
000015c3  HOSTexit                      
000015c7  Reset_Handler                 
000015cb  _system_pre_init              
00001b34  Colors                        
00002248  __TI_Handler_Table_Base       
00002254  __TI_Handler_Table_Limit      
0000225c  __TI_CINIT_Base               
0000226c  __TI_CINIT_Limit              
0000226c  __TI_CINIT_Warm               
20200000  SinTab540                     
20200000  __start___llvm_prf_bits       
20200000  __start___llvm_prf_cnts       
20200000  __stop___llvm_prf_bits        
20200000  __stop___llvm_prf_cnts        
20200870  BadCnt                        
20200874  BadDistance                   
20200878  BusFreq                       
2020087c  Display_Free                  
20200880  SPI1_init_Flag                
20200884  StX                           
20200888  StY                           
2020088c  StTextColor                   
20200894  Data                          
20200d0c  LD19DataMessage               
20200d54  BadIntensity                  
20200d58  Distances                     
20200d5c  LD19Index                     
20200d60  LostDataLD19                  
20200d64  StartAngle                    
20200d6b  LD19LastByte                  
20207e00  __stack                       
20208000  __STACK_END                   
ffffffff  __TI_pprof_out_hndl           
ffffffff  __TI_prof_data_size           
ffffffff  __TI_prof_data_start          
ffffffff  __binit__                     
ffffffff  binit                         
UNDEFED   OS_bSignal                    
UNDEFED   OS_bWait                      
UNDEFED   __mpu_init                    
UNDEFED   _system_post_cinit            

[132 symbols]
