******************************************************************************
            TI ARM Clang Linker PC v4.0.4                      
******************************************************************************
>> Linked Mon Mar 23 10:25:09 2026

OUTPUT FILE NAME:   <ESP8266.out>
ENTRY POINT SYMBOL: "_c_int00_noargs"  address: 00002395


MEMORY CONFIGURATION

         name            origin    length      used     unused   attr    fill
----------------------  --------  ---------  --------  --------  ----  --------
  FLASH                 00000000   00020000  00002f28  0001d0d8  R  X
  SRAM                  20200000   00008000  00001579  00006a87  RW X
  BCR_CONFIG            41c00000   00000080  00000000  00000080  R   
  BSL_CONFIG            41c00100   00000080  00000000  00000080  R   


SEGMENT ALLOCATION MAP

run origin  load origin   length   init length attrs members
----------  ----------- ---------- ----------- ----- -------
00000000    00000000    00002f28   00002f28    r-x
  00000000    00000000    000000c0   000000c0    r-- .intvecs
  000000c0    000000c0    000025e8   000025e8    r-x .text
  000026a8    000026a8    00000798   00000798    r-- .rodata
  00002e40    00002e40    000000e8   000000e8    r-- .cinit
20200000    20200000    0000137b   00000000    rw-
  20200000    20200000    000010b6   00000000    rw- .bss
  202010b8    202010b8    00000200   00000000    rw- .sysmem
  202012b8    202012b8    000000c3   00000000    rw- .data
20207e00    20207e00    00000200   00000000    rw-
  20207e00    20207e00    00000200   00000000    rw- .stack


SECTION ALLOCATION MAP

 output                                  attributes/
section   page    origin      length       input sections
--------  ----  ----------  ----------   ----------------
.intvecs   0    00000000    000000c0     
                  00000000    000000c0     startup_mspm0g3507_ticlang.o (.intvecs)

.text      0    000000c0    000025e8     
                  000000c0    000002d0     ESP8266main.o (.text.main)
                  00000390    00000284     libc.a : _printfi.c.obj (.text:__TI_printfi_minimal)
                  00000614    000001c4     esp8266.o (.text.ReceiveDataFilter)
                  000007d8    000001b4     Clock.o (.text.Clock_Init80MHz)
                  0000098c    00000160     SSD1306.o (.text.SSD1306_DrawPixel)
                  00000aec    00000134     esp8266.o (.text.ESP8266_InitUART)
                  00000c20    00000130     UARTints.o (.text.UART_Init)
                  00000d50    0000011c     esp8266.o (.text.ESP8266RxToBuffer)
                  00000e6c    0000011c     I2C.o (.text.I2C_SendData)
                  00000f88    00000118     esp8266.o (.text.ESP8266_Init)
                  000010a0    00000102     esp8266.o (.text.ESP8266_WaitForResponse)
                  000011a2    00000002     libclang_rt.builtins.a : aeabi_div0.c.obj (.text.__aeabi_idiv0)
                  000011a4    000000dc     SSD1306.o (.text.SSD1306_DrawUDec)
                  00001280    000000cc     SSD1306.o (.text.SSD1306_Init)
                  0000134c    000000b0     I2C.o (.text.I2C_Send)
                  000013fc    000000ac     esp8266.o (.text.ESP8266_MakeTCPConnection)
                  000014a8    000000ac     SSD1306.o (.text.SSD1306_DrawChar)
                  00001554    000000a8     I2C.o (.text.I2C_Send2)
                  000015fc    00000090     esp8266.o (.text.ESP8266_Send)
                  0000168c    00000080     SSD1306.o (.text.SSD1306_SetCursor)
                  0000170c    0000007c     esp8266.o (.text.ESP8266_Connect)
                  00001788    0000007c     LaunchPad.o (.text.LaunchPad_Init)
                  00001804    0000007c     libc.a : copy_decompress_lzss.c.obj (.text:decompress:lzss)
                  00001880    00000078     I2C.o (.text.I2C_Init)
                  000018f8    00000078     Clock.o (.text.TimerG8_Init)
                  00001970    00000070     esp8266.o (.text.ESP8266_JoinAccessPoint)
                  000019e0    00000064     esp8266.o (.text.ESP8266BufferToTx)
                  00001a44    0000005c     esp8266.o (.text.ESP8266_SetWifiMode)
                  00001aa0    0000005c     UARTints.o (.text.UART0_IRQHandler)
                  00001afc    0000005c     esp8266.o (.text.UART2_IRQHandler)
                  00001b58    00000058     I2C.o (.text.IC2FillTxFifo)
                  00001bb0    00000058     UARTints.o (.text.copyHardwareToSoftware)
                  00001c08    00000050     esp8266.o (.text.ESP8266Rx0Fifo_Put)
                  00001c58    00000050     esp8266.o (.text.ESP8266RxFifo_Put)
                  00001ca8    00000050     esp8266.o (.text.ESP8266TxFifo_Put)
                  00001cf8    0000004c     esp8266.o (.text.ESP8266RxFifo_Get)
                  00001d44    0000004c     esp8266.o (.text.ESP8266TxFifo_Get)
                  00001d90    0000004c     esp8266.o (.text.ESP8266_GetIPAddress)
                  00001ddc    0000004c     esp8266.o (.text.ESP8266_ListAccessPoints)
                  00001e28    0000004c     esp8266.o (.text.ESP8266_StartReceiveSearch)
                  00001e74    0000004c     FIFO.o (.text.RxFifo_Put)
                  00001ec0    0000004c     FIFO.o (.text.TxFifo_Get)
                  00001f0c    0000004c     FIFO.o (.text.TxFifo_Put)
                  00001f58    0000004c     UARTints.o (.text.copySoftwareToHardware)
                  00001fa4    0000004a     SSD1306.o (.text.SSD1306_DrawString)
                  00001fee    00000002     --HOLE-- [fill = 0]
                  00001ff0    00000048     esp8266.o (.text.ESP8266_GetMACAddress)
                  00002038    00000048     esp8266.o (.text.ESP8266_GetStatus)
                  00002080    00000048     esp8266.o (.text.ESP8266_GetVersionNumber)
                  000020c8    00000048     esp8266.o (.text.ESP8266_Reset)
                  00002110    00000040     esp8266.o (.text.ESP8266_OutChar)
                  00002150    00000040     UARTints.o (.text.UART_OutChar)
                  00002190    00000040     libclang_rt.builtins.a : aeabi_uidivmod.S.obj (.text.__aeabi_uidivmod)
                  000021d0    0000003c     SSD1306.o (.text.SSD1306_ClearBuffer)
                  0000220c    0000003c     libc.a : autoinit.c.obj (.text:__TI_auto_init_nobinit_nopinit)
                  00002248    00000038     LaunchPad.o (.text.ActivatePortA_B)
                  00002280    00000038     libc.a : sprintf.c.obj (.text.sprintf)
                  000022b8    00000034     Clock.o (.text.Clock_Delay1ms)
                  000022ec    0000002c     esp8266.o (.text.ESP8266_EnableInterrupt)
                  00002318    0000002c     esp8266.o (.text.ESP8266_SendCommand)
                  00002344    00000028     esp8266.o (.text.ESP8266_GetReceiveBuffer)
                  0000236c    00000028     SSD1306.o (.text.SSD1306_OutBuffer)
                  00002394    00000028     libc.a : boot_cortex_m.c.obj (.text:_c_int00_noargs)
                  000023bc    00000026     UART.o (.text.UART_OutString)
                  000023e2    00000022     esp8266.o (.text.UART_OutCharNonBlock)
                  00002404    00000022     libc.a : memccpy.c.obj (.text.memccpy)
                  00002426    00000002     --HOLE-- [fill = 0]
                  00002428    00000020     LaunchPad.o (.text.LaunchPad_InS2)
                  00002448    0000001c     startup_mspm0g3507_ticlang.o (.text.Default_Handler)
                  00002464    0000001c     esp8266.o (.text.ESP8266RxFifo_Size)
                  00002480    0000001c     esp8266.o (.text.ESP8266TxFifo_Size)
                  0000249c    0000001c     esp8266.o (.text.ESP8266_InChar)
                  000024b8    0000001c     startup_mspm0g3507_ticlang.o (.text.HardFault_Handler)
                  000024d4    00000018     FIFO.o (.text.RxFifo_Size)
                  000024ec    00000018     FIFO.o (.text.TxFifo_Size)
                  00002504    00000018     libc.a : sprintf.c.obj (.text._outs)
                  0000251c    00000018     SSD1306.o (.text.ssd1306command1)
                  00002534    00000018     SSD1306.o (.text.ssd1306command)
                  0000254c    00000016     SSD1306.o (.text.ssd1306commandList)
                  00002562    00000002     --HOLE-- [fill = 0]
                  00002564    00000014     esp8266.o (.text.ESP8266Rx0Fifo_Init)
                  00002578    00000014     esp8266.o (.text.ESP8266RxFifo_Init)
                  0000258c    00000014     esp8266.o (.text.ESP8266TxFifo_Init)
                  000025a0    00000014     FIFO.o (.text.RxFifo_Init)
                  000025b4    00000014     FIFO.o (.text.TxFifo_Init)
                  000025c8    00000012     libc.a : memcpy16.S.obj (.text:TI_memcpy_small)
                  000025da    00000012            : copy_decompress_none.c.obj (.text:decompress:none)
                  000025ec    00000010     Clock.o (.text.Clock_Delay)
                  000025fc    00000010     LaunchPad.o (.text.Delay)
                  0000260c    00000010     esp8266.o (.text.ESP8266_DisableInterrupt)
                  0000261c    00000010     libc.a : copy_zero_init.c.obj (.text:decompress:ZI)
                  0000262c    0000000e     libclang_rt.builtins.a : aeabi_memset.S.obj (.text.__aeabi_memset)
                  0000263a    0000000e     libc.a : _printfi.c.obj (.text.strlen)
                  00002648    0000000e            : strlen.c.obj (.text.strlen)
                  00002656    0000000e            : memset16.S.obj (.text:TI_memset_small)
                  00002664    0000000c     Clock.o (.text.Clock_Freq)
                  00002670    0000000c     libclang_rt.builtins.a : aeabi_memset.S.obj (.text.__aeabi_memclr)
                  0000267c    0000000a     libc.a : sprintf.c.obj (.text._outc)
                  00002686    00000002     --HOLE-- [fill = 0]
                  00002688    00000008     libclang_rt.builtins.a : aeabi_memcpy.S.obj (.text.__aeabi_memcpy)
                  00002690    00000006     libc.a : exit.c.obj (.text:abort)
                  00002696    00000004     libsysbm.a : hostexit.c.obj (.text.HOSTexit)
                  0000269a    00000004     startup_mspm0g3507_ticlang.o (.text.Reset_Handler)
                  0000269e    00000004     libc.a : pre_init.c.obj (.text._system_pre_init)
                  000026a2    00000006     --HOLE-- [fill = 0]

.cinit     0    00002e40    000000e8     
                  00002e40    000000be     (.cinit..data.load) [load image, compression = lzss]
                  00002efe    00000002     --HOLE-- [fill = 0]
                  00002f00    0000000c     (__TI_handler_table)
                  00002f0c    00000008     (.cinit..bss.load) [load image, compression = zero_init]
                  00002f14    00000010     (__TI_cinit_table)
                  00002f24    00000004     --HOLE-- [fill = 0]

.rodata    0    000026a8    00000798     
                  000026a8    00000540     SSD1306.o (.rodata.ASCII)
                  00002be8    0000002a     ESP8266main.o (.rodata.str1.3893696928320483400.1)
                  00002c12    00000022     ESP8266main.o (.rodata.str1.9314755141398333065.1)
                  00002c34    00000019     ESP8266main.o (.rodata.str1.8647043623776350051.1)
                  00002c4d    00000018     ESP8266main.o (.rodata.Embedded_ece)
                  00002c65    00000017     ESP8266main.o (.rodata.str1.1117837308727574899.1)
                  00002c7c    00000016     esp8266.o (.rodata.str1.1821742947057290736.1)
                  00002c92    00000015     ESP8266main.o (.rodata.str1.14776723510422327578.1)
                  00002ca7    00000014     esp8266.o (.rodata.str1.18332241573418572532.1)
                  00002cbb    00000014     esp8266.o (.rodata.str1.886117169829560214.1)
                  00002ccf    00000013     esp8266.o (.rodata.str1.13710373771830552879.1)
                  00002ce2    00000011     libc.a : _printfi.c.obj (.rodata.str1.15363888844622738466.1)
                  00002cf3    00000010     ESP8266main.o (.rodata.str1.13903245644853092502.1)
                  00002d03    00000010     esp8266.o (.rodata.str1.1482018129062920454.1)
                  00002d13    00000010     esp8266.o (.rodata.str1.927306613616006222.1)
                  00002d23    00000010     ESP8266main.o (.rodata.str1.9986360393810696630.1)
                  00002d33    0000000f     ESP8266main.o (.rodata.str1.11328984543834940707.1)
                  00002d42    0000000f     esp8266.o (.rodata.str1.14066400649548407521.1)
                  00002d51    0000000f     esp8266.o (.rodata.str1.15733383869924768512.1)
                  00002d60    0000000f     ESP8266main.o (.rodata.str1.1949687828727206093.1)
                  00002d6f    0000000f     ESP8266main.o (.rodata.str1.7105149154908822183.1)
                  00002d7e    0000000d     esp8266.o (.rodata.str1.1495411477731366290.1)
                  00002d8b    0000000c     esp8266.o (.rodata.ESP8266_SENDOK_RESPONSE)
                  00002d97    0000000b     esp8266.o (.rodata.str1.12953182027126269026.1)
                  00002da2    0000000b     esp8266.o (.rodata.str1.1805066558680231458.1)
                  00002dad    0000000b     esp8266.o (.rodata.str1.18329915516137010745.1)
                  00002db8    0000000a     esp8266.o (.rodata.ESP8266_ERROR_RESPONSE)
                  00002dc2    0000000a     esp8266.o (.rodata.ESP8266_READY_RESPONSE)
                  00002dcc    0000000a     esp8266.o (.rodata.str1.9268603642334277384.1)
                  00002dd6    00000009     esp8266.o (.rodata.ESP8266_FAIL_RESPONSE)
                  00002ddf    00000009     esp8266.o (.rodata.str1.12794791130188801291.1)
                  00002de8    00000009     esp8266.o (.rodata.str1.7072264257702256455.1)
                  00002df1    00000008     ESP8266main.o (.rodata.str1.17041166833902604311.1)
                  00002df9    00000007     esp8266.o (.rodata.ESP8266_OK_RESPONSE)
                  00002e00    00000007     SSD1306.o (.rodata.init5)
                  00002e07    00000007     esp8266.o (.rodata.str1.10782708805918865183.1)
                  00002e0e    00000007     ESP8266main.o (.rodata.str1.1322281433589434538.1)
                  00002e15    00000006     esp8266.o (.rodata.ReceiveDataSearchString)
                  00002e1b    00000005     SSD1306.o (.rodata.dlist1)
                  00002e20    00000005     SSD1306.o (.rodata.init1)
                  00002e25    00000005     SSD1306.o (.rodata.init2)
                  00002e2a    00000005     SSD1306.o (.rodata.init3)
                  00002e2f    00000004     SSD1306.o (.rodata.init4b)
                  00002e33    00000004     esp8266.o (.rodata.str1.13377059851045418370.1)
                  00002e37    00000004     esp8266.o (.rodata.str1.8870115619303731160.1)
                  00002e3b    00000002     esp8266.o (.rodata.str1.7497862599173977731.1)
                  00002e3d    00000003     --HOLE-- [fill = 0]

.init_array 
*          0    00000000    00000000     UNINITIALIZED

.binit     0    00000000    00000000     

.bss       0    20200000    000010b6     UNINITIALIZED
                  20200000    00000400     esp8266.o (.bss.ESP8266Rx0Fifo)
                  20200400    00000400     esp8266.o (.bss.ESP8266RxFifo)
                  20200800    00000400     esp8266.o (.bss.ESP8266TxFifo)
                  20200c00    00000400     (.common:buffer)
                  20201000    00000040     FIFO.o (.bss.TxFifo)
                  20201040    00000010     FIFO.o (.bss.RxFifo)
                  20201050    00000010     (.common:ReceiveSearch)
                  20201060    00000010     (.common:Status)
                  20201070    00000004     esp8266.o (.bss.ESP8266Rx0GetI)
                  20201074    00000004     esp8266.o (.bss.ESP8266Rx0PutI)
                  20201078    00000004     esp8266.o (.bss.ESP8266RxGetI)
                  2020107c    00000004     esp8266.o (.bss.ESP8266RxPutI)
                  20201080    00000004     esp8266.o (.bss.ESP8266TxGetI)
                  20201084    00000004     esp8266.o (.bss.ESP8266TxPutI)
                  20201088    00000004     (.common:I2C_error)
                  2020108c    00000004     (.common:ReceiveMode)
                  20201090    00000004     (.common:ReceiveSize)
                  20201094    00000004     (.common:RxGetI)
                  20201098    00000004     (.common:RxPutI)
                  2020109c    00000004     (.common:TxGetI)
                  202010a0    00000004     (.common:TxPutI)
                  202010a4    00000004     (.common:rotation)
                  202010a8    00000004     (.common:vccstate)
                  202010ac    00000002     (.common:ElaspedTime)
                  202010ae    00000002     (.common:EndTime)
                  202010b0    00000002     (.common:StartTime)
                  202010b2    00000002     (.common:StartX)
                  202010b4    00000002     (.common:StartY)

.sysmem    0    202010b8    00000200     UNINITIALIZED
                  202010b8    00000010     libc.a : memory.c.obj (.sysmem)
                  202010c8    000001f0     --HOLE--

.data      0    202012b8    000000c3     UNINITIALIZED
                  202012b8    0000009b     ESP8266main.o (.data.LOGDATA)
                  20201353    00000001     esp8266.o (.data.ESP8266_EchoCommand)
                  20201354    00000004     Clock.o (.data.BusFreq)
                  20201358    00000004     esp8266.o (.data.ESP8266_DataAvailable)
                  2020135c    00000004     esp8266.o (.data.ESP8266_DataLoss)
                  20201360    00000004     esp8266.o (.data.ReceiveDataLen)
                  20201364    00000004     esp8266.o (.data.ReceiveDataSearchIndex)
                  20201368    00000004     esp8266.o (.data.ReceiveDataState)
                  2020136c    00000004     esp8266.o (.data.ReceiveDataStream)
                  20201370    00000004     esp8266.o (.data.ReceiveIndex)
                  20201374    00000002     SSD1306.o (.data.CurrentX)
                  20201376    00000002     SSD1306.o (.data.CurrentY)
                  20201378    00000002     esp8266.o (.data.ESP8266_ConnectionMux)
                  2020137a    00000001     esp8266.o (.data.ESP8266_EchoResponse)

.stack     0    20207e00    00000200     UNINITIALIZED
                  20207e00    00000004     libc.a : boot_cortex_m.c.obj (.stack)
                  20207e04    000001fc     --HOLE--

__llvm_prf_cnts 
*          0    20200000    00000000     UNINITIALIZED

__llvm_prf_bits 
*          0    20200000    00000000     UNINITIALIZED

MODULE SUMMARY

       Module                         code   ro data   rw data
       ------                         ----   -------   -------
    .\
       esp8266.o                      3712   288       3152   
       SSD1306.o                      1320   1375      1040   
       ESP8266main.o                  720    261       177    
       I2C.o                          836    0         4      
       Clock.o                        636    0         4      
       UARTints.o                     624    0         0      
       FIFO.o                         316    0         96     
       LaunchPad.o                    228    0         0      
       UART.o                         38     0         0      
    +--+------------------------------+------+---------+---------+
       Total:                         8430   1924      4473   
                                                              
    .\ticlang\
       startup_mspm0g3507_ticlang.o   60     192       0      
    +--+------------------------------+------+---------+---------+
       Total:                         60     192       0      
                                                              
    C:\ti\ccs2020\ccs\tools\compiler\ti-cgt-armllvm_4.0.4.LTS\lib\armv6m-ti-none-eabi/c/libc.a
       _printfi.c.obj                 658    17        0      
       copy_decompress_lzss.c.obj     124    0         0      
       sprintf.c.obj                  90     0         0      
       autoinit.c.obj                 60     0         0      
       boot_cortex_m.c.obj            40     0         0      
       memccpy.c.obj                  34     0         0      
       copy_decompress_none.c.obj     18     0         0      
       memcpy16.S.obj                 18     0         0      
       copy_zero_init.c.obj           16     0         0      
       memset16.S.obj                 14     0         0      
       strlen.c.obj                   14     0         0      
       exit.c.obj                     6      0         0      
       pre_init.c.obj                 4      0         0      
    +--+------------------------------+------+---------+---------+
       Total:                         1096   17        0      
                                                              
    C:\ti\ccs2020\ccs\tools\compiler\ti-cgt-armllvm_4.0.4.LTS\lib\armv6m-ti-none-eabi/c/libsysbm.a
       hostexit.c.obj                 4      0         0      
    +--+------------------------------+------+---------+---------+
       Total:                         4      0         0      
                                                              
    C:\ti\ccs2020\ccs\tools\compiler\ti-cgt-armllvm_4.0.4.LTS\lib\armv6m-ti-none-eabi/libclang_rt.builtins.a
       aeabi_uidivmod.S.obj           64     0         0      
       aeabi_memset.S.obj             26     0         0      
       aeabi_memcpy.S.obj             8      0         0      
       aeabi_div0.c.obj               2      0         0      
    +--+------------------------------+------+---------+---------+
       Total:                         100    0         0      
                                                              
       Heap:                          0      0         512    
       Stack:                         0      0         512    
       Linker Generated:              0      226       0      
    +--+------------------------------+------+---------+---------+
       Grand Total:                   9690   2359      5497   


LINKER GENERATED COPY TABLES

__TI_cinit_table @ 00002f14 records: 2, size/record: 8, table size: 16
	.data: load addr=00002e40, load size=000000be bytes, run addr=202012b8, run size=000000c3 bytes, compression=lzss
	.bss: load addr=00002f0c, load size=00000008 bytes, run addr=20200000, run size=000010b6 bytes, compression=zero_init


LINKER GENERATED HANDLER TABLE

__TI_handler_table @ 00002f00 records: 3, size/record: 4, table size: 12
	index: 0, handler: __TI_decompress_lzss
	index: 1, handler: __TI_decompress_none
	index: 2, handler: __TI_zero_init


GLOBAL SYMBOLS: SORTED ALPHABETICALLY BY Name 

address   name                          
-------   ----                          
00002449  ADC0_IRQHandler               
00002449  ADC1_IRQHandler               
00002449  AES_IRQHandler                
00002249  ActivatePortA_B               
20201354  BusFreq                       
00002696  C$$EXIT                       
00002449  CANFD0_IRQHandler             
000025ed  Clock_Delay                   
000022b9  Clock_Delay1ms                
00002665  Clock_Freq                    
000007d9  Clock_Init80MHz               
20201374  CurrentX                      
20201376  CurrentY                      
00002449  DAC0_IRQHandler               
00002449  DMA_IRQHandler                
00002449  Default_Handler               
000025fd  Delay                         
00002565  ESP8266Rx0Fifo_Init           
00001c09  ESP8266Rx0Fifo_Put            
00001cf9  ESP8266RxFifo_Get             
00002579  ESP8266RxFifo_Init            
00001c59  ESP8266RxFifo_Put             
00002465  ESP8266RxFifo_Size            
00001d45  ESP8266TxFifo_Get             
0000258d  ESP8266TxFifo_Init            
00001ca9  ESP8266TxFifo_Put             
00002481  ESP8266TxFifo_Size            
0000170d  ESP8266_Connect               
20201378  ESP8266_ConnectionMux         
20201358  ESP8266_DataAvailable         
2020135c  ESP8266_DataLoss              
0000260d  ESP8266_DisableInterrupt      
20201353  ESP8266_EchoCommand           
2020137a  ESP8266_EchoResponse          
000022ed  ESP8266_EnableInterrupt       
00001d91  ESP8266_GetIPAddress          
00001ff1  ESP8266_GetMACAddress         
00002345  ESP8266_GetReceiveBuffer      
00002039  ESP8266_GetStatus             
00002081  ESP8266_GetVersionNumber      
0000249d  ESP8266_InChar                
00000f89  ESP8266_Init                  
00000aed  ESP8266_InitUART              
00001971  ESP8266_JoinAccessPoint       
00001ddd  ESP8266_ListAccessPoints      
000013fd  ESP8266_MakeTCPConnection     
00002111  ESP8266_OutChar               
000020c9  ESP8266_Reset                 
000015fd  ESP8266_Send                  
00002319  ESP8266_SendCommand           
00001a45  ESP8266_SetWifiMode           
00001e29  ESP8266_StartReceiveSearch    
000010a1  ESP8266_WaitForResponse       
202010ac  ElaspedTime                   
00002c4d  Embedded_ece                  
202010ae  EndTime                       
00002449  GROUP0_IRQHandler             
00002449  GROUP1_IRQHandler             
00002697  HOSTexit                      
000024b9  HardFault_Handler             
00002449  I2C0_IRQHandler               
00002449  I2C1_IRQHandler               
00001881  I2C_Init                      
0000134d  I2C_Send                      
00001555  I2C_Send2                     
00000e6d  I2C_SendData                  
20201088  I2C_error                     
202012b8  LOGDATA                       
00002429  LaunchPad_InS2                
00001789  LaunchPad_Init                
00002449  NMI_Handler                   
00002449  PendSV_Handler                
00002449  RTC_IRQHandler                
00000615  ReceiveDataFilter             
00002e15  ReceiveDataSearchString       
20201370  ReceiveIndex                  
2020108c  ReceiveMode                   
20201050  ReceiveSearch                 
20201090  ReceiveSize                   
0000269b  Reset_Handler                 
000025a1  RxFifo_Init                   
00001e75  RxFifo_Put                    
000024d5  RxFifo_Size                   
20201094  RxGetI                        
20201098  RxPutI                        
00002449  SPI0_IRQHandler               
00002449  SPI1_IRQHandler               
000021d1  SSD1306_ClearBuffer           
000014a9  SSD1306_DrawChar              
0000098d  SSD1306_DrawPixel             
00001fa5  SSD1306_DrawString            
000011a5  SSD1306_DrawUDec              
00001281  SSD1306_Init                  
0000236d  SSD1306_OutBuffer             
0000168d  SSD1306_SetCursor             
00002449  SVC_Handler                   
202010b0  StartTime                     
202010b2  StartX                        
202010b4  StartY                        
20201060  Status                        
00002449  SysTick_Handler               
00002449  TIMA0_IRQHandler              
00002449  TIMA1_IRQHandler              
00002449  TIMG0_IRQHandler              
00002449  TIMG12_IRQHandler             
00002449  TIMG6_IRQHandler              
00002449  TIMG7_IRQHandler              
00002449  TIMG8_IRQHandler              
000025c9  TI_memcpy_small               
00002657  TI_memset_small               
000018f9  TimerG8_Init                  
00001ec1  TxFifo_Get                    
000025b5  TxFifo_Init                   
00001f0d  TxFifo_Put                    
000024ed  TxFifo_Size                   
2020109c  TxGetI                        
202010a0  TxPutI                        
00001aa1  UART0_IRQHandler              
00002449  UART1_IRQHandler              
00001afd  UART2_IRQHandler              
00002449  UART3_IRQHandler              
00000c21  UART_Init                     
00002151  UART_OutChar                  
000023e3  UART_OutCharNonBlock          
000023bd  UART_OutString                
20208000  __STACK_END                   
00000200  __STACK_SIZE                  
00000200  __SYSMEM_SIZE                 
00000000  __TI_ATRegion0_region_sz      
00000000  __TI_ATRegion0_src_addr       
00000000  __TI_ATRegion0_trg_addr       
00000000  __TI_ATRegion1_region_sz      
00000000  __TI_ATRegion1_src_addr       
00000000  __TI_ATRegion1_trg_addr       
00000000  __TI_ATRegion2_region_sz      
00000000  __TI_ATRegion2_src_addr       
00000000  __TI_ATRegion2_trg_addr       
00002f14  __TI_CINIT_Base               
00002f24  __TI_CINIT_Limit              
00002f24  __TI_CINIT_Warm               
00002f00  __TI_Handler_Table_Base       
00002f0c  __TI_Handler_Table_Limit      
0000220d  __TI_auto_init_nobinit_nopinit
00001805  __TI_decompress_lzss          
000025db  __TI_decompress_none          
ffffffff  __TI_pprof_out_hndl           
00000391  __TI_printfi_minimal          
ffffffff  __TI_prof_data_size           
ffffffff  __TI_prof_data_start          
00000000  __TI_static_base__            
0000261d  __TI_zero_init                
000011a3  __aeabi_idiv0                 
00002671  __aeabi_memclr                
00002671  __aeabi_memclr4               
00002671  __aeabi_memclr8               
00002689  __aeabi_memcpy                
00002689  __aeabi_memcpy4               
00002689  __aeabi_memcpy8               
0000262d  __aeabi_memset                
0000262d  __aeabi_memset4               
0000262d  __aeabi_memset8               
00002191  __aeabi_uidiv                 
00002191  __aeabi_uidivmod              
ffffffff  __binit__                     
UNDEFED   __mpu_init                    
20207e00  __stack                       
20200000  __start___llvm_prf_bits       
20200000  __start___llvm_prf_cnts       
20200000  __stop___llvm_prf_bits        
20200000  __stop___llvm_prf_cnts        
00002395  _c_int00_noargs               
202010b8  _sys_memory                   
UNDEFED   _system_post_cinit            
0000269f  _system_pre_init              
00002691  abort                         
ffffffff  binit                         
20200c00  buffer                        
00000000  interruptVectors              
000000c1  main                          
00002405  memccpy                       
202010a4  rotation                      
00002281  sprintf                       
00002535  ssd1306command                
0000251d  ssd1306command1               
0000254d  ssd1306commandList            
00002649  strlen                        
202010a8  vccstate                      


GLOBAL SYMBOLS: SORTED BY Symbol Address 

address   name                          
-------   ----                          
00000000  __TI_ATRegion0_region_sz      
00000000  __TI_ATRegion0_src_addr       
00000000  __TI_ATRegion0_trg_addr       
00000000  __TI_ATRegion1_region_sz      
00000000  __TI_ATRegion1_src_addr       
00000000  __TI_ATRegion1_trg_addr       
00000000  __TI_ATRegion2_region_sz      
00000000  __TI_ATRegion2_src_addr       
00000000  __TI_ATRegion2_trg_addr       
00000000  __TI_static_base__            
00000000  interruptVectors              
000000c1  main                          
00000200  __STACK_SIZE                  
00000200  __SYSMEM_SIZE                 
00000391  __TI_printfi_minimal          
00000615  ReceiveDataFilter             
000007d9  Clock_Init80MHz               
0000098d  SSD1306_DrawPixel             
00000aed  ESP8266_InitUART              
00000c21  UART_Init                     
00000e6d  I2C_SendData                  
00000f89  ESP8266_Init                  
000010a1  ESP8266_WaitForResponse       
000011a3  __aeabi_idiv0                 
000011a5  SSD1306_DrawUDec              
00001281  SSD1306_Init                  
0000134d  I2C_Send                      
000013fd  ESP8266_MakeTCPConnection     
000014a9  SSD1306_DrawChar              
00001555  I2C_Send2                     
000015fd  ESP8266_Send                  
0000168d  SSD1306_SetCursor             
0000170d  ESP8266_Connect               
00001789  LaunchPad_Init                
00001805  __TI_decompress_lzss          
00001881  I2C_Init                      
000018f9  TimerG8_Init                  
00001971  ESP8266_JoinAccessPoint       
00001a45  ESP8266_SetWifiMode           
00001aa1  UART0_IRQHandler              
00001afd  UART2_IRQHandler              
00001c09  ESP8266Rx0Fifo_Put            
00001c59  ESP8266RxFifo_Put             
00001ca9  ESP8266TxFifo_Put             
00001cf9  ESP8266RxFifo_Get             
00001d45  ESP8266TxFifo_Get             
00001d91  ESP8266_GetIPAddress          
00001ddd  ESP8266_ListAccessPoints      
00001e29  ESP8266_StartReceiveSearch    
00001e75  RxFifo_Put                    
00001ec1  TxFifo_Get                    
00001f0d  TxFifo_Put                    
00001fa5  SSD1306_DrawString            
00001ff1  ESP8266_GetMACAddress         
00002039  ESP8266_GetStatus             
00002081  ESP8266_GetVersionNumber      
000020c9  ESP8266_Reset                 
00002111  ESP8266_OutChar               
00002151  UART_OutChar                  
00002191  __aeabi_uidiv                 
00002191  __aeabi_uidivmod              
000021d1  SSD1306_ClearBuffer           
0000220d  __TI_auto_init_nobinit_nopinit
00002249  ActivatePortA_B               
00002281  sprintf                       
000022b9  Clock_Delay1ms                
000022ed  ESP8266_EnableInterrupt       
00002319  ESP8266_SendCommand           
00002345  ESP8266_GetReceiveBuffer      
0000236d  SSD1306_OutBuffer             
00002395  _c_int00_noargs               
000023bd  UART_OutString                
000023e3  UART_OutCharNonBlock          
00002405  memccpy                       
00002429  LaunchPad_InS2                
00002449  ADC0_IRQHandler               
00002449  ADC1_IRQHandler               
00002449  AES_IRQHandler                
00002449  CANFD0_IRQHandler             
00002449  DAC0_IRQHandler               
00002449  DMA_IRQHandler                
00002449  Default_Handler               
00002449  GROUP0_IRQHandler             
00002449  GROUP1_IRQHandler             
00002449  I2C0_IRQHandler               
00002449  I2C1_IRQHandler               
00002449  NMI_Handler                   
00002449  PendSV_Handler                
00002449  RTC_IRQHandler                
00002449  SPI0_IRQHandler               
00002449  SPI1_IRQHandler               
00002449  SVC_Handler                   
00002449  SysTick_Handler               
00002449  TIMA0_IRQHandler              
00002449  TIMA1_IRQHandler              
00002449  TIMG0_IRQHandler              
00002449  TIMG12_IRQHandler             
00002449  TIMG6_IRQHandler              
00002449  TIMG7_IRQHandler              
00002449  TIMG8_IRQHandler              
00002449  UART1_IRQHandler              
00002449  UART3_IRQHandler              
00002465  ESP8266RxFifo_Size            
00002481  ESP8266TxFifo_Size            
0000249d  ESP8266_InChar                
000024b9  HardFault_Handler             
000024d5  RxFifo_Size                   
000024ed  TxFifo_Size                   
0000251d  ssd1306command1               
00002535  ssd1306command                
0000254d  ssd1306commandList            
00002565  ESP8266Rx0Fifo_Init           
00002579  ESP8266RxFifo_Init            
0000258d  ESP8266TxFifo_Init            
000025a1  RxFifo_Init                   
000025b5  TxFifo_Init                   
000025c9  TI_memcpy_small               
000025db  __TI_decompress_none          
000025ed  Clock_Delay                   
000025fd  Delay                         
0000260d  ESP8266_DisableInterrupt      
0000261d  __TI_zero_init                
0000262d  __aeabi_memset                
0000262d  __aeabi_memset4               
0000262d  __aeabi_memset8               
00002649  strlen                        
00002657  TI_memset_small               
00002665  Clock_Freq                    
00002671  __aeabi_memclr                
00002671  __aeabi_memclr4               
00002671  __aeabi_memclr8               
00002689  __aeabi_memcpy                
00002689  __aeabi_memcpy4               
00002689  __aeabi_memcpy8               
00002691  abort                         
00002696  C$$EXIT                       
00002697  HOSTexit                      
0000269b  Reset_Handler                 
0000269f  _system_pre_init              
00002c4d  Embedded_ece                  
00002e15  ReceiveDataSearchString       
00002f00  __TI_Handler_Table_Base       
00002f0c  __TI_Handler_Table_Limit      
00002f14  __TI_CINIT_Base               
00002f24  __TI_CINIT_Limit              
00002f24  __TI_CINIT_Warm               
20200000  __start___llvm_prf_bits       
20200000  __start___llvm_prf_cnts       
20200000  __stop___llvm_prf_bits        
20200000  __stop___llvm_prf_cnts        
20200c00  buffer                        
20201050  ReceiveSearch                 
20201060  Status                        
20201088  I2C_error                     
2020108c  ReceiveMode                   
20201090  ReceiveSize                   
20201094  RxGetI                        
20201098  RxPutI                        
2020109c  TxGetI                        
202010a0  TxPutI                        
202010a4  rotation                      
202010a8  vccstate                      
202010ac  ElaspedTime                   
202010ae  EndTime                       
202010b0  StartTime                     
202010b2  StartX                        
202010b4  StartY                        
202010b8  _sys_memory                   
202012b8  LOGDATA                       
20201353  ESP8266_EchoCommand           
20201354  BusFreq                       
20201358  ESP8266_DataAvailable         
2020135c  ESP8266_DataLoss              
20201370  ReceiveIndex                  
20201374  CurrentX                      
20201376  CurrentY                      
20201378  ESP8266_ConnectionMux         
2020137a  ESP8266_EchoResponse          
20207e00  __stack                       
20208000  __STACK_END                   
ffffffff  __TI_pprof_out_hndl           
ffffffff  __TI_prof_data_size           
ffffffff  __TI_prof_data_start          
ffffffff  __binit__                     
ffffffff  binit                         
UNDEFED   __mpu_init                    
UNDEFED   _system_post_cinit            

[187 symbols]
