<?xml version="1.0" encoding="ISO-8859-1" ?>
<link_info>
   <banner>TI ARM Clang Linker PC v4.0.4.LTS</banner>
   <copyright>Copyright (c) 1996-2018 Texas Instruments Incorporated</copyright>
   <command_line>C:\ti\ccs2020\ccs\tools\compiler\ti-cgt-armllvm_4.0.4.LTS\bin\tiarmlnk -IC:\ti\ccs2020\ccs\tools\compiler\ti-cgt-armllvm_4.0.4.LTS\lib -o ESP8266.out -mESP8266.map --heap_size=512 --stack_size=512 -iF:/Dropbox/EE345M Class/EE445M/Lab6Update/ESP8266/Debug/syscfg -iC:/ti/ccs2020/ccs/tools/compiler/ti-cgt-armllvm_4.0.4.LTS/lib --diag_wrap=off --display_error_number --warn_sections --xml_link_info=ESP8266_linkInfo.xml --rom_model ./Clock.o ./CriticalSection.o ./ESP8266main.o ./FIFO.o ./I2C.o ./LaunchPad.o ./SSD1306.o ./UART.o ./UARTints.o ./esp8266.o ./ticlang/startup_mspm0g3507_ticlang.o ../mspm0g3507.cmd -lC:/ti/mspm0_sdk_2_09_00_01/source/ti/driverlib/lib/ticlang/m0p/mspm0g1x0x_g3x0x/driverlib.a -llibc.a --start-group -llibc++.a -llibc++abi.a -llibc.a -llibsys.a -llibsysbm.a -llibclang_rt.builtins.a -llibclang_rt.profile.a --end-group --cg_opt_level=0</command_line>
   <link_time>0x69c15b55</link_time>
   <link_errors>0x0</link_errors>
   <output_file>F:\Dropbox\EE345M Class\EE445M\Lab6Update\ESP8266\Debug\ESP8266.out</output_file>
   <entry_point>
      <name>_c_int00_noargs</name>
      <address>0x2395</address>
   </entry_point>
   <input_file_list>
      <input_file id="fl-1">
         <path>F:\Dropbox\EE345M Class\EE445M\Lab6Update\ESP8266\Debug\.\</path>
         <kind>object</kind>
         <file>Clock.o</file>
         <name>Clock.o</name>
      </input_file>
      <input_file id="fl-2">
         <path>F:\Dropbox\EE345M Class\EE445M\Lab6Update\ESP8266\Debug\.\</path>
         <kind>object</kind>
         <file>CriticalSection.o</file>
         <name>CriticalSection.o</name>
      </input_file>
      <input_file id="fl-3">
         <path>F:\Dropbox\EE345M Class\EE445M\Lab6Update\ESP8266\Debug\.\</path>
         <kind>object</kind>
         <file>ESP8266main.o</file>
         <name>ESP8266main.o</name>
      </input_file>
      <input_file id="fl-4">
         <path>F:\Dropbox\EE345M Class\EE445M\Lab6Update\ESP8266\Debug\.\</path>
         <kind>object</kind>
         <file>FIFO.o</file>
         <name>FIFO.o</name>
      </input_file>
      <input_file id="fl-5">
         <path>F:\Dropbox\EE345M Class\EE445M\Lab6Update\ESP8266\Debug\.\</path>
         <kind>object</kind>
         <file>I2C.o</file>
         <name>I2C.o</name>
      </input_file>
      <input_file id="fl-6">
         <path>F:\Dropbox\EE345M Class\EE445M\Lab6Update\ESP8266\Debug\.\</path>
         <kind>object</kind>
         <file>LaunchPad.o</file>
         <name>LaunchPad.o</name>
      </input_file>
      <input_file id="fl-7">
         <path>F:\Dropbox\EE345M Class\EE445M\Lab6Update\ESP8266\Debug\.\</path>
         <kind>object</kind>
         <file>SSD1306.o</file>
         <name>SSD1306.o</name>
      </input_file>
      <input_file id="fl-8">
         <path>F:\Dropbox\EE345M Class\EE445M\Lab6Update\ESP8266\Debug\.\</path>
         <kind>object</kind>
         <file>UART.o</file>
         <name>UART.o</name>
      </input_file>
      <input_file id="fl-9">
         <path>F:\Dropbox\EE345M Class\EE445M\Lab6Update\ESP8266\Debug\.\</path>
         <kind>object</kind>
         <file>UARTints.o</file>
         <name>UARTints.o</name>
      </input_file>
      <input_file id="fl-a">
         <path>F:\Dropbox\EE345M Class\EE445M\Lab6Update\ESP8266\Debug\.\</path>
         <kind>object</kind>
         <file>esp8266.o</file>
         <name>esp8266.o</name>
      </input_file>
      <input_file id="fl-b">
         <path>F:\Dropbox\EE345M Class\EE445M\Lab6Update\ESP8266\Debug\.\ticlang\</path>
         <kind>object</kind>
         <file>startup_mspm0g3507_ticlang.o</file>
         <name>startup_mspm0g3507_ticlang.o</name>
      </input_file>
      <input_file id="fl-17">
         <path>F:\Dropbox\EE345M Class\EE445M\Lab6Update\ESP8266\Debug\</path>
         <kind>object</kind>
         <file>&lt;internal&gt;</file>
         <name>&lt;internal&gt;</name>
      </input_file>
      <input_file id="fl-2e">
         <path>C:\ti\ccs2020\ccs\tools\compiler\ti-cgt-armllvm_4.0.4.LTS\lib\armv6m-ti-none-eabi\c\</path>
         <kind>archive</kind>
         <file>libc.a</file>
         <name>sprintf.c.obj</name>
      </input_file>
      <input_file id="fl-2f">
         <path>C:\ti\ccs2020\ccs\tools\compiler\ti-cgt-armllvm_4.0.4.LTS\lib\armv6m-ti-none-eabi\c\</path>
         <kind>archive</kind>
         <file>libc.a</file>
         <name>fopen.c.obj</name>
      </input_file>
      <input_file id="fl-30">
         <path>C:\ti\ccs2020\ccs\tools\compiler\ti-cgt-armllvm_4.0.4.LTS\lib\armv6m-ti-none-eabi\c\</path>
         <kind>archive</kind>
         <file>libc.a</file>
         <name>setvbuf.c.obj</name>
      </input_file>
      <input_file id="fl-31">
         <path>C:\ti\ccs2020\ccs\tools\compiler\ti-cgt-armllvm_4.0.4.LTS\lib\armv6m-ti-none-eabi\c\</path>
         <kind>archive</kind>
         <file>libc.a</file>
         <name>aeabi_portable.c.obj</name>
      </input_file>
      <input_file id="fl-32">
         <path>C:\ti\ccs2020\ccs\tools\compiler\ti-cgt-armllvm_4.0.4.LTS\lib\armv6m-ti-none-eabi\c\</path>
         <kind>archive</kind>
         <file>libc.a</file>
         <name>exit.c.obj</name>
      </input_file>
      <input_file id="fl-33">
         <path>C:\ti\ccs2020\ccs\tools\compiler\ti-cgt-armllvm_4.0.4.LTS\lib\armv6m-ti-none-eabi\c\</path>
         <kind>archive</kind>
         <file>libc.a</file>
         <name>_lock.c.obj</name>
      </input_file>
      <input_file id="fl-34">
         <path>C:\ti\ccs2020\ccs\tools\compiler\ti-cgt-armllvm_4.0.4.LTS\lib\armv6m-ti-none-eabi\c\</path>
         <kind>archive</kind>
         <file>libc.a</file>
         <name>assert.c.obj</name>
      </input_file>
      <input_file id="fl-35">
         <path>C:\ti\ccs2020\ccs\tools\compiler\ti-cgt-armllvm_4.0.4.LTS\lib\armv6m-ti-none-eabi\c\</path>
         <kind>archive</kind>
         <file>libc.a</file>
         <name>atol.c.obj</name>
      </input_file>
      <input_file id="fl-36">
         <path>C:\ti\ccs2020\ccs\tools\compiler\ti-cgt-armllvm_4.0.4.LTS\lib\armv6m-ti-none-eabi\c\</path>
         <kind>archive</kind>
         <file>libc.a</file>
         <name>defs.c.obj</name>
      </input_file>
      <input_file id="fl-37">
         <path>C:\ti\ccs2020\ccs\tools\compiler\ti-cgt-armllvm_4.0.4.LTS\lib\armv6m-ti-none-eabi\c\</path>
         <kind>archive</kind>
         <file>libc.a</file>
         <name>memory.c.obj</name>
      </input_file>
      <input_file id="fl-38">
         <path>C:\ti\ccs2020\ccs\tools\compiler\ti-cgt-armllvm_4.0.4.LTS\lib\armv6m-ti-none-eabi\c\</path>
         <kind>archive</kind>
         <file>libc.a</file>
         <name>strchr.c.obj</name>
      </input_file>
      <input_file id="fl-39">
         <path>C:\ti\ccs2020\ccs\tools\compiler\ti-cgt-armllvm_4.0.4.LTS\lib\armv6m-ti-none-eabi\c\</path>
         <kind>archive</kind>
         <file>libc.a</file>
         <name>strlen.c.obj</name>
      </input_file>
      <input_file id="fl-3a">
         <path>C:\ti\ccs2020\ccs\tools\compiler\ti-cgt-armllvm_4.0.4.LTS\lib\armv6m-ti-none-eabi\c\</path>
         <kind>archive</kind>
         <file>libc.a</file>
         <name>strncmp.c.obj</name>
      </input_file>
      <input_file id="fl-3b">
         <path>C:\ti\ccs2020\ccs\tools\compiler\ti-cgt-armllvm_4.0.4.LTS\lib\armv6m-ti-none-eabi\c\</path>
         <kind>archive</kind>
         <file>libc.a</file>
         <name>strstr.c.obj</name>
      </input_file>
      <input_file id="fl-3c">
         <path>C:\ti\ccs2020\ccs\tools\compiler\ti-cgt-armllvm_4.0.4.LTS\lib\armv6m-ti-none-eabi\c\</path>
         <kind>archive</kind>
         <file>libc.a</file>
         <name>boot_cortex_m.c.obj</name>
      </input_file>
      <input_file id="fl-3d">
         <path>C:\ti\ccs2020\ccs\tools\compiler\ti-cgt-armllvm_4.0.4.LTS\lib\armv6m-ti-none-eabi\c\</path>
         <kind>archive</kind>
         <file>libc.a</file>
         <name>mathacl_init.c.obj</name>
      </input_file>
      <input_file id="fl-3e">
         <path>C:\ti\ccs2020\ccs\tools\compiler\ti-cgt-armllvm_4.0.4.LTS\lib\armv6m-ti-none-eabi\c\</path>
         <kind>archive</kind>
         <file>libc.a</file>
         <name>autoinit.c.obj</name>
      </input_file>
      <input_file id="fl-3f">
         <path>C:\ti\ccs2020\ccs\tools\compiler\ti-cgt-armllvm_4.0.4.LTS\lib\armv6m-ti-none-eabi\c\</path>
         <kind>archive</kind>
         <file>libc.a</file>
         <name>pre_init.c.obj</name>
      </input_file>
      <input_file id="fl-40">
         <path>C:\ti\ccs2020\ccs\tools\compiler\ti-cgt-armllvm_4.0.4.LTS\lib\armv6m-ti-none-eabi\c\</path>
         <kind>archive</kind>
         <file>libc.a</file>
         <name>cpy_tbl.c.obj</name>
      </input_file>
      <input_file id="fl-41">
         <path>C:\ti\ccs2020\ccs\tools\compiler\ti-cgt-armllvm_4.0.4.LTS\lib\armv6m-ti-none-eabi\c\</path>
         <kind>archive</kind>
         <file>libc.a</file>
         <name>copy_zero_init.c.obj</name>
      </input_file>
      <input_file id="fl-42">
         <path>C:\ti\ccs2020\ccs\tools\compiler\ti-cgt-armllvm_4.0.4.LTS\lib\armv6m-ti-none-eabi\c\</path>
         <kind>archive</kind>
         <file>libc.a</file>
         <name>copy_decompress_none.c.obj</name>
      </input_file>
      <input_file id="fl-43">
         <path>C:\ti\ccs2020\ccs\tools\compiler\ti-cgt-armllvm_4.0.4.LTS\lib\armv6m-ti-none-eabi\c\</path>
         <kind>archive</kind>
         <file>libc.a</file>
         <name>copy_decompress_lzss.c.obj</name>
      </input_file>
      <input_file id="fl-44">
         <path>C:\ti\ccs2020\ccs\tools\compiler\ti-cgt-armllvm_4.0.4.LTS\lib\armv6m-ti-none-eabi\c\</path>
         <kind>archive</kind>
         <file>libc.a</file>
         <name>_printfi.c.obj</name>
      </input_file>
      <input_file id="fl-45">
         <path>C:\ti\ccs2020\ccs\tools\compiler\ti-cgt-armllvm_4.0.4.LTS\lib\armv6m-ti-none-eabi\c\</path>
         <kind>archive</kind>
         <file>libc.a</file>
         <name>fclose.c.obj</name>
      </input_file>
      <input_file id="fl-46">
         <path>C:\ti\ccs2020\ccs\tools\compiler\ti-cgt-armllvm_4.0.4.LTS\lib\armv6m-ti-none-eabi\c\</path>
         <kind>archive</kind>
         <file>libc.a</file>
         <name>fflush.c.obj</name>
      </input_file>
      <input_file id="fl-47">
         <path>C:\ti\ccs2020\ccs\tools\compiler\ti-cgt-armllvm_4.0.4.LTS\lib\armv6m-ti-none-eabi\c\</path>
         <kind>archive</kind>
         <file>libc.a</file>
         <name>fputs.c.obj</name>
      </input_file>
      <input_file id="fl-48">
         <path>C:\ti\ccs2020\ccs\tools\compiler\ti-cgt-armllvm_4.0.4.LTS\lib\armv6m-ti-none-eabi\c\</path>
         <kind>archive</kind>
         <file>libc.a</file>
         <name>_io_perm.c.obj</name>
      </input_file>
      <input_file id="fl-49">
         <path>C:\ti\ccs2020\ccs\tools\compiler\ti-cgt-armllvm_4.0.4.LTS\lib\armv6m-ti-none-eabi\c\</path>
         <kind>archive</kind>
         <file>libc.a</file>
         <name>aeabi_ctype.S.obj</name>
      </input_file>
      <input_file id="fl-4a">
         <path>C:\ti\ccs2020\ccs\tools\compiler\ti-cgt-armllvm_4.0.4.LTS\lib\armv6m-ti-none-eabi\c\</path>
         <kind>archive</kind>
         <file>libc.a</file>
         <name>_ltoa.c.obj</name>
      </input_file>
      <input_file id="fl-4b">
         <path>C:\ti\ccs2020\ccs\tools\compiler\ti-cgt-armllvm_4.0.4.LTS\lib\armv6m-ti-none-eabi\c\</path>
         <kind>archive</kind>
         <file>libc.a</file>
         <name>args_main.c.obj</name>
      </input_file>
      <input_file id="fl-4c">
         <path>C:\ti\ccs2020\ccs\tools\compiler\ti-cgt-armllvm_4.0.4.LTS\lib\armv6m-ti-none-eabi\c\</path>
         <kind>archive</kind>
         <file>libc.a</file>
         <name>atoi.c.obj</name>
      </input_file>
      <input_file id="fl-4d">
         <path>C:\ti\ccs2020\ccs\tools\compiler\ti-cgt-armllvm_4.0.4.LTS\lib\armv6m-ti-none-eabi\c\</path>
         <kind>archive</kind>
         <file>libc.a</file>
         <name>memccpy.c.obj</name>
      </input_file>
      <input_file id="fl-4e">
         <path>C:\ti\ccs2020\ccs\tools\compiler\ti-cgt-armllvm_4.0.4.LTS\lib\armv6m-ti-none-eabi\c\</path>
         <kind>archive</kind>
         <file>libc.a</file>
         <name>s_frexp.c.obj</name>
      </input_file>
      <input_file id="fl-4f">
         <path>C:\ti\ccs2020\ccs\tools\compiler\ti-cgt-armllvm_4.0.4.LTS\lib\armv6m-ti-none-eabi\c\</path>
         <kind>archive</kind>
         <file>libc.a</file>
         <name>s_scalbn.c.obj</name>
      </input_file>
      <input_file id="fl-50">
         <path>C:\ti\ccs2020\ccs\tools\compiler\ti-cgt-armllvm_4.0.4.LTS\lib\armv6m-ti-none-eabi\c\</path>
         <kind>archive</kind>
         <file>libc.a</file>
         <name>wcslen.c.obj</name>
      </input_file>
      <input_file id="fl-51">
         <path>C:\ti\ccs2020\ccs\tools\compiler\ti-cgt-armllvm_4.0.4.LTS\lib\armv6m-ti-none-eabi\c\</path>
         <kind>archive</kind>
         <file>libc.a</file>
         <name>fseek.c.obj</name>
      </input_file>
      <input_file id="fl-f1">
         <path>C:\ti\ccs2020\ccs\tools\compiler\ti-cgt-armllvm_4.0.4.LTS\lib\armv6m-ti-none-eabi\c\</path>
         <kind>archive</kind>
         <file>libsysbm.a</file>
         <name>hostexit.c.obj</name>
      </input_file>
      <input_file id="fl-f2">
         <path>C:\ti\ccs2020\ccs\tools\compiler\ti-cgt-armllvm_4.0.4.LTS\lib\armv6m-ti-none-eabi\c\</path>
         <kind>archive</kind>
         <file>libsysbm.a</file>
         <name>write.c.obj</name>
      </input_file>
      <input_file id="fl-f3">
         <path>C:\ti\ccs2020\ccs\tools\compiler\ti-cgt-armllvm_4.0.4.LTS\lib\armv6m-ti-none-eabi\c\</path>
         <kind>archive</kind>
         <file>libsysbm.a</file>
         <name>host_device.c.obj</name>
      </input_file>
      <input_file id="fl-f4">
         <path>C:\ti\ccs2020\ccs\tools\compiler\ti-cgt-armllvm_4.0.4.LTS\lib\armv6m-ti-none-eabi\c\</path>
         <kind>archive</kind>
         <file>libsysbm.a</file>
         <name>remove.c.obj</name>
      </input_file>
      <input_file id="fl-f5">
         <path>C:\ti\ccs2020\ccs\tools\compiler\ti-cgt-armllvm_4.0.4.LTS\lib\armv6m-ti-none-eabi\c\</path>
         <kind>archive</kind>
         <file>libsysbm.a</file>
         <name>open.c.obj</name>
      </input_file>
      <input_file id="fl-f6">
         <path>C:\ti\ccs2020\ccs\tools\compiler\ti-cgt-armllvm_4.0.4.LTS\lib\armv6m-ti-none-eabi\c\</path>
         <kind>archive</kind>
         <file>libsysbm.a</file>
         <name>lseek.c.obj</name>
      </input_file>
      <input_file id="fl-f7">
         <path>C:\ti\ccs2020\ccs\tools\compiler\ti-cgt-armllvm_4.0.4.LTS\lib\armv6m-ti-none-eabi\c\</path>
         <kind>archive</kind>
         <file>libsysbm.a</file>
         <name>close.c.obj</name>
      </input_file>
      <input_file id="fl-f8">
         <path>C:\ti\ccs2020\ccs\tools\compiler\ti-cgt-armllvm_4.0.4.LTS\lib\armv6m-ti-none-eabi\c\</path>
         <kind>archive</kind>
         <file>libsysbm.a</file>
         <name>add_device.c.obj</name>
      </input_file>
      <input_file id="fl-f9">
         <path>C:\ti\ccs2020\ccs\tools\compiler\ti-cgt-armllvm_4.0.4.LTS\lib\armv6m-ti-none-eabi\c\</path>
         <kind>archive</kind>
         <file>libsysbm.a</file>
         <name>unlink.c.obj</name>
      </input_file>
      <input_file id="fl-fa">
         <path>C:\ti\ccs2020\ccs\tools\compiler\ti-cgt-armllvm_4.0.4.LTS\lib\armv6m-ti-none-eabi\c\</path>
         <kind>archive</kind>
         <file>libsysbm.a</file>
         <name>hostclose.c.obj</name>
      </input_file>
      <input_file id="fl-fb">
         <path>C:\ti\ccs2020\ccs\tools\compiler\ti-cgt-armllvm_4.0.4.LTS\lib\armv6m-ti-none-eabi\c\</path>
         <kind>archive</kind>
         <file>libsysbm.a</file>
         <name>hostlseek.c.obj</name>
      </input_file>
      <input_file id="fl-fc">
         <path>C:\ti\ccs2020\ccs\tools\compiler\ti-cgt-armllvm_4.0.4.LTS\lib\armv6m-ti-none-eabi\c\</path>
         <kind>archive</kind>
         <file>libsysbm.a</file>
         <name>hostopen.c.obj</name>
      </input_file>
      <input_file id="fl-fd">
         <path>C:\ti\ccs2020\ccs\tools\compiler\ti-cgt-armllvm_4.0.4.LTS\lib\armv6m-ti-none-eabi\c\</path>
         <kind>archive</kind>
         <file>libsysbm.a</file>
         <name>hostread.c.obj</name>
      </input_file>
      <input_file id="fl-fe">
         <path>C:\ti\ccs2020\ccs\tools\compiler\ti-cgt-armllvm_4.0.4.LTS\lib\armv6m-ti-none-eabi\c\</path>
         <kind>archive</kind>
         <file>libsysbm.a</file>
         <name>hostrename.c.obj</name>
      </input_file>
      <input_file id="fl-ff">
         <path>C:\ti\ccs2020\ccs\tools\compiler\ti-cgt-armllvm_4.0.4.LTS\lib\armv6m-ti-none-eabi\c\</path>
         <kind>archive</kind>
         <file>libsysbm.a</file>
         <name>hostunlink.c.obj</name>
      </input_file>
      <input_file id="fl-100">
         <path>C:\ti\ccs2020\ccs\tools\compiler\ti-cgt-armllvm_4.0.4.LTS\lib\armv6m-ti-none-eabi\c\</path>
         <kind>archive</kind>
         <file>libsysbm.a</file>
         <name>hostwrite.c.obj</name>
      </input_file>
      <input_file id="fl-101">
         <path>C:\ti\ccs2020\ccs\tools\compiler\ti-cgt-armllvm_4.0.4.LTS\lib\armv6m-ti-none-eabi\c\</path>
         <kind>archive</kind>
         <file>libsysbm.a</file>
         <name>trgmsg.c.obj</name>
      </input_file>
      <input_file id="fl-102">
         <path>C:\ti\ccs2020\ccs\tools\compiler\ti-cgt-armllvm_4.0.4.LTS\lib\armv6m-ti-none-eabi\</path>
         <kind>archive</kind>
         <file>libclang_rt.builtins.a</file>
         <name>adddf3.S.obj</name>
      </input_file>
      <input_file id="fl-103">
         <path>C:\ti\ccs2020\ccs\tools\compiler\ti-cgt-armllvm_4.0.4.LTS\lib\armv6m-ti-none-eabi\</path>
         <kind>archive</kind>
         <file>libclang_rt.builtins.a</file>
         <name>muldf3.S.obj</name>
      </input_file>
      <input_file id="fl-104">
         <path>C:\ti\ccs2020\ccs\tools\compiler\ti-cgt-armllvm_4.0.4.LTS\lib\armv6m-ti-none-eabi\</path>
         <kind>archive</kind>
         <file>libclang_rt.builtins.a</file>
         <name>muldsi3.S.obj</name>
      </input_file>
      <input_file id="fl-105">
         <path>C:\ti\ccs2020\ccs\tools\compiler\ti-cgt-armllvm_4.0.4.LTS\lib\armv6m-ti-none-eabi\</path>
         <kind>archive</kind>
         <file>libclang_rt.builtins.a</file>
         <name>divdf3.S.obj</name>
      </input_file>
      <input_file id="fl-106">
         <path>C:\ti\ccs2020\ccs\tools\compiler\ti-cgt-armllvm_4.0.4.LTS\lib\armv6m-ti-none-eabi\</path>
         <kind>archive</kind>
         <file>libclang_rt.builtins.a</file>
         <name>fixdfsi.S.obj</name>
      </input_file>
      <input_file id="fl-107">
         <path>C:\ti\ccs2020\ccs\tools\compiler\ti-cgt-armllvm_4.0.4.LTS\lib\armv6m-ti-none-eabi\</path>
         <kind>archive</kind>
         <file>libclang_rt.builtins.a</file>
         <name>floatsidf.S.obj</name>
      </input_file>
      <input_file id="fl-108">
         <path>C:\ti\ccs2020\ccs\tools\compiler\ti-cgt-armllvm_4.0.4.LTS\lib\armv6m-ti-none-eabi\</path>
         <kind>archive</kind>
         <file>libclang_rt.builtins.a</file>
         <name>muldi3.S.obj</name>
      </input_file>
      <input_file id="fl-109">
         <path>C:\ti\ccs2020\ccs\tools\compiler\ti-cgt-armllvm_4.0.4.LTS\lib\armv6m-ti-none-eabi\</path>
         <kind>archive</kind>
         <file>libclang_rt.builtins.a</file>
         <name>aeabi_dcmp.S.obj</name>
      </input_file>
      <input_file id="fl-10a">
         <path>C:\ti\ccs2020\ccs\tools\compiler\ti-cgt-armllvm_4.0.4.LTS\lib\armv6m-ti-none-eabi\</path>
         <kind>archive</kind>
         <file>libclang_rt.builtins.a</file>
         <name>aeabi_idivmod.S.obj</name>
      </input_file>
      <input_file id="fl-10b">
         <path>C:\ti\ccs2020\ccs\tools\compiler\ti-cgt-armllvm_4.0.4.LTS\lib\armv6m-ti-none-eabi\</path>
         <kind>archive</kind>
         <file>libclang_rt.builtins.a</file>
         <name>aeabi_memcpy.S.obj</name>
      </input_file>
      <input_file id="fl-10c">
         <path>C:\ti\ccs2020\ccs\tools\compiler\ti-cgt-armllvm_4.0.4.LTS\lib\armv6m-ti-none-eabi\</path>
         <kind>archive</kind>
         <file>libclang_rt.builtins.a</file>
         <name>aeabi_memset.S.obj</name>
      </input_file>
      <input_file id="fl-10d">
         <path>C:\ti\ccs2020\ccs\tools\compiler\ti-cgt-armllvm_4.0.4.LTS\lib\armv6m-ti-none-eabi\</path>
         <kind>archive</kind>
         <file>libclang_rt.builtins.a</file>
         <name>aeabi_uidivmod.S.obj</name>
      </input_file>
      <input_file id="fl-10e">
         <path>C:\ti\ccs2020\ccs\tools\compiler\ti-cgt-armllvm_4.0.4.LTS\lib\armv6m-ti-none-eabi\</path>
         <kind>archive</kind>
         <file>libclang_rt.builtins.a</file>
         <name>aeabi_uldivmod.S.obj</name>
      </input_file>
      <input_file id="fl-10f">
         <path>C:\ti\ccs2020\ccs\tools\compiler\ti-cgt-armllvm_4.0.4.LTS\lib\armv6m-ti-none-eabi\</path>
         <kind>archive</kind>
         <file>libclang_rt.builtins.a</file>
         <name>udivmoddi4.S.obj</name>
      </input_file>
      <input_file id="fl-110">
         <path>C:\ti\ccs2020\ccs\tools\compiler\ti-cgt-armllvm_4.0.4.LTS\lib\armv6m-ti-none-eabi\</path>
         <kind>archive</kind>
         <file>libclang_rt.builtins.a</file>
         <name>ashldi3.S.obj</name>
      </input_file>
      <input_file id="fl-111">
         <path>C:\ti\ccs2020\ccs\tools\compiler\ti-cgt-armllvm_4.0.4.LTS\lib\armv6m-ti-none-eabi\</path>
         <kind>archive</kind>
         <file>libclang_rt.builtins.a</file>
         <name>comparedf2.c.obj</name>
      </input_file>
      <input_file id="fl-112">
         <path>C:\ti\ccs2020\ccs\tools\compiler\ti-cgt-armllvm_4.0.4.LTS\lib\armv6m-ti-none-eabi\</path>
         <kind>archive</kind>
         <file>libclang_rt.builtins.a</file>
         <name>aeabi_div0.c.obj</name>
      </input_file>
      <input_file id="fl-113">
         <path>C:\ti\ccs2020\ccs\tools\compiler\ti-cgt-armllvm_4.0.4.LTS\lib\armv6m-ti-none-eabi\c\</path>
         <kind>archive</kind>
         <file>libc.a</file>
         <name>getdevice.c.obj</name>
      </input_file>
      <input_file id="fl-114">
         <path>C:\ti\ccs2020\ccs\tools\compiler\ti-cgt-armllvm_4.0.4.LTS\lib\armv6m-ti-none-eabi\c\</path>
         <kind>archive</kind>
         <file>libc.a</file>
         <name>memcpy16.S.obj</name>
      </input_file>
      <input_file id="fl-115">
         <path>C:\ti\ccs2020\ccs\tools\compiler\ti-cgt-armllvm_4.0.4.LTS\lib\armv6m-ti-none-eabi\c\</path>
         <kind>archive</kind>
         <file>libc.a</file>
         <name>memset16.S.obj</name>
      </input_file>
      <input_file id="fl-116">
         <path>C:\ti\ccs2020\ccs\tools\compiler\ti-cgt-armllvm_4.0.4.LTS\lib\armv6m-ti-none-eabi\c\</path>
         <kind>archive</kind>
         <file>libc.a</file>
         <name>strcmp-armv6m.S.obj</name>
      </input_file>
   </input_file_list>
   <object_component_list>
      <object_component id="oc-18">
         <name>.intvecs</name>
         <load_address>0x0</load_address>
         <readonly>true</readonly>
         <run_address>0x0</run_address>
         <size>0xc0</size>
         <alignment>0x4</alignment>
         <input_file_ref idref="fl-b"/>
      </object_component>
      <object_component id="oc-83">
         <name>.text.main</name>
         <load_address>0xc0</load_address>
         <readonly>true</readonly>
         <executable>true</executable>
         <run_address>0xc0</run_address>
         <size>0x2d0</size>
         <alignment>0x4</alignment>
         <input_file_ref idref="fl-3"/>
      </object_component>
      <object_component id="oc-1b2">
         <name>.text:__TI_printfi_minimal</name>
         <load_address>0x390</load_address>
         <readonly>true</readonly>
         <executable>true</executable>
         <run_address>0x390</run_address>
         <size>0x284</size>
         <alignment>0x4</alignment>
         <input_file_ref idref="fl-44"/>
      </object_component>
      <object_component id="oc-94">
         <name>.text.ReceiveDataFilter</name>
         <load_address>0x614</load_address>
         <readonly>true</readonly>
         <executable>true</executable>
         <run_address>0x614</run_address>
         <size>0x1c4</size>
         <alignment>0x4</alignment>
         <input_file_ref idref="fl-a"/>
      </object_component>
      <object_component id="oc-b0">
         <name>.text.Clock_Init80MHz</name>
         <load_address>0x7d8</load_address>
         <readonly>true</readonly>
         <executable>true</executable>
         <run_address>0x7d8</run_address>
         <size>0x1b4</size>
         <alignment>0x4</alignment>
         <input_file_ref idref="fl-1"/>
      </object_component>
      <object_component id="oc-187">
         <name>.text.SSD1306_DrawPixel</name>
         <load_address>0x98c</load_address>
         <readonly>true</readonly>
         <executable>true</executable>
         <run_address>0x98c</run_address>
         <size>0x160</size>
         <alignment>0x4</alignment>
         <input_file_ref idref="fl-7"/>
      </object_component>
      <object_component id="oc-144">
         <name>.text.ESP8266_InitUART</name>
         <load_address>0xaec</load_address>
         <readonly>true</readonly>
         <executable>true</executable>
         <run_address>0xaec</run_address>
         <size>0x134</size>
         <alignment>0x4</alignment>
         <input_file_ref idref="fl-a"/>
      </object_component>
      <object_component id="oc-ba">
         <name>.text.UART_Init</name>
         <load_address>0xc20</load_address>
         <readonly>true</readonly>
         <executable>true</executable>
         <run_address>0xc20</run_address>
         <size>0x130</size>
         <alignment>0x4</alignment>
         <input_file_ref idref="fl-9"/>
      </object_component>
      <object_component id="oc-68">
         <name>.text.ESP8266RxToBuffer</name>
         <load_address>0xd50</load_address>
         <readonly>true</readonly>
         <executable>true</executable>
         <run_address>0xd50</run_address>
         <size>0x11c</size>
         <alignment>0x4</alignment>
         <input_file_ref idref="fl-a"/>
      </object_component>
      <object_component id="oc-141">
         <name>.text.I2C_SendData</name>
         <load_address>0xe6c</load_address>
         <readonly>true</readonly>
         <executable>true</executable>
         <run_address>0xe6c</run_address>
         <size>0x11c</size>
         <alignment>0x4</alignment>
         <input_file_ref idref="fl-5"/>
      </object_component>
      <object_component id="oc-ca">
         <name>.text.ESP8266_Init</name>
         <load_address>0xf88</load_address>
         <readonly>true</readonly>
         <executable>true</executable>
         <run_address>0xf88</run_address>
         <size>0x118</size>
         <alignment>0x4</alignment>
         <input_file_ref idref="fl-a"/>
      </object_component>
      <object_component id="oc-148">
         <name>.text.ESP8266_WaitForResponse</name>
         <load_address>0x10a0</load_address>
         <readonly>true</readonly>
         <executable>true</executable>
         <run_address>0x10a0</run_address>
         <size>0x102</size>
         <alignment>0x2</alignment>
         <input_file_ref idref="fl-a"/>
      </object_component>
      <object_component id="oc-167">
         <name>.text.__aeabi_idiv0</name>
         <load_address>0x11a2</load_address>
         <readonly>true</readonly>
         <executable>true</executable>
         <run_address>0x11a2</run_address>
         <size>0x2</size>
         <alignment>0x2</alignment>
         <input_file_ref idref="fl-112"/>
      </object_component>
      <object_component id="oc-ce">
         <name>.text.SSD1306_DrawUDec</name>
         <load_address>0x11a4</load_address>
         <readonly>true</readonly>
         <executable>true</executable>
         <run_address>0x11a4</run_address>
         <size>0xdc</size>
         <alignment>0x4</alignment>
         <input_file_ref idref="fl-7"/>
      </object_component>
      <object_component id="oc-c1">
         <name>.text.SSD1306_Init</name>
         <load_address>0x1280</load_address>
         <readonly>true</readonly>
         <executable>true</executable>
         <run_address>0x1280</run_address>
         <size>0xcc</size>
         <alignment>0x4</alignment>
         <input_file_ref idref="fl-7"/>
      </object_component>
      <object_component id="oc-185">
         <name>.text.I2C_Send</name>
         <load_address>0x134c</load_address>
         <readonly>true</readonly>
         <executable>true</executable>
         <run_address>0x134c</run_address>
         <size>0xb0</size>
         <alignment>0x4</alignment>
         <input_file_ref idref="fl-5"/>
      </object_component>
      <object_component id="oc-cf">
         <name>.text.ESP8266_MakeTCPConnection</name>
         <load_address>0x13fc</load_address>
         <readonly>true</readonly>
         <executable>true</executable>
         <run_address>0x13fc</run_address>
         <size>0xac</size>
         <alignment>0x4</alignment>
         <input_file_ref idref="fl-a"/>
      </object_component>
      <object_component id="oc-140">
         <name>.text.SSD1306_DrawChar</name>
         <load_address>0x14a8</load_address>
         <readonly>true</readonly>
         <executable>true</executable>
         <run_address>0x14a8</run_address>
         <size>0xac</size>
         <alignment>0x4</alignment>
         <input_file_ref idref="fl-7"/>
      </object_component>
      <object_component id="oc-186">
         <name>.text.I2C_Send2</name>
         <load_address>0x1554</load_address>
         <readonly>true</readonly>
         <executable>true</executable>
         <run_address>0x1554</run_address>
         <size>0xa8</size>
         <alignment>0x4</alignment>
         <input_file_ref idref="fl-5"/>
      </object_component>
      <object_component id="oc-d1">
         <name>.text.ESP8266_Send</name>
         <load_address>0x15fc</load_address>
         <readonly>true</readonly>
         <executable>true</executable>
         <run_address>0x15fc</run_address>
         <size>0x90</size>
         <alignment>0x4</alignment>
         <input_file_ref idref="fl-a"/>
      </object_component>
      <object_component id="oc-c6">
         <name>.text.SSD1306_SetCursor</name>
         <load_address>0x168c</load_address>
         <readonly>true</readonly>
         <executable>true</executable>
         <run_address>0x168c</run_address>
         <size>0x80</size>
         <alignment>0x4</alignment>
         <input_file_ref idref="fl-7"/>
      </object_component>
      <object_component id="oc-cc">
         <name>.text.ESP8266_Connect</name>
         <load_address>0x170c</load_address>
         <readonly>true</readonly>
         <executable>true</executable>
         <run_address>0x170c</run_address>
         <size>0x7c</size>
         <alignment>0x4</alignment>
         <input_file_ref idref="fl-a"/>
      </object_component>
      <object_component id="oc-b5">
         <name>.text.LaunchPad_Init</name>
         <load_address>0x1788</load_address>
         <readonly>true</readonly>
         <executable>true</executable>
         <run_address>0x1788</run_address>
         <size>0x7c</size>
         <alignment>0x4</alignment>
         <input_file_ref idref="fl-6"/>
      </object_component>
      <object_component id="oc-1c">
         <name>.text:decompress:lzss</name>
         <load_address>0x1804</load_address>
         <readonly>true</readonly>
         <executable>true</executable>
         <run_address>0x1804</run_address>
         <size>0x7c</size>
         <alignment>0x4</alignment>
         <input_file_ref idref="fl-43"/>
      </object_component>
      <object_component id="oc-12b">
         <name>.text.I2C_Init</name>
         <load_address>0x1880</load_address>
         <readonly>true</readonly>
         <executable>true</executable>
         <run_address>0x1880</run_address>
         <size>0x78</size>
         <alignment>0x4</alignment>
         <input_file_ref idref="fl-5"/>
      </object_component>
      <object_component id="oc-bb">
         <name>.text.TimerG8_Init</name>
         <load_address>0x18f8</load_address>
         <readonly>true</readonly>
         <executable>true</executable>
         <run_address>0x18f8</run_address>
         <size>0x78</size>
         <alignment>0x4</alignment>
         <input_file_ref idref="fl-1"/>
      </object_component>
      <object_component id="oc-14f">
         <name>.text.ESP8266_JoinAccessPoint</name>
         <load_address>0x1970</load_address>
         <readonly>true</readonly>
         <executable>true</executable>
         <run_address>0x1970</run_address>
         <size>0x70</size>
         <alignment>0x4</alignment>
         <input_file_ref idref="fl-a"/>
      </object_component>
      <object_component id="oc-69">
         <name>.text.ESP8266BufferToTx</name>
         <load_address>0x19e0</load_address>
         <readonly>true</readonly>
         <executable>true</executable>
         <run_address>0x19e0</run_address>
         <size>0x64</size>
         <alignment>0x4</alignment>
         <input_file_ref idref="fl-a"/>
      </object_component>
      <object_component id="oc-14d">
         <name>.text.ESP8266_SetWifiMode</name>
         <load_address>0x1a44</load_address>
         <readonly>true</readonly>
         <executable>true</executable>
         <run_address>0x1a44</run_address>
         <size>0x5c</size>
         <alignment>0x4</alignment>
         <input_file_ref idref="fl-a"/>
      </object_component>
      <object_component id="oc-3c">
         <name>.text.UART0_IRQHandler</name>
         <load_address>0x1aa0</load_address>
         <readonly>true</readonly>
         <executable>true</executable>
         <run_address>0x1aa0</run_address>
         <size>0x5c</size>
         <alignment>0x4</alignment>
         <input_file_ref idref="fl-9"/>
      </object_component>
      <object_component id="oc-37">
         <name>.text.UART2_IRQHandler</name>
         <load_address>0x1afc</load_address>
         <readonly>true</readonly>
         <executable>true</executable>
         <run_address>0x1afc</run_address>
         <size>0x5c</size>
         <alignment>0x4</alignment>
         <input_file_ref idref="fl-a"/>
      </object_component>
      <object_component id="oc-189">
         <name>.text.IC2FillTxFifo</name>
         <load_address>0x1b58</load_address>
         <readonly>true</readonly>
         <executable>true</executable>
         <run_address>0x1b58</run_address>
         <size>0x58</size>
         <alignment>0x4</alignment>
         <input_file_ref idref="fl-5"/>
      </object_component>
      <object_component id="oc-6d">
         <name>.text.copyHardwareToSoftware</name>
         <load_address>0x1bb0</load_address>
         <readonly>true</readonly>
         <executable>true</executable>
         <run_address>0x1bb0</run_address>
         <size>0x58</size>
         <alignment>0x4</alignment>
         <input_file_ref idref="fl-9"/>
      </object_component>
      <object_component id="oc-108">
         <name>.text.ESP8266Rx0Fifo_Put</name>
         <load_address>0x1c08</load_address>
         <readonly>true</readonly>
         <executable>true</executable>
         <run_address>0x1c08</run_address>
         <size>0x50</size>
         <alignment>0x4</alignment>
         <input_file_ref idref="fl-a"/>
      </object_component>
      <object_component id="oc-95">
         <name>.text.ESP8266RxFifo_Put</name>
         <load_address>0x1c58</load_address>
         <readonly>true</readonly>
         <executable>true</executable>
         <run_address>0x1c58</run_address>
         <size>0x50</size>
         <alignment>0x4</alignment>
         <input_file_ref idref="fl-a"/>
      </object_component>
      <object_component id="oc-1b0">
         <name>.text.ESP8266TxFifo_Put</name>
         <load_address>0x1ca8</load_address>
         <readonly>true</readonly>
         <executable>true</executable>
         <run_address>0x1ca8</run_address>
         <size>0x50</size>
         <alignment>0x4</alignment>
         <input_file_ref idref="fl-a"/>
      </object_component>
      <object_component id="oc-1b1">
         <name>.text.ESP8266RxFifo_Get</name>
         <load_address>0x1cf8</load_address>
         <readonly>true</readonly>
         <executable>true</executable>
         <run_address>0x1cf8</run_address>
         <size>0x4c</size>
         <alignment>0x4</alignment>
         <input_file_ref idref="fl-a"/>
      </object_component>
      <object_component id="oc-9b">
         <name>.text.ESP8266TxFifo_Get</name>
         <load_address>0x1d44</load_address>
         <readonly>true</readonly>
         <executable>true</executable>
         <run_address>0x1d44</run_address>
         <size>0x4c</size>
         <alignment>0x4</alignment>
         <input_file_ref idref="fl-a"/>
      </object_component>
      <object_component id="oc-150">
         <name>.text.ESP8266_GetIPAddress</name>
         <load_address>0x1d90</load_address>
         <readonly>true</readonly>
         <executable>true</executable>
         <run_address>0x1d90</run_address>
         <size>0x4c</size>
         <alignment>0x4</alignment>
         <input_file_ref idref="fl-a"/>
      </object_component>
      <object_component id="oc-14e">
         <name>.text.ESP8266_ListAccessPoints</name>
         <load_address>0x1ddc</load_address>
         <readonly>true</readonly>
         <executable>true</executable>
         <run_address>0x1ddc</run_address>
         <size>0x4c</size>
         <alignment>0x4</alignment>
         <input_file_ref idref="fl-a"/>
      </object_component>
      <object_component id="oc-d0">
         <name>.text.ESP8266_StartReceiveSearch</name>
         <load_address>0x1e28</load_address>
         <readonly>true</readonly>
         <executable>true</executable>
         <run_address>0x1e28</run_address>
         <size>0x4c</size>
         <alignment>0x4</alignment>
         <input_file_ref idref="fl-a"/>
      </object_component>
      <object_component id="oc-a0">
         <name>.text.RxFifo_Put</name>
         <load_address>0x1e74</load_address>
         <readonly>true</readonly>
         <executable>true</executable>
         <run_address>0x1e74</run_address>
         <size>0x4c</size>
         <alignment>0x4</alignment>
         <input_file_ref idref="fl-4"/>
      </object_component>
      <object_component id="oc-a1">
         <name>.text.TxFifo_Get</name>
         <load_address>0x1ec0</load_address>
         <readonly>true</readonly>
         <executable>true</executable>
         <run_address>0x1ec0</run_address>
         <size>0x4c</size>
         <alignment>0x4</alignment>
         <input_file_ref idref="fl-4"/>
      </object_component>
      <object_component id="oc-17d">
         <name>.text.TxFifo_Put</name>
         <load_address>0x1f0c</load_address>
         <readonly>true</readonly>
         <executable>true</executable>
         <run_address>0x1f0c</run_address>
         <size>0x4c</size>
         <alignment>0x4</alignment>
         <input_file_ref idref="fl-4"/>
      </object_component>
      <object_component id="oc-6e">
         <name>.text.copySoftwareToHardware</name>
         <load_address>0x1f58</load_address>
         <readonly>true</readonly>
         <executable>true</executable>
         <run_address>0x1f58</run_address>
         <size>0x4c</size>
         <alignment>0x4</alignment>
         <input_file_ref idref="fl-9"/>
      </object_component>
      <object_component id="oc-c8">
         <name>.text.SSD1306_DrawString</name>
         <load_address>0x1fa4</load_address>
         <readonly>true</readonly>
         <executable>true</executable>
         <run_address>0x1fa4</run_address>
         <size>0x4a</size>
         <alignment>0x2</alignment>
         <input_file_ref idref="fl-7"/>
      </object_component>
      <object_component id="oc-14c">
         <name>.text.ESP8266_GetMACAddress</name>
         <load_address>0x1ff0</load_address>
         <readonly>true</readonly>
         <executable>true</executable>
         <run_address>0x1ff0</run_address>
         <size>0x48</size>
         <alignment>0x4</alignment>
         <input_file_ref idref="fl-a"/>
      </object_component>
      <object_component id="oc-cd">
         <name>.text.ESP8266_GetStatus</name>
         <load_address>0x2038</load_address>
         <readonly>true</readonly>
         <executable>true</executable>
         <run_address>0x2038</run_address>
         <size>0x48</size>
         <alignment>0x4</alignment>
         <input_file_ref idref="fl-a"/>
      </object_component>
      <object_component id="oc-cb">
         <name>.text.ESP8266_GetVersionNumber</name>
         <load_address>0x2080</load_address>
         <readonly>true</readonly>
         <executable>true</executable>
         <run_address>0x2080</run_address>
         <size>0x48</size>
         <alignment>0x4</alignment>
         <input_file_ref idref="fl-a"/>
      </object_component>
      <object_component id="oc-14b">
         <name>.text.ESP8266_Reset</name>
         <load_address>0x20c8</load_address>
         <readonly>true</readonly>
         <executable>true</executable>
         <run_address>0x20c8</run_address>
         <size>0x48</size>
         <alignment>0x4</alignment>
         <input_file_ref idref="fl-a"/>
      </object_component>
      <object_component id="oc-18e">
         <name>.text.ESP8266_OutChar</name>
         <load_address>0x2110</load_address>
         <readonly>true</readonly>
         <executable>true</executable>
         <run_address>0x2110</run_address>
         <size>0x40</size>
         <alignment>0x4</alignment>
         <input_file_ref idref="fl-a"/>
      </object_component>
      <object_component id="oc-107">
         <name>.text.UART_OutChar</name>
         <load_address>0x2150</load_address>
         <readonly>true</readonly>
         <executable>true</executable>
         <run_address>0x2150</run_address>
         <size>0x40</size>
         <alignment>0x4</alignment>
         <input_file_ref idref="fl-9"/>
      </object_component>
      <object_component id="oc-d3">
         <name>.text.__aeabi_uidivmod</name>
         <load_address>0x2190</load_address>
         <readonly>true</readonly>
         <executable>true</executable>
         <run_address>0x2190</run_address>
         <size>0x40</size>
         <alignment>0x4</alignment>
         <input_file_ref idref="fl-10d"/>
      </object_component>
      <object_component id="oc-c7">
         <name>.text.SSD1306_ClearBuffer</name>
         <load_address>0x21d0</load_address>
         <readonly>true</readonly>
         <executable>true</executable>
         <run_address>0x21d0</run_address>
         <size>0x3c</size>
         <alignment>0x4</alignment>
         <input_file_ref idref="fl-7"/>
      </object_component>
      <object_component id="oc-f3">
         <name>.text:__TI_auto_init_nobinit_nopinit</name>
         <load_address>0x220c</load_address>
         <readonly>true</readonly>
         <executable>true</executable>
         <run_address>0x220c</run_address>
         <size>0x3c</size>
         <alignment>0x4</alignment>
         <input_file_ref idref="fl-3e"/>
      </object_component>
      <object_component id="oc-121">
         <name>.text.ActivatePortA_B</name>
         <load_address>0x2248</load_address>
         <readonly>true</readonly>
         <executable>true</executable>
         <run_address>0x2248</run_address>
         <size>0x38</size>
         <alignment>0x4</alignment>
         <input_file_ref idref="fl-6"/>
      </object_component>
      <object_component id="oc-154">
         <name>.text.sprintf</name>
         <load_address>0x2280</load_address>
         <readonly>true</readonly>
         <executable>true</executable>
         <run_address>0x2280</run_address>
         <size>0x38</size>
         <alignment>0x4</alignment>
         <input_file_ref idref="fl-2e"/>
      </object_component>
      <object_component id="oc-12a">
         <name>.text.Clock_Delay1ms</name>
         <load_address>0x22b8</load_address>
         <readonly>true</readonly>
         <executable>true</executable>
         <run_address>0x22b8</run_address>
         <size>0x34</size>
         <alignment>0x4</alignment>
         <input_file_ref idref="fl-1"/>
      </object_component>
      <object_component id="oc-145">
         <name>.text.ESP8266_EnableInterrupt</name>
         <load_address>0x22ec</load_address>
         <readonly>true</readonly>
         <executable>true</executable>
         <run_address>0x22ec</run_address>
         <size>0x2c</size>
         <alignment>0x4</alignment>
         <input_file_ref idref="fl-a"/>
      </object_component>
      <object_component id="oc-147">
         <name>.text.ESP8266_SendCommand</name>
         <load_address>0x2318</load_address>
         <readonly>true</readonly>
         <executable>true</executable>
         <run_address>0x2318</run_address>
         <size>0x2c</size>
         <alignment>0x2</alignment>
         <input_file_ref idref="fl-a"/>
      </object_component>
      <object_component id="oc-d2">
         <name>.text.ESP8266_GetReceiveBuffer</name>
         <load_address>0x2344</load_address>
         <readonly>true</readonly>
         <executable>true</executable>
         <run_address>0x2344</run_address>
         <size>0x28</size>
         <alignment>0x4</alignment>
         <input_file_ref idref="fl-a"/>
      </object_component>
      <object_component id="oc-c9">
         <name>.text.SSD1306_OutBuffer</name>
         <load_address>0x236c</load_address>
         <readonly>true</readonly>
         <executable>true</executable>
         <run_address>0x236c</run_address>
         <size>0x28</size>
         <alignment>0x4</alignment>
         <input_file_ref idref="fl-7"/>
      </object_component>
      <object_component id="oc-5c">
         <name>.text:_c_int00_noargs</name>
         <load_address>0x2394</load_address>
         <readonly>true</readonly>
         <executable>true</executable>
         <run_address>0x2394</run_address>
         <size>0x28</size>
         <alignment>0x4</alignment>
         <input_file_ref idref="fl-3c"/>
      </object_component>
      <object_component id="oc-bc">
         <name>.text.UART_OutString</name>
         <load_address>0x23bc</load_address>
         <readonly>true</readonly>
         <executable>true</executable>
         <run_address>0x23bc</run_address>
         <size>0x26</size>
         <alignment>0x2</alignment>
         <input_file_ref idref="fl-8"/>
      </object_component>
      <object_component id="oc-93">
         <name>.text.UART_OutCharNonBlock</name>
         <load_address>0x23e2</load_address>
         <readonly>true</readonly>
         <executable>true</executable>
         <run_address>0x23e2</run_address>
         <size>0x22</size>
         <alignment>0x2</alignment>
         <input_file_ref idref="fl-a"/>
      </object_component>
      <object_component id="oc-1bc">
         <name>.text.memccpy</name>
         <load_address>0x2404</load_address>
         <readonly>true</readonly>
         <executable>true</executable>
         <run_address>0x2404</run_address>
         <size>0x22</size>
         <alignment>0x2</alignment>
         <input_file_ref idref="fl-4d"/>
      </object_component>
      <object_component id="oc-d7">
         <name>.text.LaunchPad_InS2</name>
         <load_address>0x2428</load_address>
         <readonly>true</readonly>
         <executable>true</executable>
         <run_address>0x2428</run_address>
         <size>0x20</size>
         <alignment>0x4</alignment>
         <input_file_ref idref="fl-6"/>
      </object_component>
      <object_component id="oc-35">
         <name>.text.Default_Handler</name>
         <load_address>0x2448</load_address>
         <readonly>true</readonly>
         <executable>true</executable>
         <run_address>0x2448</run_address>
         <size>0x1c</size>
         <alignment>0x4</alignment>
         <input_file_ref idref="fl-b"/>
      </object_component>
      <object_component id="oc-92">
         <name>.text.ESP8266RxFifo_Size</name>
         <load_address>0x2464</load_address>
         <readonly>true</readonly>
         <executable>true</executable>
         <run_address>0x2464</run_address>
         <size>0x1c</size>
         <alignment>0x4</alignment>
         <input_file_ref idref="fl-a"/>
      </object_component>
      <object_component id="oc-6a">
         <name>.text.ESP8266TxFifo_Size</name>
         <load_address>0x2480</load_address>
         <readonly>true</readonly>
         <executable>true</executable>
         <run_address>0x2480</run_address>
         <size>0x1c</size>
         <alignment>0x4</alignment>
         <input_file_ref idref="fl-a"/>
      </object_component>
      <object_component id="oc-18f">
         <name>.text.ESP8266_InChar</name>
         <load_address>0x249c</load_address>
         <readonly>true</readonly>
         <executable>true</executable>
         <run_address>0x249c</run_address>
         <size>0x1c</size>
         <alignment>0x2</alignment>
         <input_file_ref idref="fl-a"/>
      </object_component>
      <object_component id="oc-36">
         <name>.text.HardFault_Handler</name>
         <load_address>0x24b8</load_address>
         <readonly>true</readonly>
         <executable>true</executable>
         <run_address>0x24b8</run_address>
         <size>0x1c</size>
         <alignment>0x4</alignment>
         <input_file_ref idref="fl-b"/>
      </object_component>
      <object_component id="oc-9f">
         <name>.text.RxFifo_Size</name>
         <load_address>0x24d4</load_address>
         <readonly>true</readonly>
         <executable>true</executable>
         <run_address>0x24d4</run_address>
         <size>0x18</size>
         <alignment>0x4</alignment>
         <input_file_ref idref="fl-4"/>
      </object_component>
      <object_component id="oc-6f">
         <name>.text.TxFifo_Size</name>
         <load_address>0x24ec</load_address>
         <readonly>true</readonly>
         <executable>true</executable>
         <run_address>0x24ec</run_address>
         <size>0x18</size>
         <alignment>0x4</alignment>
         <input_file_ref idref="fl-4"/>
      </object_component>
      <object_component id="oc-19a">
         <name>.text._outs</name>
         <load_address>0x2504</load_address>
         <readonly>true</readonly>
         <executable>true</executable>
         <run_address>0x2504</run_address>
         <size>0x18</size>
         <alignment>0x2</alignment>
         <input_file_ref idref="fl-2e"/>
      </object_component>
      <object_component id="oc-131">
         <name>.text.ssd1306command1</name>
         <load_address>0x251c</load_address>
         <readonly>true</readonly>
         <executable>true</executable>
         <run_address>0x251c</run_address>
         <size>0x18</size>
         <alignment>0x2</alignment>
         <input_file_ref idref="fl-7"/>
      </object_component>
      <object_component id="oc-13a">
         <name>.text.ssd1306command</name>
         <load_address>0x2534</load_address>
         <readonly>true</readonly>
         <executable>true</executable>
         <run_address>0x2534</run_address>
         <size>0x18</size>
         <alignment>0x2</alignment>
         <input_file_ref idref="fl-7"/>
      </object_component>
      <object_component id="oc-130">
         <name>.text.ssd1306commandList</name>
         <load_address>0x254c</load_address>
         <readonly>true</readonly>
         <executable>true</executable>
         <run_address>0x254c</run_address>
         <size>0x16</size>
         <alignment>0x2</alignment>
         <input_file_ref idref="fl-7"/>
      </object_component>
      <object_component id="oc-18d">
         <name>.text.ESP8266Rx0Fifo_Init</name>
         <load_address>0x2564</load_address>
         <readonly>true</readonly>
         <executable>true</executable>
         <run_address>0x2564</run_address>
         <size>0x14</size>
         <alignment>0x4</alignment>
         <input_file_ref idref="fl-a"/>
      </object_component>
      <object_component id="oc-18c">
         <name>.text.ESP8266RxFifo_Init</name>
         <load_address>0x2578</load_address>
         <readonly>true</readonly>
         <executable>true</executable>
         <run_address>0x2578</run_address>
         <size>0x14</size>
         <alignment>0x4</alignment>
         <input_file_ref idref="fl-a"/>
      </object_component>
      <object_component id="oc-18b">
         <name>.text.ESP8266TxFifo_Init</name>
         <load_address>0x258c</load_address>
         <readonly>true</readonly>
         <executable>true</executable>
         <run_address>0x258c</run_address>
         <size>0x14</size>
         <alignment>0x4</alignment>
         <input_file_ref idref="fl-a"/>
      </object_component>
      <object_component id="oc-126">
         <name>.text.RxFifo_Init</name>
         <load_address>0x25a0</load_address>
         <readonly>true</readonly>
         <executable>true</executable>
         <run_address>0x25a0</run_address>
         <size>0x14</size>
         <alignment>0x4</alignment>
         <input_file_ref idref="fl-4"/>
      </object_component>
      <object_component id="oc-125">
         <name>.text.TxFifo_Init</name>
         <load_address>0x25b4</load_address>
         <readonly>true</readonly>
         <executable>true</executable>
         <run_address>0x25b4</run_address>
         <size>0x14</size>
         <alignment>0x4</alignment>
         <input_file_ref idref="fl-4"/>
      </object_component>
      <object_component id="oc-a6">
         <name>.text:TI_memcpy_small</name>
         <load_address>0x25c8</load_address>
         <readonly>true</readonly>
         <executable>true</executable>
         <run_address>0x25c8</run_address>
         <size>0x12</size>
         <alignment>0x1</alignment>
         <input_file_ref idref="fl-114"/>
      </object_component>
      <object_component id="oc-20">
         <name>.text:decompress:none</name>
         <load_address>0x25da</load_address>
         <readonly>true</readonly>
         <executable>true</executable>
         <run_address>0x25da</run_address>
         <size>0x12</size>
         <alignment>0x2</alignment>
         <input_file_ref idref="fl-42"/>
      </object_component>
      <object_component id="oc-124">
         <name>.text.Clock_Delay</name>
         <load_address>0x25ec</load_address>
         <readonly>true</readonly>
         <executable>true</executable>
         <run_address>0x25ec</run_address>
         <size>0x10</size>
         <alignment>0x2</alignment>
         <input_file_ref idref="fl-1"/>
      </object_component>
      <object_component id="oc-182">
         <name>.text.Delay</name>
         <load_address>0x25fc</load_address>
         <readonly>true</readonly>
         <executable>true</executable>
         <run_address>0x25fc</run_address>
         <size>0x10</size>
         <alignment>0x2</alignment>
         <input_file_ref idref="fl-6"/>
      </object_component>
      <object_component id="oc-143">
         <name>.text.ESP8266_DisableInterrupt</name>
         <load_address>0x260c</load_address>
         <readonly>true</readonly>
         <executable>true</executable>
         <run_address>0x260c</run_address>
         <size>0x10</size>
         <alignment>0x4</alignment>
         <input_file_ref idref="fl-a"/>
      </object_component>
      <object_component id="oc-59">
         <name>.text:decompress:ZI</name>
         <load_address>0x261c</load_address>
         <readonly>true</readonly>
         <executable>true</executable>
         <run_address>0x261c</run_address>
         <size>0x10</size>
         <alignment>0x2</alignment>
         <input_file_ref idref="fl-41"/>
      </object_component>
      <object_component id="oc-1bb">
         <name>.text.__aeabi_memset</name>
         <load_address>0x262c</load_address>
         <readonly>true</readonly>
         <executable>true</executable>
         <run_address>0x262c</run_address>
         <size>0xe</size>
         <alignment>0x4</alignment>
         <input_file_ref idref="fl-10c"/>
      </object_component>
      <object_component id="oc-1ba">
         <name>.text.strlen</name>
         <load_address>0x263a</load_address>
         <readonly>true</readonly>
         <executable>true</executable>
         <run_address>0x263a</run_address>
         <size>0xe</size>
         <alignment>0x2</alignment>
         <input_file_ref idref="fl-44"/>
      </object_component>
      <object_component id="oc-15f">
         <name>.text.strlen</name>
         <load_address>0x2648</load_address>
         <readonly>true</readonly>
         <executable>true</executable>
         <run_address>0x2648</run_address>
         <size>0xe</size>
         <alignment>0x2</alignment>
         <input_file_ref idref="fl-39"/>
      </object_component>
      <object_component id="oc-118">
         <name>.text:TI_memset_small</name>
         <load_address>0x2656</load_address>
         <readonly>true</readonly>
         <executable>true</executable>
         <run_address>0x2656</run_address>
         <size>0xe</size>
         <alignment>0x1</alignment>
         <input_file_ref idref="fl-115"/>
      </object_component>
      <object_component id="oc-127">
         <name>.text.Clock_Freq</name>
         <load_address>0x2664</load_address>
         <readonly>true</readonly>
         <executable>true</executable>
         <run_address>0x2664</run_address>
         <size>0xc</size>
         <alignment>0x4</alignment>
         <input_file_ref idref="fl-1"/>
      </object_component>
      <object_component id="oc-7a">
         <name>.text.__aeabi_memclr</name>
         <load_address>0x2670</load_address>
         <readonly>true</readonly>
         <executable>true</executable>
         <run_address>0x2670</run_address>
         <size>0xc</size>
         <alignment>0x4</alignment>
         <input_file_ref idref="fl-10c"/>
      </object_component>
      <object_component id="oc-19b">
         <name>.text._outc</name>
         <load_address>0x267c</load_address>
         <readonly>true</readonly>
         <executable>true</executable>
         <run_address>0x267c</run_address>
         <size>0xa</size>
         <alignment>0x2</alignment>
         <input_file_ref idref="fl-2e"/>
      </object_component>
      <object_component id="oc-4c">
         <name>.text.__aeabi_memcpy</name>
         <load_address>0x2688</load_address>
         <readonly>true</readonly>
         <executable>true</executable>
         <run_address>0x2688</run_address>
         <size>0x8</size>
         <alignment>0x4</alignment>
         <input_file_ref idref="fl-10b"/>
      </object_component>
      <object_component id="oc-ec">
         <name>.text:abort</name>
         <load_address>0x2690</load_address>
         <readonly>true</readonly>
         <executable>true</executable>
         <run_address>0x2690</run_address>
         <size>0x6</size>
         <alignment>0x2</alignment>
         <input_file_ref idref="fl-32"/>
      </object_component>
      <object_component id="oc-16d">
         <name>.text.HOSTexit</name>
         <load_address>0x2696</load_address>
         <readonly>true</readonly>
         <executable>true</executable>
         <run_address>0x2696</run_address>
         <size>0x4</size>
         <alignment>0x2</alignment>
         <input_file_ref idref="fl-f1"/>
      </object_component>
      <object_component id="oc-31">
         <name>.text.Reset_Handler</name>
         <load_address>0x269a</load_address>
         <readonly>true</readonly>
         <executable>true</executable>
         <run_address>0x269a</run_address>
         <size>0x4</size>
         <alignment>0x2</alignment>
         <input_file_ref idref="fl-b"/>
      </object_component>
      <object_component id="oc-7f">
         <name>.text._system_pre_init</name>
         <load_address>0x269e</load_address>
         <readonly>true</readonly>
         <executable>true</executable>
         <run_address>0x269e</run_address>
         <size>0x4</size>
         <alignment>0x2</alignment>
         <input_file_ref idref="fl-3f"/>
      </object_component>
      <object_component id="oc-288">
         <name>.cinit..data.load</name>
         <load_address>0x2e40</load_address>
         <readonly>true</readonly>
         <run_address>0x2e40</run_address>
         <size>0xbe</size>
         <alignment>0x1</alignment>
      </object_component>
      <object_component id="oc-286">
         <name>__TI_handler_table</name>
         <load_address>0x2f00</load_address>
         <readonly>true</readonly>
         <run_address>0x2f00</run_address>
         <size>0xc</size>
         <alignment>0x4</alignment>
      </object_component>
      <object_component id="oc-289">
         <name>.cinit..bss.load</name>
         <load_address>0x2f0c</load_address>
         <readonly>true</readonly>
         <run_address>0x2f0c</run_address>
         <size>0x8</size>
         <alignment>0x4</alignment>
      </object_component>
      <object_component id="oc-287">
         <name>__TI_cinit_table</name>
         <load_address>0x2f14</load_address>
         <readonly>true</readonly>
         <run_address>0x2f14</run_address>
         <size>0x10</size>
         <alignment>0x4</alignment>
      </object_component>
      <object_component id="oc-188">
         <name>.rodata.ASCII</name>
         <load_address>0x26a8</load_address>
         <readonly>true</readonly>
         <run_address>0x26a8</run_address>
         <size>0x540</size>
         <alignment>0x1</alignment>
         <input_file_ref idref="fl-7"/>
      </object_component>
      <object_component id="oc-de">
         <name>.rodata.str1.3893696928320483400.1</name>
         <load_address>0x2be8</load_address>
         <readonly>true</readonly>
         <run_address>0x2be8</run_address>
         <size>0x2a</size>
         <alignment>0x1</alignment>
         <input_file_ref idref="fl-3"/>
      </object_component>
      <object_component id="oc-dc">
         <name>.rodata.str1.9314755141398333065.1</name>
         <load_address>0x2c12</load_address>
         <readonly>true</readonly>
         <run_address>0x2c12</run_address>
         <size>0x22</size>
         <alignment>0x1</alignment>
         <input_file_ref idref="fl-3"/>
      </object_component>
      <object_component id="oc-d8">
         <name>.rodata.str1.8647043623776350051.1</name>
         <load_address>0x2c34</load_address>
         <readonly>true</readonly>
         <run_address>0x2c34</run_address>
         <size>0x19</size>
         <alignment>0x1</alignment>
         <input_file_ref idref="fl-3"/>
      </object_component>
      <object_component id="oc-e2">
         <name>.rodata.Embedded_ece</name>
         <load_address>0x2c4d</load_address>
         <readonly>true</readonly>
         <run_address>0x2c4d</run_address>
         <size>0x18</size>
         <alignment>0x1</alignment>
         <input_file_ref idref="fl-3"/>
      </object_component>
      <object_component id="oc-db">
         <name>.rodata.str1.1117837308727574899.1</name>
         <load_address>0x2c65</load_address>
         <readonly>true</readonly>
         <run_address>0x2c65</run_address>
         <size>0x17</size>
         <alignment>0x1</alignment>
         <input_file_ref idref="fl-3"/>
      </object_component>
      <object_component id="oc-151">
         <name>.rodata.str1.1821742947057290736.1</name>
         <load_address>0x2c7c</load_address>
         <readonly>true</readonly>
         <run_address>0x2c7c</run_address>
         <size>0x16</size>
         <alignment>0x1</alignment>
         <input_file_ref idref="fl-a"/>
      </object_component>
      <object_component id="oc-d9">
         <name>.rodata.str1.14776723510422327578.1</name>
         <load_address>0x2c92</load_address>
         <readonly>true</readonly>
         <run_address>0x2c92</run_address>
         <size>0x15</size>
         <alignment>0x1</alignment>
         <input_file_ref idref="fl-3"/>
      </object_component>
      <object_component id="oc-15a">
         <name>.rodata.str1.18332241573418572532.1</name>
         <load_address>0x2ca7</load_address>
         <readonly>true</readonly>
         <run_address>0x2ca7</run_address>
         <size>0x14</size>
         <alignment>0x1</alignment>
         <input_file_ref idref="fl-a"/>
      </object_component>
      <object_component id="oc-15b">
         <name>.rodata.str1.886117169829560214.1</name>
         <load_address>0x2cbb</load_address>
         <readonly>true</readonly>
         <run_address>0x2cbb</run_address>
         <size>0x14</size>
         <alignment>0x1</alignment>
         <input_file_ref idref="fl-a"/>
      </object_component>
      <object_component id="oc-164">
         <name>.rodata.str1.13710373771830552879.1</name>
         <load_address>0x2ccf</load_address>
         <readonly>true</readonly>
         <run_address>0x2ccf</run_address>
         <size>0x13</size>
         <alignment>0x1</alignment>
         <input_file_ref idref="fl-a"/>
      </object_component>
      <object_component id="oc-1c0">
         <name>.rodata.str1.15363888844622738466.1</name>
         <load_address>0x2ce2</load_address>
         <readonly>true</readonly>
         <run_address>0x2ce2</run_address>
         <size>0x11</size>
         <alignment>0x1</alignment>
         <input_file_ref idref="fl-44"/>
      </object_component>
      <object_component id="oc-dd">
         <name>.rodata.str1.13903245644853092502.1</name>
         <load_address>0x2cf3</load_address>
         <readonly>true</readonly>
         <run_address>0x2cf3</run_address>
         <size>0x10</size>
         <alignment>0x1</alignment>
         <input_file_ref idref="fl-3"/>
      </object_component>
      <object_component id="oc-191">
         <name>.rodata.str1.1482018129062920454.1</name>
         <load_address>0x2d03</load_address>
         <readonly>true</readonly>
         <run_address>0x2d03</run_address>
         <size>0x10</size>
         <alignment>0x1</alignment>
         <input_file_ref idref="fl-a"/>
      </object_component>
      <object_component id="oc-163">
         <name>.rodata.str1.927306613616006222.1</name>
         <load_address>0x2d13</load_address>
         <readonly>true</readonly>
         <run_address>0x2d13</run_address>
         <size>0x10</size>
         <alignment>0x1</alignment>
         <input_file_ref idref="fl-a"/>
      </object_component>
      <object_component id="oc-da">
         <name>.rodata.str1.9986360393810696630.1</name>
         <load_address>0x2d23</load_address>
         <readonly>true</readonly>
         <run_address>0x2d23</run_address>
         <size>0x10</size>
         <alignment>0x1</alignment>
         <input_file_ref idref="fl-3"/>
      </object_component>
      <object_component id="oc-df">
         <name>.rodata.str1.11328984543834940707.1</name>
         <load_address>0x2d33</load_address>
         <readonly>true</readonly>
         <run_address>0x2d33</run_address>
         <size>0xf</size>
         <alignment>0x1</alignment>
         <input_file_ref idref="fl-3"/>
      </object_component>
      <object_component id="oc-192">
         <name>.rodata.str1.14066400649548407521.1</name>
         <load_address>0x2d42</load_address>
         <readonly>true</readonly>
         <run_address>0x2d42</run_address>
         <size>0xf</size>
         <alignment>0x1</alignment>
         <input_file_ref idref="fl-a"/>
      </object_component>
      <object_component id="oc-153">
         <name>.rodata.str1.15733383869924768512.1</name>
         <load_address>0x2d51</load_address>
         <readonly>true</readonly>
         <run_address>0x2d51</run_address>
         <size>0xf</size>
         <alignment>0x1</alignment>
         <input_file_ref idref="fl-a"/>
      </object_component>
      <object_component id="oc-e9">
         <name>.rodata.str1.1949687828727206093.1</name>
         <load_address>0x2d60</load_address>
         <readonly>true</readonly>
         <run_address>0x2d60</run_address>
         <size>0xf</size>
         <alignment>0x1</alignment>
         <input_file_ref idref="fl-3"/>
      </object_component>
      <object_component id="oc-e8">
         <name>.rodata.str1.7105149154908822183.1</name>
         <load_address>0x2d6f</load_address>
         <readonly>true</readonly>
         <run_address>0x2d6f</run_address>
         <size>0xf</size>
         <alignment>0x1</alignment>
         <input_file_ref idref="fl-3"/>
      </object_component>
      <object_component id="oc-152">
         <name>.rodata.str1.1495411477731366290.1</name>
         <load_address>0x2d7e</load_address>
         <readonly>true</readonly>
         <run_address>0x2d7e</run_address>
         <size>0xd</size>
         <alignment>0x1</alignment>
         <input_file_ref idref="fl-a"/>
      </object_component>
      <object_component id="oc-166">
         <name>.rodata.ESP8266_SENDOK_RESPONSE</name>
         <load_address>0x2d8b</load_address>
         <readonly>true</readonly>
         <run_address>0x2d8b</run_address>
         <size>0xc</size>
         <alignment>0x1</alignment>
         <input_file_ref idref="fl-a"/>
      </object_component>
      <object_component id="oc-194">
         <name>.rodata.str1.12953182027126269026.1</name>
         <load_address>0x2d97</load_address>
         <readonly>true</readonly>
         <run_address>0x2d97</run_address>
         <size>0xb</size>
         <alignment>0x1</alignment>
         <input_file_ref idref="fl-a"/>
      </object_component>
      <object_component id="oc-193">
         <name>.rodata.str1.1805066558680231458.1</name>
         <load_address>0x2da2</load_address>
         <readonly>true</readonly>
         <run_address>0x2da2</run_address>
         <size>0xb</size>
         <alignment>0x1</alignment>
         <input_file_ref idref="fl-a"/>
      </object_component>
      <object_component id="oc-198">
         <name>.rodata.str1.18329915516137010745.1</name>
         <load_address>0x2dad</load_address>
         <readonly>true</readonly>
         <run_address>0x2dad</run_address>
         <size>0xb</size>
         <alignment>0x1</alignment>
         <input_file_ref idref="fl-a"/>
      </object_component>
      <object_component id="oc-15e">
         <name>.rodata.ESP8266_ERROR_RESPONSE</name>
         <load_address>0x2db8</load_address>
         <readonly>true</readonly>
         <run_address>0x2db8</run_address>
         <size>0xa</size>
         <alignment>0x1</alignment>
         <input_file_ref idref="fl-a"/>
      </object_component>
      <object_component id="oc-146">
         <name>.rodata.ESP8266_READY_RESPONSE</name>
         <load_address>0x2dc2</load_address>
         <readonly>true</readonly>
         <run_address>0x2dc2</run_address>
         <size>0xa</size>
         <alignment>0x1</alignment>
         <input_file_ref idref="fl-a"/>
      </object_component>
      <object_component id="oc-15d">
         <name>.rodata.str1.9268603642334277384.1</name>
         <load_address>0x2dcc</load_address>
         <readonly>true</readonly>
         <run_address>0x2dcc</run_address>
         <size>0xa</size>
         <alignment>0x1</alignment>
         <input_file_ref idref="fl-a"/>
      </object_component>
      <object_component id="oc-197">
         <name>.rodata.ESP8266_FAIL_RESPONSE</name>
         <load_address>0x2dd6</load_address>
         <readonly>true</readonly>
         <run_address>0x2dd6</run_address>
         <size>0x9</size>
         <alignment>0x1</alignment>
         <input_file_ref idref="fl-a"/>
      </object_component>
      <object_component id="oc-149">
         <name>.rodata.str1.12794791130188801291.1</name>
         <load_address>0x2ddf</load_address>
         <readonly>true</readonly>
         <run_address>0x2ddf</run_address>
         <size>0x9</size>
         <alignment>0x1</alignment>
         <input_file_ref idref="fl-a"/>
      </object_component>
      <object_component id="oc-190">
         <name>.rodata.str1.7072264257702256455.1</name>
         <load_address>0x2de8</load_address>
         <readonly>true</readonly>
         <run_address>0x2de8</run_address>
         <size>0x9</size>
         <alignment>0x1</alignment>
         <input_file_ref idref="fl-a"/>
      </object_component>
      <object_component id="oc-e3">
         <name>.rodata.str1.17041166833902604311.1</name>
         <load_address>0x2df1</load_address>
         <readonly>true</readonly>
         <run_address>0x2df1</run_address>
         <size>0x8</size>
         <alignment>0x1</alignment>
         <input_file_ref idref="fl-3"/>
      </object_component>
      <object_component id="oc-14a">
         <name>.rodata.ESP8266_OK_RESPONSE</name>
         <load_address>0x2df9</load_address>
         <readonly>true</readonly>
         <run_address>0x2df9</run_address>
         <size>0x7</size>
         <alignment>0x1</alignment>
         <input_file_ref idref="fl-a"/>
      </object_component>
      <object_component id="oc-137">
         <name>.rodata.init5</name>
         <load_address>0x2e00</load_address>
         <readonly>true</readonly>
         <run_address>0x2e00</run_address>
         <size>0x7</size>
         <alignment>0x1</alignment>
         <input_file_ref idref="fl-7"/>
      </object_component>
      <object_component id="oc-15c">
         <name>.rodata.str1.10782708805918865183.1</name>
         <load_address>0x2e07</load_address>
         <readonly>true</readonly>
         <run_address>0x2e07</run_address>
         <size>0x7</size>
         <alignment>0x1</alignment>
         <input_file_ref idref="fl-a"/>
      </object_component>
      <object_component id="oc-e1">
         <name>.rodata.str1.1322281433589434538.1</name>
         <load_address>0x2e0e</load_address>
         <readonly>true</readonly>
         <run_address>0x2e0e</run_address>
         <size>0x7</size>
         <alignment>0x1</alignment>
         <input_file_ref idref="fl-3"/>
      </object_component>
      <object_component id="oc-10e">
         <name>.rodata.ReceiveDataSearchString</name>
         <load_address>0x2e15</load_address>
         <readonly>true</readonly>
         <run_address>0x2e15</run_address>
         <size>0x6</size>
         <alignment>0x1</alignment>
         <input_file_ref idref="fl-a"/>
      </object_component>
      <object_component id="oc-142">
         <name>.rodata.dlist1</name>
         <load_address>0x2e1b</load_address>
         <readonly>true</readonly>
         <run_address>0x2e1b</run_address>
         <size>0x5</size>
         <alignment>0x1</alignment>
         <input_file_ref idref="fl-7"/>
      </object_component>
      <object_component id="oc-133">
         <name>.rodata.init1</name>
         <load_address>0x2e20</load_address>
         <readonly>true</readonly>
         <run_address>0x2e20</run_address>
         <size>0x5</size>
         <alignment>0x1</alignment>
         <input_file_ref idref="fl-7"/>
      </object_component>
      <object_component id="oc-134">
         <name>.rodata.init2</name>
         <load_address>0x2e25</load_address>
         <readonly>true</readonly>
         <run_address>0x2e25</run_address>
         <size>0x5</size>
         <alignment>0x1</alignment>
         <input_file_ref idref="fl-7"/>
      </object_component>
      <object_component id="oc-135">
         <name>.rodata.init3</name>
         <load_address>0x2e2a</load_address>
         <readonly>true</readonly>
         <run_address>0x2e2a</run_address>
         <size>0x5</size>
         <alignment>0x1</alignment>
         <input_file_ref idref="fl-7"/>
      </object_component>
      <object_component id="oc-136">
         <name>.rodata.init4b</name>
         <load_address>0x2e2f</load_address>
         <readonly>true</readonly>
         <run_address>0x2e2f</run_address>
         <size>0x4</size>
         <alignment>0x1</alignment>
         <input_file_ref idref="fl-7"/>
      </object_component>
      <object_component id="oc-196">
         <name>.rodata.str1.13377059851045418370.1</name>
         <load_address>0x2e33</load_address>
         <readonly>true</readonly>
         <run_address>0x2e33</run_address>
         <size>0x4</size>
         <alignment>0x1</alignment>
         <input_file_ref idref="fl-a"/>
      </object_component>
      <object_component id="oc-195">
         <name>.rodata.str1.8870115619303731160.1</name>
         <load_address>0x2e37</load_address>
         <readonly>true</readonly>
         <run_address>0x2e37</run_address>
         <size>0x4</size>
         <alignment>0x1</alignment>
         <input_file_ref idref="fl-a"/>
      </object_component>
      <object_component id="oc-165">
         <name>.rodata.str1.7497862599173977731.1</name>
         <load_address>0x2e3b</load_address>
         <readonly>true</readonly>
         <run_address>0x2e3b</run_address>
         <size>0x2</size>
         <alignment>0x1</alignment>
         <input_file_ref idref="fl-a"/>
      </object_component>
      <object_component id="oc-24e">
         <name>.binit</name>
         <load_address>0x0</load_address>
         <readonly>true</readonly>
         <run_address>0x0</run_address>
         <size>0x0</size>
         <alignment>0x4</alignment>
      </object_component>
      <object_component id="oc-11e">
         <name>.data.BusFreq</name>
         <load_address>0x20201354</load_address>
         <readwrite>true</readwrite>
         <run_address>0x20201354</run_address>
         <size>0x4</size>
         <alignment>0x4</alignment>
         <input_file_ref idref="fl-1"/>
      </object_component>
      <object_component id="oc-e0">
         <name>.data.LOGDATA</name>
         <load_address>0x202012b8</load_address>
         <readwrite>true</readwrite>
         <run_address>0x202012b8</run_address>
         <size>0x9b</size>
         <alignment>0x1</alignment>
         <input_file_ref idref="fl-3"/>
      </object_component>
      <object_component id="oc-13b">
         <name>.data.CurrentX</name>
         <load_address>0x20201374</load_address>
         <readwrite>true</readwrite>
         <run_address>0x20201374</run_address>
         <size>0x2</size>
         <alignment>0x2</alignment>
         <input_file_ref idref="fl-7"/>
      </object_component>
      <object_component id="oc-13d">
         <name>.data.CurrentY</name>
         <load_address>0x20201376</load_address>
         <readwrite>true</readwrite>
         <run_address>0x20201376</run_address>
         <size>0x2</size>
         <alignment>0x2</alignment>
         <input_file_ref idref="fl-7"/>
      </object_component>
      <object_component id="oc-96">
         <name>.data.ESP8266_EchoResponse</name>
         <load_address>0x2020137a</load_address>
         <readwrite>true</readwrite>
         <run_address>0x2020137a</run_address>
         <size>0x1</size>
         <alignment>0x1</alignment>
         <input_file_ref idref="fl-a"/>
      </object_component>
      <object_component id="oc-9c">
         <name>.data.ESP8266_EchoCommand</name>
         <load_address>0x20201353</load_address>
         <readwrite>true</readwrite>
         <run_address>0x20201353</run_address>
         <size>0x1</size>
         <alignment>0x1</alignment>
         <input_file_ref idref="fl-a"/>
      </object_component>
      <object_component id="oc-10f">
         <name>.data.ESP8266_ConnectionMux</name>
         <load_address>0x20201378</load_address>
[...]
      <symbol id="sm-fe">
         <name>vccstate</name>
         <value>0x202010a8</value>
      </symbol>
      <symbol id="sm-ff">
         <name>buffer</name>
         <value>0x20200c00</value>
      </symbol>
      <symbol id="sm-100">
         <name>CurrentX</name>
         <value>0x20201374</value>
         <object_component_ref idref="oc-13b"/>
      </symbol>
      <symbol id="sm-101">
         <name>StartX</name>
         <value>0x202010b2</value>
      </symbol>
      <symbol id="sm-102">
         <name>CurrentY</name>
         <value>0x20201376</value>
         <object_component_ref idref="oc-13d"/>
      </symbol>
      <symbol id="sm-103">
         <name>StartY</name>
         <value>0x202010b4</value>
      </symbol>
      <symbol id="sm-104">
         <name>SSD1306_DrawPixel</name>
         <value>0x98d</value>
         <object_component_ref idref="oc-187"/>
      </symbol>
      <symbol id="sm-105">
         <name>rotation</name>
         <value>0x202010a4</value>
      </symbol>
      <symbol id="sm-106">
         <name>SSD1306_DrawChar</name>
         <value>0x14a9</value>
         <object_component_ref idref="oc-140"/>
      </symbol>
      <symbol id="sm-107">
         <name>SSD1306_DrawString</name>
         <value>0x1fa5</value>
         <object_component_ref idref="oc-c8"/>
      </symbol>
      <symbol id="sm-108">
         <name>SSD1306_DrawUDec</name>
         <value>0x11a5</value>
         <object_component_ref idref="oc-ce"/>
      </symbol>
      <symbol id="sm-111">
         <name>UART_OutString</name>
         <value>0x23bd</value>
         <object_component_ref idref="oc-bc"/>
      </symbol>
      <symbol id="sm-129">
         <name>UART_Init</name>
         <value>0xc21</value>
         <object_component_ref idref="oc-ba"/>
      </symbol>
      <symbol id="sm-12a">
         <name>UART_OutChar</name>
         <value>0x2151</value>
         <object_component_ref idref="oc-107"/>
      </symbol>
      <symbol id="sm-12b">
         <name>UART0_IRQHandler</name>
         <value>0x1aa1</value>
         <object_component_ref idref="oc-3c"/>
      </symbol>
      <symbol id="sm-1d5">
         <name>UART_OutCharNonBlock</name>
         <value>0x23e3</value>
         <object_component_ref idref="oc-93"/>
      </symbol>
      <symbol id="sm-1d6">
         <name>ESP8266_StartReceiveSearch</name>
         <value>0x1e29</value>
         <object_component_ref idref="oc-d0"/>
      </symbol>
      <symbol id="sm-1d7">
         <name>ReceiveIndex</name>
         <value>0x20201370</value>
         <object_component_ref idref="oc-98"/>
      </symbol>
      <symbol id="sm-1d8">
         <name>ReceiveSize</name>
         <value>0x20201090</value>
      </symbol>
      <symbol id="sm-1d9">
         <name>ReceiveMode</name>
         <value>0x2020108c</value>
      </symbol>
      <symbol id="sm-1da">
         <name>ReceiveSearch</name>
         <value>0x20201050</value>
      </symbol>
      <symbol id="sm-1db">
         <name>ESP8266_GetReceiveBuffer</name>
         <value>0x2345</value>
         <object_component_ref idref="oc-d2"/>
      </symbol>
      <symbol id="sm-1dc">
         <name>ReceiveDataFilter</name>
         <value>0x615</value>
         <object_component_ref idref="oc-94"/>
      </symbol>
      <symbol id="sm-1dd">
         <name>ESP8266Rx0Fifo_Put</name>
         <value>0x1c09</value>
         <object_component_ref idref="oc-108"/>
      </symbol>
      <symbol id="sm-1de">
         <name>ESP8266_DataAvailable</name>
         <value>0x20201358</value>
         <object_component_ref idref="oc-10c"/>
      </symbol>
      <symbol id="sm-1df">
         <name>ReceiveDataSearchString</name>
         <value>0x2e15</value>
         <object_component_ref idref="oc-10e"/>
      </symbol>
      <symbol id="sm-1e0">
         <name>ESP8266_ConnectionMux</name>
         <value>0x20201378</value>
         <object_component_ref idref="oc-10f"/>
      </symbol>
      <symbol id="sm-1e1">
         <name>ESP8266_DataLoss</name>
         <value>0x2020135c</value>
         <object_component_ref idref="oc-110"/>
      </symbol>
      <symbol id="sm-1e2">
         <name>ESP8266_InitUART</name>
         <value>0xaed</value>
         <object_component_ref idref="oc-144"/>
      </symbol>
      <symbol id="sm-1e3">
         <name>ESP8266TxFifo_Init</name>
         <value>0x258d</value>
         <object_component_ref idref="oc-18b"/>
      </symbol>
      <symbol id="sm-1e4">
         <name>ESP8266RxFifo_Init</name>
         <value>0x2579</value>
         <object_component_ref idref="oc-18c"/>
      </symbol>
      <symbol id="sm-1e5">
         <name>ESP8266Rx0Fifo_Init</name>
         <value>0x2565</value>
         <object_component_ref idref="oc-18d"/>
      </symbol>
      <symbol id="sm-1e6">
         <name>ESP8266_EchoResponse</name>
         <value>0x2020137a</value>
         <object_component_ref idref="oc-96"/>
      </symbol>
      <symbol id="sm-1e7">
         <name>ESP8266_EchoCommand</name>
         <value>0x20201353</value>
         <object_component_ref idref="oc-9c"/>
      </symbol>
      <symbol id="sm-1e8">
         <name>ESP8266_EnableInterrupt</name>
         <value>0x22ed</value>
         <object_component_ref idref="oc-145"/>
      </symbol>
      <symbol id="sm-1e9">
         <name>ESP8266_DisableInterrupt</name>
         <value>0x260d</value>
         <object_component_ref idref="oc-143"/>
      </symbol>
      <symbol id="sm-1ea">
         <name>UART2_IRQHandler</name>
         <value>0x1afd</value>
         <object_component_ref idref="oc-37"/>
      </symbol>
      <symbol id="sm-1eb">
         <name>ESP8266TxFifo_Size</name>
         <value>0x2481</value>
         <object_component_ref idref="oc-6a"/>
      </symbol>
      <symbol id="sm-1ec">
         <name>ESP8266RxFifo_Size</name>
         <value>0x2465</value>
         <object_component_ref idref="oc-92"/>
      </symbol>
      <symbol id="sm-1ed">
         <name>ESP8266RxFifo_Put</name>
         <value>0x1c59</value>
         <object_component_ref idref="oc-95"/>
      </symbol>
      <symbol id="sm-1ee">
         <name>ESP8266TxFifo_Get</name>
         <value>0x1d45</value>
         <object_component_ref idref="oc-9b"/>
      </symbol>
      <symbol id="sm-1ef">
         <name>ESP8266_OutChar</name>
         <value>0x2111</value>
         <object_component_ref idref="oc-18e"/>
      </symbol>
      <symbol id="sm-1f0">
         <name>ESP8266TxFifo_Put</name>
         <value>0x1ca9</value>
         <object_component_ref idref="oc-1b0"/>
      </symbol>
      <symbol id="sm-1f1">
         <name>ESP8266_InChar</name>
         <value>0x249d</value>
         <object_component_ref idref="oc-18f"/>
      </symbol>
      <symbol id="sm-1f2">
         <name>ESP8266RxFifo_Get</name>
         <value>0x1cf9</value>
         <object_component_ref idref="oc-1b1"/>
      </symbol>
      <symbol id="sm-1f3">
         <name>ESP8266_SendCommand</name>
         <value>0x2319</value>
         <object_component_ref idref="oc-147"/>
      </symbol>
      <symbol id="sm-1f4">
         <name>ESP8266_WaitForResponse</name>
         <value>0x10a1</value>
         <object_component_ref idref="oc-148"/>
      </symbol>
      <symbol id="sm-1f5">
         <name>ESP8266_Init</name>
         <value>0xf89</value>
         <object_component_ref idref="oc-ca"/>
      </symbol>
      <symbol id="sm-1f6">
         <name>ESP8266_Connect</name>
         <value>0x170d</value>
         <object_component_ref idref="oc-cc"/>
      </symbol>
      <symbol id="sm-1f7">
         <name>ESP8266_Reset</name>
         <value>0x20c9</value>
         <object_component_ref idref="oc-14b"/>
      </symbol>
      <symbol id="sm-1f8">
         <name>ESP8266_GetMACAddress</name>
         <value>0x1ff1</value>
         <object_component_ref idref="oc-14c"/>
      </symbol>
      <symbol id="sm-1f9">
         <name>ESP8266_SetWifiMode</name>
         <value>0x1a45</value>
         <object_component_ref idref="oc-14d"/>
      </symbol>
      <symbol id="sm-1fa">
         <name>ESP8266_ListAccessPoints</name>
         <value>0x1ddd</value>
         <object_component_ref idref="oc-14e"/>
      </symbol>
      <symbol id="sm-1fb">
         <name>ESP8266_JoinAccessPoint</name>
         <value>0x1971</value>
         <object_component_ref idref="oc-14f"/>
      </symbol>
      <symbol id="sm-1fc">
         <name>ESP8266_GetIPAddress</name>
         <value>0x1d91</value>
         <object_component_ref idref="oc-150"/>
      </symbol>
      <symbol id="sm-1fd">
         <name>ESP8266_GetVersionNumber</name>
         <value>0x2081</value>
         <object_component_ref idref="oc-cb"/>
      </symbol>
      <symbol id="sm-1fe">
         <name>ESP8266_MakeTCPConnection</name>
         <value>0x13fd</value>
         <object_component_ref idref="oc-cf"/>
      </symbol>
      <symbol id="sm-1ff">
         <name>ESP8266_Send</name>
         <value>0x15fd</value>
         <object_component_ref idref="oc-d1"/>
      </symbol>
      <symbol id="sm-200">
         <name>ESP8266_GetStatus</name>
         <value>0x2039</value>
         <object_component_ref idref="oc-cd"/>
      </symbol>
      <symbol id="sm-211">
         <name>Default_Handler</name>
         <value>0x2449</value>
         <object_component_ref idref="oc-35"/>
      </symbol>
      <symbol id="sm-212">
         <name>Reset_Handler</name>
         <value>0x269b</value>
         <object_component_ref idref="oc-31"/>
      </symbol>
      <symbol id="sm-213">
         <name>HardFault_Handler</name>
         <value>0x24b9</value>
         <object_component_ref idref="oc-36"/>
      </symbol>
      <symbol id="sm-214">
         <name>interruptVectors</name>
         <value>0x0</value>
         <object_component_ref idref="oc-18"/>
      </symbol>
      <symbol id="sm-215">
         <name>NMI_Handler</name>
         <value>0x2449</value>
         <object_component_ref idref="oc-35"/>
      </symbol>
      <symbol id="sm-216">
         <name>SVC_Handler</name>
         <value>0x2449</value>
         <object_component_ref idref="oc-35"/>
      </symbol>
      <symbol id="sm-217">
         <name>PendSV_Handler</name>
         <value>0x2449</value>
         <object_component_ref idref="oc-35"/>
      </symbol>
      <symbol id="sm-218">
         <name>SysTick_Handler</name>
         <value>0x2449</value>
         <object_component_ref idref="oc-35"/>
      </symbol>
      <symbol id="sm-219">
         <name>GROUP0_IRQHandler</name>
         <value>0x2449</value>
         <object_component_ref idref="oc-35"/>
      </symbol>
      <symbol id="sm-21a">
         <name>GROUP1_IRQHandler</name>
         <value>0x2449</value>
         <object_component_ref idref="oc-35"/>
      </symbol>
      <symbol id="sm-21b">
         <name>TIMG8_IRQHandler</name>
         <value>0x2449</value>
         <object_component_ref idref="oc-35"/>
      </symbol>
      <symbol id="sm-21c">
         <name>UART3_IRQHandler</name>
         <value>0x2449</value>
         <object_component_ref idref="oc-35"/>
      </symbol>
      <symbol id="sm-21d">
         <name>ADC0_IRQHandler</name>
         <value>0x2449</value>
         <object_component_ref idref="oc-35"/>
      </symbol>
      <symbol id="sm-21e">
         <name>ADC1_IRQHandler</name>
         <value>0x2449</value>
         <object_component_ref idref="oc-35"/>
      </symbol>
      <symbol id="sm-21f">
         <name>CANFD0_IRQHandler</name>
         <value>0x2449</value>
         <object_component_ref idref="oc-35"/>
      </symbol>
      <symbol id="sm-220">
         <name>DAC0_IRQHandler</name>
         <value>0x2449</value>
         <object_component_ref idref="oc-35"/>
      </symbol>
      <symbol id="sm-221">
         <name>SPI0_IRQHandler</name>
         <value>0x2449</value>
         <object_component_ref idref="oc-35"/>
      </symbol>
      <symbol id="sm-222">
         <name>SPI1_IRQHandler</name>
         <value>0x2449</value>
         <object_component_ref idref="oc-35"/>
      </symbol>
      <symbol id="sm-223">
         <name>UART1_IRQHandler</name>
         <value>0x2449</value>
         <object_component_ref idref="oc-35"/>
      </symbol>
      <symbol id="sm-224">
         <name>TIMG0_IRQHandler</name>
         <value>0x2449</value>
         <object_component_ref idref="oc-35"/>
      </symbol>
      <symbol id="sm-225">
         <name>TIMG6_IRQHandler</name>
         <value>0x2449</value>
         <object_component_ref idref="oc-35"/>
      </symbol>
      <symbol id="sm-226">
         <name>TIMA0_IRQHandler</name>
         <value>0x2449</value>
         <object_component_ref idref="oc-35"/>
      </symbol>
      <symbol id="sm-227">
         <name>TIMA1_IRQHandler</name>
         <value>0x2449</value>
         <object_component_ref idref="oc-35"/>
      </symbol>
      <symbol id="sm-228">
         <name>TIMG7_IRQHandler</name>
         <value>0x2449</value>
         <object_component_ref idref="oc-35"/>
      </symbol>
      <symbol id="sm-229">
         <name>TIMG12_IRQHandler</name>
         <value>0x2449</value>
         <object_component_ref idref="oc-35"/>
      </symbol>
      <symbol id="sm-22a">
         <name>I2C0_IRQHandler</name>
         <value>0x2449</value>
         <object_component_ref idref="oc-35"/>
      </symbol>
      <symbol id="sm-22b">
         <name>I2C1_IRQHandler</name>
         <value>0x2449</value>
         <object_component_ref idref="oc-35"/>
      </symbol>
      <symbol id="sm-22c">
         <name>AES_IRQHandler</name>
         <value>0x2449</value>
         <object_component_ref idref="oc-35"/>
      </symbol>
      <symbol id="sm-22d">
         <name>RTC_IRQHandler</name>
         <value>0x2449</value>
         <object_component_ref idref="oc-35"/>
      </symbol>
      <symbol id="sm-22e">
         <name>DMA_IRQHandler</name>
         <value>0x2449</value>
         <object_component_ref idref="oc-35"/>
      </symbol>
      <symbol id="sm-22f">
         <name>__TI_ATRegion0_src_addr</name>
         <value>0x0</value>
      </symbol>
      <symbol id="sm-230">
         <name>__TI_ATRegion0_trg_addr</name>
         <value>0x0</value>
      </symbol>
      <symbol id="sm-231">
         <name>__TI_ATRegion0_region_sz</name>
         <value>0x0</value>
      </symbol>
      <symbol id="sm-232">
         <name>__TI_ATRegion1_src_addr</name>
         <value>0x0</value>
      </symbol>
      <symbol id="sm-233">
         <name>__TI_ATRegion1_trg_addr</name>
         <value>0x0</value>
      </symbol>
      <symbol id="sm-234">
         <name>__TI_ATRegion1_region_sz</name>
         <value>0x0</value>
      </symbol>
      <symbol id="sm-235">
         <name>__TI_ATRegion2_src_addr</name>
         <value>0x0</value>
      </symbol>
      <symbol id="sm-236">
         <name>__TI_ATRegion2_trg_addr</name>
         <value>0x0</value>
      </symbol>
      <symbol id="sm-237">
         <name>__TI_ATRegion2_region_sz</name>
         <value>0x0</value>
      </symbol>
      <symbol id="sm-248">
         <name>sprintf</name>
         <value>0x2281</value>
         <object_component_ref idref="oc-154"/>
      </symbol>
      <symbol id="sm-255">
         <name>abort</name>
         <value>0x2691</value>
         <object_component_ref idref="oc-ec"/>
      </symbol>
      <symbol id="sm-260">
         <name>_sys_memory</name>
         <value>0x202010b8</value>
         <object_component_ref idref="oc-2f"/>
      </symbol>
      <symbol id="sm-26a">
         <name>strlen</name>
         <value>0x2649</value>
         <object_component_ref idref="oc-15f"/>
      </symbol>
      <symbol id="sm-277">
         <name>_c_int00_noargs</name>
         <value>0x2395</value>
         <object_component_ref idref="oc-5c"/>
      </symbol>
      <symbol id="sm-278">
         <name>__stack</name>
         <value>0x20207e00</value>
         <object_component_ref idref="oc-1a"/>
      </symbol>
      <symbol id="sm-284">
         <name>__TI_auto_init_nobinit_nopinit</name>
         <value>0x220d</value>
         <object_component_ref idref="oc-f3"/>
      </symbol>
      <symbol id="sm-28c">
         <name>_system_pre_init</name>
         <value>0x269f</value>
         <object_component_ref idref="oc-7f"/>
      </symbol>
      <symbol id="sm-297">
         <name>__TI_zero_init</name>
         <value>0x261d</value>
         <object_component_ref idref="oc-59"/>
      </symbol>
      <symbol id="sm-2a0">
         <name>__TI_decompress_none</name>
         <value>0x25db</value>
         <object_component_ref idref="oc-20"/>
      </symbol>
      <symbol id="sm-2ab">
         <name>__TI_decompress_lzss</name>
         <value>0x1805</value>
         <object_component_ref idref="oc-1c"/>
      </symbol>
      <symbol id="sm-2c1">
         <name>__TI_printfi_minimal</name>
         <value>0x391</value>
         <object_component_ref idref="oc-1b2"/>
      </symbol>
      <symbol id="sm-2d1">
         <name>memccpy</name>
         <value>0x2405</value>
         <object_component_ref idref="oc-1bc"/>
      </symbol>
      <symbol id="sm-2dd">
         <name>HOSTexit</name>
         <value>0x2697</value>
         <object_component_ref idref="oc-16d"/>
      </symbol>
      <symbol id="sm-2de">
         <name>C$$EXIT</name>
         <value>0x2696</value>
         <object_component_ref idref="oc-16d"/>
      </symbol>
      <symbol id="sm-2f4">
         <name>__aeabi_memcpy</name>
         <value>0x2689</value>
         <object_component_ref idref="oc-4c"/>
      </symbol>
      <symbol id="sm-2f5">
         <name>__aeabi_memcpy4</name>
         <value>0x2689</value>
         <object_component_ref idref="oc-4c"/>
      </symbol>
      <symbol id="sm-2f6">
         <name>__aeabi_memcpy8</name>
         <value>0x2689</value>
         <object_component_ref idref="oc-4c"/>
      </symbol>
      <symbol id="sm-2ff">
         <name>__aeabi_memset</name>
         <value>0x262d</value>
         <object_component_ref idref="oc-1bb"/>
      </symbol>
      <symbol id="sm-300">
         <name>__aeabi_memset4</name>
         <value>0x262d</value>
         <object_component_ref idref="oc-1bb"/>
      </symbol>
      <symbol id="sm-301">
         <name>__aeabi_memset8</name>
         <value>0x262d</value>
         <object_component_ref idref="oc-1bb"/>
      </symbol>
      <symbol id="sm-302">
         <name>__aeabi_memclr</name>
         <value>0x2671</value>
         <object_component_ref idref="oc-7a"/>
      </symbol>
      <symbol id="sm-303">
         <name>__aeabi_memclr4</name>
         <value>0x2671</value>
         <object_component_ref idref="oc-7a"/>
      </symbol>
      <symbol id="sm-304">
         <name>__aeabi_memclr8</name>
         <value>0x2671</value>
         <object_component_ref idref="oc-7a"/>
      </symbol>
      <symbol id="sm-30a">
         <name>__aeabi_uidiv</name>
         <value>0x2191</value>
         <object_component_ref idref="oc-d3"/>
      </symbol>
      <symbol id="sm-30b">
         <name>__aeabi_uidivmod</name>
         <value>0x2191</value>
         <object_component_ref idref="oc-d3"/>
      </symbol>
      <symbol id="sm-316">
         <name>__aeabi_idiv0</name>
         <value>0x11a3</value>
         <object_component_ref idref="oc-167"/>
      </symbol>
      <symbol id="sm-320">
         <name>TI_memcpy_small</name>
         <value>0x25c9</value>
         <object_component_ref idref="oc-a6"/>
      </symbol>
      <symbol id="sm-329">
         <name>TI_memset_small</name>
         <value>0x2657</value>
         <object_component_ref idref="oc-118"/>
      </symbol>
      <symbol id="sm-32a">
         <name>__TI_static_base__</name>
         <value>0x0</value>
      </symbol>
      <symbol id="sm-32d">
         <name>__mpu_init</name>
         <value>0x0</value>
      </symbol>
      <symbol id="sm-32e">
         <name>_system_post_cinit</name>
         <value>0x0</value>
      </symbol>
   </symbol_table>
   <title>Link successful</title>
</link_info>
