******************************************************************************
            TI ARM Clang Linker PC v4.0.4                      
******************************************************************************
>> Linked Wed Feb 11 16:19:32 2026

OUTPUT FILE NAME:   <RTOS_Lab5_ProcessLoader.out>
ENTRY POINT SYMBOL: "_c_int00_noargs"  address: 00003fe5


MEMORY CONFIGURATION

         name            origin    length      used     unused   attr    fill
----------------------  --------  ---------  --------  --------  ----  --------
  FLASH                 00000000   00020000  00004b20  0001b4e0  R  X
  SRAM                  20200000   00008000  00002db9  00005247  RW X
  BCR_CONFIG            41c00000   00000080  00000000  00000080  R   
  BSL_CONFIG            41c00100   00000080  00000000  00000080  R   


SEGMENT ALLOCATION MAP

run origin  load origin   length   init length attrs members
----------  ----------- ---------- ----------- ----- -------
00000000    00000000    00004b20   00004b20    r-x
  00000000    00000000    000000c0   000000c0    r-- .intvecs
  000000c0    000000c0    00004300   00004300    r-x .text
  000043c0    000043c0    00000710   00000710    r-- .rodata
  00004ad0    00004ad0    00000050   00000050    r-- .cinit
20200000    20200000    00002bc0   00000000    rw-
  20200000    20200000    0000217c   00000000    rw- .bss
  2020217c    2020217c    0000083d   00000000    rw- .data
  202029c0    202029c0    00000200   00000000    rw- .sysmem
20207e00    20207e00    00000200   00000000    rw-
  20207e00    20207e00    00000200   00000000    rw- .stack


SECTION ALLOCATION MAP

 output                                  attributes/
section   page    origin      length       input sections
--------  ----  ----------  ----------   ----------------
.intvecs   0    00000000    000000c0     
                  00000000    000000c0     startup_mspm0g3507_ticlang.o (.intvecs)

.text      0    000000c0    00004300     
                  000000c0    000002a4     Interpreter.o (.text.Interpreter)
                  00000364    00000228     eDisk.o (.text.eDisk_Init)
                  0000058c    000001b4     Clock.o (.text.Clock_Init80MHz)
                  00000740    000001a4     ST7735_SDC.o (.text.ST7735_DrawChar)
                  000008e4    00000188     OS.o (.text.OS_AddThread)
                  00000a6c    00000180     ST7735_SDC.o (.text.ST7735_Message)
                  00000bec    00000174     TFLuna2.o (.text.TFLuna2_Init)
                  00000d60    00000150     eFile.o (.text.eFile_WriteSFix2)
                  00000eb0    00000144     TFLuna2.o (.text.copyHardwareToSoftware2)
                  00000ff4    00000130     LPF.o (.text.Median5)
                  00001124    00000126     eDisk.o (.text.send_cmd)
                  0000124a    00000002     libclang_rt.builtins.a : aeabi_div0.c.obj (.text.__aeabi_idiv0)
                  0000124c    00000120     SPI.o (.text.SPI1_Init)
                  0000136c    0000011c     eFile.o (.text.eFile_WOpen)
                  00001488    00000118     ST7735_SDC.o (.text.ST7735_FillRect)
                  000015a0    00000118     eDisk.o (.text.eDisk_Write)
                  000016b8    00000110     RTOS_Lab5.o (.text.realmain)
                  000017c8    00000108     eFile.o (.text.eFile_Create)
                  000018d0    000000fc     RTOS_Lab5.o (.text.Robot)
                  000019cc    000000f4     ADC.o (.text.ADC0_Init)
                  00001ac0    000000f4     RTOS_Lab5.o (.text.DAS)
                  00001bb4    000000e4     OS.o (.text.GROUP1_IRQHandler)
                  00001c98    000000e4     eDisk.o (.text.eDisk_Read)
                  00001d7c    000000dc     OS.o (.text.OS_AddPeriodicThread)
                  00001e58    000000d0     ST7735_SDC.o (.text.ST7735_OutChar)
                  00001f28    000000cc     eFile.o (.text.eFile_Write)
                  00001ff4    000000c4     OS.o (.text.OS_Sleep)
                  000020b8    000000b8     OS.o (.text.OS_AddS2Task)
                  00002170    000000a8     Timer.o (.text.TimerG7_IntArm)
                  00002218    000000a8     Timer.o (.text.TimerG8_IntArm)
                  000022c0    000000a4     RTOS_Lab5.o (.text.Display)
                  00002364    000000a0     OS.o (.text.SysTick_Handler)
                  00002404    000000a0     OS.o (.text.TIMG7_IRQHandler)
                  000024a4    00000094     LPF.o (.text.Filter)
                  00002538    00000094     RTOS_Lab5.o (.text.ProcessLoadBlinky)
                  000025cc    00000094     ST7735_SDC.o (.text.ST7735_OutUDec)
                  00002660    00000090     OS.o (.text.EdgeTriggered_Init)
                  000026f0    00000090     RTOS_Lab5.o (.text.diskError)
                  00002780    00000088     OS.o (.text.TIMG8_IRQHandler)
                  00002808    00000088     ST7735_SDC.o (.text.setAddrWindow)
                  00002890    00000088     libc.a : strcmp-armv6m.S.obj (.text:strcmp)
                  00002918    00000084     ST7735_SDC.o (.text.ST7735_DrawString)
                  0000299c    00000084     OS.o (.text.__NVIC_SetPriority)
                  00002a20    0000007c     LaunchPad.o (.text.LaunchPad_Init)
                  00002a9c    0000007c     libc.a : copy_decompress_lzss.c.obj (.text:decompress:lzss)
                  00002b18    00000078     eDisk.o (.text.rcvr_datablock)
                  00002b90    00000076     eDisk.o (.text.xmit_datablock)
                  00002c06    00000002     --HOLE-- [fill = 0]
                  00002c08    00000070     eDisk.o (.text.disk_timerproc)
                  00002c78    00000070     osasm.o (.text)
                  00002ce8    00000068     RTOS_Lab5.o (.text.FileDump)
                  00002d50    00000068     LPF.o (.text.LPF_Init7)
                  00002db8    00000064     eFile.o (.text.AllocateBlock)
                  00002e1c    00000064     OS.o (.text.OS_Kill)
                  00002e80    00000064     RTOS_Lab5.o (.text.Producer)
                  00002ee4    00000064     SPI.o (.text.TFT_OutCommand)
                  00002f48    00000064     SPI.o (.text.TFT_OutData)
                  00002fac    00000064     RTOS_Lab5.o (.text.VirusDetector)
                  00003010    00000060     Timer.o (.text.TimerG12_Init)
                  00003070    00000060     eFile.o (.text.eFile_WClose)
                  000030d0    0000005c     RTOS_Lab5.o (.text.HandleCrash)
                  0000312c    0000005c     RTOS_UARTints.o (.text.UART0_IRQHandler)
                  00003188    0000005c     TFLuna2.o (.text.UART2_IRQHandler)
                  000031e4    00000058     IRDistance.o (.text.IRDistance_Convert)
                  0000323c    00000058     RTOS_Lab5.o (.text.Logic_Init)
                  00003294    00000058     OS.o (.text.OS_Fifo_Put)
                  000032ec    00000058     RTOS_Lab5.o (.text.StartFileDump)
                  00003344    00000056     libclang_rt.builtins.a : aeabi_idivmod.S.obj (.text.__aeabi_idivmod)
                  0000339a    00000056     eFile.o (.text.eFile_WriteUDec)
                  000033f0    00000054     eFile.o (.text.eFile_WriteString)
                  00003444    00000054     ST7735_SDC.o (.text.fillmessage)
                  00003498    00000050     eDisk.o (.text.wait_ready)
                  000034e8    00000050     eDisk.o (.text.xmit_spi_multi)
                  00003538    0000004c     TFLuna2.o (.text.Rx2Fifo_Put)
                  00003584    0000004c     RTOS_FIFO.o (.text.RxFifo_Get)
                  000035d0    0000004c     RTOS_FIFO.o (.text.RxFifo_Put)
                  0000361c    0000004c     TFLuna2.o (.text.Tx2Fifo_Put)
                  00003668    0000004c     RTOS_FIFO.o (.text.TxFifo_Get)
                  000036b4    0000004c     RTOS_FIFO.o (.text.TxFifo_Put)
                  00003700    0000004c     TFLuna2.o (.text.copySoftwareToHardware2)
                  0000374c    0000004c     RTOS_UARTints.o (.text.copySoftwareToHardware)
                  00003798    0000004c     eFile.o (.text.eFile_Init)
                  000037e4    00000048     OS.o (.text.OS_Fifo_Init)
                  0000382c    00000048     TFLuna2.o (.text.Tx2Fifo_Get)
                  00003874    00000048     OS.o (.text.get_next_free_tcb)
                  000038bc    00000048     eDisk.o (.text.xchg_spi)
                  00003904    00000044     ADC.o (.text.ADC0_In)
                  00003948    00000044     eDisk.o (.text.select)
                  0000398c    00000040     eFile.o (.text.FetchDirectory)
                  000039cc    00000040     SPI.o (.text.SPI1_Reset)
                  00003a0c    00000040     TFLuna2.o (.text.TFLuna2_OutChar)
                  00003a4c    00000040     RTOS_UARTints.o (.text.UART_OutChar)
                  00003a8c    00000040     libclang_rt.builtins.a : aeabi_uidivmod.S.obj (.text.__aeabi_uidivmod)
                  00003acc    0000003c     OS.o (.text.OS_Fifo_Get)
                  00003b08    0000003c     OS.o (.text.OS_Init)
                  00003b44    0000003c     OS.o (.text.OS_Wait)
                  00003b80    0000003c     eDisk.o (.text.rcvr_spi)
                  00003bbc    0000003c     libc.a : autoinit.c.obj (.text:__TI_auto_init_nobinit_nopinit)
                  00003bf8    0000003a     OS.o (.text.OS_bWait)
                  00003c32    00000002     --HOLE-- [fill = 0]
                  00003c34    00000038     LaunchPad.o (.text.ActivatePortA_B)
                  00003c6c    00000038     RTOS_Lab5.o (.text.Jitter3_Init)
                  00003ca4    00000038     RTOS_Lab5.o (.text.PA28Push)
                  00003cdc    00000036     RTOS_UART.o (.text.UART_OutUDec)
                  00003d12    00000002     --HOLE-- [fill = 0]
                  00003d14    00000034     Clock.o (.text.Clock_Delay1ms)
                  00003d48    00000034     RTOS_Lab5.o (.text.S2Push)
                  00003d7c    00000034     ST7735_SDC.o (.text.ST7735_SetCursor)
                  00003db0    00000034     eFile.o (.text.eFile_Mount)
                  00003de4    00000034     eFile.o (.text.eFile_WriteUFix2)
                  00003e18    00000032     ST7735_SDC.o (.text.ST7735_Color565)
                  00003e4a    00000030     RTOS_Lab5.o (.text.Check)
                  00003e7a    00000002     --HOLE-- [fill = 0]
                  00003e7c    00000030     OS.o (.text.OS_Launch)
                  00003eac    00000030     TFLuna2.o (.text.TFLuna2_SendMessage)
                  00003edc    00000030     RTOS_UARTints.o (.text.copyHardwareToSoftware)
                  00003f0c    0000002c     RTOS_Lab5.o (.text.EndFileDump)
                  00003f38    0000002c     OS.o (.text.OS_MailBox_Init)
                  00003f64    0000002c     ST7735_SDC.o (.text.ST7735_FillScreen)
                  00003f90    0000002c     eDisk.o (.text.rcvr_spi_multi)
                  00003fbc    00000028     OS.o (.text.OS_MailBox_Send)
                  00003fe4    00000028     libc.a : boot_cortex_m.c.obj (.text:_c_int00_noargs)
                  0000400c    00000026     RTOS_UART.o (.text.UART_OutString)
                  00004032    00000002     --HOLE-- [fill = 0]
                  00004034    00000024     SPI.o (.text.CS_Init)
                  00004058    00000022     RTOS_UARTints.o (.text.UART_InChar)
                  0000407a    0000001e     OS.o (.text.OS_Signal)
                  00004098    0000001e     ST7735_SDC.o (.text.pushColor)
                  000040b6    00000002     --HOLE-- [fill = 0]
                  000040b8    0000001c     startup_mspm0g3507_ticlang.o (.text.Default_Handler)
                  000040d4    0000001c     startup_mspm0g3507_ticlang.o (.text.HardFault_Handler)
                  000040f0    0000001c     OS.o (.text.OS_ClearMsTime)
                  0000410c    0000001c     OS.o (.text.OS_bSignal)
                  00004128    0000001c     RTOS_Lab5.o (.text.main)
                  00004144    00000018     OS.o (.text.OS_Suspend)
                  0000415c    00000018     TFLuna2.o (.text.TFLuna2_InStatus)
                  00004174    00000018     TFLuna2.o (.text.TFLuna2_OutStatus)
                  0000418c    00000018     RTOS_FIFO.o (.text.TxFifo_Size)
                  000041a4    00000018     eDisk.o (.text.eDisk_ReadBlock)
                  000041bc    00000018     eDisk.o (.text.eDisk_WriteBlock)
                  000041d4    00000018     eDisk.o (.text.init_spi)
                  000041ec    00000014     TFLuna2.o (.text.Rx2Fifo_Init)
                  00004200    00000014     ST7735_SDC.o (.text.ST7735_SetTextColor)
                  00004214    00000014     TFLuna2.o (.text.Tx2Fifo_Init)
                  00004228    00000014     eDisk.o (.text.deselect)
                  0000423c    00000012     libc.a : memcpy16.S.obj (.text:TI_memcpy_small)
                  0000424e    00000012            : copy_decompress_none.c.obj (.text:decompress:none)
                  00004260    00000010     eFile.o (.text.BackupDirectory)
                  00004270    00000010     Clock.o (.text.Clock_Delay)
                  00004280    00000010     LaunchPad.o (.text.Delay)
                  00004290    00000010     OS.o (.text.OS_InitSemaphore)
                  000042a0    00000010     OS.o (.text.OS_TimeDifference)
                  000042b0    00000010     TFLuna2.o (.text.TFLuna2_Format_Standard_mm)
                  000042c0    00000010     TFLuna2.o (.text.TFLuna2_Frame_Rate)
                  000042d0    00000010     TFLuna2.o (.text.TFLuna2_SaveSettings)
                  000042e0    00000010     TFLuna2.o (.text.TFLuna2_System_Reset)
                  000042f0    00000010     libc.a : copy_zero_init.c.obj (.text:decompress:ZI)
                  00004300    0000000e            : strcpy.c.obj (.text.strcpy)
                  0000430e    0000000e            : strlen.c.obj (.text.strlen)
                  0000431c    0000000e            : memset16.S.obj (.text:TI_memset_small)
                  0000432a    00000002     --HOLE-- [fill = 0]
                  0000432c    0000000c     Clock.o (.text.Clock_Freq)
                  00004338    0000000c     OS.o (.text.OS_AddPA28Task)
                  00004344    0000000c     OS.o (.text.OS_Id)
                  00004350    0000000c     OS.o (.text.OS_LoadProgram)
                  0000435c    0000000c     OS.o (.text.OS_MsTime)
                  00004368    0000000c     OS.o (.text.OS_Time)
                  00004374    0000000c     ST7735_SDC.o (.text.ST7735_GetCursorX)
                  00004380    0000000c     ST7735_SDC.o (.text.ST7735_GetCursorY)
                  0000438c    0000000c     libclang_rt.builtins.a : aeabi_memset.S.obj (.text.__aeabi_memclr)
                  00004398    00000008                            : aeabi_memcpy.S.obj (.text.__aeabi_memcpy)
                  000043a0    00000006     libc.a : exit.c.obj (.text:abort)
                  000043a6    00000004     libsysbm.a : hostexit.c.obj (.text.HOSTexit)
                  000043aa    00000004     OS.o (.text.OS_MailBox_Recv)
                  000043ae    00000004     startup_mspm0g3507_ticlang.o (.text.Reset_Handler)
                  000043b2    00000004     libc.a : pre_init.c.obj (.text._system_pre_init)
                  000043b6    0000000a     --HOLE-- [fill = 0]

.cinit     0    00004ad0    00000050     
                  00004ad0    00000027     (.cinit..data.load) [load image, compression = lzss]
                  00004af7    00000001     --HOLE-- [fill = 0]
                  00004af8    0000000c     (__TI_handler_table)
                  00004b04    00000008     (.cinit..bss.load) [load image, compression = zero_init]
                  00004b0c    00000010     (__TI_cinit_table)
                  00004b1c    00000004     --HOLE-- [fill = 0]

.rodata    0    000043c0    00000710     
                  000043c0    000004fb     ST7735_SDC.o (.rodata.Font)
                  000048bb    0000001e     RTOS_Lab5.o (.rodata.str1.17600078406943778074.1)
                  000048d9    0000001e     RTOS_Lab5.o (.rodata.str1.17643776670215194585.1)
                  000048f7    0000001c     RTOS_Lab5.o (.rodata.str1.15456001258789406623.1)
                  00004913    00000016     ST7735_SDC.o (.rodata.str1.18061791561094498689.1)
                  00004929    00000012     RTOS_Lab5.o (.rodata.str1.13049447050927548037.1)
                  0000493b    00000011     RTOS_Lab5.o (.rodata.str1.10073582325274283228.1)
                  0000494c    00000010     IRDistance.o (.rodata.A)
                  0000495c    00000010     IRDistance.o (.rodata.B)
                  0000496c    00000010     IRDistance.o (.rodata.C)
                  0000497c    00000010     IRDistance.o (.rodata.IRmax)
                  0000498c    00000010     Interpreter.o (.rodata.str1.15287782171638189172.1)
                  0000499c    0000000e     RTOS_Lab5.o (.rodata.str1.11857737906956535746.1)
                  000049aa    0000000e     RTOS_Lab5.o (.rodata.str1.12147185850256793328.1)
                  000049b8    0000000e     Interpreter.o (.rodata.str1.13584691219899174016.1)
                  000049c6    0000000e     RTOS_Lab5.o (.rodata.str1.17608662895273101376.1)
                  000049d4    0000000e     Interpreter.o (.rodata.str1.310310424903037747.1)
                  000049e2    0000000e     Interpreter.o (.rodata.str1.438584629756741659.1)
                  000049f0    0000000d     RTOS_Lab5.o (.rodata.str1.16856995683661596388.1)
                  000049fd    0000000c     Interpreter.o (.rodata.str1.10788060859246666907.1)
                  00004a09    0000000c     Interpreter.o (.rodata.str1.6099132036730984718.1)
                  00004a15    0000000c     RTOS_Lab5.o (.rodata.str1.6560052421503216606.1)
                  00004a21    0000000c     RTOS_Lab5.o (.rodata.str1.7369263583606093722.1)
                  00004a2d    0000000b     RTOS_Lab5.o (.rodata.str1.1183891424293492196.1)
                  00004a38    0000000b     RTOS_Lab5.o (.rodata.str1.14102338339421655580.1)
                  00004a43    0000000b     Interpreter.o (.rodata.str1.8801398533620989010.1)
                  00004a4e    0000000a     Interpreter.o (.rodata.str1.6869798450878480225.1)
                  00004a58    0000000a     Interpreter.o (.rodata.str1.8834951582488220755.1)
                  00004a62    00000009     RTOS_Lab5.o (.rodata.str1.7805078997359376003.1)
                  00004a6b    00000008     RTOS_Lab5.o (.rodata.str1.1175348895140946567.1)
                  00004a73    00000008     RTOS_Lab5.o (.rodata.str1.18093431628834258641.1)
                  00004a7b    00000008     RTOS_Lab5.o (.rodata.str1.3183459728129356454.1)
                  00004a83    00000008     eFile.o (.rodata.str1.3275242461165556322.1)
                  00004a8b    00000008     Interpreter.o (.rodata.str1.8740789795297769696.1)
                  00004a93    00000007     RTOS_Lab5.o (.rodata.str1.18421115912467365801.1)
                  00004a9a    00000007     RTOS_Lab5.o (.rodata.str1.4762779162809386386.1)
                  00004aa1    00000007     RTOS_Lab5.o (.rodata.str1.8058806917572879161.1)
                  00004aa8    00000006     TFLunaCommon.o (.rodata.Frame_Rate)
                  00004aae    00000006     Interpreter.o (.rodata.str1.16145079996052228972.1)
                  00004ab4    00000006     RTOS_Lab5.o (.rodata.str1.7796261060849598389.1)
                  00004aba    00000005     TFLunaCommon.o (.rodata.Format_Standard_mm)
                  00004abf    00000004     TFLunaCommon.o (.rodata.SaveSettings)
                  00004ac3    00000004     TFLunaCommon.o (.rodata.System_Reset)
                  00004ac7    00000003     RTOS_Lab5.o (.rodata.str1.9132024637785994334.1)
                  00004aca    00000002     Interpreter.o (.rodata.str1.1287619923014008887.1)
                  00004acc    00000002     Interpreter.o (.rodata.str1.9303564720754203623.1)
                  00004ace    00000002     --HOLE-- [fill = 0]

.init_array 
*          0    00000000    00000000     UNINITIALIZED

.binit     0    00000000    00000000     

.bss       0    20200000    0000217c     UNINITIALIZED
                  20200000    00001400     (.common:stacks)
                  20201400    00000400     (.common:fifo)
                  20201800    00000200     (.common:Directory)
                  20201a00    00000200     (.common:TempBlock)
                  20201c00    00000200     (.common:WCurrentBlock)
                  20201e00    000000c8     (.common:tcbs)
                  20201ec8    00000050     (.common:periodic_threads)
                  20201f18    00000040     RTOS_FIFO.o (.bss.TxFifo)
                  20201f58    00000040     (.common:x)
                  20201f98    00000040     (.common:x7)
                  20201fd8    0000001c     (.common:f7)
                  20201ff4    0000001c     (.common:mx7)
                  20202010    00000018     LPF.o (.bss.Filter.x)
                  20202028    00000018     LPF.o (.bss.Filter.y)
                  20202040    00000018     (.common:s2_threads)
                  20202058    00000015     (.common:str)
                  2020206d    00000010     TFLuna2.o (.bss.Rx2Fifo)
                  2020207d    00000010     RTOS_FIFO.o (.bss.RxFifo)
                  2020208d    00000010     TFLuna2.o (.bss.Tx2Fifo)
                  2020209d    0000000c     (.common:Message)
                  202020a9    0000000c     (.common:TFLuna2DataMessage)
                  202020b5    0000000a     (.common:used_tcbs)
                  202020bf    00000001     eDisk.o (.bss.CardType)
                  202020c0    00000004     RTOS_Lab5.o (.bss.DAS.LastTime)
                  202020c4    00000004     TFLuna2.o (.bss.Rx2GetI)
                  202020c8    00000004     TFLuna2.o (.bss.Rx2PutI)
                  202020cc    00000004     eDisk.o (.bss.Timer1)
                  202020d0    00000004     eDisk.o (.bss.Timer2)
                  202020d4    00000004     TFLuna2.o (.bss.Tx2GetI)
                  202020d8    00000004     TFLuna2.o (.bss.Tx2PutI)
                  202020dc    00000004     (.common:BadCheckSum2)
                  202020e0    00000004     (.common:Checks)
                  202020e4    00000004     (.common:ChecksWork)
                  202020e8    00000004     (.common:Checksum)
                  202020ec    00000004     (.common:ChecksumErrors)
                  202020f0    00000004     (.common:ChecksumOriginal)
                  202020f4    00000004     (.common:DataAvailable)
                  202020f8    00000004     (.common:DataLost)
                  202020fc    00000004     (.common:DirectoryIn)
                  20202100    00000004     (.common:Distance)
                  20202104    00000004     (.common:Distance2)
                  20202108    00000004     (.common:FilterOutput)
                  2020210c    00000004     (.common:FilterWork)
                  20202110    00000004     (.common:I7)
                  20202114    00000004     (.common:LCDFree)
                  20202118    00000004     (.common:LPFSum7)
                  2020211c    00000004     (.common:LostData2)
                  20202120    00000004     (.common:MailBoxData)
                  20202124    00000004     (.common:MailBoxDataAvailable)
                  20202128    00000004     (.common:MailBoxFree)
                  2020212c    00000004     (.common:MaxJitter3)
                  20202130    00000004     (.common:Messageindex)
                  20202134    00000004     (.common:NumCreated)
                  20202138    00000004     (.common:NumProcessCreated)
                  2020213c    00000004     (.common:ROpenFile)
                  20202140    00000004     (.common:Running)
                  20202144    00000004     (.common:RxGetI)
                  20202148    00000004     (.common:RxPutI)
                  2020214c    00000004     (.common:Size7)
                  20202150    00000004     (.common:TFLuna2Distance)
                  20202154    00000004     (.common:TFLuna2Function)
                  20202158    00000004     (.common:TFLuna2Index)
                  2020215c    00000004     (.common:TimeMs)
                  20202160    00000004     (.common:TxGetI)
                  20202164    00000004     (.common:TxPutI)
                  20202168    00000004     (.common:WBlockNum)
                  2020216c    00000004     (.common:WOpenFile)
                  20202170    00000004     (.common:j)
                  20202174    00000002     (.common:fifo_size)
                  20202176    00000001     ST7735_SDC.o (.bss.ColStart)
                  20202177    00000001     ST7735_SDC.o (.bss.RowStart)
                  20202178    00000001     (.common:GetI)
                  20202179    00000001     (.common:PutI)
                  2020217a    00000001     (.common:TFLuna2LastByte)
                  2020217b    00000001     (.common:c)

.data      0    2020217c    0000083d     UNINITIALIZED
                  2020217c    00000800     RTOS_Lab5.o (.data.JitterHistogram3)
                  2020297c    00000008     RTOS_Lab5.o (.data.FileName)
                  20202984    00000004     RTOS_Lab5.o (.data.ArmCrash)
                  20202988    00000004     Clock.o (.data.BusFreq)
                  2020298c    00000004     ST7735_SDC.o (.data.Display_Free)
                  20202990    00000004     LPF.o (.data.Filter.n)
                  20202994    00000004     OS.o (.data.NextThreadPt)
                  20202998    00000004     eFile.o (.data.OpenFlag)
                  2020299c    00000004     OS.o (.data.RunPt)
                  202029a0    00000004     SPI.o (.data.SPI1_init_Flag)
                  202029a4    00000004     ST7735_SDC.o (.data.StX)
                  202029a8    00000004     ST7735_SDC.o (.data.StY)
                  202029ac    00000004     OS.o (.data.delta_queue_head)
                  202029b0    00000002     ST7735_SDC.o (.data.StTextColor)
                  202029b2    00000002     ST7735_SDC.o (.data._height)
                  202029b4    00000002     ST7735_SDC.o (.data._width)
                  202029b6    00000001     eDisk.o (.data.Stat)
                  202029b7    00000001     OS.o (.data.num_periodic_threads)
                  202029b8    00000001     OS.o (.data.num_s2_threads)

.sysmem    0    202029c0    00000200     UNINITIALIZED
                  202029c0    00000010     libc.a : memory.c.obj (.sysmem)
                  202029d0    000001f0     --HOLE--

.stack     0    20207e00    00000200     UNINITIALIZED
                  20207e00    00000004     libc.a : boot_cortex_m.c.obj (.stack)
                  20207e04    000001fc     --HOLE--

__llvm_prf_cnts 
*          0    20200000    00000000     UNINITIALIZED

__llvm_prf_bits 
*          0    20200000    00000000     UNINITIALIZED

MODULE SUMMARY

       Module                         code    ro data   rw data
       ------                         ----    -------   -------
    .\
       OS.o                           2860    0         6496   
       RTOS_Lab5.o                    2080    287       2188   
       ST7735_SDC.o                   2012    1297      36     
       eFile.o                        1714    8         1556   
       eDisk.o                        2200    0         10     
       TFLuna2.o                      1352    0         81     
       Interpreter.o                  676     131       26     
       LPF.o                          556     0         184    
       SPI.o                          588     0         4      
       Clock.o                        516     0         4      
       Timer.o                        432     0         0      
       RTOS_FIFO.o                    328     0         96     
       RTOS_UARTints.o                314     0         0      
       ADC.o                          312     0         0      
       LaunchPad.o                    196     0         0      
       IRDistance.o                   88      64        0      
       osasm.o                        112     0         0      
       RTOS_UART.o                    92      0         0      
       TFLunaCommon.o                 0       19        0      
    +--+------------------------------+-------+---------+---------+
       Total:                         16428   1806      10681  
                                                               
    .\ticlang\
       startup_mspm0g3507_ticlang.o   60      192       0      
    +--+------------------------------+-------+---------+---------+
       Total:                         60      192       0      
                                                               
    C:\ti\ccs2040\ccs\tools\compiler\ti-cgt-armllvm_4.0.4.LTS\lib\armv6m-ti-none-eabi/c/libc.a
       strcmp-armv6m.S.obj            136     0         0      
       copy_decompress_lzss.c.obj     124     0         0      
       autoinit.c.obj                 60      0         0      
       boot_cortex_m.c.obj            40      0         0      
       copy_decompress_none.c.obj     18      0         0      
       memcpy16.S.obj                 18      0         0      
       copy_zero_init.c.obj           16      0         0      
       memset16.S.obj                 14      0         0      
       strcpy.c.obj                   14      0         0      
       strlen.c.obj                   14      0         0      
       exit.c.obj                     6       0         0      
       pre_init.c.obj                 4       0         0      
    +--+------------------------------+-------+---------+---------+
       Total:                         464     0         0      
                                                               
    C:\ti\ccs2040\ccs\tools\compiler\ti-cgt-armllvm_4.0.4.LTS\lib\armv6m-ti-none-eabi/c/libsysbm.a
       hostexit.c.obj                 4       0         0      
    +--+------------------------------+-------+---------+---------+
       Total:                         4       0         0      
                                                               
    C:\ti\ccs2040\ccs\tools\compiler\ti-cgt-armllvm_4.0.4.LTS\lib\armv6m-ti-none-eabi/libclang_rt.builtins.a
       aeabi_idivmod.S.obj            86      0         0      
       aeabi_uidivmod.S.obj           64      0         0      
       aeabi_memset.S.obj             12      0         0      
       aeabi_memcpy.S.obj             8       0         0      
       aeabi_div0.c.obj               2       0         0      
    +--+------------------------------+-------+---------+---------+
       Total:                         172     0         0      
                                                               
       Heap:                          0       0         512    
       Stack:                         0       0         512    
       Linker Generated:              0       75        0      
    +--+------------------------------+-------+---------+---------+
       Grand Total:                   17128   2073      11705  


LINKER GENERATED COPY TABLES

__TI_cinit_table @ 00004b0c records: 2, size/record: 8, table size: 16
	.data: load addr=00004ad0, load size=00000027 bytes, run addr=2020217c, run size=0000083d bytes, compression=lzss
	.bss: load addr=00004b04, load size=00000008 bytes, run addr=20200000, run size=0000217c bytes, compression=zero_init


LINKER GENERATED HANDLER TABLE

__TI_handler_table @ 00004af8 records: 3, size/record: 4, table size: 12
	index: 0, handler: __TI_decompress_lzss
	index: 1, handler: __TI_decompress_none
	index: 2, handler: __TI_zero_init


GLOBAL SYMBOLS: SORTED ALPHABETICALLY BY Name 

address   name                          
-------   ----                          
0000494c  A                             
000040b9  ADC0_IRQHandler               
00003905  ADC0_In                       
000019cd  ADC0_Init                     
000040b9  ADC1_IRQHandler               
000040b9  AES_IRQHandler                
00003c35  ActivatePortA_B               
00002db9  AllocateBlock                 
20202984  ArmCrash                      
0000495c  B                             
00004261  BackupDirectory               
202020dc  BadCheckSum2                  
20202988  BusFreq                       
0000496c  C                             
000043a6  C$$EXIT                       
000040b9  CANFD0_IRQHandler             
00004035  CS_Init                       
00003e4b  Check                         
202020e0  Checks                        
202020e4  ChecksWork                    
202020e8  Checksum                      
202020ec  ChecksumErrors                
202020f0  ChecksumOriginal              
00004271  Clock_Delay                   
00003d15  Clock_Delay1ms                
0000432d  Clock_Freq                    
0000058d  Clock_Init80MHz               
000040b9  DAC0_IRQHandler               
00001ac1  DAS                           
000040b9  DMA_IRQHandler                
202020f4  DataAvailable                 
202020f8  DataLost                      
000040b9  Default_Handler               
00004281  Delay                         
20201800  Directory                     
202020fc  DirectoryIn                   
000022c1  Display                       
2020298c  Display_Free                  
20202100  Distance                      
20202104  Distance2                     
00002661  EdgeTriggered_Init            
00002c88  EndCritical                   
00003f0d  EndFileDump                   
0000398d  FetchDirectory                
00002ce9  FileDump                      
2020297c  FileName                      
000024a5  Filter                        
20202108  FilterOutput                  
2020210c  FilterWork                    
00004aba  Format_Standard_mm            
00004aa8  Frame_Rate                    
000040b9  GROUP0_IRQHandler             
00001bb5  GROUP1_IRQHandler             
20202178  GetI                          
000043a7  HOSTexit                      
000030d1  HandleCrash                   
000040d5  HardFault_Handler             
000040b9  I2C0_IRQHandler               
000040b9  I2C1_IRQHandler               
20202110  I7                            
000031e5  IRDistance_Convert            
0000497c  IRmax                         
000000c1  Interpreter                   
00003c6d  Jitter3_Init                  
2020217c  JitterHistogram3              
20202114  LCDFree                       
20202118  LPFSum7                       
00002d51  LPF_Init7                     
00002a21  LaunchPad_Init                
0000323d  Logic_Init                    
2020211c  LostData2                     
20202120  MailBoxData                   
20202124  MailBoxDataAvailable          
20202128  MailBoxFree                   
2020212c  MaxJitter3                    
00000ff5  Median5                       
2020209d  Message                       
20202130  Messageindex                  
000040b9  NMI_Handler                   
20202994  NextThreadPt                  
20202134  NumCreated                    
20202138  NumProcessCreated             
00002c78  OSDisableInterrupts           
00002c7c  OSEnableInterrupts            
00004339  OS_AddPA28Task                
00001d7d  OS_AddPeriodicThread          
000020b9  OS_AddS2Task                  
000008e5  OS_AddThread                  
000040f1  OS_ClearMsTime                
00003acd  OS_Fifo_Get                   
000037e5  OS_Fifo_Init                  
00003295  OS_Fifo_Put                   
00004345  OS_Id                         
00003b09  OS_Init                       
00004291  OS_InitSemaphore              
00002e1d  OS_Kill                       
00003e7d  OS_Launch                     
00004351  OS_LoadProgram                
00003f39  OS_MailBox_Init               
000043ab  OS_MailBox_Recv               
00003fbd  OS_MailBox_Send               
0000435d  OS_MsTime                     
0000407b  OS_Signal                     
00001ff5  OS_Sleep                      
00004145  OS_Suspend                    
00004369  OS_Time                       
000042a1  OS_TimeDifference             
00003b45  OS_Wait                       
0000410d  OS_bSignal                    
00003bf9  OS_bWait                      
20202998  OpenFlag                      
00003ca5  PA28Push                      
00002ca9  PendSV_Handler                
00002539  ProcessLoadBlinky             
00002e81  Producer                      
20202179  PutI                          
2020213c  ROpenFile                     
000040b9  RTC_IRQHandler                
000043af  Reset_Handler                 
000018d1  Robot                         
2020299c  RunPt                         
20202140  Running                       
000041ed  Rx2Fifo_Init                  
00003539  Rx2Fifo_Put                   
00003585  RxFifo_Get                    
000035d1  RxFifo_Put                    
20202144  RxGetI                        
20202148  RxPutI                        
00003d49  S2Push                        
000040b9  SPI0_IRQHandler               
000040b9  SPI1_IRQHandler               
0000124d  SPI1_Init                     
000039cd  SPI1_Reset                    
202029a0  SPI1_init_Flag                
00003e19  ST7735_Color565               
00000741  ST7735_DrawChar               
00002919  ST7735_DrawString             
00001489  ST7735_FillRect               
00003f65  ST7735_FillScreen             
00004375  ST7735_GetCursorX             
00004381  ST7735_GetCursorY             
00000a6d  ST7735_Message                
00001e59  ST7735_OutChar                
000025cd  ST7735_OutUDec                
00003d7d  ST7735_SetCursor              
00004201  ST7735_SetTextColor           
00002cc5  SVC_Handler                   
00004abf  SaveSettings                  
2020214c  Size7                         
202029b0  StTextColor                   
202029a4  StX                           
202029a8  StY                           
00002c80  StartCritical                 
000032ed  StartFileDump                 
00002c8e  StartOS                       
00002365  SysTick_Handler               
00004ac3  System_Reset                  
202020a9  TFLuna2DataMessage            
20202150  TFLuna2Distance               
20202154  TFLuna2Function               
20202158  TFLuna2Index                  
2020217a  TFLuna2LastByte               
000042b1  TFLuna2_Format_Standard_mm    
000042c1  TFLuna2_Frame_Rate            
0000415d  TFLuna2_InStatus              
00000bed  TFLuna2_Init                  
00003a0d  TFLuna2_OutChar               
00004175  TFLuna2_OutStatus             
000042d1  TFLuna2_SaveSettings          
00003ead  TFLuna2_SendMessage           
000042e1  TFLuna2_System_Reset          
00002ee5  TFT_OutCommand                
00002f49  TFT_OutData                   
000040b9  TIMA0_IRQHandler              
000040b9  TIMA1_IRQHandler              
000040b9  TIMG0_IRQHandler              
000040b9  TIMG12_IRQHandler             
000040b9  TIMG6_IRQHandler              
00002405  TIMG7_IRQHandler              
00002781  TIMG8_IRQHandler              
0000423d  TI_memcpy_small               
0000431d  TI_memset_small               
20201a00  TempBlock                     
2020215c  TimeMs                        
00003011  TimerG12_Init                 
00002171  TimerG7_IntArm                
00002219  TimerG8_IntArm                
0000382d  Tx2Fifo_Get                   
00004215  Tx2Fifo_Init                  
0000361d  Tx2Fifo_Put                   
00003669  TxFifo_Get                    
000036b5  TxFifo_Put                    
0000418d  TxFifo_Size                   
20202160  TxGetI                        
20202164  TxPutI                        
0000312d  UART0_IRQHandler              
000040b9  UART1_IRQHandler              
00003189  UART2_IRQHandler              
000040b9  UART3_IRQHandler              
00004059  UART_InChar                   
00003a4d  UART_OutChar                  
0000400d  UART_OutString                
00003cdd  UART_OutUDec                  
00002fad  VirusDetector                 
20202168  WBlockNum                     
20201c00  WCurrentBlock                 
2020216c  WOpenFile                     
20208000  __STACK_END                   
00000200  __STACK_SIZE                  
00000200  __SYSMEM_SIZE                 
00000000  __TI_ATRegion0_region_sz      
00000000  __TI_ATRegion0_src_addr       
00000000  __TI_ATRegion0_trg_addr       
00000000  __TI_ATRegion1_region_sz      
00000000  __TI_ATRegion1_src_addr       
00000000  __TI_ATRegion1_trg_addr       
00000000  __TI_ATRegion2_region_sz      
00000000  __TI_ATRegion2_src_addr       
00000000  __TI_ATRegion2_trg_addr       
00004b0c  __TI_CINIT_Base               
00004b1c  __TI_CINIT_Limit              
00004b1c  __TI_CINIT_Warm               
00004af8  __TI_Handler_Table_Base       
00004b04  __TI_Handler_Table_Limit      
00003bbd  __TI_auto_init_nobinit_nopinit
00002a9d  __TI_decompress_lzss          
0000424f  __TI_decompress_none          
ffffffff  __TI_pprof_out_hndl           
ffffffff  __TI_prof_data_size           
ffffffff  __TI_prof_data_start          
00000000  __TI_static_base__            
000042f1  __TI_zero_init                
00003345  __aeabi_idiv                  
0000124b  __aeabi_idiv0                 
00003345  __aeabi_idivmod               
0000438d  __aeabi_memclr                
0000438d  __aeabi_memclr4               
0000438d  __aeabi_memclr8               
00004399  __aeabi_memcpy                
00004399  __aeabi_memcpy4               
00004399  __aeabi_memcpy8               
00003a8d  __aeabi_uidiv                 
00003a8d  __aeabi_uidivmod              
ffffffff  __binit__                     
UNDEFED   __mpu_init                    
20207e00  __stack                       
20200000  __start___llvm_prf_bits       
20200000  __start___llvm_prf_cnts       
20200000  __stop___llvm_prf_bits        
20200000  __stop___llvm_prf_cnts        
00003fe5  _c_int00_noargs               
202029c0  _sys_memory                   
UNDEFED   _system_post_cinit            
000043b3  _system_pre_init              
000043a1  abort                         
ffffffff  binit                         
2020217b  c                             
202029ac  delta_queue_head              
000026f1  diskError                     
00002c09  disk_timerproc                
00000365  eDisk_Init                    
00001c99  eDisk_Read                    
000041a5  eDisk_ReadBlock               
000015a1  eDisk_Write                   
000041bd  eDisk_WriteBlock              
000017c9  eFile_Create                  
00003799  eFile_Init                    
00003db1  eFile_Mount                   
00003071  eFile_WClose                  
0000136d  eFile_WOpen                   
00001f29  eFile_Write                   
00000d61  eFile_WriteSFix2              
000033f1  eFile_WriteString             
0000339b  eFile_WriteUDec               
00003de5  eFile_WriteUFix2              
20201fd8  f7                            
20201400  fifo                          
20202174  fifo_size                     
00003445  fillmessage                   
00003875  get_next_free_tcb             
00000000  interruptVectors              
20202170  j                             
00004129  main                          
20201ff4  mx7                           
202029b7  num_periodic_threads          
202029b8  num_s2_threads                
20201ec8  periodic_threads              
000016b9  realmain                      
20202040  s2_threads                    
20200000  stacks                        
20202058  str                           
00002891  strcmp                        
00004301  strcpy                        
0000430f  strlen                        
20201e00  tcbs                          
202020b5  used_tcbs                     
20201f58  x                             
20201f98  x7                            


GLOBAL SYMBOLS: SORTED BY Symbol Address 

address   name                          
-------   ----                          
00000000  __TI_ATRegion0_region_sz      
00000000  __TI_ATRegion0_src_addr       
00000000  __TI_ATRegion0_trg_addr       
00000000  __TI_ATRegion1_region_sz      
00000000  __TI_ATRegion1_src_addr       
00000000  __TI_ATRegion1_trg_addr       
00000000  __TI_ATRegion2_region_sz      
00000000  __TI_ATRegion2_src_addr       
00000000  __TI_ATRegion2_trg_addr       
00000000  __TI_static_base__            
00000000  interruptVectors              
000000c1  Interpreter                   
00000200  __STACK_SIZE                  
00000200  __SYSMEM_SIZE                 
00000365  eDisk_Init                    
0000058d  Clock_Init80MHz               
00000741  ST7735_DrawChar               
000008e5  OS_AddThread                  
00000a6d  ST7735_Message                
00000bed  TFLuna2_Init                  
00000d61  eFile_WriteSFix2              
00000ff5  Median5                       
0000124b  __aeabi_idiv0                 
0000124d  SPI1_Init                     
0000136d  eFile_WOpen                   
00001489  ST7735_FillRect               
000015a1  eDisk_Write                   
000016b9  realmain                      
000017c9  eFile_Create                  
000018d1  Robot                         
000019cd  ADC0_Init                     
00001ac1  DAS                           
00001bb5  GROUP1_IRQHandler             
00001c99  eDisk_Read                    
00001d7d  OS_AddPeriodicThread          
00001e59  ST7735_OutChar                
00001f29  eFile_Write                   
00001ff5  OS_Sleep                      
000020b9  OS_AddS2Task                  
00002171  TimerG7_IntArm                
00002219  TimerG8_IntArm                
000022c1  Display                       
00002365  SysTick_Handler               
00002405  TIMG7_IRQHandler              
000024a5  Filter                        
00002539  ProcessLoadBlinky             
000025cd  ST7735_OutUDec                
00002661  EdgeTriggered_Init            
000026f1  diskError                     
00002781  TIMG8_IRQHandler              
00002891  strcmp                        
00002919  ST7735_DrawString             
00002a21  LaunchPad_Init                
00002a9d  __TI_decompress_lzss          
00002c09  disk_timerproc                
00002c78  OSDisableInterrupts           
00002c7c  OSEnableInterrupts            
00002c80  StartCritical                 
00002c88  EndCritical                   
00002c8e  StartOS                       
00002ca9  PendSV_Handler                
00002cc5  SVC_Handler                   
00002ce9  FileDump                      
00002d51  LPF_Init7                     
00002db9  AllocateBlock                 
00002e1d  OS_Kill                       
00002e81  Producer                      
00002ee5  TFT_OutCommand                
00002f49  TFT_OutData                   
00002fad  VirusDetector                 
00003011  TimerG12_Init                 
00003071  eFile_WClose                  
000030d1  HandleCrash                   
0000312d  UART0_IRQHandler              
00003189  UART2_IRQHandler              
000031e5  IRDistance_Convert            
0000323d  Logic_Init                    
00003295  OS_Fifo_Put                   
000032ed  StartFileDump                 
00003345  __aeabi_idiv                  
00003345  __aeabi_idivmod               
0000339b  eFile_WriteUDec               
000033f1  eFile_WriteString             
00003445  fillmessage                   
00003539  Rx2Fifo_Put                   
00003585  RxFifo_Get                    
000035d1  RxFifo_Put                    
0000361d  Tx2Fifo_Put                   
00003669  TxFifo_Get                    
000036b5  TxFifo_Put                    
00003799  eFile_Init                    
000037e5  OS_Fifo_Init                  
0000382d  Tx2Fifo_Get                   
00003875  get_next_free_tcb             
00003905  ADC0_In                       
0000398d  FetchDirectory                
000039cd  SPI1_Reset                    
00003a0d  TFLuna2_OutChar               
00003a4d  UART_OutChar                  
00003a8d  __aeabi_uidiv                 
00003a8d  __aeabi_uidivmod              
00003acd  OS_Fifo_Get                   
00003b09  OS_Init                       
00003b45  OS_Wait                       
00003bbd  __TI_auto_init_nobinit_nopinit
00003bf9  OS_bWait                      
00003c35  ActivatePortA_B               
00003c6d  Jitter3_Init                  
00003ca5  PA28Push                      
00003cdd  UART_OutUDec                  
00003d15  Clock_Delay1ms                
00003d49  S2Push                        
00003d7d  ST7735_SetCursor              
00003db1  eFile_Mount                   
00003de5  eFile_WriteUFix2              
00003e19  ST7735_Color565               
00003e4b  Check                         
00003e7d  OS_Launch                     
00003ead  TFLuna2_SendMessage           
00003f0d  EndFileDump                   
00003f39  OS_MailBox_Init               
00003f65  ST7735_FillScreen             
00003fbd  OS_MailBox_Send               
00003fe5  _c_int00_noargs               
0000400d  UART_OutString                
00004035  CS_Init                       
00004059  UART_InChar                   
0000407b  OS_Signal                     
000040b9  ADC0_IRQHandler               
000040b9  ADC1_IRQHandler               
000040b9  AES_IRQHandler                
000040b9  CANFD0_IRQHandler             
000040b9  DAC0_IRQHandler               
000040b9  DMA_IRQHandler                
000040b9  Default_Handler               
000040b9  GROUP0_IRQHandler             
000040b9  I2C0_IRQHandler               
000040b9  I2C1_IRQHandler               
000040b9  NMI_Handler                   
000040b9  RTC_IRQHandler                
000040b9  SPI0_IRQHandler               
000040b9  SPI1_IRQHandler               
000040b9  TIMA0_IRQHandler              
000040b9  TIMA1_IRQHandler              
000040b9  TIMG0_IRQHandler              
000040b9  TIMG12_IRQHandler             
000040b9  TIMG6_IRQHandler              
000040b9  UART1_IRQHandler              
000040b9  UART3_IRQHandler              
000040d5  HardFault_Handler             
000040f1  OS_ClearMsTime                
0000410d  OS_bSignal                    
00004129  main                          
00004145  OS_Suspend                    
0000415d  TFLuna2_InStatus              
00004175  TFLuna2_OutStatus             
0000418d  TxFifo_Size                   
000041a5  eDisk_ReadBlock               
000041bd  eDisk_WriteBlock              
000041ed  Rx2Fifo_Init                  
00004201  ST7735_SetTextColor           
00004215  Tx2Fifo_Init                  
0000423d  TI_memcpy_small               
0000424f  __TI_decompress_none          
00004261  BackupDirectory               
00004271  Clock_Delay                   
00004281  Delay                         
00004291  OS_InitSemaphore              
000042a1  OS_TimeDifference             
000042b1  TFLuna2_Format_Standard_mm    
000042c1  TFLuna2_Frame_Rate            
000042d1  TFLuna2_SaveSettings          
000042e1  TFLuna2_System_Reset          
000042f1  __TI_zero_init                
00004301  strcpy                        
0000430f  strlen                        
0000431d  TI_memset_small               
0000432d  Clock_Freq                    
00004339  OS_AddPA28Task                
00004345  OS_Id                         
00004351  OS_LoadProgram                
0000435d  OS_MsTime                     
00004369  OS_Time                       
00004375  ST7735_GetCursorX             
00004381  ST7735_GetCursorY             
0000438d  __aeabi_memclr                
0000438d  __aeabi_memclr4               
0000438d  __aeabi_memclr8               
00004399  __aeabi_memcpy                
00004399  __aeabi_memcpy4               
00004399  __aeabi_memcpy8               
000043a1  abort                         
000043a6  C$$EXIT                       
000043a7  HOSTexit                      
000043ab  OS_MailBox_Recv               
000043af  Reset_Handler                 
000043b3  _system_pre_init              
0000494c  A                             
0000495c  B                             
0000496c  C                             
0000497c  IRmax                         
00004aa8  Frame_Rate                    
00004aba  Format_Standard_mm            
00004abf  SaveSettings                  
00004ac3  System_Reset                  
00004af8  __TI_Handler_Table_Base       
00004b04  __TI_Handler_Table_Limit      
00004b0c  __TI_CINIT_Base               
00004b1c  __TI_CINIT_Limit              
00004b1c  __TI_CINIT_Warm               
20200000  __start___llvm_prf_bits       
20200000  __start___llvm_prf_cnts       
20200000  __stop___llvm_prf_bits        
20200000  __stop___llvm_prf_cnts        
20200000  stacks                        
20201400  fifo                          
20201800  Directory                     
20201a00  TempBlock                     
20201c00  WCurrentBlock                 
20201e00  tcbs                          
20201ec8  periodic_threads              
20201f58  x                             
20201f98  x7                            
20201fd8  f7                            
20201ff4  mx7                           
20202040  s2_threads                    
20202058  str                           
2020209d  Message                       
202020a9  TFLuna2DataMessage            
202020b5  used_tcbs                     
202020dc  BadCheckSum2                  
202020e0  Checks                        
202020e4  ChecksWork                    
202020e8  Checksum                      
202020ec  ChecksumErrors                
202020f0  ChecksumOriginal              
202020f4  DataAvailable                 
202020f8  DataLost                      
202020fc  DirectoryIn                   
20202100  Distance                      
20202104  Distance2                     
20202108  FilterOutput                  
2020210c  FilterWork                    
20202110  I7                            
20202114  LCDFree                       
20202118  LPFSum7                       
2020211c  LostData2                     
20202120  MailBoxData                   
20202124  MailBoxDataAvailable          
20202128  MailBoxFree                   
2020212c  MaxJitter3                    
20202130  Messageindex                  
20202134  NumCreated                    
20202138  NumProcessCreated             
2020213c  ROpenFile                     
20202140  Running                       
20202144  RxGetI                        
20202148  RxPutI                        
2020214c  Size7                         
20202150  TFLuna2Distance               
20202154  TFLuna2Function               
20202158  TFLuna2Index                  
2020215c  TimeMs                        
20202160  TxGetI                        
20202164  TxPutI                        
20202168  WBlockNum                     
2020216c  WOpenFile                     
20202170  j                             
20202174  fifo_size                     
20202178  GetI                          
20202179  PutI                          
2020217a  TFLuna2LastByte               
2020217b  c                             
2020217c  JitterHistogram3              
2020297c  FileName                      
20202984  ArmCrash                      
20202988  BusFreq                       
2020298c  Display_Free                  
20202994  NextThreadPt                  
20202998  OpenFlag                      
2020299c  RunPt                         
202029a0  SPI1_init_Flag                
202029a4  StX                           
202029a8  StY                           
202029ac  delta_queue_head              
202029b0  StTextColor                   
202029b7  num_periodic_threads          
202029b8  num_s2_threads                
202029c0  _sys_memory                   
20207e00  __stack                       
20208000  __STACK_END                   
ffffffff  __TI_pprof_out_hndl           
ffffffff  __TI_prof_data_size           
ffffffff  __TI_prof_data_start          
ffffffff  __binit__                     
ffffffff  binit                         
UNDEFED   __mpu_init                    
UNDEFED   _system_post_cinit            

[298 symbols]
