******************************************************************************
            TI ARM Clang Linker PC v4.0.4                      
******************************************************************************
>> Linked Sat Jan 31 14:17:36 2026

OUTPUT FILE NAME:   <RTOS_Lab5_ProcessLoader.out>
ENTRY POINT SYMBOL: "_c_int00_noargs"  address: 00003669


MEMORY CONFIGURATION

         name            origin    length      used     unused   attr    fill
----------------------  --------  ---------  --------  --------  ----  --------
  FLASH                 00000000   00020000  00004198  0001be68  R  X
  SRAM                  20200000   00008000  000028e8  00005718  RW X
  BCR_CONFIG            41c00000   00000080  00000000  00000080  R   
  BSL_CONFIG            41c00100   00000080  00000000  00000080  R   


SEGMENT ALLOCATION MAP

run origin  load origin   length   init length attrs members
----------  ----------- ---------- ----------- ----- -------
00000000    00000000    00004198   00004198    r-x
  00000000    00000000    000000c0   000000c0    r-- .intvecs
  000000c0    000000c0    00003990   00003990    r-x .text
  00003a50    00003a50    00000700   00000700    r-- .rodata
  00004150    00004150    00000048   00000048    r-- .cinit
20200000    20200000    000026e8   00000000    rw-
  20200000    20200000    00001cb0   00000000    rw- .bss
  20201cb0    20201cb0    00000838   00000000    rw- .data
  202024e8    202024e8    00000200   00000000    rw- .sysmem
20207e00    20207e00    00000200   00000000    rw-
  20207e00    20207e00    00000200   00000000    rw- .stack


SECTION ALLOCATION MAP

 output                                  attributes/
section   page    origin      length       input sections
--------  ----  ----------  ----------   ----------------
.intvecs   0    00000000    000000c0     
                  00000000    000000c0     startup_mspm0g3507_ticlang.o (.intvecs)

.text      0    000000c0    00003990     
                  000000c0    00000290     Interpreter.o (.text.Interpreter)
                  00000350    00000228     eDisk.o (.text.eDisk_Init)
                  00000578    000001b4     Clock.o (.text.Clock_Init80MHz)
                  0000072c    000001a4     ST7735_SDC.o (.text.ST7735_DrawChar)
                  000008d0    00000174     TFLuna2.o (.text.TFLuna2_Init)
                  00000a44    00000170     ST7735_SDC.o (.text.ST7735_Message)
                  00000bb4    00000150     eFile.o (.text.eFile_WriteSFix2)
                  00000d04    00000144     TFLuna2.o (.text.copyHardwareToSoftware2)
                  00000e48    00000130     LPF.o (.text.Median5)
                  00000f78    00000126     eDisk.o (.text.send_cmd)
                  0000109e    00000002     OS.o (.text.OS_Init)
                  000010a0    00000120     SPI.o (.text.SPI1_Init)
                  000011c0    0000011c     eFile.o (.text.eFile_WOpen)
                  000012dc    00000118     ST7735_SDC.o (.text.ST7735_FillRect)
                  000013f4    00000118     eDisk.o (.text.eDisk_Write)
                  0000150c    00000110     RTOS_Lab5.o (.text.realmain)
                  0000161c    00000108     eFile.o (.text.eFile_Create)
                  00001724    000000fc     RTOS_Lab5.o (.text.Robot)
                  00001820    000000f4     ADC.o (.text.ADC0_Init)
                  00001914    000000f4     RTOS_Lab5.o (.text.DAS)
                  00001a08    000000e4     eDisk.o (.text.eDisk_Read)
                  00001aec    000000e0     OS.o (.text.OS_AddThread)
                  00001bcc    000000d0     ST7735_SDC.o (.text.ST7735_OutChar)
                  00001c9c    000000cc     eFile.o (.text.eFile_Write)
                  00001d68    000000a8     Timer.o (.text.TimerG7_IntArm)
                  00001e10    000000a4     RTOS_Lab5.o (.text.Display)
                  00001eb4    00000094     LPF.o (.text.Filter)
                  00001f48    00000094     RTOS_Lab5.o (.text.ProcessLoadBlinky)
                  00001fdc    00000090     RTOS_Lab5.o (.text.diskError)
                  0000206c    00000088     ST7735_SDC.o (.text.setAddrWindow)
                  000020f4    0000000c     Clock.o (.text.Clock_Freq)
                  00002100    00000088     libc.a : strcmp-armv6m.S.obj (.text:strcmp)
                  00002188    00000084     ST7735_SDC.o (.text.ST7735_DrawString)
                  0000220c    00000084     ST7735_SDC.o (.text.ST7735_OutUDec)
                  00002290    00000084     OS.o (.text.__NVIC_SetPriority)
                  00002314    0000007c     LaunchPad.o (.text.LaunchPad_Init)
                  00002390    0000007c     libc.a : copy_decompress_lzss.c.obj (.text:decompress:lzss)
                  0000240c    00000078     eDisk.o (.text.rcvr_datablock)
                  00002484    00000076     eDisk.o (.text.xmit_datablock)
                  000024fa    00000002     OS.o (.text.OS_MailBox_Init)
                  000024fc    00000070     eDisk.o (.text.disk_timerproc)
                  0000256c    00000068     RTOS_Lab5.o (.text.FileDump)
                  000025d4    00000068     LPF.o (.text.LPF_Init7)
                  0000263c    00000064     eFile.o (.text.AllocateBlock)
                  000026a0    00000064     RTOS_Lab5.o (.text.Producer)
                  00002704    00000064     SPI.o (.text.TFT_OutCommand)
                  00002768    00000064     SPI.o (.text.TFT_OutData)
                  000027cc    00000064     RTOS_Lab5.o (.text.VirusDetector)
                  00002830    00000060     eFile.o (.text.eFile_WClose)
                  00002890    0000005c     RTOS_Lab5.o (.text.HandleCrash)
                  000028ec    0000005c     RTOS_UARTints.o (.text.UART0_IRQHandler)
                  00002948    0000005c     TFLuna2.o (.text.UART2_IRQHandler)
                  000029a4    00000058     IRDistance.o (.text.IRDistance_Convert)
                  000029fc    00000058     RTOS_Lab5.o (.text.Logic_Init)
                  00002a54    00000058     RTOS_Lab5.o (.text.StartFileDump)
                  00002aac    00000056     libclang_rt.builtins.a : aeabi_idivmod.S.obj (.text.__aeabi_idivmod)
                  00002b02    00000056     eFile.o (.text.eFile_WriteUDec)
                  00002b58    00000054     OS.o (.text.GROUP1_IRQHandler)
                  00002bac    00000054     eFile.o (.text.eFile_WriteString)
                  00002c00    00000054     ST7735_SDC.o (.text.fillmessage)
                  00002c54    00000054     osasm.o (.text)
                  00002ca8    00000050     eDisk.o (.text.wait_ready)
                  00002cf8    00000050     eDisk.o (.text.xmit_spi_multi)
                  00002d48    0000004c     TFLuna2.o (.text.Rx2Fifo_Put)
                  00002d94    0000004c     RTOS_FIFO.o (.text.RxFifo_Get)
                  00002de0    0000004c     RTOS_FIFO.o (.text.RxFifo_Put)
                  00002e2c    0000004c     TFLuna2.o (.text.Tx2Fifo_Put)
                  00002e78    0000004c     RTOS_FIFO.o (.text.TxFifo_Get)
                  00002ec4    0000004c     RTOS_FIFO.o (.text.TxFifo_Put)
                  00002f10    0000004c     TFLuna2.o (.text.copySoftwareToHardware2)
                  00002f5c    0000004c     RTOS_UARTints.o (.text.copySoftwareToHardware)
                  00002fa8    0000004c     eFile.o (.text.eFile_Init)
                  00002ff4    00000048     OS.o (.text.OS_Launch)
                  0000303c    00000048     TFLuna2.o (.text.Tx2Fifo_Get)
                  00003084    00000048     eDisk.o (.text.xchg_spi)
                  000030cc    00000044     ADC.o (.text.ADC0_In)
                  00003110    00000044     eDisk.o (.text.select)
                  00003154    00000040     eFile.o (.text.FetchDirectory)
                  00003194    00000040     SPI.o (.text.SPI1_Reset)
                  000031d4    00000040     TFLuna2.o (.text.TFLuna2_OutChar)
                  00003214    00000040     RTOS_UARTints.o (.text.UART_OutChar)
                  00003254    00000040     libclang_rt.builtins.a : aeabi_uidivmod.S.obj (.text.__aeabi_uidivmod)
                  00003294    0000003c     eDisk.o (.text.rcvr_spi)
                  000032d0    0000003c     libc.a : autoinit.c.obj (.text:__TI_auto_init_nobinit_nopinit)
                  0000330c    00000038     LaunchPad.o (.text.ActivatePortA_B)
                  00003344    00000038     RTOS_Lab5.o (.text.Jitter3_Init)
                  0000337c    00000038     RTOS_Lab5.o (.text.PA28Push)
                  000033b4    00000036     RTOS_UART.o (.text.UART_OutUDec)
                  000033ea    00000002     libclang_rt.builtins.a : aeabi_div0.c.obj (.text.__aeabi_idiv0)
                  000033ec    00000034     Clock.o (.text.Clock_Delay1ms)
                  00003420    00000034     RTOS_Lab5.o (.text.S2Push)
                  00003454    00000034     ST7735_SDC.o (.text.ST7735_SetCursor)
                  00003488    00000034     eFile.o (.text.eFile_Mount)
                  000034bc    00000034     eFile.o (.text.eFile_WriteUFix2)
                  000034f0    00000032     ST7735_SDC.o (.text.ST7735_Color565)
                  00003522    00000030     RTOS_Lab5.o (.text.Check)
                  00003552    00000002     --HOLE-- [fill = 0]
                  00003554    00000030     OS.o (.text.SysTick_Handler)
                  00003584    00000030     TFLuna2.o (.text.TFLuna2_SendMessage)
                  000035b4    00000030     RTOS_UARTints.o (.text.copyHardwareToSoftware)
                  000035e4    0000002c     RTOS_Lab5.o (.text.EndFileDump)
                  00003610    0000002c     ST7735_SDC.o (.text.ST7735_FillScreen)
                  0000363c    0000002c     eDisk.o (.text.rcvr_spi_multi)
                  00003668    00000028     libc.a : boot_cortex_m.c.obj (.text:_c_int00_noargs)
                  00003690    00000026     RTOS_UART.o (.text.UART_OutString)
                  000036b6    00000002     --HOLE-- [fill = 0]
                  000036b8    00000024     SPI.o (.text.CS_Init)
                  000036dc    00000022     RTOS_UARTints.o (.text.UART_InChar)
                  000036fe    00000002     --HOLE-- [fill = 0]
                  00003700    00000020     OS.o (.text.TIMG7_IRQHandler)
                  00003720    0000001e     ST7735_SDC.o (.text.pushColor)
                  0000373e    00000002     --HOLE-- [fill = 0]
                  00003740    0000001c     startup_mspm0g3507_ticlang.o (.text.Default_Handler)
                  0000375c    0000001c     startup_mspm0g3507_ticlang.o (.text.HardFault_Handler)
                  00003778    0000001c     OS.o (.text.OS_ClearMsTime)
                  00003794    0000001c     RTOS_Lab5.o (.text.main)
                  000037b0    00000018     TFLuna2.o (.text.TFLuna2_InStatus)
                  000037c8    00000018     TFLuna2.o (.text.TFLuna2_OutStatus)
                  000037e0    00000018     RTOS_FIFO.o (.text.TxFifo_Size)
                  000037f8    00000018     eDisk.o (.text.eDisk_ReadBlock)
                  00003810    00000018     eDisk.o (.text.eDisk_WriteBlock)
                  00003828    00000018     eDisk.o (.text.init_spi)
                  00003840    00000014     TFLuna2.o (.text.Rx2Fifo_Init)
                  00003854    00000014     ST7735_SDC.o (.text.ST7735_SetTextColor)
                  00003868    00000014     OS.o (.text.TIMG8_IRQHandler)
                  0000387c    00000014     TFLuna2.o (.text.Tx2Fifo_Init)
                  00003890    00000014     eDisk.o (.text.deselect)
                  000038a4    00000012     libc.a : memcpy16.S.obj (.text:TI_memcpy_small)
                  000038b6    00000012            : copy_decompress_none.c.obj (.text:decompress:none)
                  000038c8    00000010     eFile.o (.text.BackupDirectory)
                  000038d8    00000010     Clock.o (.text.Clock_Delay)
                  000038e8    00000010     LaunchPad.o (.text.Delay)
                  000038f8    00000010     TFLuna2.o (.text.TFLuna2_Format_Standard_mm)
                  00003908    00000010     TFLuna2.o (.text.TFLuna2_Frame_Rate)
                  00003918    00000010     TFLuna2.o (.text.TFLuna2_SaveSettings)
                  00003928    00000010     TFLuna2.o (.text.TFLuna2_System_Reset)
                  00003938    00000010     libc.a : copy_zero_init.c.obj (.text:decompress:ZI)
                  00003948    0000000e     OS.o (.text.OS_AddPeriodicThread)
                  00003956    0000000e     libc.a : strcpy.c.obj (.text.strcpy)
                  00003964    0000000e            : strlen.c.obj (.text.strlen)
                  00003972    0000000e            : memset16.S.obj (.text:TI_memset_small)
                  00003980    0000000c     OS.o (.text.OS_AddPA28Task)
                  0000398c    0000000c     OS.o (.text.OS_AddS2Task)
                  00003998    0000000c     OS.o (.text.OS_LoadProgram)
                  000039a4    0000000c     OS.o (.text.OS_MsTime)
                  000039b0    0000000c     OS.o (.text.OS_TimeDifference)
                  000039bc    0000000c     ST7735_SDC.o (.text.ST7735_GetCursorX)
                  000039c8    0000000c     ST7735_SDC.o (.text.ST7735_GetCursorY)
                  000039d4    0000000c     libclang_rt.builtins.a : aeabi_memset.S.obj (.text.__aeabi_memclr)
                  000039e0    0000000a     OS.o (.text.OS_Fifo_Put)
                  000039ea    0000000a     OS.o (.text.OS_InitSemaphore)
                  000039f4    00000008     OS.o (.text.OS_Fifo_Init)
                  000039fc    00000008     OS.o (.text.OS_MailBox_Send)
                  00003a04    00000008     OS.o (.text.OS_Sleep)
                  00003a0c    00000008     OS.o (.text.OS_bSignal)
                  00003a14    00000008     OS.o (.text.OS_bWait)
                  00003a1c    00000008     libclang_rt.builtins.a : aeabi_memcpy.S.obj (.text.__aeabi_memcpy)
                  00003a24    00000006     libc.a : exit.c.obj (.text:abort)
                  00003a2a    00000004     libsysbm.a : hostexit.c.obj (.text.HOSTexit)
                  00003a2e    00000004     OS.o (.text.OS_Fifo_Get)
                  00003a32    00000004     OS.o (.text.OS_Id)
                  00003a36    00000004     OS.o (.text.OS_Kill)
                  00003a3a    00000004     OS.o (.text.OS_MailBox_Recv)
                  00003a3e    00000004     OS.o (.text.OS_Time)
                  00003a42    00000004     startup_mspm0g3507_ticlang.o (.text.Reset_Handler)
                  00003a46    00000004     libc.a : pre_init.c.obj (.text._system_pre_init)
                  00003a4a    00000006     --HOLE-- [fill = 0]

.cinit     0    00004150    00000048     
                  00004150    00000024     (.cinit..data.load) [load image, compression = lzss]
                  00004174    0000000c     (__TI_handler_table)
                  00004180    00000008     (.cinit..bss.load) [load image, compression = zero_init]
                  00004188    00000010     (__TI_cinit_table)

.rodata    0    00003a50    00000700     
                  00003a50    000004fb     ST7735_SDC.o (.rodata.Font)
                  00003f4b    0000001e     RTOS_Lab5.o (.rodata.str1.17600078406943778074.1)
                  00003f69    0000001e     RTOS_Lab5.o (.rodata.str1.17643776670215194585.1)
                  00003f87    0000001c     RTOS_Lab5.o (.rodata.str1.15456001258789406623.1)
                  00003fa3    00000016     ST7735_SDC.o (.rodata.str1.18061791561094498689.1)
                  00003fb9    00000012     RTOS_Lab5.o (.rodata.str1.13049447050927548037.1)
                  00003fcb    00000011     RTOS_Lab5.o (.rodata.str1.10073582325274283228.1)
                  00003fdc    00000010     IRDistance.o (.rodata.A)
                  00003fec    00000010     IRDistance.o (.rodata.B)
                  00003ffc    00000010     IRDistance.o (.rodata.C)
                  0000400c    00000010     IRDistance.o (.rodata.IRmax)
                  0000401c    00000010     Interpreter.o (.rodata.str1.15287782171638189172.1)
                  0000402c    0000000e     RTOS_Lab5.o (.rodata.str1.11857737906956535746.1)
                  0000403a    0000000e     RTOS_Lab5.o (.rodata.str1.12147185850256793328.1)
                  00004048    0000000e     Interpreter.o (.rodata.str1.13584691219899174016.1)
                  00004056    0000000e     RTOS_Lab5.o (.rodata.str1.17608662895273101376.1)
                  00004064    0000000e     Interpreter.o (.rodata.str1.438584629756741659.1)
                  00004072    0000000d     RTOS_Lab5.o (.rodata.str1.16856995683661596388.1)
                  0000407f    0000000c     Interpreter.o (.rodata.str1.10788060859246666907.1)
                  0000408b    0000000c     Interpreter.o (.rodata.str1.6099132036730984718.1)
                  00004097    0000000c     RTOS_Lab5.o (.rodata.str1.6560052421503216606.1)
                  000040a3    0000000c     RTOS_Lab5.o (.rodata.str1.7369263583606093722.1)
                  000040af    0000000b     RTOS_Lab5.o (.rodata.str1.1183891424293492196.1)
                  000040ba    0000000b     RTOS_Lab5.o (.rodata.str1.14102338339421655580.1)
                  000040c5    0000000b     Interpreter.o (.rodata.str1.8801398533620989010.1)
                  000040d0    0000000a     Interpreter.o (.rodata.str1.6869798450878480225.1)
                  000040da    0000000a     Interpreter.o (.rodata.str1.8834951582488220755.1)
                  000040e4    00000009     RTOS_Lab5.o (.rodata.str1.7805078997359376003.1)
                  000040ed    00000008     RTOS_Lab5.o (.rodata.str1.1175348895140946567.1)
                  000040f5    00000008     RTOS_Lab5.o (.rodata.str1.18093431628834258641.1)
                  000040fd    00000008     RTOS_Lab5.o (.rodata.str1.3183459728129356454.1)
                  00004105    00000008     eFile.o (.rodata.str1.3275242461165556322.1)
                  0000410d    00000008     Interpreter.o (.rodata.str1.8740789795297769696.1)
                  00004115    00000007     RTOS_Lab5.o (.rodata.str1.18421115912467365801.1)
                  0000411c    00000007     RTOS_Lab5.o (.rodata.str1.4762779162809386386.1)
                  00004123    00000007     RTOS_Lab5.o (.rodata.str1.8058806917572879161.1)
                  0000412a    00000006     TFLunaCommon.o (.rodata.Frame_Rate)
                  00004130    00000006     Interpreter.o (.rodata.str1.16145079996052228972.1)
                  00004136    00000006     RTOS_Lab5.o (.rodata.str1.7796261060849598389.1)
                  0000413c    00000005     TFLunaCommon.o (.rodata.Format_Standard_mm)
                  00004141    00000004     TFLunaCommon.o (.rodata.SaveSettings)
                  00004145    00000004     TFLunaCommon.o (.rodata.System_Reset)
                  00004149    00000003     RTOS_Lab5.o (.rodata.str1.9132024637785994334.1)
                  0000414c    00000002     Interpreter.o (.rodata.str1.1287619923014008887.1)
                  0000414e    00000002     Interpreter.o (.rodata.str1.9303564720754203623.1)

.init_array 
*          0    00000000    00000000     UNINITIALIZED

.binit     0    00000000    00000000     

.bss       0    20200000    00001cb0     UNINITIALIZED
                  20200000    00001478     (.common:tcbs)
                  20201478    00000200     (.common:Directory)
                  20201678    00000200     (.common:TempBlock)
                  20201878    00000200     (.common:WCurrentBlock)
                  20201a78    00000040     RTOS_FIFO.o (.bss.TxFifo)
                  20201ab8    00000040     (.common:x)
                  20201af8    00000040     (.common:x7)
                  20201b38    0000001c     (.common:f7)
                  20201b54    0000001c     (.common:mx7)
                  20201b70    00000018     LPF.o (.bss.Filter.x)
                  20201b88    00000018     LPF.o (.bss.Filter.y)
                  20201ba0    00000015     (.common:str)
                  20201bb5    00000010     TFLuna2.o (.bss.Rx2Fifo)
                  20201bc5    00000010     RTOS_FIFO.o (.bss.RxFifo)
                  20201bd5    00000010     TFLuna2.o (.bss.Tx2Fifo)
                  20201be5    0000000c     (.common:Message)
                  20201bf1    0000000c     (.common:TFLuna2DataMessage)
                  20201bfd    0000000a     (.common:used_tcbs)
                  20201c07    00000001     eDisk.o (.bss.CardType)
                  20201c08    00000004     RTOS_Lab5.o (.bss.DAS.LastTime)
                  20201c0c    00000004     TFLuna2.o (.bss.Rx2GetI)
                  20201c10    00000004     TFLuna2.o (.bss.Rx2PutI)
                  20201c14    00000004     eDisk.o (.bss.Timer1)
                  20201c18    00000004     eDisk.o (.bss.Timer2)
                  20201c1c    00000004     TFLuna2.o (.bss.Tx2GetI)
                  20201c20    00000004     TFLuna2.o (.bss.Tx2PutI)
                  20201c24    00000004     (.common:BadCheckSum2)
                  20201c28    00000004     (.common:Checks)
                  20201c2c    00000004     (.common:ChecksWork)
                  20201c30    00000004     (.common:Checksum)
                  20201c34    00000004     (.common:ChecksumErrors)
                  20201c38    00000004     (.common:ChecksumOriginal)
                  20201c3c    00000004     (.common:DataLost)
                  20201c40    00000004     (.common:DirectoryIn)
                  20201c44    00000004     (.common:Distance)
                  20201c48    00000004     (.common:Distance2)
                  20201c4c    00000004     (.common:FilterOutput)
                  20201c50    00000004     (.common:FilterWork)
                  20201c54    00000004     (.common:I7)
                  20201c58    00000004     (.common:LCDFree)
                  20201c5c    00000004     (.common:LPFSum7)
                  20201c60    00000004     (.common:LostData2)
                  20201c64    00000004     (.common:MaxJitter3)
                  20201c68    00000004     (.common:Messageindex)
                  20201c6c    00000004     (.common:NumCreated)
                  20201c70    00000004     (.common:NumProcessCreated)
                  20201c74    00000004     (.common:ROpenFile)
                  20201c78    00000004     (.common:Running)
                  20201c7c    00000004     (.common:RxGetI)
                  20201c80    00000004     (.common:RxPutI)
                  20201c84    00000004     (.common:Size7)
                  20201c88    00000004     (.common:TFLuna2Distance)
                  20201c8c    00000004     (.common:TFLuna2Function)
                  20201c90    00000004     (.common:TFLuna2Index)
                  20201c94    00000004     (.common:TimeMs)
                  20201c98    00000004     (.common:TxGetI)
                  20201c9c    00000004     (.common:TxPutI)
                  20201ca0    00000004     (.common:WBlockNum)
                  20201ca4    00000004     (.common:WOpenFile)
                  20201ca8    00000004     (.common:j)
                  20201cac    00000001     ST7735_SDC.o (.bss.ColStart)
                  20201cad    00000001     ST7735_SDC.o (.bss.RowStart)
                  20201cae    00000001     (.common:TFLuna2LastByte)
                  20201caf    00000001     (.common:c)

.data      0    20201cb0    00000838     UNINITIALIZED
                  20201cb0    00000800     RTOS_Lab5.o (.data.JitterHistogram3)
                  202024b0    00000008     RTOS_Lab5.o (.data.FileName)
                  202024b8    00000004     RTOS_Lab5.o (.data.ArmCrash)
                  202024bc    00000004     Clock.o (.data.BusFreq)
                  202024c0    00000004     LPF.o (.data.Filter.n)
                  202024c4    00000004     OS.o (.data.NextThreadPt)
                  202024c8    00000004     eFile.o (.data.OpenFlag)
                  202024cc    00000004     OS.o (.data.PrevRunPt)
                  202024d0    00000004     OS.o (.data.RunPt)
                  202024d4    00000004     SPI.o (.data.SPI1_init_Flag)
                  202024d8    00000004     ST7735_SDC.o (.data.StX)
                  202024dc    00000004     ST7735_SDC.o (.data.StY)
                  202024e0    00000002     ST7735_SDC.o (.data.StTextColor)
                  202024e2    00000002     ST7735_SDC.o (.data._height)
                  202024e4    00000002     ST7735_SDC.o (.data._width)
                  202024e6    00000001     eDisk.o (.data.Stat)
                  202024e7    00000001     OS.o (.data.currID)

.sysmem    0    202024e8    00000200     UNINITIALIZED
                  202024e8    00000010     libc.a : memory.c.obj (.sysmem)
                  202024f8    000001f0     --HOLE--

.stack     0    20207e00    00000200     UNINITIALIZED
                  20207e00    00000004     libc.a : boot_cortex_m.c.obj (.stack)
                  20207e04    000001fc     --HOLE--

__llvm_prf_cnts 
*          0    20200000    00000000     UNINITIALIZED

__llvm_prf_bits 
*          0    20200000    00000000     UNINITIALIZED

MODULE SUMMARY

       Module                         code    ro data   rw data
       ------                         ----    -------   -------
    .\
       OS.o                           798     0         5267   
       RTOS_Lab5.o                    2080    287       2188   
       ST7735_SDC.o                   1980    1297      32     
       eFile.o                        1714    8         1556   
       eDisk.o                        2200    0         10     
       TFLuna2.o                      1352    0         81     
       Interpreter.o                  656     117       26     
       LPF.o                          556     0         184    
       SPI.o                          588     0         4      
       Clock.o                        516     0         4      
       RTOS_FIFO.o                    328     0         96     
       RTOS_UARTints.o                314     0         0      
       ADC.o                          312     0         0      
       LaunchPad.o                    196     0         0      
       Timer.o                        168     0         0      
       IRDistance.o                   88      64        0      
       RTOS_UART.o                    92      0         0      
       osasm.o                        84      0         0      
       TFLunaCommon.o                 0       19        0      
    +--+------------------------------+-------+---------+---------+
       Total:                         14022   1792      9448   
                                                               
    .\ticlang\
       startup_mspm0g3507_ticlang.o   60      192       0      
    +--+------------------------------+-------+---------+---------+
       Total:                         60      192       0      
                                                               
    C:\ti\ccs2040\ccs\tools\compiler\ti-cgt-armllvm_4.0.4.LTS\lib\armv6m-ti-none-eabi/c/libc.a
       strcmp-armv6m.S.obj            136     0         0      
       copy_decompress_lzss.c.obj     124     0         0      
       autoinit.c.obj                 60      0         0      
       boot_cortex_m.c.obj            40      0         0      
       copy_decompress_none.c.obj     18      0         0      
       memcpy16.S.obj                 18      0         0      
       copy_zero_init.c.obj           16      0         0      
       memset16.S.obj                 14      0         0      
       strcpy.c.obj                   14      0         0      
       strlen.c.obj                   14      0         0      
       exit.c.obj                     6       0         0      
       pre_init.c.obj                 4       0         0      
    +--+------------------------------+-------+---------+---------+
       Total:                         464     0         0      
                                                               
    C:\ti\ccs2040\ccs\tools\compiler\ti-cgt-armllvm_4.0.4.LTS\lib\armv6m-ti-none-eabi/c/libsysbm.a
       hostexit.c.obj                 4       0         0      
    +--+------------------------------+-------+---------+---------+
       Total:                         4       0         0      
                                                               
    C:\ti\ccs2040\ccs\tools\compiler\ti-cgt-armllvm_4.0.4.LTS\lib\armv6m-ti-none-eabi/libclang_rt.builtins.a
       aeabi_idivmod.S.obj            86      0         0      
       aeabi_uidivmod.S.obj           64      0         0      
       aeabi_memset.S.obj             12      0         0      
       aeabi_memcpy.S.obj             8       0         0      
       aeabi_div0.c.obj               2       0         0      
    +--+------------------------------+-------+---------+---------+
       Total:                         172     0         0      
                                                               
       Heap:                          0       0         512    
       Stack:                         0       0         512    
       Linker Generated:              0       72        0      
    +--+------------------------------+-------+---------+---------+
       Grand Total:                   14722   2056      10472  


LINKER GENERATED COPY TABLES

__TI_cinit_table @ 00004188 records: 2, size/record: 8, table size: 16
	.data: load addr=00004150, load size=00000024 bytes, run addr=20201cb0, run size=00000838 bytes, compression=lzss
	.bss: load addr=00004180, load size=00000008 bytes, run addr=20200000, run size=00001cb0 bytes, compression=zero_init


LINKER GENERATED HANDLER TABLE

__TI_handler_table @ 00004174 records: 3, size/record: 4, table size: 12
	index: 0, handler: __TI_decompress_lzss
	index: 1, handler: __TI_decompress_none
	index: 2, handler: __TI_zero_init


GLOBAL SYMBOLS: SORTED ALPHABETICALLY BY Name 

address   name                          
-------   ----                          
00003fdc  A                             
00003741  ADC0_IRQHandler               
000030cd  ADC0_In                       
00001821  ADC0_Init                     
00003741  ADC1_IRQHandler               
00003741  AES_IRQHandler                
0000330d  ActivatePortA_B               
0000263d  AllocateBlock                 
202024b8  ArmCrash                      
00003fec  B                             
000038c9  BackupDirectory               
20201c24  BadCheckSum2                  
202024bc  BusFreq                       
00003ffc  C                             
00003a2a  C$$EXIT                       
00003741  CANFD0_IRQHandler             
000036b9  CS_Init                       
00003523  Check                         
20201c28  Checks                        
20201c2c  ChecksWork                    
20201c30  Checksum                      
20201c34  ChecksumErrors                
20201c38  ChecksumOriginal              
000038d9  Clock_Delay                   
000033ed  Clock_Delay1ms                
000020f5  Clock_Freq                    
00000579  Clock_Init80MHz               
00003741  DAC0_IRQHandler               
00001915  DAS                           
00003741  DMA_IRQHandler                
20201c3c  DataLost                      
00003741  Default_Handler               
000038e9  Delay                         
20201478  Directory                     
20201c40  DirectoryIn                   
00001e11  Display                       
20201c44  Distance                      
20201c48  Distance2                     
00002c64  EndCritical                   
000035e5  EndFileDump                   
00003155  FetchDirectory                
0000256d  FileDump                      
202024b0  FileName                      
00001eb5  Filter                        
20201c4c  FilterOutput                  
20201c50  FilterWork                    
0000413c  Format_Standard_mm            
0000412a  Frame_Rate                    
00003741  GROUP0_IRQHandler             
00002b59  GROUP1_IRQHandler             
00003a2b  HOSTexit                      
00002891  HandleCrash                   
0000375d  HardFault_Handler             
00003741  I2C0_IRQHandler               
00003741  I2C1_IRQHandler               
20201c54  I7                            
000029a5  IRDistance_Convert            
0000400c  IRmax                         
000000c1  Interpreter                   
00003345  Jitter3_Init                  
20201cb0  JitterHistogram3              
20201c58  LCDFree                       
20201c5c  LPFSum7                       
000025d5  LPF_Init7                     
00002315  LaunchPad_Init                
000029fd  Logic_Init                    
20201c60  LostData2                     
20201c64  MaxJitter3                    
00000e49  Median5                       
20201be5  Message                       
20201c68  Messageindex                  
00003741  NMI_Handler                   
202024c4  NextThreadPt                  
20201c6c  NumCreated                    
20201c70  NumProcessCreated             
00002c54  OSDisableInterrupts           
00002c58  OSEnableInterrupts            
00003981  OS_AddPA28Task                
00003949  OS_AddPeriodicThread          
0000398d  OS_AddS2Task                  
00001aed  OS_AddThread                  
00003779  OS_ClearMsTime                
00003a2f  OS_Fifo_Get                   
000039f5  OS_Fifo_Init                  
000039e1  OS_Fifo_Put                   
00003a33  OS_Id                         
0000109f  OS_Init                       
000039eb  OS_InitSemaphore              
00003a37  OS_Kill                       
00002ff5  OS_Launch                     
00003999  OS_LoadProgram                
000024fb  OS_MailBox_Init               
00003a3b  OS_MailBox_Recv               
000039fd  OS_MailBox_Send               
000039a5  OS_MsTime                     
00003a05  OS_Sleep                      
00003a3f  OS_Time                       
000039b1  OS_TimeDifference             
00003a0d  OS_bSignal                    
00003a15  OS_bWait                      
202024c8  OpenFlag                      
0000337d  PA28Push                      
00002c6d  PendSV_Handler                
202024cc  PrevRunPt                     
00001f49  ProcessLoadBlinky             
000026a1  Producer                      
20201c74  ROpenFile                     
00003741  RTC_IRQHandler                
00003a43  Reset_Handler                 
00001725  Robot                         
202024d0  RunPt                         
20201c78  Running                       
00003841  Rx2Fifo_Init                  
00002d49  Rx2Fifo_Put                   
00002d95  RxFifo_Get                    
00002de1  RxFifo_Put                    
20201c7c  RxGetI                        
20201c80  RxPutI                        
00003421  S2Push                        
00003741  SPI0_IRQHandler               
00003741  SPI1_IRQHandler               
000010a1  SPI1_Init                     
00003195  SPI1_Reset                    
202024d4  SPI1_init_Flag                
000034f1  ST7735_Color565               
0000072d  ST7735_DrawChar               
00002189  ST7735_DrawString             
000012dd  ST7735_FillRect               
00003611  ST7735_FillScreen             
000039bd  ST7735_GetCursorX             
000039c9  ST7735_GetCursorY             
00000a45  ST7735_Message                
00001bcd  ST7735_OutChar                
0000220d  ST7735_OutUDec                
00003455  ST7735_SetCursor              
00003855  ST7735_SetTextColor           
00002c87  SVC_Handler                   
00004141  SaveSettings                  
20201c84  Size7                         
202024e0  StTextColor                   
202024d8  StX                           
202024dc  StY                           
00002c5c  StartCritical                 
00002a55  StartFileDump                 
00002c6a  StartOS                       
00003555  SysTick_Handler               
00004145  System_Reset                  
20201bf1  TFLuna2DataMessage            
20201c88  TFLuna2Distance               
20201c8c  TFLuna2Function               
20201c90  TFLuna2Index                  
20201cae  TFLuna2LastByte               
000038f9  TFLuna2_Format_Standard_mm    
00003909  TFLuna2_Frame_Rate            
000037b1  TFLuna2_InStatus              
000008d1  TFLuna2_Init                  
000031d5  TFLuna2_OutChar               
000037c9  TFLuna2_OutStatus             
00003919  TFLuna2_SaveSettings          
00003585  TFLuna2_SendMessage           
00003929  TFLuna2_System_Reset          
00002705  TFT_OutCommand                
00002769  TFT_OutData                   
00003741  TIMA0_IRQHandler              
00003741  TIMA1_IRQHandler              
00003741  TIMG0_IRQHandler              
00003741  TIMG12_IRQHandler             
00003741  TIMG6_IRQHandler              
00003701  TIMG7_IRQHandler              
00003869  TIMG8_IRQHandler              
000038a5  TI_memcpy_small               
00003973  TI_memset_small               
20201678  TempBlock                     
20201c94  TimeMs                        
00001d69  TimerG7_IntArm                
0000303d  Tx2Fifo_Get                   
0000387d  Tx2Fifo_Init                  
00002e2d  Tx2Fifo_Put                   
00002e79  TxFifo_Get                    
00002ec5  TxFifo_Put                    
000037e1  TxFifo_Size                   
20201c98  TxGetI                        
20201c9c  TxPutI                        
000028ed  UART0_IRQHandler              
00003741  UART1_IRQHandler              
00002949  UART2_IRQHandler              
00003741  UART3_IRQHandler              
000036dd  UART_InChar                   
00003215  UART_OutChar                  
00003691  UART_OutString                
000033b5  UART_OutUDec                  
000027cd  VirusDetector                 
20201ca0  WBlockNum                     
20201878  WCurrentBlock                 
20201ca4  WOpenFile                     
20208000  __STACK_END                   
00000200  __STACK_SIZE                  
00000200  __SYSMEM_SIZE                 
00000000  __TI_ATRegion0_region_sz      
00000000  __TI_ATRegion0_src_addr       
00000000  __TI_ATRegion0_trg_addr       
00000000  __TI_ATRegion1_region_sz      
00000000  __TI_ATRegion1_src_addr       
00000000  __TI_ATRegion1_trg_addr       
00000000  __TI_ATRegion2_region_sz      
00000000  __TI_ATRegion2_src_addr       
00000000  __TI_ATRegion2_trg_addr       
00004188  __TI_CINIT_Base               
00004198  __TI_CINIT_Limit              
00004198  __TI_CINIT_Warm               
00004174  __TI_Handler_Table_Base       
00004180  __TI_Handler_Table_Limit      
000032d1  __TI_auto_init_nobinit_nopinit
00002391  __TI_decompress_lzss          
000038b7  __TI_decompress_none          
ffffffff  __TI_pprof_out_hndl           
ffffffff  __TI_prof_data_size           
ffffffff  __TI_prof_data_start          
00000000  __TI_static_base__            
00003939  __TI_zero_init                
00002aad  __aeabi_idiv                  
000033eb  __aeabi_idiv0                 
00002aad  __aeabi_idivmod               
000039d5  __aeabi_memclr                
000039d5  __aeabi_memclr4               
000039d5  __aeabi_memclr8               
00003a1d  __aeabi_memcpy                
00003a1d  __aeabi_memcpy4               
00003a1d  __aeabi_memcpy8               
00003255  __aeabi_uidiv                 
00003255  __aeabi_uidivmod              
ffffffff  __binit__                     
UNDEFED   __mpu_init                    
20207e00  __stack                       
20200000  __start___llvm_prf_bits       
20200000  __start___llvm_prf_cnts       
20200000  __stop___llvm_prf_bits        
20200000  __stop___llvm_prf_cnts        
00003669  _c_int00_noargs               
202024e8  _sys_memory                   
UNDEFED   _system_post_cinit            
00003a47  _system_pre_init              
00003a25  abort                         
ffffffff  binit                         
20201caf  c                             
202024e7  currID                        
00001fdd  diskError                     
000024fd  disk_timerproc                
00000351  eDisk_Init                    
00001a09  eDisk_Read                    
000037f9  eDisk_ReadBlock               
000013f5  eDisk_Write                   
00003811  eDisk_WriteBlock              
0000161d  eFile_Create                  
00002fa9  eFile_Init                    
00003489  eFile_Mount                   
00002831  eFile_WClose                  
000011c1  eFile_WOpen                   
00001c9d  eFile_Write                   
00000bb5  eFile_WriteSFix2              
00002bad  eFile_WriteString             
00002b03  eFile_WriteUDec               
000034bd  eFile_WriteUFix2              
20201b38  f7                            
00002c01  fillmessage                   
00000000  interruptVectors              
20201ca8  j                             
00003795  main                          
20201b54  mx7                           
0000150d  realmain                      
20201ba0  str                           
00002101  strcmp                        
00003957  strcpy                        
00003965  strlen                        
20200000  tcbs                          
20201bfd  used_tcbs                     
20201ab8  x                             
20201af8  x7                            


GLOBAL SYMBOLS: SORTED BY Symbol Address 

address   name                          
-------   ----                          
00000000  __TI_ATRegion0_region_sz      
00000000  __TI_ATRegion0_src_addr       
00000000  __TI_ATRegion0_trg_addr       
00000000  __TI_ATRegion1_region_sz      
00000000  __TI_ATRegion1_src_addr       
00000000  __TI_ATRegion1_trg_addr       
00000000  __TI_ATRegion2_region_sz      
00000000  __TI_ATRegion2_src_addr       
00000000  __TI_ATRegion2_trg_addr       
00000000  __TI_static_base__            
00000000  interruptVectors              
000000c1  Interpreter                   
00000200  __STACK_SIZE                  
00000200  __SYSMEM_SIZE                 
00000351  eDisk_Init                    
00000579  Clock_Init80MHz               
0000072d  ST7735_DrawChar               
000008d1  TFLuna2_Init                  
00000a45  ST7735_Message                
00000bb5  eFile_WriteSFix2              
00000e49  Median5                       
0000109f  OS_Init                       
000010a1  SPI1_Init                     
000011c1  eFile_WOpen                   
000012dd  ST7735_FillRect               
000013f5  eDisk_Write                   
0000150d  realmain                      
0000161d  eFile_Create                  
00001725  Robot                         
00001821  ADC0_Init                     
00001915  DAS                           
00001a09  eDisk_Read                    
00001aed  OS_AddThread                  
00001bcd  ST7735_OutChar                
00001c9d  eFile_Write                   
00001d69  TimerG7_IntArm                
00001e11  Display                       
00001eb5  Filter                        
00001f49  ProcessLoadBlinky             
00001fdd  diskError                     
000020f5  Clock_Freq                    
00002101  strcmp                        
00002189  ST7735_DrawString             
0000220d  ST7735_OutUDec                
00002315  LaunchPad_Init                
00002391  __TI_decompress_lzss          
000024fb  OS_MailBox_Init               
000024fd  disk_timerproc                
0000256d  FileDump                      
000025d5  LPF_Init7                     
0000263d  AllocateBlock                 
000026a1  Producer                      
00002705  TFT_OutCommand                
00002769  TFT_OutData                   
000027cd  VirusDetector                 
00002831  eFile_WClose                  
00002891  HandleCrash                   
000028ed  UART0_IRQHandler              
00002949  UART2_IRQHandler              
000029a5  IRDistance_Convert            
000029fd  Logic_Init                    
00002a55  StartFileDump                 
00002aad  __aeabi_idiv                  
00002aad  __aeabi_idivmod               
00002b03  eFile_WriteUDec               
00002b59  GROUP1_IRQHandler             
00002bad  eFile_WriteString             
00002c01  fillmessage                   
00002c54  OSDisableInterrupts           
00002c58  OSEnableInterrupts            
00002c5c  StartCritical                 
00002c64  EndCritical                   
00002c6a  StartOS                       
00002c6d  PendSV_Handler                
00002c87  SVC_Handler                   
00002d49  Rx2Fifo_Put                   
00002d95  RxFifo_Get                    
00002de1  RxFifo_Put                    
00002e2d  Tx2Fifo_Put                   
00002e79  TxFifo_Get                    
00002ec5  TxFifo_Put                    
00002fa9  eFile_Init                    
00002ff5  OS_Launch                     
0000303d  Tx2Fifo_Get                   
000030cd  ADC0_In                       
00003155  FetchDirectory                
00003195  SPI1_Reset                    
000031d5  TFLuna2_OutChar               
00003215  UART_OutChar                  
00003255  __aeabi_uidiv                 
00003255  __aeabi_uidivmod              
000032d1  __TI_auto_init_nobinit_nopinit
0000330d  ActivatePortA_B               
00003345  Jitter3_Init                  
0000337d  PA28Push                      
000033b5  UART_OutUDec                  
000033eb  __aeabi_idiv0                 
000033ed  Clock_Delay1ms                
00003421  S2Push                        
00003455  ST7735_SetCursor              
00003489  eFile_Mount                   
000034bd  eFile_WriteUFix2              
000034f1  ST7735_Color565               
00003523  Check                         
00003555  SysTick_Handler               
00003585  TFLuna2_SendMessage           
000035e5  EndFileDump                   
00003611  ST7735_FillScreen             
00003669  _c_int00_noargs               
00003691  UART_OutString                
000036b9  CS_Init                       
000036dd  UART_InChar                   
00003701  TIMG7_IRQHandler              
00003741  ADC0_IRQHandler               
00003741  ADC1_IRQHandler               
00003741  AES_IRQHandler                
00003741  CANFD0_IRQHandler             
00003741  DAC0_IRQHandler               
00003741  DMA_IRQHandler                
00003741  Default_Handler               
00003741  GROUP0_IRQHandler             
00003741  I2C0_IRQHandler               
00003741  I2C1_IRQHandler               
00003741  NMI_Handler                   
00003741  RTC_IRQHandler                
00003741  SPI0_IRQHandler               
00003741  SPI1_IRQHandler               
00003741  TIMA0_IRQHandler              
00003741  TIMA1_IRQHandler              
00003741  TIMG0_IRQHandler              
00003741  TIMG12_IRQHandler             
00003741  TIMG6_IRQHandler              
00003741  UART1_IRQHandler              
00003741  UART3_IRQHandler              
0000375d  HardFault_Handler             
00003779  OS_ClearMsTime                
00003795  main                          
000037b1  TFLuna2_InStatus              
000037c9  TFLuna2_OutStatus             
000037e1  TxFifo_Size                   
000037f9  eDisk_ReadBlock               
00003811  eDisk_WriteBlock              
00003841  Rx2Fifo_Init                  
00003855  ST7735_SetTextColor           
00003869  TIMG8_IRQHandler              
0000387d  Tx2Fifo_Init                  
000038a5  TI_memcpy_small               
000038b7  __TI_decompress_none          
000038c9  BackupDirectory               
000038d9  Clock_Delay                   
000038e9  Delay                         
000038f9  TFLuna2_Format_Standard_mm    
00003909  TFLuna2_Frame_Rate            
00003919  TFLuna2_SaveSettings          
00003929  TFLuna2_System_Reset          
00003939  __TI_zero_init                
00003949  OS_AddPeriodicThread          
00003957  strcpy                        
00003965  strlen                        
00003973  TI_memset_small               
00003981  OS_AddPA28Task                
0000398d  OS_AddS2Task                  
00003999  OS_LoadProgram                
000039a5  OS_MsTime                     
000039b1  OS_TimeDifference             
000039bd  ST7735_GetCursorX             
000039c9  ST7735_GetCursorY             
000039d5  __aeabi_memclr                
000039d5  __aeabi_memclr4               
000039d5  __aeabi_memclr8               
000039e1  OS_Fifo_Put                   
000039eb  OS_InitSemaphore              
000039f5  OS_Fifo_Init                  
000039fd  OS_MailBox_Send               
00003a05  OS_Sleep                      
00003a0d  OS_bSignal                    
00003a15  OS_bWait                      
00003a1d  __aeabi_memcpy                
00003a1d  __aeabi_memcpy4               
00003a1d  __aeabi_memcpy8               
00003a25  abort                         
00003a2a  C$$EXIT                       
00003a2b  HOSTexit                      
00003a2f  OS_Fifo_Get                   
00003a33  OS_Id                         
00003a37  OS_Kill                       
00003a3b  OS_MailBox_Recv               
00003a3f  OS_Time                       
00003a43  Reset_Handler                 
00003a47  _system_pre_init              
00003fdc  A                             
00003fec  B                             
00003ffc  C                             
0000400c  IRmax                         
0000412a  Frame_Rate                    
0000413c  Format_Standard_mm            
00004141  SaveSettings                  
00004145  System_Reset                  
00004174  __TI_Handler_Table_Base       
00004180  __TI_Handler_Table_Limit      
00004188  __TI_CINIT_Base               
00004198  __TI_CINIT_Limit              
00004198  __TI_CINIT_Warm               
20200000  __start___llvm_prf_bits       
20200000  __start___llvm_prf_cnts       
20200000  __stop___llvm_prf_bits        
20200000  __stop___llvm_prf_cnts        
20200000  tcbs                          
20201478  Directory                     
20201678  TempBlock                     
20201878  WCurrentBlock                 
20201ab8  x                             
20201af8  x7                            
20201b38  f7                            
20201b54  mx7                           
20201ba0  str                           
20201be5  Message                       
20201bf1  TFLuna2DataMessage            
20201bfd  used_tcbs                     
20201c24  BadCheckSum2                  
20201c28  Checks                        
20201c2c  ChecksWork                    
20201c30  Checksum                      
20201c34  ChecksumErrors                
20201c38  ChecksumOriginal              
20201c3c  DataLost                      
20201c40  DirectoryIn                   
20201c44  Distance                      
20201c48  Distance2                     
20201c4c  FilterOutput                  
20201c50  FilterWork                    
20201c54  I7                            
20201c58  LCDFree                       
20201c5c  LPFSum7                       
20201c60  LostData2                     
20201c64  MaxJitter3                    
20201c68  Messageindex                  
20201c6c  NumCreated                    
20201c70  NumProcessCreated             
20201c74  ROpenFile                     
20201c78  Running                       
20201c7c  RxGetI                        
20201c80  RxPutI                        
20201c84  Size7                         
20201c88  TFLuna2Distance               
20201c8c  TFLuna2Function               
20201c90  TFLuna2Index                  
20201c94  TimeMs                        
20201c98  TxGetI                        
20201c9c  TxPutI                        
20201ca0  WBlockNum                     
20201ca4  WOpenFile                     
20201ca8  j                             
20201cae  TFLuna2LastByte               
20201caf  c                             
20201cb0  JitterHistogram3              
202024b0  FileName                      
202024b8  ArmCrash                      
202024bc  BusFreq                       
202024c4  NextThreadPt                  
202024c8  OpenFlag                      
202024cc  PrevRunPt                     
202024d0  RunPt                         
202024d4  SPI1_init_Flag                
202024d8  StX                           
202024dc  StY                           
202024e0  StTextColor                   
202024e7  currID                        
202024e8  _sys_memory                   
20207e00  __stack                       
20208000  __STACK_END                   
ffffffff  __TI_pprof_out_hndl           
ffffffff  __TI_prof_data_size           
ffffffff  __TI_prof_data_start          
ffffffff  __binit__                     
ffffffff  binit                         
UNDEFED   __mpu_init                    
UNDEFED   _system_post_cinit            

[278 symbols]
