******************************************************************************
            TI ARM Clang Linker PC v4.0.4                      
******************************************************************************
>> Linked Wed Feb 11 16:19:24 2026

OUTPUT FILE NAME:   <RTOS_Lab3_RTOSpriority.out>
ENTRY POINT SYMBOL: "_c_int00_noargs"  address: 00002db5


MEMORY CONFIGURATION

         name            origin    length      used     unused   attr    fill
----------------------  --------  ---------  --------  --------  ----  --------
  FLASH                 00000000   00020000  000037d0  0001c830  R  X
  SRAM                  20200000   00008000  000027ff  00005801  RW X
  BCR_CONFIG            41c00000   00000080  00000000  00000080  R   
  BSL_CONFIG            41c00100   00000080  00000000  00000080  R   


SEGMENT ALLOCATION MAP

run origin  load origin   length   init length attrs members
----------  ----------- ---------- ----------- ----- -------
00000000    00000000    000037d0   000037d0    r-x
  00000000    00000000    000000c0   000000c0    r-- .intvecs
  000000c0    000000c0    00002ff0   00002ff0    r-x .text
  000030b0    000030b0    000006e0   000006e0    r-- .rodata
  00003790    00003790    00000040   00000040    r-- .cinit
20200000    20200000    00002600   00000000    rw-
  20200000    20200000    00001bd7   00000000    rw- .bss
  20201bd8    20201bd8    00000828   00000000    rw- .data
  20202400    20202400    00000200   00000000    rw- .sysmem
20207e00    20207e00    00000200   00000000    rw-
  20207e00    20207e00    00000200   00000000    rw- .stack


SECTION ALLOCATION MAP

 output                                  attributes/
section   page    origin      length       input sections
--------  ----  ----------  ----------   ----------------
.intvecs   0    00000000    000000c0     
                  00000000    000000c0     startup_mspm0g3507_ticlang.o (.intvecs)

.text      0    000000c0    00002ff0     
                  000000c0    000002a4     Interpreter.o (.text.Interpreter)
                  00000364    000001b4     Clock.o (.text.Clock_Init80MHz)
                  00000518    000001a4     ST7735_SDC.o (.text.ST7735_DrawChar)
                  000006bc    00000188     OS.o (.text.OS_AddThread)
                  00000844    00000180     ST7735_SDC.o (.text.ST7735_Message)
                  000009c4    00000174     TFLuna2.o (.text.TFLuna2_Init)
                  00000b38    00000144     TFLuna2.o (.text.copyHardwareToSoftware2)
                  00000c7c    00000130     LPF.o (.text.Median5)
                  00000dac    00000118     ST7735_SDC.o (.text.ST7735_FillRect)
                  00000ec4    000000f4     ADC.o (.text.ADC0_Init)
                  00000fb8    000000f4     RTOS_Lab3.o (.text.DAS)
                  000010ac    000000e8     DFT16.o (.text.DFT16)
                  00001194    000000e4     OS.o (.text.GROUP1_IRQHandler)
                  00001278    000000dc     OS.o (.text.OS_AddPeriodicThread)
                  00001354    000000d0     ST7735_SDC.o (.text.ST7735_OutChar)
                  00001424    000000cc     RTOS_Lab3.o (.text.realmain)
                  000014f0    000000c4     RTOS_Lab3.o (.text.Consumer)
                  000015b4    000000c4     OS.o (.text.OS_Sleep)
                  00001678    000000b8     OS.o (.text.OS_AddS2Task)
                  00001730    000000b0     RTOS_Lab3.o (.text.Display)
                  000017e0    000000a8     Timer.o (.text.TimerG7_IntArm)
                  00001888    000000a8     Timer.o (.text.TimerG8_IntArm)
                  00001930    000000a0     OS.o (.text.SysTick_Handler)
                  000019d0    000000a0     OS.o (.text.TIMG7_IRQHandler)
                  00001a70    00000094     LPF.o (.text.Filter)
                  00001b04    00000094     ST7735_SDC.o (.text.ST7735_OutUDec)
                  00001b98    00000090     OS.o (.text.EdgeTriggered_Init)
                  00001c28    00000088     OS.o (.text.TIMG8_IRQHandler)
                  00001cb0    00000088     ST7735_SDC.o (.text.setAddrWindow)
                  00001d38    00000008     libclang_rt.builtins.a : aeabi_memcpy.S.obj (.text.__aeabi_memcpy)
                  00001d40    00000088     libc.a : strcmp-armv6m.S.obj (.text:strcmp)
                  00001dc8    00000084     RTOS_Lab3.o (.text.ButtonWork)
                  00001e4c    00000084     ST7735_SDC.o (.text.ST7735_DrawString)
                  00001ed0    00000084     OS.o (.text.__NVIC_SetPriority)
                  00001f54    0000007c     LaunchPad.o (.text.LaunchPad_Init)
                  00001fd0    0000007c     libc.a : copy_decompress_lzss.c.obj (.text:decompress:lzss)
                  0000204c    00000070     osasm.o (.text)
                  000020bc    00000068     LPF.o (.text.LPF_Init7)
                  00002124    00000064     OS.o (.text.OS_Kill)
                  00002188    00000064     RTOS_Lab3.o (.text.Producer)
                  000021ec    00000064     SPI.o (.text.TFT_OutCommand)
                  00002250    00000064     SPI.o (.text.TFT_OutData)
                  000022b4    00000064     RTOS_Lab3.o (.text.VirusDetector)
                  00002318    00000060     Timer.o (.text.TimerG12_Init)
                  00002378    0000005c     RTOS_UARTints.o (.text.UART0_IRQHandler)
                  000023d4    0000005c     TFLuna2.o (.text.UART2_IRQHandler)
                  00002430    00000058     IRDistance.o (.text.IRDistance_Convert)
                  00002488    00000058     RTOS_Lab3.o (.text.Logic_Init)
                  000024e0    00000058     OS.o (.text.OS_Fifo_Put)
                  00002538    00000056     libclang_rt.builtins.a : aeabi_idivmod.S.obj (.text.__aeabi_idivmod)
                  0000258e    00000002                            : aeabi_div0.c.obj (.text.__aeabi_idiv0)
                  00002590    00000054     ST7735_SDC.o (.text.fillmessage)
                  000025e4    0000004c     TFLuna2.o (.text.Rx2Fifo_Put)
                  00002630    0000004c     RTOS_FIFO.o (.text.RxFifo_Get)
                  0000267c    0000004c     RTOS_FIFO.o (.text.RxFifo_Put)
                  000026c8    0000004c     RTOS_Lab3.o (.text.S2Push)
                  00002714    0000004c     TFLuna2.o (.text.Tx2Fifo_Put)
                  00002760    0000004c     RTOS_FIFO.o (.text.TxFifo_Get)
                  000027ac    0000004c     RTOS_FIFO.o (.text.TxFifo_Put)
                  000027f8    0000004c     TFLuna2.o (.text.copySoftwareToHardware2)
                  00002844    0000004c     RTOS_UARTints.o (.text.copySoftwareToHardware)
                  00002890    00000048     OS.o (.text.OS_Fifo_Init)
                  000028d8    00000048     TFLuna2.o (.text.Tx2Fifo_Get)
                  00002920    00000048     OS.o (.text.get_next_free_tcb)
                  00002968    00000044     ADC.o (.text.ADC0_In)
                  000029ac    00000040     TFLuna2.o (.text.TFLuna2_OutChar)
                  000029ec    00000040     RTOS_UARTints.o (.text.UART_OutChar)
                  00002a2c    00000040     libclang_rt.builtins.a : aeabi_uidivmod.S.obj (.text.__aeabi_uidivmod)
                  00002a6c    0000003c     OS.o (.text.OS_Fifo_Get)
                  00002aa8    0000003c     OS.o (.text.OS_Init)
                  00002ae4    0000003c     OS.o (.text.OS_Wait)
                  00002b20    0000003c     libc.a : autoinit.c.obj (.text:__TI_auto_init_nobinit_nopinit)
                  00002b5c    0000003a     OS.o (.text.OS_bWait)
                  00002b96    00000002     --HOLE-- [fill = 0]
                  00002b98    00000038     LaunchPad.o (.text.ActivatePortA_B)
                  00002bd0    00000038     RTOS_Lab3.o (.text.Jitter3_Init)
                  00002c08    00000036     RTOS_UART.o (.text.UART_OutUDec)
                  00002c3e    00000002     --HOLE-- [fill = 0]
                  00002c40    00000034     ST7735_SDC.o (.text.ST7735_SetCursor)
                  00002c74    00000030     RTOS_Lab3.o (.text.Check)
                  00002ca4    00000030     OS.o (.text.OS_Launch)
                  00002cd4    00000030     TFLuna2.o (.text.TFLuna2_SendMessage)
                  00002d04    00000030     RTOS_UARTints.o (.text.copyHardwareToSoftware)
                  00002d34    0000002c     OS.o (.text.OS_MailBox_Init)
                  00002d60    0000002c     ST7735_SDC.o (.text.ST7735_FillScreen)
                  00002d8c    00000028     OS.o (.text.OS_MailBox_Send)
                  00002db4    00000028     libc.a : boot_cortex_m.c.obj (.text:_c_int00_noargs)
                  00002ddc    00000026     RTOS_UART.o (.text.UART_OutString)
                  00002e02    00000022     RTOS_UARTints.o (.text.UART_InChar)
                  00002e24    0000001e     OS.o (.text.OS_Signal)
                  00002e42    0000001e     ST7735_SDC.o (.text.pushColor)
                  00002e60    0000001c     startup_mspm0g3507_ticlang.o (.text.Default_Handler)
                  00002e7c    0000001c     startup_mspm0g3507_ticlang.o (.text.HardFault_Handler)
                  00002e98    0000001c     OS.o (.text.OS_ClearMsTime)
                  00002eb4    0000001c     OS.o (.text.OS_bSignal)
                  00002ed0    0000001c     RTOS_Lab3.o (.text.main)
                  00002eec    00000018     OS.o (.text.OS_Suspend)
                  00002f04    00000018     TFLuna2.o (.text.TFLuna2_InStatus)
                  00002f1c    00000018     TFLuna2.o (.text.TFLuna2_OutStatus)
                  00002f34    00000018     RTOS_FIFO.o (.text.TxFifo_Size)
                  00002f4c    00000014     TFLuna2.o (.text.Rx2Fifo_Init)
                  00002f60    00000014     TFLuna2.o (.text.Tx2Fifo_Init)
                  00002f74    00000012     libc.a : memcpy16.S.obj (.text:TI_memcpy_small)
                  00002f86    00000012            : copy_decompress_none.c.obj (.text:decompress:none)
                  00002f98    00000010     Clock.o (.text.Clock_Delay)
                  00002fa8    00000010     LaunchPad.o (.text.Delay)
                  00002fb8    00000010     OS.o (.text.OS_InitSemaphore)
                  00002fc8    00000010     OS.o (.text.OS_TimeDifference)
                  00002fd8    00000010     TFLuna2.o (.text.TFLuna2_Format_Standard_mm)
                  00002fe8    00000010     TFLuna2.o (.text.TFLuna2_Frame_Rate)
                  00002ff8    00000010     TFLuna2.o (.text.TFLuna2_SaveSettings)
                  00003008    00000010     TFLuna2.o (.text.TFLuna2_System_Reset)
                  00003018    00000010     libc.a : copy_zero_init.c.obj (.text:decompress:ZI)
                  00003028    0000000e            : memset16.S.obj (.text:TI_memset_small)
                  00003036    00000002     --HOLE-- [fill = 0]
                  00003038    0000000c     Clock.o (.text.Clock_Freq)
                  00003044    0000000c     OS.o (.text.OS_AddPA28Task)
                  00003050    0000000c     OS.o (.text.OS_Id)
                  0000305c    0000000c     OS.o (.text.OS_MsTime)
                  00003068    0000000c     OS.o (.text.OS_Time)
                  00003074    0000000c     ST7735_SDC.o (.text.ST7735_GetCursorX)
                  00003080    0000000c     ST7735_SDC.o (.text.ST7735_GetCursorY)
                  0000308c    0000000c     libclang_rt.builtins.a : aeabi_memset.S.obj (.text.__aeabi_memclr)
                  00003098    00000006     libc.a : exit.c.obj (.text:abort)
                  0000309e    00000004     libsysbm.a : hostexit.c.obj (.text.HOSTexit)
                  000030a2    00000004     OS.o (.text.OS_MailBox_Recv)
                  000030a6    00000004     startup_mspm0g3507_ticlang.o (.text.Reset_Handler)
                  000030aa    00000004     libc.a : pre_init.c.obj (.text._system_pre_init)
                  000030ae    00000002     --HOLE-- [fill = 0]

.cinit     0    00003790    00000040     
                  00003790    0000001b     (.cinit..data.load) [load image, compression = lzss]
                  000037ab    00000001     --HOLE-- [fill = 0]
                  000037ac    0000000c     (__TI_handler_table)
                  000037b8    00000008     (.cinit..bss.load) [load image, compression = zero_init]
                  000037c0    00000010     (__TI_cinit_table)

.rodata    0    000030b0    000006e0     
                  000030b0    000004fb     ST7735_SDC.o (.rodata.Font)
                  000035ab    00000001     --HOLE-- [fill = 0]
                  000035ac    00000040     DFT16.o (.rodata.ImW)
                  000035ec    00000040     DFT16.o (.rodata.ReW)
                  0000362c    00000016     ST7735_SDC.o (.rodata.str1.18061791561094498689.1)
                  00003642    00000002     Interpreter.o (.rodata.str1.1287619923014008887.1)
                  00003644    00000010     IRDistance.o (.rodata.A)
                  00003654    00000010     IRDistance.o (.rodata.B)
                  00003664    00000010     IRDistance.o (.rodata.C)
                  00003674    00000010     IRDistance.o (.rodata.IRmax)
                  00003684    00000010     Interpreter.o (.rodata.str1.15287782171638189172.1)
                  00003694    0000000e     RTOS_Lab3.o (.rodata.str1.10338563355447080187.1)
                  000036a2    0000000e     RTOS_Lab3.o (.rodata.str1.11704955707784963779.1)
                  000036b0    0000000e     RTOS_Lab3.o (.rodata.str1.12520126893803480798.1)
                  000036be    0000000e     Interpreter.o (.rodata.str1.13584691219899174016.1)
                  000036cc    0000000e     RTOS_Lab3.o (.rodata.str1.17343367789043521713.1)
                  000036da    0000000e     Interpreter.o (.rodata.str1.310310424903037747.1)
                  000036e8    0000000e     RTOS_Lab3.o (.rodata.str1.3851616495332070648.1)
                  000036f6    0000000e     Interpreter.o (.rodata.str1.438584629756741659.1)
                  00003704    0000000e     RTOS_Lab3.o (.rodata.str1.6937805051806482736.1)
                  00003712    0000000e     RTOS_Lab3.o (.rodata.str1.9816873719768994511.1)
                  00003720    0000000c     Interpreter.o (.rodata.str1.10788060859246666907.1)
                  0000372c    0000000c     Interpreter.o (.rodata.str1.6099132036730984718.1)
                  00003738    0000000b     Interpreter.o (.rodata.str1.8801398533620989010.1)
                  00003743    0000000a     Interpreter.o (.rodata.str1.6869798450878480225.1)
                  0000374d    0000000a     Interpreter.o (.rodata.str1.8834951582488220755.1)
                  00003757    00000008     RTOS_Lab3.o (.rodata.str1.15860131133187728716.1)
                  0000375f    00000008     RTOS_Lab3.o (.rodata.str1.18374597744251288085.1)
                  00003767    00000008     Interpreter.o (.rodata.str1.8740789795297769696.1)
                  0000376f    00000006     TFLunaCommon.o (.rodata.Frame_Rate)
                  00003775    00000006     Interpreter.o (.rodata.str1.16145079996052228972.1)
                  0000377b    00000005     TFLunaCommon.o (.rodata.Format_Standard_mm)
                  00003780    00000004     TFLunaCommon.o (.rodata.SaveSettings)
                  00003784    00000004     TFLunaCommon.o (.rodata.System_Reset)
                  00003788    00000002     Interpreter.o (.rodata.str1.9303564720754203623.1)
                  0000378a    00000006     --HOLE-- [fill = 0]

.init_array 
*          0    00000000    00000000     UNINITIALIZED

.binit     0    00000000    00000000     

.bss       0    20200000    00001bd7     UNINITIALIZED
                  20200000    00001400     (.common:stacks)
                  20201400    00000400     (.common:fifo)
                  20201800    000000c8     (.common:tcbs)
                  202018c8    00000050     (.common:periodic_threads)
                  20201918    00000040     RTOS_FIFO.o (.bss.TxFifo)
                  20201958    00000040     (.common:ImX)
                  20201998    00000040     (.common:ReX)
                  202019d8    00000040     (.common:x)
                  20201a18    00000040     (.common:x7)
                  20201a58    0000001c     (.common:f7)
                  20201a74    0000001c     (.common:mx7)
                  20201a90    00000018     LPF.o (.bss.Filter.x)
                  20201aa8    00000018     LPF.o (.bss.Filter.y)
                  20201ac0    00000018     (.common:s2_threads)
                  20201ad8    00000015     (.common:str)
                  20201aed    00000010     TFLuna2.o (.bss.Rx2Fifo)
                  20201afd    00000010     RTOS_FIFO.o (.bss.RxFifo)
                  20201b0d    00000010     TFLuna2.o (.bss.Tx2Fifo)
                  20201b1d    0000000c     (.common:Message)
                  20201b29    0000000c     (.common:TFLuna2DataMessage)
                  20201b35    0000000a     (.common:used_tcbs)
                  20201b3f    00000001     ST7735_SDC.o (.bss.ColStart)
                  20201b40    00000004     RTOS_Lab3.o (.bss.DAS.LastTime)
                  20201b44    00000004     TFLuna2.o (.bss.Rx2GetI)
                  20201b48    00000004     TFLuna2.o (.bss.Rx2PutI)
                  20201b4c    00000004     TFLuna2.o (.bss.Tx2GetI)
                  20201b50    00000004     TFLuna2.o (.bss.Tx2PutI)
                  20201b54    00000004     (.common:BadCheckSum2)
                  20201b58    00000004     (.common:Checks)
                  20201b5c    00000004     (.common:ChecksWork)
                  20201b60    00000004     (.common:Checksum)
                  20201b64    00000004     (.common:ChecksumErrors)
                  20201b68    00000004     (.common:ChecksumOriginal)
                  20201b6c    00000004     (.common:DataAvailable)
                  20201b70    00000004     (.common:DataLost)
                  20201b74    00000004     (.common:Distance)
                  20201b78    00000004     (.common:FilterOutput)
                  20201b7c    00000004     (.common:FilterWork)
                  20201b80    00000004     (.common:I7)
                  20201b84    00000004     (.common:LCDFree)
                  20201b88    00000004     (.common:LPFSum7)
                  20201b8c    00000004     (.common:LostData2)
                  20201b90    00000004     (.common:MailBoxData)
                  20201b94    00000004     (.common:MailBoxDataAvailable)
                  20201b98    00000004     (.common:MailBoxFree)
                  20201b9c    00000004     (.common:MaxJitter3)
                  20201ba0    00000004     (.common:Messageindex)
                  20201ba4    00000004     (.common:NumCreated)
                  20201ba8    00000004     (.common:RxGetI)
                  20201bac    00000004     (.common:RxPutI)
                  20201bb0    00000004     (.common:Size7)
                  20201bb4    00000004     (.common:TFLuna2Distance)
                  20201bb8    00000004     (.common:TFLuna2Function)
                  20201bbc    00000004     (.common:TFLuna2Index)
                  20201bc0    00000004     (.common:TimeMs)
                  20201bc4    00000004     (.common:TxGetI)
                  20201bc8    00000004     (.common:TxPutI)
                  20201bcc    00000004     (.common:j)
                  20201bd0    00000002     (.common:fifo_size)
                  20201bd2    00000001     ST7735_SDC.o (.bss.RowStart)
                  20201bd3    00000001     (.common:GetI)
                  20201bd4    00000001     (.common:PutI)
                  20201bd5    00000001     (.common:TFLuna2LastByte)
                  20201bd6    00000001     (.common:c)

.data      0    20201bd8    00000828     UNINITIALIZED
                  20201bd8    00000800     RTOS_Lab3.o (.data.JitterHistogram3)
                  202023d8    00000004     Clock.o (.data.BusFreq)
                  202023dc    00000004     ST7735_SDC.o (.data.Display_Free)
                  202023e0    00000004     LPF.o (.data.Filter.n)
                  202023e4    00000004     OS.o (.data.NextThreadPt)
                  202023e8    00000004     OS.o (.data.RunPt)
                  202023ec    00000004     ST7735_SDC.o (.data.StX)
                  202023f0    00000004     ST7735_SDC.o (.data.StY)
                  202023f4    00000004     OS.o (.data.delta_queue_head)
                  202023f8    00000002     ST7735_SDC.o (.data.StTextColor)
                  202023fa    00000002     ST7735_SDC.o (.data._height)
                  202023fc    00000002     ST7735_SDC.o (.data._width)
                  202023fe    00000001     OS.o (.data.num_periodic_threads)
                  202023ff    00000001     OS.o (.data.num_s2_threads)

.sysmem    0    20202400    00000200     UNINITIALIZED
                  20202400    00000010     libc.a : memory.c.obj (.sysmem)
                  20202410    000001f0     --HOLE--

.stack     0    20207e00    00000200     UNINITIALIZED
                  20207e00    00000004     libc.a : boot_cortex_m.c.obj (.stack)
                  20207e04    000001fc     --HOLE--

__llvm_prf_cnts 
*          0    20200000    00000000     UNINITIALIZED

__llvm_prf_bits 
*          0    20200000    00000000     UNINITIALIZED

MODULE SUMMARY

       Module                         code    ro data   rw data
       ------                         ----    -------   -------
    .\
       OS.o                           2848    0         6496   
       RTOS_Lab3.o                    1448    114       2292   
       ST7735_SDC.o                   1942    1297      36     
       TFLuna2.o                      1352    0         81     
       Interpreter.o                  676     131       26     
       LPF.o                          556     0         184    
       Clock.o                        464     0         4      
       Timer.o                        432     0         0      
       RTOS_FIFO.o                    328     0         96     
       DFT16.o                        232     128       0      
       RTOS_UARTints.o                314     0         0      
       ADC.o                          312     0         0      
       SPI.o                          200     0         0      
       LaunchPad.o                    196     0         0      
       IRDistance.o                   88      64        0      
       osasm.o                        112     0         0      
       RTOS_UART.o                    92      0         0      
       TFLunaCommon.o                 0       19        0      
    +--+------------------------------+-------+---------+---------+
       Total:                         11592   1753      9215   
                                                               
    .\ticlang\
       startup_mspm0g3507_ticlang.o   60      192       0      
    +--+------------------------------+-------+---------+---------+
       Total:                         60      192       0      
                                                               
    C:\ti\ccs2040\ccs\tools\compiler\ti-cgt-armllvm_4.0.4.LTS\lib\armv6m-ti-none-eabi/c/libc.a
       strcmp-armv6m.S.obj            136     0         0      
       copy_decompress_lzss.c.obj     124     0         0      
       autoinit.c.obj                 60      0         0      
       boot_cortex_m.c.obj            40      0         0      
       copy_decompress_none.c.obj     18      0         0      
       memcpy16.S.obj                 18      0         0      
       copy_zero_init.c.obj           16      0         0      
       memset16.S.obj                 14      0         0      
       exit.c.obj                     6       0         0      
       pre_init.c.obj                 4       0         0      
    +--+------------------------------+-------+---------+---------+
       Total:                         436     0         0      
                                                               
    C:\ti\ccs2040\ccs\tools\compiler\ti-cgt-armllvm_4.0.4.LTS\lib\armv6m-ti-none-eabi/c/libsysbm.a
       hostexit.c.obj                 4       0         0      
    +--+------------------------------+-------+---------+---------+
       Total:                         4       0         0      
                                                               
    C:\ti\ccs2040\ccs\tools\compiler\ti-cgt-armllvm_4.0.4.LTS\lib\armv6m-ti-none-eabi/libclang_rt.builtins.a
       aeabi_idivmod.S.obj            86      0         0      
       aeabi_uidivmod.S.obj           64      0         0      
       aeabi_memset.S.obj             12      0         0      
       aeabi_memcpy.S.obj             8       0         0      
       aeabi_div0.c.obj               2       0         0      
    +--+------------------------------+-------+---------+---------+
       Total:                         172     0         0      
                                                               
       Heap:                          0       0         512    
       Stack:                         0       0         512    
       Linker Generated:              0       63        0      
    +--+------------------------------+-------+---------+---------+
       Grand Total:                   12264   2008      10239  


LINKER GENERATED COPY TABLES

__TI_cinit_table @ 000037c0 records: 2, size/record: 8, table size: 16
	.data: load addr=00003790, load size=0000001b bytes, run addr=20201bd8, run size=00000828 bytes, compression=lzss
	.bss: load addr=000037b8, load size=00000008 bytes, run addr=20200000, run size=00001bd7 bytes, compression=zero_init


LINKER GENERATED HANDLER TABLE

__TI_handler_table @ 000037ac records: 3, size/record: 4, table size: 12
	index: 0, handler: __TI_decompress_lzss
	index: 1, handler: __TI_decompress_none
	index: 2, handler: __TI_zero_init


GLOBAL SYMBOLS: SORTED ALPHABETICALLY BY Name 

address   name                          
-------   ----                          
00003644  A                             
00002e61  ADC0_IRQHandler               
00002969  ADC0_In                       
00000ec5  ADC0_Init                     
00002e61  ADC1_IRQHandler               
00002e61  AES_IRQHandler                
00002b99  ActivatePortA_B               
00003654  B                             
20201b54  BadCheckSum2                  
202023d8  BusFreq                       
00001dc9  ButtonWork                    
00003664  C                             
0000309e  C$$EXIT                       
00002e61  CANFD0_IRQHandler             
00002c75  Check                         
20201b58  Checks                        
20201b5c  ChecksWork                    
20201b60  Checksum                      
20201b64  ChecksumErrors                
20201b68  ChecksumOriginal              
00002f99  Clock_Delay                   
00003039  Clock_Freq                    
00000365  Clock_Init80MHz               
000014f1  Consumer                      
00002e61  DAC0_IRQHandler               
00000fb9  DAS                           
000010ad  DFT16                         
00002e61  DMA_IRQHandler                
20201b6c  DataAvailable                 
20201b70  DataLost                      
00002e61  Default_Handler               
00002fa9  Delay                         
00001731  Display                       
202023dc  Display_Free                  
20201b74  Distance                      
00001b99  EdgeTriggered_Init            
0000205c  EndCritical                   
00001a71  Filter                        
20201b78  FilterOutput                  
20201b7c  FilterWork                    
0000377b  Format_Standard_mm            
0000376f  Frame_Rate                    
00002e61  GROUP0_IRQHandler             
00001195  GROUP1_IRQHandler             
20201bd3  GetI                          
0000309f  HOSTexit                      
00002e7d  HardFault_Handler             
00002e61  I2C0_IRQHandler               
00002e61  I2C1_IRQHandler               
20201b80  I7                            
00002431  IRDistance_Convert            
00003674  IRmax                         
000035ac  ImW                           
20201958  ImX                           
000000c1  Interpreter                   
00002bd1  Jitter3_Init                  
20201bd8  JitterHistogram3              
20201b84  LCDFree                       
20201b88  LPFSum7                       
000020bd  LPF_Init7                     
00001f55  LaunchPad_Init                
00002489  Logic_Init                    
20201b8c  LostData2                     
20201b90  MailBoxData                   
20201b94  MailBoxDataAvailable          
20201b98  MailBoxFree                   
20201b9c  MaxJitter3                    
00000c7d  Median5                       
20201b1d  Message                       
20201ba0  Messageindex                  
00002e61  NMI_Handler                   
202023e4  NextThreadPt                  
20201ba4  NumCreated                    
0000204c  OSDisableInterrupts           
00002050  OSEnableInterrupts            
00003045  OS_AddPA28Task                
00001279  OS_AddPeriodicThread          
00001679  OS_AddS2Task                  
000006bd  OS_AddThread                  
00002e99  OS_ClearMsTime                
00002a6d  OS_Fifo_Get                   
00002891  OS_Fifo_Init                  
000024e1  OS_Fifo_Put                   
00003051  OS_Id                         
00002aa9  OS_Init                       
00002fb9  OS_InitSemaphore              
00002125  OS_Kill                       
00002ca5  OS_Launch                     
00002d35  OS_MailBox_Init               
000030a3  OS_MailBox_Recv               
00002d8d  OS_MailBox_Send               
0000305d  OS_MsTime                     
00002e25  OS_Signal                     
000015b5  OS_Sleep                      
00002eed  OS_Suspend                    
00003069  OS_Time                       
00002fc9  OS_TimeDifference             
00002ae5  OS_Wait                       
00002eb5  OS_bSignal                    
00002b5d  OS_bWait                      
0000207d  PendSV_Handler                
00002189  Producer                      
20201bd4  PutI                          
00002e61  RTC_IRQHandler                
000035ec  ReW                           
20201998  ReX                           
000030a7  Reset_Handler                 
202023e8  RunPt                         
00002f4d  Rx2Fifo_Init                  
000025e5  Rx2Fifo_Put                   
00002631  RxFifo_Get                    
0000267d  RxFifo_Put                    
20201ba8  RxGetI                        
20201bac  RxPutI                        
000026c9  S2Push                        
00002e61  SPI0_IRQHandler               
00002e61  SPI1_IRQHandler               
00000519  ST7735_DrawChar               
00001e4d  ST7735_DrawString             
00000dad  ST7735_FillRect               
00002d61  ST7735_FillScreen             
00003075  ST7735_GetCursorX             
00003081  ST7735_GetCursorY             
00000845  ST7735_Message                
00001355  ST7735_OutChar                
00001b05  ST7735_OutUDec                
00002c41  ST7735_SetCursor              
00002099  SVC_Handler                   
00003780  SaveSettings                  
20201bb0  Size7                         
202023f8  StTextColor                   
202023ec  StX                           
202023f0  StY                           
00002054  StartCritical                 
00002062  StartOS                       
00001931  SysTick_Handler               
00003784  System_Reset                  
20201b29  TFLuna2DataMessage            
20201bb4  TFLuna2Distance               
20201bb8  TFLuna2Function               
20201bbc  TFLuna2Index                  
20201bd5  TFLuna2LastByte               
00002fd9  TFLuna2_Format_Standard_mm    
00002fe9  TFLuna2_Frame_Rate            
00002f05  TFLuna2_InStatus              
000009c5  TFLuna2_Init                  
000029ad  TFLuna2_OutChar               
00002f1d  TFLuna2_OutStatus             
00002ff9  TFLuna2_SaveSettings          
00002cd5  TFLuna2_SendMessage           
00003009  TFLuna2_System_Reset          
000021ed  TFT_OutCommand                
00002251  TFT_OutData                   
00002e61  TIMA0_IRQHandler              
00002e61  TIMA1_IRQHandler              
00002e61  TIMG0_IRQHandler              
00002e61  TIMG12_IRQHandler             
00002e61  TIMG6_IRQHandler              
000019d1  TIMG7_IRQHandler              
00001c29  TIMG8_IRQHandler              
00002f75  TI_memcpy_small               
00003029  TI_memset_small               
20201bc0  TimeMs                        
00002319  TimerG12_Init                 
000017e1  TimerG7_IntArm                
00001889  TimerG8_IntArm                
000028d9  Tx2Fifo_Get                   
00002f61  Tx2Fifo_Init                  
00002715  Tx2Fifo_Put                   
00002761  TxFifo_Get                    
000027ad  TxFifo_Put                    
00002f35  TxFifo_Size                   
20201bc4  TxGetI                        
20201bc8  TxPutI                        
00002379  UART0_IRQHandler              
00002e61  UART1_IRQHandler              
000023d5  UART2_IRQHandler              
00002e61  UART3_IRQHandler              
00002e03  UART_InChar                   
000029ed  UART_OutChar                  
00002ddd  UART_OutString                
00002c09  UART_OutUDec                  
000022b5  VirusDetector                 
20208000  __STACK_END                   
00000200  __STACK_SIZE                  
00000200  __SYSMEM_SIZE                 
00000000  __TI_ATRegion0_region_sz      
00000000  __TI_ATRegion0_src_addr       
00000000  __TI_ATRegion0_trg_addr       
00000000  __TI_ATRegion1_region_sz      
00000000  __TI_ATRegion1_src_addr       
00000000  __TI_ATRegion1_trg_addr       
00000000  __TI_ATRegion2_region_sz      
00000000  __TI_ATRegion2_src_addr       
00000000  __TI_ATRegion2_trg_addr       
000037c0  __TI_CINIT_Base               
000037d0  __TI_CINIT_Limit              
000037d0  __TI_CINIT_Warm               
000037ac  __TI_Handler_Table_Base       
000037b8  __TI_Handler_Table_Limit      
00002b21  __TI_auto_init_nobinit_nopinit
00001fd1  __TI_decompress_lzss          
00002f87  __TI_decompress_none          
ffffffff  __TI_pprof_out_hndl           
ffffffff  __TI_prof_data_size           
ffffffff  __TI_prof_data_start          
00000000  __TI_static_base__            
00003019  __TI_zero_init                
00002539  __aeabi_idiv                  
0000258f  __aeabi_idiv0                 
00002539  __aeabi_idivmod               
0000308d  __aeabi_memclr                
0000308d  __aeabi_memclr4               
0000308d  __aeabi_memclr8               
00001d39  __aeabi_memcpy                
00001d39  __aeabi_memcpy4               
00001d39  __aeabi_memcpy8               
00002a2d  __aeabi_uidiv                 
00002a2d  __aeabi_uidivmod              
ffffffff  __binit__                     
UNDEFED   __mpu_init                    
20207e00  __stack                       
20200000  __start___llvm_prf_bits       
20200000  __start___llvm_prf_cnts       
20200000  __stop___llvm_prf_bits        
20200000  __stop___llvm_prf_cnts        
00002db5  _c_int00_noargs               
20202400  _sys_memory                   
UNDEFED   _system_post_cinit            
000030ab  _system_pre_init              
00003099  abort                         
ffffffff  binit                         
20201bd6  c                             
202023f4  delta_queue_head              
20201a58  f7                            
20201400  fifo                          
20201bd0  fifo_size                     
00002591  fillmessage                   
00002921  get_next_free_tcb             
00000000  interruptVectors              
20201bcc  j                             
00002ed1  main                          
20201a74  mx7                           
202023fe  num_periodic_threads          
202023ff  num_s2_threads                
202018c8  periodic_threads              
00001425  realmain                      
20201ac0  s2_threads                    
20200000  stacks                        
20201ad8  str                           
00001d41  strcmp                        
20201800  tcbs                          
20201b35  used_tcbs                     
202019d8  x                             
20201a18  x7                            


GLOBAL SYMBOLS: SORTED BY Symbol Address 

address   name                          
-------   ----                          
00000000  __TI_ATRegion0_region_sz      
00000000  __TI_ATRegion0_src_addr       
00000000  __TI_ATRegion0_trg_addr       
00000000  __TI_ATRegion1_region_sz      
00000000  __TI_ATRegion1_src_addr       
00000000  __TI_ATRegion1_trg_addr       
00000000  __TI_ATRegion2_region_sz      
00000000  __TI_ATRegion2_src_addr       
00000000  __TI_ATRegion2_trg_addr       
00000000  __TI_static_base__            
00000000  interruptVectors              
000000c1  Interpreter                   
00000200  __STACK_SIZE                  
00000200  __SYSMEM_SIZE                 
00000365  Clock_Init80MHz               
00000519  ST7735_DrawChar               
000006bd  OS_AddThread                  
00000845  ST7735_Message                
000009c5  TFLuna2_Init                  
00000c7d  Median5                       
00000dad  ST7735_FillRect               
00000ec5  ADC0_Init                     
00000fb9  DAS                           
000010ad  DFT16                         
00001195  GROUP1_IRQHandler             
00001279  OS_AddPeriodicThread          
00001355  ST7735_OutChar                
00001425  realmain                      
000014f1  Consumer                      
000015b5  OS_Sleep                      
00001679  OS_AddS2Task                  
00001731  Display                       
000017e1  TimerG7_IntArm                
00001889  TimerG8_IntArm                
00001931  SysTick_Handler               
000019d1  TIMG7_IRQHandler              
00001a71  Filter                        
00001b05  ST7735_OutUDec                
00001b99  EdgeTriggered_Init            
00001c29  TIMG8_IRQHandler              
00001d39  __aeabi_memcpy                
00001d39  __aeabi_memcpy4               
00001d39  __aeabi_memcpy8               
00001d41  strcmp                        
00001dc9  ButtonWork                    
00001e4d  ST7735_DrawString             
00001f55  LaunchPad_Init                
00001fd1  __TI_decompress_lzss          
0000204c  OSDisableInterrupts           
00002050  OSEnableInterrupts            
00002054  StartCritical                 
0000205c  EndCritical                   
00002062  StartOS                       
0000207d  PendSV_Handler                
00002099  SVC_Handler                   
000020bd  LPF_Init7                     
00002125  OS_Kill                       
00002189  Producer                      
000021ed  TFT_OutCommand                
00002251  TFT_OutData                   
000022b5  VirusDetector                 
00002319  TimerG12_Init                 
00002379  UART0_IRQHandler              
000023d5  UART2_IRQHandler              
00002431  IRDistance_Convert            
00002489  Logic_Init                    
000024e1  OS_Fifo_Put                   
00002539  __aeabi_idiv                  
00002539  __aeabi_idivmod               
0000258f  __aeabi_idiv0                 
00002591  fillmessage                   
000025e5  Rx2Fifo_Put                   
00002631  RxFifo_Get                    
0000267d  RxFifo_Put                    
000026c9  S2Push                        
00002715  Tx2Fifo_Put                   
00002761  TxFifo_Get                    
000027ad  TxFifo_Put                    
00002891  OS_Fifo_Init                  
000028d9  Tx2Fifo_Get                   
00002921  get_next_free_tcb             
00002969  ADC0_In                       
000029ad  TFLuna2_OutChar               
000029ed  UART_OutChar                  
00002a2d  __aeabi_uidiv                 
00002a2d  __aeabi_uidivmod              
00002a6d  OS_Fifo_Get                   
00002aa9  OS_Init                       
00002ae5  OS_Wait                       
00002b21  __TI_auto_init_nobinit_nopinit
00002b5d  OS_bWait                      
00002b99  ActivatePortA_B               
00002bd1  Jitter3_Init                  
00002c09  UART_OutUDec                  
00002c41  ST7735_SetCursor              
00002c75  Check                         
00002ca5  OS_Launch                     
00002cd5  TFLuna2_SendMessage           
00002d35  OS_MailBox_Init               
00002d61  ST7735_FillScreen             
00002d8d  OS_MailBox_Send               
00002db5  _c_int00_noargs               
00002ddd  UART_OutString                
00002e03  UART_InChar                   
00002e25  OS_Signal                     
00002e61  ADC0_IRQHandler               
00002e61  ADC1_IRQHandler               
00002e61  AES_IRQHandler                
00002e61  CANFD0_IRQHandler             
00002e61  DAC0_IRQHandler               
00002e61  DMA_IRQHandler                
00002e61  Default_Handler               
00002e61  GROUP0_IRQHandler             
00002e61  I2C0_IRQHandler               
00002e61  I2C1_IRQHandler               
00002e61  NMI_Handler                   
00002e61  RTC_IRQHandler                
00002e61  SPI0_IRQHandler               
00002e61  SPI1_IRQHandler               
00002e61  TIMA0_IRQHandler              
00002e61  TIMA1_IRQHandler              
00002e61  TIMG0_IRQHandler              
00002e61  TIMG12_IRQHandler             
00002e61  TIMG6_IRQHandler              
00002e61  UART1_IRQHandler              
00002e61  UART3_IRQHandler              
00002e7d  HardFault_Handler             
00002e99  OS_ClearMsTime                
00002eb5  OS_bSignal                    
00002ed1  main                          
00002eed  OS_Suspend                    
00002f05  TFLuna2_InStatus              
00002f1d  TFLuna2_OutStatus             
00002f35  TxFifo_Size                   
00002f4d  Rx2Fifo_Init                  
00002f61  Tx2Fifo_Init                  
00002f75  TI_memcpy_small               
00002f87  __TI_decompress_none          
00002f99  Clock_Delay                   
00002fa9  Delay                         
00002fb9  OS_InitSemaphore              
00002fc9  OS_TimeDifference             
00002fd9  TFLuna2_Format_Standard_mm    
00002fe9  TFLuna2_Frame_Rate            
00002ff9  TFLuna2_SaveSettings          
00003009  TFLuna2_System_Reset          
00003019  __TI_zero_init                
00003029  TI_memset_small               
00003039  Clock_Freq                    
00003045  OS_AddPA28Task                
00003051  OS_Id                         
0000305d  OS_MsTime                     
00003069  OS_Time                       
00003075  ST7735_GetCursorX             
00003081  ST7735_GetCursorY             
0000308d  __aeabi_memclr                
0000308d  __aeabi_memclr4               
0000308d  __aeabi_memclr8               
00003099  abort                         
0000309e  C$$EXIT                       
0000309f  HOSTexit                      
000030a3  OS_MailBox_Recv               
000030a7  Reset_Handler                 
000030ab  _system_pre_init              
000035ac  ImW                           
000035ec  ReW                           
00003644  A                             
00003654  B                             
00003664  C                             
00003674  IRmax                         
0000376f  Frame_Rate                    
0000377b  Format_Standard_mm            
00003780  SaveSettings                  
00003784  System_Reset                  
000037ac  __TI_Handler_Table_Base       
000037b8  __TI_Handler_Table_Limit      
000037c0  __TI_CINIT_Base               
000037d0  __TI_CINIT_Limit              
000037d0  __TI_CINIT_Warm               
20200000  __start___llvm_prf_bits       
20200000  __start___llvm_prf_cnts       
20200000  __stop___llvm_prf_bits        
20200000  __stop___llvm_prf_cnts        
20200000  stacks                        
20201400  fifo                          
20201800  tcbs                          
202018c8  periodic_threads              
20201958  ImX                           
20201998  ReX                           
202019d8  x                             
20201a18  x7                            
20201a58  f7                            
20201a74  mx7                           
20201ac0  s2_threads                    
20201ad8  str                           
20201b1d  Message                       
20201b29  TFLuna2DataMessage            
20201b35  used_tcbs                     
20201b54  BadCheckSum2                  
20201b58  Checks                        
20201b5c  ChecksWork                    
20201b60  Checksum                      
20201b64  ChecksumErrors                
20201b68  ChecksumOriginal              
20201b6c  DataAvailable                 
20201b70  DataLost                      
20201b74  Distance                      
20201b78  FilterOutput                  
20201b7c  FilterWork                    
20201b80  I7                            
20201b84  LCDFree                       
20201b88  LPFSum7                       
20201b8c  LostData2                     
20201b90  MailBoxData                   
20201b94  MailBoxDataAvailable          
20201b98  MailBoxFree                   
20201b9c  MaxJitter3                    
20201ba0  Messageindex                  
20201ba4  NumCreated                    
20201ba8  RxGetI                        
20201bac  RxPutI                        
20201bb0  Size7                         
20201bb4  TFLuna2Distance               
20201bb8  TFLuna2Function               
20201bbc  TFLuna2Index                  
20201bc0  TimeMs                        
20201bc4  TxGetI                        
20201bc8  TxPutI                        
20201bcc  j                             
20201bd0  fifo_size                     
20201bd3  GetI                          
20201bd4  PutI                          
20201bd5  TFLuna2LastByte               
20201bd6  c                             
20201bd8  JitterHistogram3              
202023d8  BusFreq                       
202023dc  Display_Free                  
202023e4  NextThreadPt                  
202023e8  RunPt                         
202023ec  StX                           
202023f0  StY                           
202023f4  delta_queue_head              
202023f8  StTextColor                   
202023fe  num_periodic_threads          
202023ff  num_s2_threads                
20202400  _sys_memory                   
20207e00  __stack                       
20208000  __STACK_END                   
ffffffff  __TI_pprof_out_hndl           
ffffffff  __TI_prof_data_size           
ffffffff  __TI_prof_data_start          
ffffffff  __binit__                     
ffffffff  binit                         
UNDEFED   __mpu_init                    
UNDEFED   _system_post_cinit            

[255 symbols]
