******************************************************************************
            TI ARM Clang Linker PC v4.0.4                      
******************************************************************************
>> Linked Thu Feb 26 15:21:52 2026

OUTPUT FILE NAME:   <RTOS_Lab3_RTOSpriority.out>
ENTRY POINT SYMBOL: "_c_int00_noargs"  address: 00004455


MEMORY CONFIGURATION

         name            origin    length      used     unused   attr    fill
----------------------  --------  ---------  --------  --------  ----  --------
  FLASH                 00000000   00020000  00005048  0001afb8  R  X
  SRAM                  20200000   00008000  00005d39  000022c7  RW X
  BCR_CONFIG            41c00000   00000080  00000000  00000080  R   
  BSL_CONFIG            41c00100   00000080  00000000  00000080  R   


SEGMENT ALLOCATION MAP

run origin  load origin   length   init length attrs members
----------  ----------- ---------- ----------- ----- -------
00000000    00000000    00005048   00005048    r-x
  00000000    00000000    000000c0   000000c0    r-- .intvecs
  000000c0    000000c0    000046f0   000046f0    r-x .text
  000047b0    000047b0    00000858   00000858    r-- .rodata
  00005008    00005008    00000040   00000040    r-- .cinit
20200000    20200000    00005b40   00000000    rw-
  20200000    20200000    000050f4   00000000    rw- .bss
  202050f4    202050f4    00000845   00000000    rw- .data
  20205940    20205940    00000200   00000000    rw- .sysmem
20207e00    20207e00    00000200   00000000    rw-
  20207e00    20207e00    00000200   00000000    rw- .stack


SECTION ALLOCATION MAP

 output                                  attributes/
section   page    origin      length       input sections
--------  ----  ----------  ----------   ----------------
.intvecs   0    00000000    000000c0     
                  00000000    000000c0     startup_mspm0g3507_ticlang.o (.intvecs)

.text      0    000000c0    000046f0     
                  000000c0    00000380     OS.o (.text.OS_CreateScheduler)
                  00000440    0000032c     OS.o (.text.ScheduleFinder)
                  0000076c    0000026c     Interpreter.o (.text.Interpreter)
                  000009d8    0000026c     OS.o (.text.OS_AddThread)
                  00000c44    000001f4     RTOS_UART.o (.text.UART_OutUDec5)
                  00000e38    000001b4     Clock.o (.text.Clock_Init80MHz)
                  00000fec    000001a4     ST7735_SDC.o (.text.ST7735_DrawChar)
                  00001190    000001a0     OS.o (.text.OS_Sleep)
                  00001330    00000174     TFLuna2.o (.text.TFLuna2_Init)
                  000014a4    00000160     ST7735_SDC.o (.text.ST7735_Message)
                  00001604    00000154     OS.o (.text.TIMG8_IRQHandler)
                  00001758    00000144     TFLuna2.o (.text.copyHardwareToSoftware2)
                  0000189c    00000138     RTOS_UARTints.o (.text.UART_Init)
                  000019d4    00000130     LPF.o (.text.Median5)
                  00001b04    0000012c     ST7735_SDC.o (.text.ST7735_FillRect)
                  00001c30    00000128     OS.o (.text.GROUP1_IRQHandler)
                  00001d58    00000128     OS.o (.text.OS_Block)
                  00001e80    00000120     SPI.o (.text.SPI1_Init)
                  00001fa0    00000118     RTOS_Lab3.o (.text.DAS)
                  000020b8    00000108     OS.o (.text.OS_Kill)
                  000021c0    000000f8     OS.o (.text.OS_Unblock)
                  000022b8    000000f4     ADC.o (.text.ADC0_Init)
                  000023ac    000000e8     RTOS_Lab3.o (.text.Consumer)
                  00002494    000000e8     DFT16.o (.text.DFT16)
                  0000257c    000000e4     OS.o (.text.OS_AddPeriodicThread)
                  00002660    000000e0     RTOS_Lab3.o (.text.Lab3)
                  00002740    000000e0     OS.o (.text.SysTick_Handler)
                  00002820    000000cc     RTOS_Lab3.o (.text.realmain)
                  000028ec    000000c4     OS.o (.text.EdgeTriggered_Init)
                  000029b0    000000c4     OS.o (.text.sortPeriodicThreads)
                  00002a74    000000b8     OS.o (.text.OS_AddPA28Task)
                  00002b2c    000000b8     OS.o (.text.OS_AddS2Task)
                  00002be4    000000a8     RTOS_Lab3.o (.text.Display)
                  00002c8c    000000a8     Timer.o (.text.TimerG7_IntArm)
                  00002d34    000000a8     Timer.o (.text.TimerG8_IntArm)
                  00002ddc    000000a2     ST7735_SDC.o (.text.commandList)
                  00002e7e    00000002     libclang_rt.builtins.a : aeabi_div0.c.obj (.text.__aeabi_idiv0)
                  00002e80    000000a0     RTOS_Lab3.o (.text.DFT)
                  00002f20    00000098     OS.o (.text.OS_Launch)
                  00002fb8    00000098     ST7735_SDC.o (.text.ST7735_InitR)
                  00003050    00000094     LPF.o (.text.Filter)
                  000030e4    00000094     ST7735_SDC.o (.text.ST7735_OutUDec)
                  00003178    00000088     ST7735_SDC.o (.text.setAddrWindow)
                  00003200    00000088     libc.a : strcmp-armv6m.S.obj (.text:strcmp)
                  00003288    00000084     RTOS_Lab3.o (.text.ButtonWork)
                  0000330c    00000084     LaunchPad.o (.text.LaunchPad_Init)
                  00003390    00000084     ST7735_SDC.o (.text.ST7735_DrawString)
                  00003414    00000084     OS.o (.text.__NVIC_SetPriority)
                  00003498    0000007c     libc.a : copy_decompress_lzss.c.obj (.text:decompress:lzss)
                  00003514    00000070     osasm.o (.text)
                  00003584    00000068     LPF.o (.text.LPF_Init7)
                  000035ec    00000064     RTOS_Lab3.o (.text.Producer)
                  00003650    00000064     SPI.o (.text.TFT_OutCommand)
                  000036b4    00000064     SPI.o (.text.TFT_OutData)
                  00003718    00000064     RTOS_Lab3.o (.text.VirusDetector)
                  0000377c    00000060     Timer.o (.text.TimerG12_Init)
                  000037dc    0000005c     RTOS_UARTints.o (.text.UART0_IRQHandler)
                  00003838    0000005c     TFLuna2.o (.text.UART2_IRQHandler)
                  00003894    00000058     IRDistance.o (.text.IRDistance_Convert)
                  000038ec    00000058     RTOS_Lab3.o (.text.Logic_Init)
                  00003944    00000058     OS.o (.text.OS_Fifo_Put)
                  0000399c    00000056     libclang_rt.builtins.a : aeabi_idivmod.S.obj (.text.__aeabi_idivmod)
                  000039f2    00000002     --HOLE-- [fill = 0]
                  000039f4    00000054     ST7735_SDC.o (.text.fillmessage)
                  00003a48    00000052     OS.o (.text.lcm_array)
                  00003a9a    00000002     --HOLE-- [fill = 0]
                  00003a9c    00000050     OS.o (.text.TIMG7_IRQHandler)
                  00003aec    0000004c     OS.o (.text.OS_Signal)
                  00003b38    0000004c     OS.o (.text.OS_bSignal)
                  00003b84    0000004c     TFLuna2.o (.text.Rx2Fifo_Put)
                  00003bd0    0000004c     RTOS_FIFO.o (.text.RxFifo_Get)
                  00003c1c    0000004c     RTOS_FIFO.o (.text.RxFifo_Put)
                  00003c68    0000004c     RTOS_Lab3.o (.text.S2Push)
                  00003cb4    0000004c     TFLuna2.o (.text.Tx2Fifo_Put)
                  00003d00    0000004c     RTOS_FIFO.o (.text.TxFifo_Get)
                  00003d4c    0000004c     RTOS_FIFO.o (.text.TxFifo_Put)
                  00003d98    0000004c     TFLuna2.o (.text.copySoftwareToHardware2)
                  00003de4    0000004c     RTOS_UARTints.o (.text.copySoftwareToHardware)
                  00003e30    00000048     OS.o (.text.OS_Fifo_Init)
                  00003e78    00000048     TFLuna2.o (.text.Tx2Fifo_Get)
                  00003ec0    00000048     OS.o (.text.get_next_free_tcb)
                  00003f08    00000044     ADC.o (.text.ADC0_In)
                  00003f4c    00000042     LPF.o (.text.sqrt2)
                  00003f8e    00000040     OS.o (.text.OS_Init)
                  00003fce    00000002     --HOLE-- [fill = 0]
                  00003fd0    00000040     SPI.o (.text.SPI1_Reset)
                  00004010    00000040     TFLuna2.o (.text.TFLuna2_OutChar)
                  00004050    00000040     RTOS_UARTints.o (.text.UART_OutChar)
                  00004090    00000040     libclang_rt.builtins.a : aeabi_uidivmod.S.obj (.text.__aeabi_uidivmod)
                  000040d0    0000003c     OS.o (.text.OS_Fifo_Get)
                  0000410c    0000003c     libc.a : autoinit.c.obj (.text:__TI_auto_init_nobinit_nopinit)
                  00004148    00000038     LaunchPad.o (.text.ActivatePortA_B)
                  00004180    00000038     RTOS_Lab3.o (.text.Jitter3_Init)
                  000041b8    00000036     RTOS_UART.o (.text.UART_OutUDec)
                  000041ee    00000002     --HOLE-- [fill = 0]
                  000041f0    00000034     Clock.o (.text.Clock_Delay1ms)
                  00004224    00000034     OS.o (.text.OS_Wait)
                  00004258    00000034     OS.o (.text.OS_bWait)
                  0000428c    00000034     ST7735_SDC.o (.text.ST7735_SetCursor)
                  000042c0    00000030     RTOS_Lab3.o (.text.Check)
                  000042f0    00000030     TFLuna2.o (.text.TFLuna2_SendMessage)
                  00004320    00000030     ST7735_SDC.o (.text.commonInit)
                  00004350    00000030     RTOS_UARTints.o (.text.copyHardwareToSoftware)
                  00004380    0000002c     OS.o (.text.OS_MailBox_Init)
                  000043ac    0000002c     ST7735_SDC.o (.text.ST7735_FillScreen)
                  000043d8    0000002c     OS.o (.text.gcd)
                  00004404    00000028     OS.o (.text.OS_MailBox_Recv)
                  0000442c    00000028     OS.o (.text.OS_MailBox_Send)
                  00004454    00000028     libc.a : boot_cortex_m.c.obj (.text:_c_int00_noargs)
                  0000447c    00000026     RTOS_UART.o (.text.UART_OutSDec)
                  000044a2    00000026     RTOS_UART.o (.text.UART_OutString)
                  000044c8    00000024     SPI.o (.text.CS_Init)
                  000044ec    00000024     OS.o (.text.lcm_two)
                  00004510    00000022     RTOS_UARTints.o (.text.UART_InChar)
                  00004532    0000001e     ST7735_SDC.o (.text.pushColor)
                  00004550    0000001c     startup_mspm0g3507_ticlang.o (.text.Default_Handler)
                  0000456c    0000001c     startup_mspm0g3507_ticlang.o (.text.HardFault_Handler)
                  00004588    0000001c     OS.o (.text.OS_ClearMsTime)
                  000045a4    0000001c     RTOS_Lab3.o (.text.main)
                  000045c0    00000018     OS.o (.text.OS_Suspend)
                  000045d8    00000018     TFLuna2.o (.text.TFLuna2_InStatus)
                  000045f0    00000018     TFLuna2.o (.text.TFLuna2_OutStatus)
                  00004608    00000018     RTOS_FIFO.o (.text.TxFifo_Size)
                  00004620    00000016     OS.o (.text.OS_InitSemaphore)
                  00004636    00000002     --HOLE-- [fill = 0]
                  00004638    00000014     TFLuna2.o (.text.Rx2Fifo_Init)
                  0000464c    00000014     RTOS_FIFO.o (.text.RxFifo_Init)
                  00004660    00000014     TFLuna2.o (.text.Tx2Fifo_Init)
                  00004674    00000014     RTOS_FIFO.o (.text.TxFifo_Init)
                  00004688    00000012     libc.a : memcpy16.S.obj (.text:TI_memcpy_small)
                  0000469a    00000012            : copy_decompress_none.c.obj (.text:decompress:none)
                  000046ac    00000010     Clock.o (.text.Clock_Delay)
                  000046bc    00000010     LaunchPad.o (.text.Delay)
                  000046cc    00000010     OS.o (.text.OS_TimeDifference)
                  000046dc    00000010     TFLuna2.o (.text.TFLuna2_Format_Standard_mm)
                  000046ec    00000010     TFLuna2.o (.text.TFLuna2_Frame_Rate)
                  000046fc    00000010     TFLuna2.o (.text.TFLuna2_SaveSettings)
                  0000470c    00000010     TFLuna2.o (.text.TFLuna2_System_Reset)
                  0000471c    00000010     libc.a : copy_zero_init.c.obj (.text:decompress:ZI)
                  0000472c    0000000e            : memset16.S.obj (.text:TI_memset_small)
                  0000473a    00000002     --HOLE-- [fill = 0]
                  0000473c    0000000c     Clock.o (.text.Clock_Freq)
                  00004748    0000000c     OS.o (.text.OS_Id)
                  00004754    0000000c     OS.o (.text.OS_MsTime)
                  00004760    0000000c     OS.o (.text.OS_Time)
                  0000476c    0000000c     ST7735_SDC.o (.text.ST7735_GetCursorX)
                  00004778    0000000c     ST7735_SDC.o (.text.ST7735_GetCursorY)
                  00004784    0000000c     libclang_rt.builtins.a : aeabi_memset.S.obj (.text.__aeabi_memclr)
                  00004790    00000008                            : aeabi_memcpy.S.obj (.text.__aeabi_memcpy)
                  00004798    00000006     libc.a : exit.c.obj (.text:abort)
                  0000479e    00000004     libsysbm.a : hostexit.c.obj (.text.HOSTexit)
                  000047a2    00000004     startup_mspm0g3507_ticlang.o (.text.Reset_Handler)
                  000047a6    00000004     libc.a : pre_init.c.obj (.text._system_pre_init)
                  000047aa    00000006     --HOLE-- [fill = 0]

.cinit     0    00005008    00000040     
                  00005008    0000001b     (.cinit..data.load) [load image, compression = lzss]
                  00005023    00000001     --HOLE-- [fill = 0]
                  00005024    0000000c     (__TI_handler_table)
                  00005030    00000008     (.cinit..bss.load) [load image, compression = zero_init]
                  00005038    00000010     (__TI_cinit_table)

.rodata    0    000047b0    00000858     
                  000047b0    000004fb     ST7735_SDC.o (.rodata.Font)
                  00004cab    00000001     --HOLE-- [fill = 0]
                  00004cac    00000040     DFT16.o (.rodata.ImW)
                  00004cec    00000040     DFT16.o (.rodata.ReW)
                  00004d2c    0000003b     ST7735_SDC.o (.rodata.Rcmd1)
                  00004d67    00000033     RTOS_Lab3.o (.rodata.str1.6380853138982526680.1)
                  00004d9a    0000002b     ST7735_SDC.o (.rodata.Rcmd3)
                  00004dc5    00000022     RTOS_Lab3.o (.rodata.str1.16387795662234138852.1)
                  00004de7    00000019     RTOS_Lab3.o (.rodata.str1.11524870590923320489.1)
                  00004e00    00000015     RTOS_Lab3.o (.rodata.str1.10242171455368476205.1)
                  00004e15    00000015     RTOS_Lab3.o (.rodata.str1.18390538219124059429.1)
                  00004e2a    00000015     RTOS_Lab3.o (.rodata.str1.4748056785111741526.1)
                  00004e3f    00000014     RTOS_Lab3.o (.rodata.str1.379778300458525646.1)
                  00004e53    00000014     RTOS_Lab3.o (.rodata.str1.9180882535576248516.1)
                  00004e67    00000014     RTOS_Lab3.o (.rodata.str1.9758095030266864401.1)
                  00004e7b    00000014     RTOS_Lab3.o (.rodata.str1.9900172228786465785.1)
                  00004e8f    00000001     --HOLE-- [fill = 0]
                  00004e90    00000010     IRDistance.o (.rodata.A)
                  00004ea0    00000010     IRDistance.o (.rodata.B)
                  00004eb0    00000010     IRDistance.o (.rodata.C)
                  00004ec0    00000010     IRDistance.o (.rodata.IRmax)
                  00004ed0    00000010     Interpreter.o (.rodata.str1.15287782171638189172.1)
                  00004ee0    0000000e     RTOS_Lab3.o (.rodata.str1.10338563355447080187.1)
                  00004eee    0000000e     RTOS_Lab3.o (.rodata.str1.11704955707784963779.1)
                  00004efc    0000000e     RTOS_Lab3.o (.rodata.str1.12520126893803480798.1)
                  00004f0a    0000000e     Interpreter.o (.rodata.str1.13584691219899174016.1)
                  00004f18    0000000e     RTOS_Lab3.o (.rodata.str1.17343367789043521713.1)
                  00004f26    0000000e     Interpreter.o (.rodata.str1.310310424903037747.1)
                  00004f34    0000000e     RTOS_Lab3.o (.rodata.str1.3851616495332070648.1)
                  00004f42    0000000e     Interpreter.o (.rodata.str1.438584629756741659.1)
                  00004f50    0000000e     RTOS_Lab3.o (.rodata.str1.6937805051806482736.1)
                  00004f5e    0000000e     RTOS_Lab3.o (.rodata.str1.9816873719768994511.1)
                  00004f6c    0000000d     ST7735_SDC.o (.rodata.Rcmd2green)
                  00004f79    0000000d     ST7735_SDC.o (.rodata.Rcmd2red)
                  00004f86    0000000c     Interpreter.o (.rodata.str1.10788060859246666907.1)
                  00004f92    0000000c     Interpreter.o (.rodata.str1.6099132036730984718.1)
                  00004f9e    0000000b     Interpreter.o (.rodata.str1.8801398533620989010.1)
                  00004fa9    0000000a     Interpreter.o (.rodata.str1.6869798450878480225.1)
                  00004fb3    0000000a     Interpreter.o (.rodata.str1.8834951582488220755.1)
                  00004fbd    00000008     RTOS_Lab3.o (.rodata.str1.15860131133187728716.1)
                  00004fc5    00000008     RTOS_Lab3.o (.rodata.str1.18374597744251288085.1)
                  00004fcd    00000008     Interpreter.o (.rodata.str1.8740789795297769696.1)
                  00004fd5    00000006     TFLunaCommon.o (.rodata.Frame_Rate)
                  00004fdb    00000006     Interpreter.o (.rodata.str1.16145079996052228972.1)
                  00004fe1    00000006     RTOS_UART.o (.rodata.str1.348781566416802842.1)
                  00004fe7    00000005     TFLunaCommon.o (.rodata.Format_Standard_mm)
                  00004fec    00000004     TFLunaCommon.o (.rodata.SaveSettings)
                  00004ff0    00000004     TFLunaCommon.o (.rodata.System_Reset)
                  00004ff4    00000004     Interpreter.o (.rodata.str1.17318961184984262945.1)
                  00004ff8    00000004     RTOS_Lab3.o (.rodata.str1.17883275407757480254.1)
                  00004ffc    00000003     RTOS_Lab3.o (.rodata.str1.8152038415984247885.1)
                  00004fff    00000002     Interpreter.o (.rodata.str1.1287619923014008887.1)
                  00005001    00000002     Interpreter.o (.rodata.str1.9303564720754203623.1)
                  00005003    00000005     --HOLE-- [fill = 0]

.init_array 
*          0    00000000    00000000     UNINITIALIZED

.binit     0    00000000    00000000     

.bss       0    20200000    000050f4     UNINITIALIZED
                  20200000    00003000     (.common:schedule)
                  20203000    00001400     (.common:stacks)
                  20204400    00000400     (.common:fifo)
                  20204800    00000258     (.common:Times)
                  20204a58    00000258     (.common:bestTimes)
                  20204cb0    000000f0     (.common:tcbs)
                  20204da0    00000060     (.common:periodic_threads)
                  20204e00    00000040     RTOS_FIFO.o (.bss.TxFifo)
                  20204e40    00000040     (.common:ImX)
                  20204e80    00000040     (.common:ReX)
                  20204ec0    00000040     (.common:x)
                  20204f00    00000040     (.common:x7)
                  20204f40    0000001c     (.common:f7)
                  20204f5c    0000001c     (.common:mx7)
                  20204f78    00000018     LPF.o (.bss.Filter.x)
                  20204f90    00000018     LPF.o (.bss.Filter.y)
                  20204fa8    00000018     (.common:PA28_threads)
                  20204fc0    00000018     (.common:s2_threads)
                  20204fd8    00000015     (.common:str)
                  20204fed    00000010     TFLuna2.o (.bss.Rx2Fifo)
                  20204ffd    00000010     RTOS_FIFO.o (.bss.RxFifo)
                  2020500d    00000010     TFLuna2.o (.bss.Tx2Fifo)
                  2020501d    0000000c     (.common:Message)
                  20205029    0000000c     (.common:TFLuna2DataMessage)
                  20205035    0000000a     (.common:used_tcbs)
                  2020503f    00000001     ST7735_SDC.o (.bss.ColStart)
                  20205040    00000008     (.common:DataAvailable)
                  20205048    00000008     (.common:LCDFree)
                  20205050    00000008     (.common:MailBoxDataAvailable)
                  20205058    00000008     (.common:MailBoxFree)
                  20205060    00000004     RTOS_Lab3.o (.bss.DAS.LastTime)
                  20205064    00000004     TFLuna2.o (.bss.Rx2GetI)
                  20205068    00000004     TFLuna2.o (.bss.Rx2PutI)
                  2020506c    00000004     TFLuna2.o (.bss.Tx2GetI)
                  20205070    00000004     TFLuna2.o (.bss.Tx2PutI)
                  20205074    00000004     (.common:BadCheckSum2)
                  20205078    00000004     (.common:Checks)
                  2020507c    00000004     (.common:ChecksWork)
                  20205080    00000004     (.common:Checksum)
                  20205084    00000004     (.common:ChecksumErrors)
                  20205088    00000004     (.common:ChecksumOriginal)
                  2020508c    00000004     (.common:DataLost)
                  20205090    00000004     (.common:Distance)
                  20205094    00000004     (.common:FilterOutput)
                  20205098    00000004     (.common:FilterWork)
                  2020509c    00000004     (.common:I7)
                  202050a0    00000004     (.common:LPFSum7)
                  202050a4    00000004     (.common:LostData2)
                  202050a8    00000004     (.common:MailBoxData)
                  202050ac    00000004     (.common:MaxJitter3)
                  202050b0    00000004     (.common:Messageindex)
                  202050b4    00000004     (.common:NumCreated)
                  202050b8    00000004     (.common:RxGetI)
                  202050bc    00000004     (.common:RxPutI)
                  202050c0    00000004     (.common:Size7)
                  202050c4    00000004     (.common:TFLuna2Distance)
                  202050c8    00000004     (.common:TFLuna2Function)
                  202050cc    00000004     (.common:TFLuna2Index)
                  202050d0    00000004     (.common:TimeMs)
                  202050d4    00000004     (.common:TxGetI)
                  202050d8    00000004     (.common:TxPutI)
                  202050dc    00000004     (.common:bestj)
                  202050e0    00000004     (.common:bestk)
                  202050e4    00000004     (.common:bestl)
                  202050e8    00000004     (.common:j)
                  202050ec    00000002     (.common:fifo_size)
                  202050ee    00000001     ST7735_SDC.o (.bss.RowStart)
                  202050ef    00000001     ST7735_SDC.o (.bss.TabColor)
                  202050f0    00000001     (.common:GetI)
                  202050f1    00000001     (.common:PutI)
                  202050f2    00000001     (.common:TFLuna2LastByte)
                  202050f3    00000001     (.common:c)

.data      0    202050f4    00000845     UNINITIALIZED
                  202050f4    00000800     RTOS_Lab3.o (.data.JitterHistogram3)
                  202058f4    00000008     ST7735_SDC.o (.data.Display_Free)
                  202058fc    00000004     Clock.o (.data.BusFreq)
                  20205900    00000004     LPF.o (.data.Filter.n)
                  20205904    00000004     OS.o (.data.NextThreadPt)
                  20205908    00000004     OS.o (.data.RunPt)
                  2020590c    00000004     SPI.o (.data.SPI1_init_Flag)
                  20205910    00000004     ST7735_SDC.o (.data.StX)
                  20205914    00000004     ST7735_SDC.o (.data.StY)
                  20205918    00000004     OS.o (.data.current_periodic_thread)
                  2020591c    00000004     OS.o (.data.delta_queue_head)
                  20205920    00000004     OS.o (.data.level0)
                  20205924    00000004     OS.o (.data.level1)
                  20205928    00000004     OS.o (.data.level2)
                  2020592c    00000004     OS.o (.data.level3)
                  20205930    00000002     ST7735_SDC.o (.data.StTextColor)
                  20205932    00000002     ST7735_SDC.o (.data._height)
                  20205934    00000002     ST7735_SDC.o (.data._width)
                  20205936    00000001     OS.o (.data.num_PA28_threads)
                  20205937    00000001     OS.o (.data.num_periodic_threads)
                  20205938    00000001     OS.o (.data.num_s2_threads)

.sysmem    0    20205940    00000200     UNINITIALIZED
                  20205940    00000010     libc.a : memory.c.obj (.sysmem)
                  20205950    000001f0     --HOLE--

.stack     0    20207e00    00000200     UNINITIALIZED
                  20207e00    00000004     libc.a : boot_cortex_m.c.obj (.stack)
                  20207e04    000001fc     --HOLE--

__llvm_prf_cnts 
*          0    20200000    00000000     UNINITIALIZED

__llvm_prf_bits 
*          0    20200000    00000000     UNINITIALIZED

MODULE SUMMARY

       Module                         code    ro data   rw data
       ------                         ----    -------   -------
    .\
       OS.o                           6788    0         20109  
       RTOS_Lab3.o                    1896    374       2296   
       ST7735_SDC.o                   2084    1403      41     
       TFLuna2.o                      1352    0         81     
       LPF.o                          622     0         184    
       Interpreter.o                  620     135       26     
       RTOS_UART.o                    630     6         0      
       RTOS_UARTints.o                626     0         0      
       SPI.o                          588     0         4      
       Clock.o                        516     0         4      
       RTOS_FIFO.o                    368     0         96     
       Timer.o                        432     0         0      
       DFT16.o                        232     128       0      
       ADC.o                          312     0         0      
       LaunchPad.o                    204     0         0      
       IRDistance.o                   88      64        0      
       osasm.o                        112     0         0      
       TFLunaCommon.o                 0       19        0      
    +--+------------------------------+-------+---------+---------+
       Total:                         17470   2129      22841  
                                                               
    .\ticlang\
       startup_mspm0g3507_ticlang.o   60      192       0      
    +--+------------------------------+-------+---------+---------+
       Total:                         60      192       0      
                                                               
    C:\ti\ccs2040\ccs\tools\compiler\ti-cgt-armllvm_4.0.4.LTS\lib\armv6m-ti-none-eabi/c/libc.a
       strcmp-armv6m.S.obj            136     0         0      
       copy_decompress_lzss.c.obj     124     0         0      
       autoinit.c.obj                 60      0         0      
       boot_cortex_m.c.obj            40      0         0      
       copy_decompress_none.c.obj     18      0         0      
       memcpy16.S.obj                 18      0         0      
       copy_zero_init.c.obj           16      0         0      
       memset16.S.obj                 14      0         0      
       exit.c.obj                     6       0         0      
       pre_init.c.obj                 4       0         0      
    +--+------------------------------+-------+---------+---------+
       Total:                         436     0         0      
                                                               
    C:\ti\ccs2040\ccs\tools\compiler\ti-cgt-armllvm_4.0.4.LTS\lib\armv6m-ti-none-eabi/c/libsysbm.a
       hostexit.c.obj                 4       0         0      
    +--+------------------------------+-------+---------+---------+
       Total:                         4       0         0      
                                                               
    C:\ti\ccs2040\ccs\tools\compiler\ti-cgt-armllvm_4.0.4.LTS\lib\armv6m-ti-none-eabi/libclang_rt.builtins.a
       aeabi_idivmod.S.obj            86      0         0      
       aeabi_uidivmod.S.obj           64      0         0      
       aeabi_memset.S.obj             12      0         0      
       aeabi_memcpy.S.obj             8       0         0      
       aeabi_div0.c.obj               2       0         0      
    +--+------------------------------+-------+---------+---------+
       Total:                         172     0         0      
                                                               
       Heap:                          0       0         512    
       Stack:                         0       0         512    
       Linker Generated:              0       63        0      
    +--+------------------------------+-------+---------+---------+
       Grand Total:                   18142   2384      23865  


LINKER GENERATED COPY TABLES

__TI_cinit_table @ 00005038 records: 2, size/record: 8, table size: 16
	.data: load addr=00005008, load size=0000001b bytes, run addr=202050f4, run size=00000845 bytes, compression=lzss
	.bss: load addr=00005030, load size=00000008 bytes, run addr=20200000, run size=000050f4 bytes, compression=zero_init


LINKER GENERATED HANDLER TABLE

__TI_handler_table @ 00005024 records: 3, size/record: 4, table size: 12
	index: 0, handler: __TI_decompress_lzss
	index: 1, handler: __TI_decompress_none
	index: 2, handler: __TI_zero_init


GLOBAL SYMBOLS: SORTED ALPHABETICALLY BY Name 

address   name                          
-------   ----                          
00004e90  A                             
00004551  ADC0_IRQHandler               
00003f09  ADC0_In                       
000022b9  ADC0_Init                     
00004551  ADC1_IRQHandler               
00004551  AES_IRQHandler                
00004149  ActivatePortA_B               
00004ea0  B                             
20205074  BadCheckSum2                  
202058fc  BusFreq                       
00003289  ButtonWork                    
00004eb0  C                             
0000479e  C$$EXIT                       
00004551  CANFD0_IRQHandler             
000044c9  CS_Init                       
000042c1  Check                         
20205078  Checks                        
2020507c  ChecksWork                    
20205080  Checksum                      
20205084  ChecksumErrors                
20205088  ChecksumOriginal              
000046ad  Clock_Delay                   
000041f1  Clock_Delay1ms                
0000473d  Clock_Freq                    
00000e39  Clock_Init80MHz               
000023ad  Consumer                      
00004551  DAC0_IRQHandler               
00001fa1  DAS                           
00002e81  DFT                           
00002495  DFT16                         
00004551  DMA_IRQHandler                
20205040  DataAvailable                 
2020508c  DataLost                      
00004551  Default_Handler               
000046bd  Delay                         
00002be5  Display                       
202058f4  Display_Free                  
20205090  Distance                      
000028ed  EdgeTriggered_Init            
00003524  EndCritical                   
00003051  Filter                        
20205094  FilterOutput                  
20205098  FilterWork                    
00004fe7  Format_Standard_mm            
00004fd5  Frame_Rate                    
00004551  GROUP0_IRQHandler             
00001c31  GROUP1_IRQHandler             
202050f0  GetI                          
0000479f  HOSTexit                      
0000456d  HardFault_Handler             
00004551  I2C0_IRQHandler               
00004551  I2C1_IRQHandler               
2020509c  I7                            
00003895  IRDistance_Convert            
00004ec0  IRmax                         
00004cac  ImW                           
20204e40  ImX                           
0000076d  Interpreter                   
00004181  Jitter3_Init                  
202050f4  JitterHistogram3              
20205048  LCDFree                       
202050a0  LPFSum7                       
00003585  LPF_Init7                     
00002661  Lab3                          
0000330d  LaunchPad_Init                
000038ed  Logic_Init                    
202050a4  LostData2                     
202050a8  MailBoxData                   
20205050  MailBoxDataAvailable          
20205058  MailBoxFree                   
202050ac  MaxJitter3                    
000019d5  Median5                       
2020501d  Message                       
202050b0  Messageindex                  
00004551  NMI_Handler                   
20205904  NextThreadPt                  
202050b4  NumCreated                    
00003514  OSDisableInterrupts           
00003518  OSEnableInterrupts            
00002a75  OS_AddPA28Task                
0000257d  OS_AddPeriodicThread          
00002b2d  OS_AddS2Task                  
000009d9  OS_AddThread                  
00001d59  OS_Block                      
00004589  OS_ClearMsTime                
000000c1  OS_CreateScheduler            
000040d1  OS_Fifo_Get                   
00003e31  OS_Fifo_Init                  
00003945  OS_Fifo_Put                   
00004749  OS_Id                         
00003f8f  OS_Init                       
00004621  OS_InitSemaphore              
000020b9  OS_Kill                       
00002f21  OS_Launch                     
00004381  OS_MailBox_Init               
00004405  OS_MailBox_Recv               
0000442d  OS_MailBox_Send               
00004755  OS_MsTime                     
00003aed  OS_Signal                     
00001191  OS_Sleep                      
000045c1  OS_Suspend                    
00004761  OS_Time                       
000046cd  OS_TimeDifference             
000021c1  OS_Unblock                    
00004225  OS_Wait                       
00003b39  OS_bSignal                    
00004259  OS_bWait                      
20204fa8  PA28_threads                  
00003545  PendSV_Handler                
000035ed  Producer                      
202050f1  PutI                          
00004551  RTC_IRQHandler                
00004cec  ReW                           
20204e80  ReX                           
000047a3  Reset_Handler                 
20205908  RunPt                         
00004639  Rx2Fifo_Init                  
00003b85  Rx2Fifo_Put                   
00003bd1  RxFifo_Get                    
0000464d  RxFifo_Init                   
00003c1d  RxFifo_Put                    
202050b8  RxGetI                        
202050bc  RxPutI                        
00003c69  S2Push                        
00004551  SPI0_IRQHandler               
00004551  SPI1_IRQHandler               
00001e81  SPI1_Init                     
00003fd1  SPI1_Reset                    
2020590c  SPI1_init_Flag                
00000fed  ST7735_DrawChar               
00003391  ST7735_DrawString             
00001b05  ST7735_FillRect               
000043ad  ST7735_FillScreen             
0000476d  ST7735_GetCursorX             
00004779  ST7735_GetCursorY             
00002fb9  ST7735_InitR                  
000014a5  ST7735_Message                
000030e5  ST7735_OutUDec                
0000428d  ST7735_SetCursor              
00003561  SVC_Handler                   
00004fec  SaveSettings                  
00000441  ScheduleFinder                
202050c0  Size7                         
20205930  StTextColor                   
20205910  StX                           
20205914  StY                           
0000351c  StartCritical                 
0000352a  StartOS                       
00002741  SysTick_Handler               
00004ff0  System_Reset                  
20205029  TFLuna2DataMessage            
202050c4  TFLuna2Distance               
202050c8  TFLuna2Function               
202050cc  TFLuna2Index                  
202050f2  TFLuna2LastByte               
000046dd  TFLuna2_Format_Standard_mm    
000046ed  TFLuna2_Frame_Rate            
000045d9  TFLuna2_InStatus              
00001331  TFLuna2_Init                  
00004011  TFLuna2_OutChar               
000045f1  TFLuna2_OutStatus             
000046fd  TFLuna2_SaveSettings          
000042f1  TFLuna2_SendMessage           
0000470d  TFLuna2_System_Reset          
00003651  TFT_OutCommand                
000036b5  TFT_OutData                   
00004551  TIMA0_IRQHandler              
00004551  TIMA1_IRQHandler              
00004551  TIMG0_IRQHandler              
00004551  TIMG12_IRQHandler             
00004551  TIMG6_IRQHandler              
00003a9d  TIMG7_IRQHandler              
00001605  TIMG8_IRQHandler              
00004689  TI_memcpy_small               
0000472d  TI_memset_small               
202050d0  TimeMs                        
0000377d  TimerG12_Init                 
00002c8d  TimerG7_IntArm                
00002d35  TimerG8_IntArm                
20204800  Times                         
00003e79  Tx2Fifo_Get                   
00004661  Tx2Fifo_Init                  
00003cb5  Tx2Fifo_Put                   
00003d01  TxFifo_Get                    
00004675  TxFifo_Init                   
00003d4d  TxFifo_Put                    
00004609  TxFifo_Size                   
202050d4  TxGetI                        
202050d8  TxPutI                        
000037dd  UART0_IRQHandler              
00004551  UART1_IRQHandler              
00003839  UART2_IRQHandler              
00004551  UART3_IRQHandler              
00004511  UART_InChar                   
0000189d  UART_Init                     
00004051  UART_OutChar                  
0000447d  UART_OutSDec                  
000044a3  UART_OutString                
000041b9  UART_OutUDec                  
00000c45  UART_OutUDec5                 
00003719  VirusDetector                 
20208000  __STACK_END                   
00000200  __STACK_SIZE                  
00000200  __SYSMEM_SIZE                 
00000000  __TI_ATRegion0_region_sz      
00000000  __TI_ATRegion0_src_addr       
00000000  __TI_ATRegion0_trg_addr       
00000000  __TI_ATRegion1_region_sz      
00000000  __TI_ATRegion1_src_addr       
00000000  __TI_ATRegion1_trg_addr       
00000000  __TI_ATRegion2_region_sz      
00000000  __TI_ATRegion2_src_addr       
00000000  __TI_ATRegion2_trg_addr       
00005038  __TI_CINIT_Base               
00005048  __TI_CINIT_Limit              
00005048  __TI_CINIT_Warm               
00005024  __TI_Handler_Table_Base       
00005030  __TI_Handler_Table_Limit      
0000410d  __TI_auto_init_nobinit_nopinit
00003499  __TI_decompress_lzss          
0000469b  __TI_decompress_none          
ffffffff  __TI_pprof_out_hndl           
ffffffff  __TI_prof_data_size           
ffffffff  __TI_prof_data_start          
00000000  __TI_static_base__            
0000471d  __TI_zero_init                
0000399d  __aeabi_idiv                  
00002e7f  __aeabi_idiv0                 
0000399d  __aeabi_idivmod               
00004785  __aeabi_memclr                
00004785  __aeabi_memclr4               
00004785  __aeabi_memclr8               
00004791  __aeabi_memcpy                
00004791  __aeabi_memcpy4               
00004791  __aeabi_memcpy8               
00004091  __aeabi_uidiv                 
00004091  __aeabi_uidivmod              
ffffffff  __binit__                     
UNDEFED   __mpu_init                    
20207e00  __stack                       
20200000  __start___llvm_prf_bits       
20200000  __start___llvm_prf_cnts       
20200000  __stop___llvm_prf_bits        
20200000  __stop___llvm_prf_cnts        
00004455  _c_int00_noargs               
20205940  _sys_memory                   
UNDEFED   _system_post_cinit            
000047a7  _system_pre_init              
00004799  abort                         
20204a58  bestTimes                     
202050dc  bestj                         
202050e0  bestk                         
202050e4  bestl                         
ffffffff  binit                         
202050f3  c                             
20205918  current_periodic_thread       
2020591c  delta_queue_head              
20204f40  f7                            
20204400  fifo                          
202050ec  fifo_size                     
000039f5  fillmessage                   
000043d9  gcd                           
00003ec1  get_next_free_tcb             
00000000  interruptVectors              
202050e8  j                             
00003a49  lcm_array                     
000044ed  lcm_two                       
20205920  level0                        
20205924  level1                        
20205928  level2                        
2020592c  level3                        
000045a5  main                          
20204f5c  mx7                           
20205936  num_PA28_threads              
20205937  num_periodic_threads          
20205938  num_s2_threads                
20204da0  periodic_threads              
00002821  realmain                      
20204fc0  s2_threads                    
20200000  schedule                      
000029b1  sortPeriodicThreads           
00003f4d  sqrt2                         
20203000  stacks                        
20204fd8  str                           
00003201  strcmp                        
20204cb0  tcbs                          
20205035  used_tcbs                     
20204ec0  x                             
20204f00  x7                            


GLOBAL SYMBOLS: SORTED BY Symbol Address 

address   name                          
-------   ----                          
00000000  __TI_ATRegion0_region_sz      
00000000  __TI_ATRegion0_src_addr       
00000000  __TI_ATRegion0_trg_addr       
00000000  __TI_ATRegion1_region_sz      
00000000  __TI_ATRegion1_src_addr       
00000000  __TI_ATRegion1_trg_addr       
00000000  __TI_ATRegion2_region_sz      
00000000  __TI_ATRegion2_src_addr       
00000000  __TI_ATRegion2_trg_addr       
00000000  __TI_static_base__            
00000000  interruptVectors              
000000c1  OS_CreateScheduler            
00000200  __STACK_SIZE                  
00000200  __SYSMEM_SIZE                 
00000441  ScheduleFinder                
0000076d  Interpreter                   
000009d9  OS_AddThread                  
00000c45  UART_OutUDec5                 
00000e39  Clock_Init80MHz               
00000fed  ST7735_DrawChar               
00001191  OS_Sleep                      
00001331  TFLuna2_Init                  
000014a5  ST7735_Message                
00001605  TIMG8_IRQHandler              
0000189d  UART_Init                     
000019d5  Median5                       
00001b05  ST7735_FillRect               
00001c31  GROUP1_IRQHandler             
00001d59  OS_Block                      
00001e81  SPI1_Init                     
00001fa1  DAS                           
000020b9  OS_Kill                       
000021c1  OS_Unblock                    
000022b9  ADC0_Init                     
000023ad  Consumer                      
00002495  DFT16                         
0000257d  OS_AddPeriodicThread          
00002661  Lab3                          
00002741  SysTick_Handler               
00002821  realmain                      
000028ed  EdgeTriggered_Init            
000029b1  sortPeriodicThreads           
00002a75  OS_AddPA28Task                
00002b2d  OS_AddS2Task                  
00002be5  Display                       
00002c8d  TimerG7_IntArm                
00002d35  TimerG8_IntArm                
00002e7f  __aeabi_idiv0                 
00002e81  DFT                           
00002f21  OS_Launch                     
00002fb9  ST7735_InitR                  
00003051  Filter                        
000030e5  ST7735_OutUDec                
00003201  strcmp                        
00003289  ButtonWork                    
0000330d  LaunchPad_Init                
00003391  ST7735_DrawString             
00003499  __TI_decompress_lzss          
00003514  OSDisableInterrupts           
00003518  OSEnableInterrupts            
0000351c  StartCritical                 
00003524  EndCritical                   
0000352a  StartOS                       
00003545  PendSV_Handler                
00003561  SVC_Handler                   
00003585  LPF_Init7                     
000035ed  Producer                      
00003651  TFT_OutCommand                
000036b5  TFT_OutData                   
00003719  VirusDetector                 
0000377d  TimerG12_Init                 
000037dd  UART0_IRQHandler              
00003839  UART2_IRQHandler              
00003895  IRDistance_Convert            
000038ed  Logic_Init                    
00003945  OS_Fifo_Put                   
0000399d  __aeabi_idiv                  
0000399d  __aeabi_idivmod               
000039f5  fillmessage                   
00003a49  lcm_array                     
00003a9d  TIMG7_IRQHandler              
00003aed  OS_Signal                     
00003b39  OS_bSignal                    
00003b85  Rx2Fifo_Put                   
00003bd1  RxFifo_Get                    
00003c1d  RxFifo_Put                    
00003c69  S2Push                        
00003cb5  Tx2Fifo_Put                   
00003d01  TxFifo_Get                    
00003d4d  TxFifo_Put                    
00003e31  OS_Fifo_Init                  
00003e79  Tx2Fifo_Get                   
00003ec1  get_next_free_tcb             
00003f09  ADC0_In                       
00003f4d  sqrt2                         
00003f8f  OS_Init                       
00003fd1  SPI1_Reset                    
00004011  TFLuna2_OutChar               
00004051  UART_OutChar                  
00004091  __aeabi_uidiv                 
00004091  __aeabi_uidivmod              
000040d1  OS_Fifo_Get                   
0000410d  __TI_auto_init_nobinit_nopinit
00004149  ActivatePortA_B               
00004181  Jitter3_Init                  
000041b9  UART_OutUDec                  
000041f1  Clock_Delay1ms                
00004225  OS_Wait                       
00004259  OS_bWait                      
0000428d  ST7735_SetCursor              
000042c1  Check                         
000042f1  TFLuna2_SendMessage           
00004381  OS_MailBox_Init               
000043ad  ST7735_FillScreen             
000043d9  gcd                           
00004405  OS_MailBox_Recv               
0000442d  OS_MailBox_Send               
00004455  _c_int00_noargs               
0000447d  UART_OutSDec                  
000044a3  UART_OutString                
000044c9  CS_Init                       
000044ed  lcm_two                       
00004511  UART_InChar                   
00004551  ADC0_IRQHandler               
00004551  ADC1_IRQHandler               
00004551  AES_IRQHandler                
00004551  CANFD0_IRQHandler             
00004551  DAC0_IRQHandler               
00004551  DMA_IRQHandler                
00004551  Default_Handler               
00004551  GROUP0_IRQHandler             
00004551  I2C0_IRQHandler               
00004551  I2C1_IRQHandler               
00004551  NMI_Handler                   
00004551  RTC_IRQHandler                
00004551  SPI0_IRQHandler               
00004551  SPI1_IRQHandler               
00004551  TIMA0_IRQHandler              
00004551  TIMA1_IRQHandler              
00004551  TIMG0_IRQHandler              
00004551  TIMG12_IRQHandler             
00004551  TIMG6_IRQHandler              
00004551  UART1_IRQHandler              
00004551  UART3_IRQHandler              
0000456d  HardFault_Handler             
00004589  OS_ClearMsTime                
000045a5  main                          
000045c1  OS_Suspend                    
000045d9  TFLuna2_InStatus              
000045f1  TFLuna2_OutStatus             
00004609  TxFifo_Size                   
00004621  OS_InitSemaphore              
00004639  Rx2Fifo_Init                  
0000464d  RxFifo_Init                   
00004661  Tx2Fifo_Init                  
00004675  TxFifo_Init                   
00004689  TI_memcpy_small               
0000469b  __TI_decompress_none          
000046ad  Clock_Delay                   
000046bd  Delay                         
000046cd  OS_TimeDifference             
000046dd  TFLuna2_Format_Standard_mm    
000046ed  TFLuna2_Frame_Rate            
000046fd  TFLuna2_SaveSettings          
0000470d  TFLuna2_System_Reset          
0000471d  __TI_zero_init                
0000472d  TI_memset_small               
0000473d  Clock_Freq                    
00004749  OS_Id                         
00004755  OS_MsTime                     
00004761  OS_Time                       
0000476d  ST7735_GetCursorX             
00004779  ST7735_GetCursorY             
00004785  __aeabi_memclr                
00004785  __aeabi_memclr4               
00004785  __aeabi_memclr8               
00004791  __aeabi_memcpy                
00004791  __aeabi_memcpy4               
00004791  __aeabi_memcpy8               
00004799  abort                         
0000479e  C$$EXIT                       
0000479f  HOSTexit                      
000047a3  Reset_Handler                 
000047a7  _system_pre_init              
00004cac  ImW                           
00004cec  ReW                           
00004e90  A                             
00004ea0  B                             
00004eb0  C                             
00004ec0  IRmax                         
00004fd5  Frame_Rate                    
00004fe7  Format_Standard_mm            
00004fec  SaveSettings                  
00004ff0  System_Reset                  
00005024  __TI_Handler_Table_Base       
00005030  __TI_Handler_Table_Limit      
00005038  __TI_CINIT_Base               
00005048  __TI_CINIT_Limit              
00005048  __TI_CINIT_Warm               
20200000  __start___llvm_prf_bits       
20200000  __start___llvm_prf_cnts       
20200000  __stop___llvm_prf_bits        
20200000  __stop___llvm_prf_cnts        
20200000  schedule                      
20203000  stacks                        
20204400  fifo                          
20204800  Times                         
20204a58  bestTimes                     
20204cb0  tcbs                          
20204da0  periodic_threads              
20204e40  ImX                           
20204e80  ReX                           
20204ec0  x                             
20204f00  x7                            
20204f40  f7                            
20204f5c  mx7                           
20204fa8  PA28_threads                  
20204fc0  s2_threads                    
20204fd8  str                           
2020501d  Message                       
20205029  TFLuna2DataMessage            
20205035  used_tcbs                     
20205040  DataAvailable                 
20205048  LCDFree                       
20205050  MailBoxDataAvailable          
20205058  MailBoxFree                   
20205074  BadCheckSum2                  
20205078  Checks                        
2020507c  ChecksWork                    
20205080  Checksum                      
20205084  ChecksumErrors                
20205088  ChecksumOriginal              
2020508c  DataLost                      
20205090  Distance                      
20205094  FilterOutput                  
20205098  FilterWork                    
2020509c  I7                            
202050a0  LPFSum7                       
202050a4  LostData2                     
202050a8  MailBoxData                   
202050ac  MaxJitter3                    
202050b0  Messageindex                  
202050b4  NumCreated                    
202050b8  RxGetI                        
202050bc  RxPutI                        
202050c0  Size7                         
202050c4  TFLuna2Distance               
202050c8  TFLuna2Function               
202050cc  TFLuna2Index                  
202050d0  TimeMs                        
202050d4  TxGetI                        
202050d8  TxPutI                        
202050dc  bestj                         
202050e0  bestk                         
202050e4  bestl                         
202050e8  j                             
202050ec  fifo_size                     
202050f0  GetI                          
202050f1  PutI                          
202050f2  TFLuna2LastByte               
202050f3  c                             
202050f4  JitterHistogram3              
202058f4  Display_Free                  
202058fc  BusFreq                       
20205904  NextThreadPt                  
20205908  RunPt                         
2020590c  SPI1_init_Flag                
20205910  StX                           
20205914  StY                           
20205918  current_periodic_thread       
2020591c  delta_queue_head              
20205920  level0                        
20205924  level1                        
20205928  level2                        
2020592c  level3                        
20205930  StTextColor                   
20205936  num_PA28_threads              
20205937  num_periodic_threads          
20205938  num_s2_threads                
20205940  _sys_memory                   
20207e00  __stack                       
20208000  __STACK_END                   
ffffffff  __TI_pprof_out_hndl           
ffffffff  __TI_prof_data_size           
ffffffff  __TI_prof_data_start          
ffffffff  __binit__                     
ffffffff  binit                         
UNDEFED   __mpu_init                    
UNDEFED   _system_post_cinit            

[289 symbols]
