******************************************************************************
            TI ARM Clang Linker PC v4.0.4                      
******************************************************************************
>> Linked Thu Mar  5 21:13:50 2026

OUTPUT FILE NAME:   <RTOS_Lab3_RTOSpriority.out>
ENTRY POINT SYMBOL: "_c_int00_noargs"  address: 00004175


MEMORY CONFIGURATION

         name            origin    length      used     unused   attr    fill
----------------------  --------  ---------  --------  --------  ----  --------
  FLASH                 00000000   00020000  00004c88  0001b378  R  X
  SRAM                  20200000   00008000  00005d39  000022c7  RW X
  BCR_CONFIG            41c00000   00000080  00000000  00000080  R   
  BSL_CONFIG            41c00100   00000080  00000000  00000080  R   


SEGMENT ALLOCATION MAP

run origin  load origin   length   init length attrs members
----------  ----------- ---------- ----------- ----- -------
00000000    00000000    00004c88   00004c88    r-x
  00000000    00000000    000000c0   000000c0    r-- .intvecs
  000000c0    000000c0    00004400   00004400    r-x .text
  000044c0    000044c0    00000788   00000788    r-- .rodata
  00004c48    00004c48    00000040   00000040    r-- .cinit
20200000    20200000    00005b40   00000000    rw-
  20200000    20200000    000050f4   00000000    rw- .bss
  202050f4    202050f4    00000845   00000000    rw- .data
  20205940    20205940    00000200   00000000    rw- .sysmem
20207e00    20207e00    00000200   00000000    rw-
  20207e00    20207e00    00000200   00000000    rw- .stack


SECTION ALLOCATION MAP

 output                                  attributes/
section   page    origin      length       input sections
--------  ----  ----------  ----------   ----------------
.intvecs   0    00000000    000000c0     
                  00000000    000000c0     startup_mspm0g3507_ticlang.o (.intvecs)

.text      0    000000c0    00004400     
                  000000c0    00000380     OS.o (.text.OS_CreateScheduler)
                  00000440    0000032c     OS.o (.text.ScheduleFinder)
                  0000076c    0000026c     OS.o (.text.OS_AddThread)
                  000009d8    00000254     Interpreter.o (.text.Interpreter)
                  00000c2c    000001b4     Clock.o (.text.Clock_Init80MHz)
                  00000de0    000001a4     ST7735_SDC.o (.text.ST7735_DrawChar)
                  00000f84    000001a0     OS.o (.text.OS_Sleep)
                  00001124    00000174     TFLuna2.o (.text.TFLuna2_Init)
                  00001298    00000160     ST7735_SDC.o (.text.ST7735_Message)
                  000013f8    00000154     OS.o (.text.TIMG8_IRQHandler)
                  0000154c    00000144     TFLuna2.o (.text.copyHardwareToSoftware2)
                  00001690    00000138     RTOS_UARTints.o (.text.UART_Init)
                  000017c8    00000130     LPF.o (.text.Median5)
                  000018f8    0000012c     ST7735_SDC.o (.text.ST7735_FillRect)
                  00001a24    00000128     OS.o (.text.GROUP1_IRQHandler)
                  00001b4c    00000128     OS.o (.text.OS_Block)
                  00001c74    00000120     SPI.o (.text.SPI1_Init)
                  00001d94    00000118     RTOS_Lab3.o (.text.DAS)
                  00001eac    00000108     OS.o (.text.OS_Kill)
                  00001fb4    000000f8     OS.o (.text.OS_Unblock)
                  000020ac    000000f4     ADC.o (.text.ADC0_Init)
                  000021a0    000000e8     RTOS_Lab3.o (.text.Consumer)
                  00002288    000000e8     DFT16.o (.text.DFT16)
                  00002370    000000e4     OS.o (.text.OS_AddPeriodicThread)
                  00002454    000000e0     OS.o (.text.SysTick_Handler)
                  00002534    000000cc     RTOS_Lab3.o (.text.realmain)
                  00002600    000000c4     OS.o (.text.EdgeTriggered_Init)
                  000026c4    000000c4     OS.o (.text.sortPeriodicThreads)
                  00002788    000000b8     OS.o (.text.OS_AddPA28Task)
                  00002840    000000b8     OS.o (.text.OS_AddS2Task)
                  000028f8    000000a8     RTOS_Lab3.o (.text.Display)
                  000029a0    000000a8     Timer.o (.text.TimerG7_IntArm)
                  00002a48    000000a8     Timer.o (.text.TimerG8_IntArm)
                  00002af0    000000a2     ST7735_SDC.o (.text.commandList)
                  00002b92    00000002     libclang_rt.builtins.a : aeabi_div0.c.obj (.text.__aeabi_idiv0)
                  00002b94    000000a0     RTOS_Lab3.o (.text.DFT)
                  00002c34    00000098     OS.o (.text.OS_Launch)
                  00002ccc    00000098     ST7735_SDC.o (.text.ST7735_InitR)
                  00002d64    00000094     LPF.o (.text.Filter)
                  00002df8    00000094     ST7735_SDC.o (.text.ST7735_OutUDec)
                  00002e8c    00000088     ST7735_SDC.o (.text.setAddrWindow)
                  00002f14    0000000c     Clock.o (.text.Clock_Freq)
                  00002f20    00000088     libc.a : strcmp-armv6m.S.obj (.text:strcmp)
                  00002fa8    00000084     RTOS_Lab3.o (.text.ButtonWork)
                  0000302c    00000084     LaunchPad.o (.text.LaunchPad_Init)
                  000030b0    00000084     ST7735_SDC.o (.text.ST7735_DrawString)
                  00003134    00000084     OS.o (.text.__NVIC_SetPriority)
                  000031b8    0000007c     libc.a : copy_decompress_lzss.c.obj (.text:decompress:lzss)
                  00003234    00000070     osasm.o (.text)
                  000032a4    00000068     LPF.o (.text.LPF_Init7)
                  0000330c    00000064     RTOS_Lab3.o (.text.Producer)
                  00003370    00000064     SPI.o (.text.TFT_OutCommand)
                  000033d4    00000064     SPI.o (.text.TFT_OutData)
                  00003438    00000064     RTOS_Lab3.o (.text.VirusDetector)
                  0000349c    00000060     Timer.o (.text.TimerG12_Init)
                  000034fc    0000005c     RTOS_UARTints.o (.text.UART0_IRQHandler)
                  00003558    0000005c     TFLuna2.o (.text.UART2_IRQHandler)
                  000035b4    00000058     IRDistance.o (.text.IRDistance_Convert)
                  0000360c    00000058     RTOS_Lab3.o (.text.Logic_Init)
                  00003664    00000058     OS.o (.text.OS_Fifo_Put)
                  000036bc    00000056     libclang_rt.builtins.a : aeabi_idivmod.S.obj (.text.__aeabi_idivmod)
                  00003712    00000002     --HOLE-- [fill = 0]
                  00003714    00000054     ST7735_SDC.o (.text.fillmessage)
                  00003768    00000052     OS.o (.text.lcm_array)
                  000037ba    00000002     --HOLE-- [fill = 0]
                  000037bc    00000050     OS.o (.text.TIMG7_IRQHandler)
                  0000380c    0000004c     OS.o (.text.OS_Signal)
                  00003858    0000004c     OS.o (.text.OS_bSignal)
                  000038a4    0000004c     TFLuna2.o (.text.Rx2Fifo_Put)
                  000038f0    0000004c     RTOS_FIFO.o (.text.RxFifo_Get)
                  0000393c    0000004c     RTOS_FIFO.o (.text.RxFifo_Put)
                  00003988    0000004c     RTOS_Lab3.o (.text.S2Push)
                  000039d4    0000004c     TFLuna2.o (.text.Tx2Fifo_Put)
                  00003a20    0000004c     RTOS_FIFO.o (.text.TxFifo_Get)
                  00003a6c    0000004c     RTOS_FIFO.o (.text.TxFifo_Put)
                  00003ab8    0000004c     TFLuna2.o (.text.copySoftwareToHardware2)
                  00003b04    0000004c     RTOS_UARTints.o (.text.copySoftwareToHardware)
                  00003b50    00000048     OS.o (.text.OS_Fifo_Init)
                  00003b98    00000048     TFLuna2.o (.text.Tx2Fifo_Get)
                  00003be0    00000048     OS.o (.text.get_next_free_tcb)
                  00003c28    00000044     ADC.o (.text.ADC0_In)
                  00003c6c    00000042     LPF.o (.text.sqrt2)
                  00003cae    00000040     OS.o (.text.OS_Init)
                  00003cee    00000002     --HOLE-- [fill = 0]
                  00003cf0    00000040     SPI.o (.text.SPI1_Reset)
                  00003d30    00000040     TFLuna2.o (.text.TFLuna2_OutChar)
                  00003d70    00000040     RTOS_UARTints.o (.text.UART_OutChar)
                  00003db0    00000040     libclang_rt.builtins.a : aeabi_uidivmod.S.obj (.text.__aeabi_uidivmod)
                  00003df0    0000003c     OS.o (.text.OS_Fifo_Get)
                  00003e2c    0000003c     libc.a : autoinit.c.obj (.text:__TI_auto_init_nobinit_nopinit)
                  00003e68    00000038     LaunchPad.o (.text.ActivatePortA_B)
                  00003ea0    00000038     RTOS_Lab3.o (.text.Jitter3_Init)
                  00003ed8    00000036     RTOS_UART.o (.text.UART_OutUDec)
                  00003f0e    00000002     --HOLE-- [fill = 0]
                  00003f10    00000034     Clock.o (.text.Clock_Delay1ms)
                  00003f44    00000034     OS.o (.text.OS_Wait)
                  00003f78    00000034     OS.o (.text.OS_bWait)
                  00003fac    00000034     ST7735_SDC.o (.text.ST7735_SetCursor)
                  00003fe0    00000030     RTOS_Lab3.o (.text.Check)
                  00004010    00000030     TFLuna2.o (.text.TFLuna2_SendMessage)
                  00004040    00000030     ST7735_SDC.o (.text.commonInit)
                  00004070    00000030     RTOS_UARTints.o (.text.copyHardwareToSoftware)
                  000040a0    0000002c     OS.o (.text.OS_MailBox_Init)
                  000040cc    0000002c     ST7735_SDC.o (.text.ST7735_FillScreen)
                  000040f8    0000002c     OS.o (.text.gcd)
                  00004124    00000028     OS.o (.text.OS_MailBox_Recv)
                  0000414c    00000028     OS.o (.text.OS_MailBox_Send)
                  00004174    00000028     libc.a : boot_cortex_m.c.obj (.text:_c_int00_noargs)
                  0000419c    00000026     RTOS_UART.o (.text.UART_OutSDec)
                  000041c2    00000026     RTOS_UART.o (.text.UART_OutString)
                  000041e8    00000024     SPI.o (.text.CS_Init)
                  0000420c    00000024     OS.o (.text.lcm_two)
                  00004230    00000022     RTOS_UARTints.o (.text.UART_InChar)
                  00004252    0000001e     ST7735_SDC.o (.text.pushColor)
                  00004270    0000001c     startup_mspm0g3507_ticlang.o (.text.Default_Handler)
                  0000428c    0000001c     startup_mspm0g3507_ticlang.o (.text.HardFault_Handler)
                  000042a8    0000001c     OS.o (.text.OS_ClearMsTime)
                  000042c4    0000001c     RTOS_Lab3.o (.text.main)
                  000042e0    00000018     OS.o (.text.OS_Suspend)
                  000042f8    00000018     TFLuna2.o (.text.TFLuna2_InStatus)
                  00004310    00000018     TFLuna2.o (.text.TFLuna2_OutStatus)
                  00004328    00000018     RTOS_FIFO.o (.text.TxFifo_Size)
                  00004340    00000016     OS.o (.text.OS_InitSemaphore)
                  00004356    00000002     --HOLE-- [fill = 0]
                  00004358    00000014     TFLuna2.o (.text.Rx2Fifo_Init)
                  0000436c    00000014     RTOS_FIFO.o (.text.RxFifo_Init)
                  00004380    00000014     TFLuna2.o (.text.Tx2Fifo_Init)
                  00004394    00000014     RTOS_FIFO.o (.text.TxFifo_Init)
                  000043a8    00000012     libc.a : memcpy16.S.obj (.text:TI_memcpy_small)
                  000043ba    00000012            : copy_decompress_none.c.obj (.text:decompress:none)
                  000043cc    00000010     Clock.o (.text.Clock_Delay)
                  000043dc    00000010     LaunchPad.o (.text.Delay)
                  000043ec    00000010     OS.o (.text.OS_TimeDifference)
                  000043fc    00000010     TFLuna2.o (.text.TFLuna2_Format_Standard_mm)
                  0000440c    00000010     TFLuna2.o (.text.TFLuna2_Frame_Rate)
                  0000441c    00000010     TFLuna2.o (.text.TFLuna2_SaveSettings)
                  0000442c    00000010     TFLuna2.o (.text.TFLuna2_System_Reset)
                  0000443c    00000010     libc.a : copy_zero_init.c.obj (.text:decompress:ZI)
                  0000444c    0000000e            : memset16.S.obj (.text:TI_memset_small)
                  0000445a    00000002     --HOLE-- [fill = 0]
                  0000445c    0000000c     OS.o (.text.OS_Id)
                  00004468    0000000c     OS.o (.text.OS_MsTime)
                  00004474    0000000c     OS.o (.text.OS_Time)
                  00004480    0000000c     ST7735_SDC.o (.text.ST7735_GetCursorX)
                  0000448c    0000000c     ST7735_SDC.o (.text.ST7735_GetCursorY)
                  00004498    0000000c     libclang_rt.builtins.a : aeabi_memset.S.obj (.text.__aeabi_memclr)
                  000044a4    00000008                            : aeabi_memcpy.S.obj (.text.__aeabi_memcpy)
                  000044ac    00000006     libc.a : exit.c.obj (.text:abort)
                  000044b2    00000004     libsysbm.a : hostexit.c.obj (.text.HOSTexit)
                  000044b6    00000004     startup_mspm0g3507_ticlang.o (.text.Reset_Handler)
                  000044ba    00000004     libc.a : pre_init.c.obj (.text._system_pre_init)
                  000044be    00000002     --HOLE-- [fill = 0]

.cinit     0    00004c48    00000040     
                  00004c48    0000001b     (.cinit..data.load) [load image, compression = lzss]
                  00004c63    00000001     --HOLE-- [fill = 0]
                  00004c64    0000000c     (__TI_handler_table)
                  00004c70    00000008     (.cinit..bss.load) [load image, compression = zero_init]
                  00004c78    00000010     (__TI_cinit_table)

.rodata    0    000044c0    00000788     
                  000044c0    000004fb     ST7735_SDC.o (.rodata.Font)
                  000049bb    00000001     --HOLE-- [fill = 0]
                  000049bc    00000040     DFT16.o (.rodata.ImW)
                  000049fc    00000040     DFT16.o (.rodata.ReW)
                  00004a3c    0000003b     ST7735_SDC.o (.rodata.Rcmd1)
                  00004a77    00000033     RTOS_Lab3.o (.rodata.str1.6380853138982526680.1)
                  00004aaa    0000002b     ST7735_SDC.o (.rodata.Rcmd3)
                  00004ad5    00000015     RTOS_Lab3.o (.rodata.str1.10242171455368476205.1)
                  00004aea    00000002     Interpreter.o (.rodata.str1.1287619923014008887.1)
                  00004aec    00000010     IRDistance.o (.rodata.A)
                  00004afc    00000010     IRDistance.o (.rodata.B)
                  00004b0c    00000010     IRDistance.o (.rodata.C)
                  00004b1c    00000010     IRDistance.o (.rodata.IRmax)
                  00004b2c    00000010     Interpreter.o (.rodata.str1.15287782171638189172.1)
                  00004b3c    0000000e     RTOS_Lab3.o (.rodata.str1.10338563355447080187.1)
                  00004b4a    0000000e     RTOS_Lab3.o (.rodata.str1.11704955707784963779.1)
                  00004b58    0000000e     RTOS_Lab3.o (.rodata.str1.12520126893803480798.1)
                  00004b66    0000000e     Interpreter.o (.rodata.str1.13584691219899174016.1)
                  00004b74    0000000e     RTOS_Lab3.o (.rodata.str1.17343367789043521713.1)
                  00004b82    0000000e     RTOS_Lab3.o (.rodata.str1.3851616495332070648.1)
                  00004b90    0000000e     Interpreter.o (.rodata.str1.438584629756741659.1)
                  00004b9e    0000000e     RTOS_Lab3.o (.rodata.str1.6937805051806482736.1)
                  00004bac    0000000e     RTOS_Lab3.o (.rodata.str1.9816873719768994511.1)
                  00004bba    0000000d     ST7735_SDC.o (.rodata.Rcmd2green)
                  00004bc7    0000000d     ST7735_SDC.o (.rodata.Rcmd2red)
                  00004bd4    0000000c     Interpreter.o (.rodata.str1.10788060859246666907.1)
                  00004be0    0000000c     Interpreter.o (.rodata.str1.6099132036730984718.1)
                  00004bec    0000000b     Interpreter.o (.rodata.str1.8801398533620989010.1)
                  00004bf7    0000000a     Interpreter.o (.rodata.str1.6869798450878480225.1)
                  00004c01    0000000a     Interpreter.o (.rodata.str1.8834951582488220755.1)
                  00004c0b    00000008     RTOS_Lab3.o (.rodata.str1.15860131133187728716.1)
                  00004c13    00000008     RTOS_Lab3.o (.rodata.str1.18374597744251288085.1)
                  00004c1b    00000008     Interpreter.o (.rodata.str1.8740789795297769696.1)
                  00004c23    00000006     TFLunaCommon.o (.rodata.Frame_Rate)
                  00004c29    00000006     Interpreter.o (.rodata.str1.16145079996052228972.1)
                  00004c2f    00000005     TFLunaCommon.o (.rodata.Format_Standard_mm)
                  00004c34    00000004     TFLunaCommon.o (.rodata.SaveSettings)
                  00004c38    00000004     TFLunaCommon.o (.rodata.System_Reset)
                  00004c3c    00000004     Interpreter.o (.rodata.str1.310310424903037747.1)
                  00004c40    00000003     RTOS_Lab3.o (.rodata.str1.8152038415984247885.1)
                  00004c43    00000002     Interpreter.o (.rodata.str1.9303564720754203623.1)
                  00004c45    00000003     --HOLE-- [fill = 0]

.init_array 
*          0    00000000    00000000     UNINITIALIZED

.binit     0    00000000    00000000     

.bss       0    20200000    000050f4     UNINITIALIZED
                  20200000    00003000     (.common:schedule)
                  20203000    00001400     (.common:stacks)
                  20204400    00000400     (.common:fifo)
                  20204800    00000258     (.common:Times)
                  20204a58    00000258     (.common:bestTimes)
                  20204cb0    000000f0     (.common:tcbs)
                  20204da0    00000060     (.common:periodic_threads)
                  20204e00    00000040     RTOS_FIFO.o (.bss.TxFifo)
                  20204e40    00000040     (.common:ImX)
                  20204e80    00000040     (.common:ReX)
                  20204ec0    00000040     (.common:x)
                  20204f00    00000040     (.common:x7)
                  20204f40    0000001c     (.common:f7)
                  20204f5c    0000001c     (.common:mx7)
                  20204f78    00000018     LPF.o (.bss.Filter.x)
                  20204f90    00000018     LPF.o (.bss.Filter.y)
                  20204fa8    00000018     (.common:PA28_threads)
                  20204fc0    00000018     (.common:s2_threads)
                  20204fd8    00000015     (.common:str)
                  20204fed    00000010     TFLuna2.o (.bss.Rx2Fifo)
                  20204ffd    00000010     RTOS_FIFO.o (.bss.RxFifo)
                  2020500d    00000010     TFLuna2.o (.bss.Tx2Fifo)
                  2020501d    0000000c     (.common:Message)
                  20205029    0000000c     (.common:TFLuna2DataMessage)
                  20205035    0000000a     (.common:used_tcbs)
                  2020503f    00000001     ST7735_SDC.o (.bss.ColStart)
                  20205040    00000008     (.common:DataAvailable)
                  20205048    00000008     (.common:LCDFree)
                  20205050    00000008     (.common:MailBoxDataAvailable)
                  20205058    00000008     (.common:MailBoxFree)
                  20205060    00000004     RTOS_Lab3.o (.bss.DAS.LastTime)
                  20205064    00000004     TFLuna2.o (.bss.Rx2GetI)
                  20205068    00000004     TFLuna2.o (.bss.Rx2PutI)
                  2020506c    00000004     TFLuna2.o (.bss.Tx2GetI)
                  20205070    00000004     TFLuna2.o (.bss.Tx2PutI)
                  20205074    00000004     (.common:BadCheckSum2)
                  20205078    00000004     (.common:Checks)
                  2020507c    00000004     (.common:ChecksWork)
                  20205080    00000004     (.common:Checksum)
                  20205084    00000004     (.common:ChecksumErrors)
                  20205088    00000004     (.common:ChecksumOriginal)
                  2020508c    00000004     (.common:DataLost)
                  20205090    00000004     (.common:Distance)
                  20205094    00000004     (.common:FilterOutput)
                  20205098    00000004     (.common:FilterWork)
                  2020509c    00000004     (.common:I7)
                  202050a0    00000004     (.common:LPFSum7)
                  202050a4    00000004     (.common:LostData2)
                  202050a8    00000004     (.common:MailBoxData)
                  202050ac    00000004     (.common:MaxJitter3)
                  202050b0    00000004     (.common:Messageindex)
                  202050b4    00000004     (.common:NumCreated)
                  202050b8    00000004     (.common:RxGetI)
                  202050bc    00000004     (.common:RxPutI)
                  202050c0    00000004     (.common:Size7)
                  202050c4    00000004     (.common:TFLuna2Distance)
                  202050c8    00000004     (.common:TFLuna2Function)
                  202050cc    00000004     (.common:TFLuna2Index)
                  202050d0    00000004     (.common:TimeMs)
                  202050d4    00000004     (.common:TxGetI)
                  202050d8    00000004     (.common:TxPutI)
                  202050dc    00000004     (.common:bestj)
                  202050e0    00000004     (.common:bestk)
                  202050e4    00000004     (.common:bestl)
                  202050e8    00000004     (.common:j)
                  202050ec    00000002     (.common:fifo_size)
                  202050ee    00000001     ST7735_SDC.o (.bss.RowStart)
                  202050ef    00000001     ST7735_SDC.o (.bss.TabColor)
                  202050f0    00000001     (.common:GetI)
                  202050f1    00000001     (.common:PutI)
                  202050f2    00000001     (.common:TFLuna2LastByte)
                  202050f3    00000001     (.common:c)

.data      0    202050f4    00000845     UNINITIALIZED
                  202050f4    00000800     RTOS_Lab3.o (.data.JitterHistogram3)
                  202058f4    00000008     ST7735_SDC.o (.data.Display_Free)
                  202058fc    00000004     Clock.o (.data.BusFreq)
                  20205900    00000004     LPF.o (.data.Filter.n)
                  20205904    00000004     OS.o (.data.NextThreadPt)
                  20205908    00000004     OS.o (.data.RunPt)
                  2020590c    00000004     SPI.o (.data.SPI1_init_Flag)
                  20205910    00000004     ST7735_SDC.o (.data.StX)
                  20205914    00000004     ST7735_SDC.o (.data.StY)
                  20205918    00000004     OS.o (.data.current_periodic_thread)
                  2020591c    00000004     OS.o (.data.delta_queue_head)
                  20205920    00000004     OS.o (.data.level0)
                  20205924    00000004     OS.o (.data.level1)
                  20205928    00000004     OS.o (.data.level2)
                  2020592c    00000004     OS.o (.data.level3)
                  20205930    00000002     ST7735_SDC.o (.data.StTextColor)
                  20205932    00000002     ST7735_SDC.o (.data._height)
                  20205934    00000002     ST7735_SDC.o (.data._width)
                  20205936    00000001     OS.o (.data.num_PA28_threads)
                  20205937    00000001     OS.o (.data.num_periodic_threads)
                  20205938    00000001     OS.o (.data.num_s2_threads)

.sysmem    0    20205940    00000200     UNINITIALIZED
                  20205940    00000010     libc.a : memory.c.obj (.sysmem)
                  20205950    000001f0     --HOLE--

.stack     0    20207e00    00000200     UNINITIALIZED
                  20207e00    00000004     libc.a : boot_cortex_m.c.obj (.stack)
                  20207e04    000001fc     --HOLE--

__llvm_prf_cnts 
*          0    20200000    00000000     UNINITIALIZED

__llvm_prf_bits 
*          0    20200000    00000000     UNINITIALIZED

MODULE SUMMARY

       Module                         code    ro data   rw data
       ------                         ----    -------   -------
    .\
       OS.o                           6788    0         20109  
       RTOS_Lab3.o                    1672    189       2296   
       ST7735_SDC.o                   2084    1403      41     
       TFLuna2.o                      1352    0         81     
       LPF.o                          622     0         184    
       Interpreter.o                  596     121       26     
       RTOS_UARTints.o                626     0         0      
       SPI.o                          588     0         4      
       Clock.o                        516     0         4      
       RTOS_FIFO.o                    368     0         96     
       Timer.o                        432     0         0      
       DFT16.o                        232     128       0      
       ADC.o                          312     0         0      
       LaunchPad.o                    204     0         0      
       IRDistance.o                   88      64        0      
       RTOS_UART.o                    130     0         0      
       osasm.o                        112     0         0      
       TFLunaCommon.o                 0       19        0      
    +--+------------------------------+-------+---------+---------+
       Total:                         16722   1924      22841  
                                                               
    .\ticlang\
       startup_mspm0g3507_ticlang.o   60      192       0      
    +--+------------------------------+-------+---------+---------+
       Total:                         60      192       0      
                                                               
    C:\ti\ccs2040\ccs\tools\compiler\ti-cgt-armllvm_4.0.4.LTS\lib\armv6m-ti-none-eabi/c/libc.a
       strcmp-armv6m.S.obj            136     0         0      
       copy_decompress_lzss.c.obj     124     0         0      
       autoinit.c.obj                 60      0         0      
       boot_cortex_m.c.obj            40      0         0      
       copy_decompress_none.c.obj     18      0         0      
       memcpy16.S.obj                 18      0         0      
       copy_zero_init.c.obj           16      0         0      
       memset16.S.obj                 14      0         0      
       exit.c.obj                     6       0         0      
       pre_init.c.obj                 4       0         0      
    +--+------------------------------+-------+---------+---------+
       Total:                         436     0         0      
                                                               
    C:\ti\ccs2040\ccs\tools\compiler\ti-cgt-armllvm_4.0.4.LTS\lib\armv6m-ti-none-eabi/c/libsysbm.a
       hostexit.c.obj                 4       0         0      
    +--+------------------------------+-------+---------+---------+
       Total:                         4       0         0      
                                                               
    C:\ti\ccs2040\ccs\tools\compiler\ti-cgt-armllvm_4.0.4.LTS\lib\armv6m-ti-none-eabi/libclang_rt.builtins.a
       aeabi_idivmod.S.obj            86      0         0      
       aeabi_uidivmod.S.obj           64      0         0      
       aeabi_memset.S.obj             12      0         0      
       aeabi_memcpy.S.obj             8       0         0      
       aeabi_div0.c.obj               2       0         0      
    +--+------------------------------+-------+---------+---------+
       Total:                         172     0         0      
                                                               
       Heap:                          0       0         512    
       Stack:                         0       0         512    
       Linker Generated:              0       63        0      
    +--+------------------------------+-------+---------+---------+
       Grand Total:                   17394   2179      23865  


LINKER GENERATED COPY TABLES

__TI_cinit_table @ 00004c78 records: 2, size/record: 8, table size: 16
	.data: load addr=00004c48, load size=0000001b bytes, run addr=202050f4, run size=00000845 bytes, compression=lzss
	.bss: load addr=00004c70, load size=00000008 bytes, run addr=20200000, run size=000050f4 bytes, compression=zero_init


LINKER GENERATED HANDLER TABLE

__TI_handler_table @ 00004c64 records: 3, size/record: 4, table size: 12
	index: 0, handler: __TI_decompress_lzss
	index: 1, handler: __TI_decompress_none
	index: 2, handler: __TI_zero_init


GLOBAL SYMBOLS: SORTED ALPHABETICALLY BY Name 

address   name                          
-------   ----                          
00004aec  A                             
00004271  ADC0_IRQHandler               
00003c29  ADC0_In                       
000020ad  ADC0_Init                     
00004271  ADC1_IRQHandler               
00004271  AES_IRQHandler                
00003e69  ActivatePortA_B               
00004afc  B                             
20205074  BadCheckSum2                  
202058fc  BusFreq                       
00002fa9  ButtonWork                    
00004b0c  C                             
000044b2  C$$EXIT                       
00004271  CANFD0_IRQHandler             
000041e9  CS_Init                       
00003fe1  Check                         
20205078  Checks                        
2020507c  ChecksWork                    
20205080  Checksum                      
20205084  ChecksumErrors                
20205088  ChecksumOriginal              
000043cd  Clock_Delay                   
00003f11  Clock_Delay1ms                
00002f15  Clock_Freq                    
00000c2d  Clock_Init80MHz               
000021a1  Consumer                      
00004271  DAC0_IRQHandler               
00001d95  DAS                           
00002b95  DFT                           
00002289  DFT16                         
00004271  DMA_IRQHandler                
20205040  DataAvailable                 
2020508c  DataLost                      
00004271  Default_Handler               
000043dd  Delay                         
000028f9  Display                       
202058f4  Display_Free                  
20205090  Distance                      
00002601  EdgeTriggered_Init            
00003244  EndCritical                   
00002d65  Filter                        
20205094  FilterOutput                  
20205098  FilterWork                    
00004c2f  Format_Standard_mm            
00004c23  Frame_Rate                    
00004271  GROUP0_IRQHandler             
00001a25  GROUP1_IRQHandler             
202050f0  GetI                          
000044b3  HOSTexit                      
0000428d  HardFault_Handler             
00004271  I2C0_IRQHandler               
00004271  I2C1_IRQHandler               
2020509c  I7                            
000035b5  IRDistance_Convert            
00004b1c  IRmax                         
000049bc  ImW                           
20204e40  ImX                           
000009d9  Interpreter                   
00003ea1  Jitter3_Init                  
202050f4  JitterHistogram3              
20205048  LCDFree                       
202050a0  LPFSum7                       
000032a5  LPF_Init7                     
0000302d  LaunchPad_Init                
0000360d  Logic_Init                    
202050a4  LostData2                     
202050a8  MailBoxData                   
20205050  MailBoxDataAvailable          
20205058  MailBoxFree                   
202050ac  MaxJitter3                    
000017c9  Median5                       
2020501d  Message                       
202050b0  Messageindex                  
00004271  NMI_Handler                   
20205904  NextThreadPt                  
202050b4  NumCreated                    
00003234  OSDisableInterrupts           
00003238  OSEnableInterrupts            
00002789  OS_AddPA28Task                
00002371  OS_AddPeriodicThread          
00002841  OS_AddS2Task                  
0000076d  OS_AddThread                  
00001b4d  OS_Block                      
000042a9  OS_ClearMsTime                
000000c1  OS_CreateScheduler            
00003df1  OS_Fifo_Get                   
00003b51  OS_Fifo_Init                  
00003665  OS_Fifo_Put                   
0000445d  OS_Id                         
00003caf  OS_Init                       
00004341  OS_InitSemaphore              
00001ead  OS_Kill                       
00002c35  OS_Launch                     
000040a1  OS_MailBox_Init               
00004125  OS_MailBox_Recv               
0000414d  OS_MailBox_Send               
00004469  OS_MsTime                     
0000380d  OS_Signal                     
00000f85  OS_Sleep                      
000042e1  OS_Suspend                    
00004475  OS_Time                       
000043ed  OS_TimeDifference             
00001fb5  OS_Unblock                    
00003f45  OS_Wait                       
00003859  OS_bSignal                    
00003f79  OS_bWait                      
20204fa8  PA28_threads                  
00003265  PendSV_Handler                
0000330d  Producer                      
202050f1  PutI                          
00004271  RTC_IRQHandler                
000049fc  ReW                           
20204e80  ReX                           
000044b7  Reset_Handler                 
20205908  RunPt                         
00004359  Rx2Fifo_Init                  
000038a5  Rx2Fifo_Put                   
000038f1  RxFifo_Get                    
0000436d  RxFifo_Init                   
0000393d  RxFifo_Put                    
202050b8  RxGetI                        
202050bc  RxPutI                        
00003989  S2Push                        
00004271  SPI0_IRQHandler               
00004271  SPI1_IRQHandler               
00001c75  SPI1_Init                     
00003cf1  SPI1_Reset                    
2020590c  SPI1_init_Flag                
00000de1  ST7735_DrawChar               
000030b1  ST7735_DrawString             
000018f9  ST7735_FillRect               
000040cd  ST7735_FillScreen             
00004481  ST7735_GetCursorX             
0000448d  ST7735_GetCursorY             
00002ccd  ST7735_InitR                  
00001299  ST7735_Message                
00002df9  ST7735_OutUDec                
00003fad  ST7735_SetCursor              
00003281  SVC_Handler                   
00004c34  SaveSettings                  
00000441  ScheduleFinder                
202050c0  Size7                         
20205930  StTextColor                   
20205910  StX                           
20205914  StY                           
0000323c  StartCritical                 
0000324a  StartOS                       
00002455  SysTick_Handler               
00004c38  System_Reset                  
20205029  TFLuna2DataMessage            
202050c4  TFLuna2Distance               
202050c8  TFLuna2Function               
202050cc  TFLuna2Index                  
202050f2  TFLuna2LastByte               
000043fd  TFLuna2_Format_Standard_mm    
0000440d  TFLuna2_Frame_Rate            
000042f9  TFLuna2_InStatus              
00001125  TFLuna2_Init                  
00003d31  TFLuna2_OutChar               
00004311  TFLuna2_OutStatus             
0000441d  TFLuna2_SaveSettings          
00004011  TFLuna2_SendMessage           
0000442d  TFLuna2_System_Reset          
00003371  TFT_OutCommand                
000033d5  TFT_OutData                   
00004271  TIMA0_IRQHandler              
00004271  TIMA1_IRQHandler              
00004271  TIMG0_IRQHandler              
00004271  TIMG12_IRQHandler             
00004271  TIMG6_IRQHandler              
000037bd  TIMG7_IRQHandler              
000013f9  TIMG8_IRQHandler              
000043a9  TI_memcpy_small               
0000444d  TI_memset_small               
202050d0  TimeMs                        
0000349d  TimerG12_Init                 
000029a1  TimerG7_IntArm                
00002a49  TimerG8_IntArm                
20204800  Times                         
00003b99  Tx2Fifo_Get                   
00004381  Tx2Fifo_Init                  
000039d5  Tx2Fifo_Put                   
00003a21  TxFifo_Get                    
00004395  TxFifo_Init                   
00003a6d  TxFifo_Put                    
00004329  TxFifo_Size                   
202050d4  TxGetI                        
202050d8  TxPutI                        
000034fd  UART0_IRQHandler              
00004271  UART1_IRQHandler              
00003559  UART2_IRQHandler              
00004271  UART3_IRQHandler              
00004231  UART_InChar                   
00001691  UART_Init                     
00003d71  UART_OutChar                  
0000419d  UART_OutSDec                  
000041c3  UART_OutString                
00003ed9  UART_OutUDec                  
00003439  VirusDetector                 
20208000  __STACK_END                   
00000200  __STACK_SIZE                  
00000200  __SYSMEM_SIZE                 
00000000  __TI_ATRegion0_region_sz      
00000000  __TI_ATRegion0_src_addr       
00000000  __TI_ATRegion0_trg_addr       
00000000  __TI_ATRegion1_region_sz      
00000000  __TI_ATRegion1_src_addr       
00000000  __TI_ATRegion1_trg_addr       
00000000  __TI_ATRegion2_region_sz      
00000000  __TI_ATRegion2_src_addr       
00000000  __TI_ATRegion2_trg_addr       
00004c78  __TI_CINIT_Base               
00004c88  __TI_CINIT_Limit              
00004c88  __TI_CINIT_Warm               
00004c64  __TI_Handler_Table_Base       
00004c70  __TI_Handler_Table_Limit      
00003e2d  __TI_auto_init_nobinit_nopinit
000031b9  __TI_decompress_lzss          
000043bb  __TI_decompress_none          
ffffffff  __TI_pprof_out_hndl           
ffffffff  __TI_prof_data_size           
ffffffff  __TI_prof_data_start          
00000000  __TI_static_base__            
0000443d  __TI_zero_init                
000036bd  __aeabi_idiv                  
00002b93  __aeabi_idiv0                 
000036bd  __aeabi_idivmod               
00004499  __aeabi_memclr                
00004499  __aeabi_memclr4               
00004499  __aeabi_memclr8               
000044a5  __aeabi_memcpy                
000044a5  __aeabi_memcpy4               
000044a5  __aeabi_memcpy8               
00003db1  __aeabi_uidiv                 
00003db1  __aeabi_uidivmod              
ffffffff  __binit__                     
UNDEFED   __mpu_init                    
20207e00  __stack                       
20200000  __start___llvm_prf_bits       
20200000  __start___llvm_prf_cnts       
20200000  __stop___llvm_prf_bits        
20200000  __stop___llvm_prf_cnts        
00004175  _c_int00_noargs               
20205940  _sys_memory                   
UNDEFED   _system_post_cinit            
000044bb  _system_pre_init              
000044ad  abort                         
20204a58  bestTimes                     
202050dc  bestj                         
202050e0  bestk                         
202050e4  bestl                         
ffffffff  binit                         
202050f3  c                             
20205918  current_periodic_thread       
2020591c  delta_queue_head              
20204f40  f7                            
20204400  fifo                          
202050ec  fifo_size                     
00003715  fillmessage                   
000040f9  gcd                           
00003be1  get_next_free_tcb             
00000000  interruptVectors              
202050e8  j                             
00003769  lcm_array                     
0000420d  lcm_two                       
20205920  level0                        
20205924  level1                        
20205928  level2                        
2020592c  level3                        
000042c5  main                          
20204f5c  mx7                           
20205936  num_PA28_threads              
20205937  num_periodic_threads          
20205938  num_s2_threads                
20204da0  periodic_threads              
00002535  realmain                      
20204fc0  s2_threads                    
20200000  schedule                      
000026c5  sortPeriodicThreads           
00003c6d  sqrt2                         
20203000  stacks                        
20204fd8  str                           
00002f21  strcmp                        
20204cb0  tcbs                          
20205035  used_tcbs                     
20204ec0  x                             
20204f00  x7                            


GLOBAL SYMBOLS: SORTED BY Symbol Address 

address   name                          
-------   ----                          
00000000  __TI_ATRegion0_region_sz      
00000000  __TI_ATRegion0_src_addr       
00000000  __TI_ATRegion0_trg_addr       
00000000  __TI_ATRegion1_region_sz      
00000000  __TI_ATRegion1_src_addr       
00000000  __TI_ATRegion1_trg_addr       
00000000  __TI_ATRegion2_region_sz      
00000000  __TI_ATRegion2_src_addr       
00000000  __TI_ATRegion2_trg_addr       
00000000  __TI_static_base__            
00000000  interruptVectors              
000000c1  OS_CreateScheduler            
00000200  __STACK_SIZE                  
00000200  __SYSMEM_SIZE                 
00000441  ScheduleFinder                
0000076d  OS_AddThread                  
000009d9  Interpreter                   
00000c2d  Clock_Init80MHz               
00000de1  ST7735_DrawChar               
00000f85  OS_Sleep                      
00001125  TFLuna2_Init                  
00001299  ST7735_Message                
000013f9  TIMG8_IRQHandler              
00001691  UART_Init                     
000017c9  Median5                       
000018f9  ST7735_FillRect               
00001a25  GROUP1_IRQHandler             
00001b4d  OS_Block                      
00001c75  SPI1_Init                     
00001d95  DAS                           
00001ead  OS_Kill                       
00001fb5  OS_Unblock                    
000020ad  ADC0_Init                     
000021a1  Consumer                      
00002289  DFT16                         
00002371  OS_AddPeriodicThread          
00002455  SysTick_Handler               
00002535  realmain                      
00002601  EdgeTriggered_Init            
000026c5  sortPeriodicThreads           
00002789  OS_AddPA28Task                
00002841  OS_AddS2Task                  
000028f9  Display                       
000029a1  TimerG7_IntArm                
00002a49  TimerG8_IntArm                
00002b93  __aeabi_idiv0                 
00002b95  DFT                           
00002c35  OS_Launch                     
00002ccd  ST7735_InitR                  
00002d65  Filter                        
00002df9  ST7735_OutUDec                
00002f15  Clock_Freq                    
00002f21  strcmp                        
00002fa9  ButtonWork                    
0000302d  LaunchPad_Init                
000030b1  ST7735_DrawString             
000031b9  __TI_decompress_lzss          
00003234  OSDisableInterrupts           
00003238  OSEnableInterrupts            
0000323c  StartCritical                 
00003244  EndCritical                   
0000324a  StartOS                       
00003265  PendSV_Handler                
00003281  SVC_Handler                   
000032a5  LPF_Init7                     
0000330d  Producer                      
00003371  TFT_OutCommand                
000033d5  TFT_OutData                   
00003439  VirusDetector                 
0000349d  TimerG12_Init                 
000034fd  UART0_IRQHandler              
00003559  UART2_IRQHandler              
000035b5  IRDistance_Convert            
0000360d  Logic_Init                    
00003665  OS_Fifo_Put                   
000036bd  __aeabi_idiv                  
000036bd  __aeabi_idivmod               
00003715  fillmessage                   
00003769  lcm_array                     
000037bd  TIMG7_IRQHandler              
0000380d  OS_Signal                     
00003859  OS_bSignal                    
000038a5  Rx2Fifo_Put                   
000038f1  RxFifo_Get                    
0000393d  RxFifo_Put                    
00003989  S2Push                        
000039d5  Tx2Fifo_Put                   
00003a21  TxFifo_Get                    
00003a6d  TxFifo_Put                    
00003b51  OS_Fifo_Init                  
00003b99  Tx2Fifo_Get                   
00003be1  get_next_free_tcb             
00003c29  ADC0_In                       
00003c6d  sqrt2                         
00003caf  OS_Init                       
00003cf1  SPI1_Reset                    
00003d31  TFLuna2_OutChar               
00003d71  UART_OutChar                  
00003db1  __aeabi_uidiv                 
00003db1  __aeabi_uidivmod              
00003df1  OS_Fifo_Get                   
00003e2d  __TI_auto_init_nobinit_nopinit
00003e69  ActivatePortA_B               
00003ea1  Jitter3_Init                  
00003ed9  UART_OutUDec                  
00003f11  Clock_Delay1ms                
00003f45  OS_Wait                       
00003f79  OS_bWait                      
00003fad  ST7735_SetCursor              
00003fe1  Check                         
00004011  TFLuna2_SendMessage           
000040a1  OS_MailBox_Init               
000040cd  ST7735_FillScreen             
000040f9  gcd                           
00004125  OS_MailBox_Recv               
0000414d  OS_MailBox_Send               
00004175  _c_int00_noargs               
0000419d  UART_OutSDec                  
000041c3  UART_OutString                
000041e9  CS_Init                       
0000420d  lcm_two                       
00004231  UART_InChar                   
00004271  ADC0_IRQHandler               
00004271  ADC1_IRQHandler               
00004271  AES_IRQHandler                
00004271  CANFD0_IRQHandler             
00004271  DAC0_IRQHandler               
00004271  DMA_IRQHandler                
00004271  Default_Handler               
00004271  GROUP0_IRQHandler             
00004271  I2C0_IRQHandler               
00004271  I2C1_IRQHandler               
00004271  NMI_Handler                   
00004271  RTC_IRQHandler                
00004271  SPI0_IRQHandler               
00004271  SPI1_IRQHandler               
00004271  TIMA0_IRQHandler              
00004271  TIMA1_IRQHandler              
00004271  TIMG0_IRQHandler              
00004271  TIMG12_IRQHandler             
00004271  TIMG6_IRQHandler              
00004271  UART1_IRQHandler              
00004271  UART3_IRQHandler              
0000428d  HardFault_Handler             
000042a9  OS_ClearMsTime                
000042c5  main                          
000042e1  OS_Suspend                    
000042f9  TFLuna2_InStatus              
00004311  TFLuna2_OutStatus             
00004329  TxFifo_Size                   
00004341  OS_InitSemaphore              
00004359  Rx2Fifo_Init                  
0000436d  RxFifo_Init                   
00004381  Tx2Fifo_Init                  
00004395  TxFifo_Init                   
000043a9  TI_memcpy_small               
000043bb  __TI_decompress_none          
000043cd  Clock_Delay                   
000043dd  Delay                         
000043ed  OS_TimeDifference             
000043fd  TFLuna2_Format_Standard_mm    
0000440d  TFLuna2_Frame_Rate            
0000441d  TFLuna2_SaveSettings          
0000442d  TFLuna2_System_Reset          
0000443d  __TI_zero_init                
0000444d  TI_memset_small               
0000445d  OS_Id                         
00004469  OS_MsTime                     
00004475  OS_Time                       
00004481  ST7735_GetCursorX             
0000448d  ST7735_GetCursorY             
00004499  __aeabi_memclr                
00004499  __aeabi_memclr4               
00004499  __aeabi_memclr8               
000044a5  __aeabi_memcpy                
000044a5  __aeabi_memcpy4               
000044a5  __aeabi_memcpy8               
000044ad  abort                         
000044b2  C$$EXIT                       
000044b3  HOSTexit                      
000044b7  Reset_Handler                 
000044bb  _system_pre_init              
000049bc  ImW                           
000049fc  ReW                           
00004aec  A                             
00004afc  B                             
00004b0c  C                             
00004b1c  IRmax                         
00004c23  Frame_Rate                    
00004c2f  Format_Standard_mm            
00004c34  SaveSettings                  
00004c38  System_Reset                  
00004c64  __TI_Handler_Table_Base       
00004c70  __TI_Handler_Table_Limit      
00004c78  __TI_CINIT_Base               
00004c88  __TI_CINIT_Limit              
00004c88  __TI_CINIT_Warm               
20200000  __start___llvm_prf_bits       
20200000  __start___llvm_prf_cnts       
20200000  __stop___llvm_prf_bits        
20200000  __stop___llvm_prf_cnts        
20200000  schedule                      
20203000  stacks                        
20204400  fifo                          
20204800  Times                         
20204a58  bestTimes                     
20204cb0  tcbs                          
20204da0  periodic_threads              
20204e40  ImX                           
20204e80  ReX                           
20204ec0  x                             
20204f00  x7                            
20204f40  f7                            
20204f5c  mx7                           
20204fa8  PA28_threads                  
20204fc0  s2_threads                    
20204fd8  str                           
2020501d  Message                       
20205029  TFLuna2DataMessage            
20205035  used_tcbs                     
20205040  DataAvailable                 
20205048  LCDFree                       
20205050  MailBoxDataAvailable          
20205058  MailBoxFree                   
20205074  BadCheckSum2                  
20205078  Checks                        
2020507c  ChecksWork                    
20205080  Checksum                      
20205084  ChecksumErrors                
20205088  ChecksumOriginal              
2020508c  DataLost                      
20205090  Distance                      
20205094  FilterOutput                  
20205098  FilterWork                    
2020509c  I7                            
202050a0  LPFSum7                       
202050a4  LostData2                     
202050a8  MailBoxData                   
202050ac  MaxJitter3                    
202050b0  Messageindex                  
202050b4  NumCreated                    
202050b8  RxGetI                        
202050bc  RxPutI                        
202050c0  Size7                         
202050c4  TFLuna2Distance               
202050c8  TFLuna2Function               
202050cc  TFLuna2Index                  
202050d0  TimeMs                        
202050d4  TxGetI                        
202050d8  TxPutI                        
202050dc  bestj                         
202050e0  bestk                         
202050e4  bestl                         
202050e8  j                             
202050ec  fifo_size                     
202050f0  GetI                          
202050f1  PutI                          
202050f2  TFLuna2LastByte               
202050f3  c                             
202050f4  JitterHistogram3              
202058f4  Display_Free                  
202058fc  BusFreq                       
20205904  NextThreadPt                  
20205908  RunPt                         
2020590c  SPI1_init_Flag                
20205910  StX                           
20205914  StY                           
20205918  current_periodic_thread       
2020591c  delta_queue_head              
20205920  level0                        
20205924  level1                        
20205928  level2                        
2020592c  level3                        
20205930  StTextColor                   
20205936  num_PA28_threads              
20205937  num_periodic_threads          
20205938  num_s2_threads                
20205940  _sys_memory                   
20207e00  __stack                       
20208000  __STACK_END                   
ffffffff  __TI_pprof_out_hndl           
ffffffff  __TI_prof_data_size           
ffffffff  __TI_prof_data_start          
ffffffff  __binit__                     
ffffffff  binit                         
UNDEFED   __mpu_init                    
UNDEFED   _system_post_cinit            

[287 symbols]
