******************************************************************************
            TI ARM Clang Linker PC v4.0.4                      
******************************************************************************
>> Linked Thu Feb 19 15:11:09 2026

OUTPUT FILE NAME:   <RTOS_Lab3_RTOSpriority.out>
ENTRY POINT SYMBOL: "_c_int00_noargs"  address: 00002b09


MEMORY CONFIGURATION

         name            origin    length      used     unused   attr    fill
----------------------  --------  ---------  --------  --------  ----  --------
  FLASH                 00000000   00020000  00003428  0001cbd8  R  X
  SRAM                  20200000   00008000  000020eb  00005f15  RW X
  BCR_CONFIG            41c00000   00000080  00000000  00000080  R   
  BSL_CONFIG            41c00100   00000080  00000000  00000080  R   


SEGMENT ALLOCATION MAP

run origin  load origin   length   init length attrs members
----------  ----------- ---------- ----------- ----- -------
00000000    00000000    00003428   00003428    r-x
  00000000    00000000    000000c0   000000c0    r-- .intvecs
  000000c0    000000c0    00002d30   00002d30    r-x .text
  00002df0    00002df0    000005f0   000005f0    r-- .rodata
  000033e0    000033e0    00000048   00000048    r-- .cinit
20200000    20200000    00001ef0   00000000    rw-
  20200000    20200000    00001668   00000000    rw- .bss
  20201668    20201668    00000683   00000000    rw- .data
  20201cf0    20201cf0    00000200   00000000    rw- .sysmem
20207e00    20207e00    00000200   00000000    rw-
  20207e00    20207e00    00000200   00000000    rw- .stack


SECTION ALLOCATION MAP

 output                                  attributes/
section   page    origin      length       input sections
--------  ----  ----------  ----------   ----------------
.intvecs   0    00000000    000000c0     
                  00000000    000000c0     startup_mspm0g3507_ticlang.o (.intvecs)

.text      0    000000c0    00002d30     
                  000000c0    0000026c     OS.o (.text.OS_AddThread)
                  0000032c    0000023c     Interpreter.o (.text.Interpreter)
                  00000568    00000208     OS.o (.text.OS_AddPeriodicThread)
                  00000770    000001b4     Clock.o (.text.Clock_Init80MHz)
                  00000924    000001a4     ST7735_SDC.o (.text.ST7735_DrawChar)
                  00000ac8    00000160     ST7735_SDC.o (.text.ST7735_Message)
                  00000c28    00000154     OS.o (.text.OS_Sleep)
                  00000d7c    00000154     OS.o (.text.TIMG8_IRQHandler)
                  00000ed0    00000144     TFLuna2.o (.text.copyHardwareToSoftware2)
                  00001014    00000138     RTOS_UARTints.o (.text.UART_Init)
                  0000114c    0000012c     ST7735_SDC.o (.text.ST7735_FillRect)
                  00001278    00000120     SPI.o (.text.SPI1_Init)
                  00001398    000000f0     OS.o (.text.SysTick_Handler)
                  00001488    000000e8     RTOS_Lab3.o (.text.BackgroundThread1f)
                  00001570    000000e8     RTOS_Lab3.o (.text.BackgroundThread2f)
                  00001658    000000e4     RTOS_Lab3.o (.text.BackgroundThread3f)
                  0000173c    000000e4     OS.o (.text.GROUP1_IRQHandler)
                  00001820    000000dc     RTOS_Lab3.o (.text.BackgroundThread0f)
                  000018fc    000000c0     RTOS_Lab3.o (.text.Testmain6)
                  000019bc    000000bc     OS.o (.text.OS_Kill)
                  00001a78    000000a8     Timer.o (.text.TimerG7_IntArm)
                  00001b20    000000a8     Timer.o (.text.TimerG8_IntArm)
                  00001bc8    000000a2     ST7735_SDC.o (.text.commandList)
                  00001c6a    00000002     libclang_rt.builtins.a : aeabi_div0.c.obj (.text.__aeabi_idiv0)
                  00001c6c    00000098     ST7735_SDC.o (.text.ST7735_InitR)
                  00001d04    00000094     ST7735_SDC.o (.text.ST7735_OutUDec)
                  00001d98    00000088     ST7735_SDC.o (.text.setAddrWindow)
                  00001e20    00000088     libc.a : strcmp-armv6m.S.obj (.text:strcmp)
                  00001ea8    00000084     ST7735_SDC.o (.text.ST7735_DrawString)
                  00001f2c    00000084     OS.o (.text.__NVIC_SetPriority)
                  00001fb0    00000080     OS.o (.text.OS_Launch)
                  00002030    00000080     OS.o (.text.TIMG7_IRQHandler)
                  000020b0    0000007c     LaunchPad.o (.text.LaunchPad_Init)
                  0000212c    0000007c     libc.a : copy_decompress_lzss.c.obj (.text:decompress:lzss)
                  000021a8    00000070     osasm.o (.text)
                  00002218    00000064     SPI.o (.text.TFT_OutCommand)
                  0000227c    00000064     SPI.o (.text.TFT_OutData)
                  000022e0    00000060     Timer.o (.text.TimerG12_Init)
                  00002340    0000005c     RTOS_Lab3.o (.text.Jitter_Init)
                  0000239c    0000005c     RTOS_UARTints.o (.text.UART0_IRQHandler)
                  000023f8    0000005c     TFLuna2.o (.text.UART2_IRQHandler)
                  00002454    00000058     RTOS_Lab3.o (.text.Logic_Init)
                  000024ac    00000058     OS.o (.text.OS_Init)
                  00002504    00000054     ST7735_SDC.o (.text.fillmessage)
                  00002558    0000004c     TFLuna2.o (.text.Rx2Fifo_Put)
                  000025a4    0000004c     RTOS_FIFO.o (.text.RxFifo_Get)
                  000025f0    0000004c     RTOS_FIFO.o (.text.RxFifo_Put)
                  0000263c    0000004c     RTOS_FIFO.o (.text.TxFifo_Get)
                  00002688    0000004c     RTOS_FIFO.o (.text.TxFifo_Put)
                  000026d4    0000004c     TFLuna2.o (.text.copySoftwareToHardware2)
                  00002720    0000004c     RTOS_UARTints.o (.text.copySoftwareToHardware)
                  0000276c    00000048     RTOS_Lab3.o (.text.Thread4f)
                  000027b4    00000048     TFLuna2.o (.text.Tx2Fifo_Get)
                  000027fc    00000048     OS.o (.text.get_next_free_tcb)
                  00002844    00000040     SPI.o (.text.SPI1_Reset)
                  00002884    00000040     RTOS_UARTints.o (.text.UART_OutChar)
                  000028c4    00000040     libclang_rt.builtins.a : aeabi_uidivmod.S.obj (.text.__aeabi_uidivmod)
                  00002904    0000003c     libc.a : autoinit.c.obj (.text:__TI_auto_init_nobinit_nopinit)
                  00002940    0000003a     OS.o (.text.OS_bWait)
                  0000297a    00000002     --HOLE-- [fill = 0]
                  0000297c    00000038     LaunchPad.o (.text.ActivatePortA_B)
                  000029b4    00000036     RTOS_UART.o (.text.UART_OutUDec)
                  000029ea    00000002     --HOLE-- [fill = 0]
                  000029ec    00000034     Clock.o (.text.Clock_Delay1ms)
                  00002a20    00000034     ST7735_SDC.o (.text.ST7735_SetCursor)
                  00002a54    00000030     ST7735_SDC.o (.text.commonInit)
                  00002a84    00000030     RTOS_UARTints.o (.text.copyHardwareToSoftware)
                  00002ab4    0000002c     ST7735_SDC.o (.text.ST7735_FillScreen)
                  00002ae0    00000028     RTOS_Lab3.o (.text.DummyWork)
                  00002b08    00000028     libc.a : boot_cortex_m.c.obj (.text:_c_int00_noargs)
                  00002b30    00000026     RTOS_UART.o (.text.UART_OutString)
                  00002b56    00000002     --HOLE-- [fill = 0]
                  00002b58    00000024     SPI.o (.text.CS_Init)
                  00002b7c    00000022     RTOS_UARTints.o (.text.UART_InChar)
                  00002b9e    00000002     --HOLE-- [fill = 0]
                  00002ba0    00000020     RTOS_Lab3.o (.text.Random32)
                  00002bc0    0000001e     ST7735_SDC.o (.text.pushColor)
                  00002bde    00000002     --HOLE-- [fill = 0]
                  00002be0    0000001c     startup_mspm0g3507_ticlang.o (.text.Default_Handler)
                  00002bfc    0000001c     startup_mspm0g3507_ticlang.o (.text.HardFault_Handler)
                  00002c18    0000001c     OS.o (.text.OS_ClearMsTime)
                  00002c34    0000001c     OS.o (.text.OS_bSignal)
                  00002c50    0000001c     RTOS_Lab3.o (.text.main)
                  00002c6c    00000018     OS.o (.text.OS_Suspend)
                  00002c84    00000018     TFLuna2.o (.text.TFLuna2_InStatus)
                  00002c9c    00000018     TFLuna2.o (.text.TFLuna2_OutStatus)
                  00002cb4    00000018     RTOS_FIFO.o (.text.TxFifo_Size)
                  00002ccc    00000014     RTOS_FIFO.o (.text.RxFifo_Init)
                  00002ce0    00000014     RTOS_FIFO.o (.text.TxFifo_Init)
                  00002cf4    00000012     libc.a : memcpy16.S.obj (.text:TI_memcpy_small)
                  00002d06    00000012            : copy_decompress_none.c.obj (.text:decompress:none)
                  00002d18    00000010     Clock.o (.text.Clock_Delay)
                  00002d28    00000010     LaunchPad.o (.text.Delay)
                  00002d38    00000010     OS.o (.text.OS_TimeDifference)
                  00002d48    00000010     libc.a : copy_zero_init.c.obj (.text:decompress:ZI)
                  00002d58    0000000e            : memset16.S.obj (.text:TI_memset_small)
                  00002d66    00000002     --HOLE-- [fill = 0]
                  00002d68    0000000c     Clock.o (.text.Clock_Freq)
                  00002d74    0000000c     OS.o (.text.OS_Id)
                  00002d80    0000000c     OS.o (.text.OS_MsTime)
                  00002d8c    0000000c     OS.o (.text.OS_Time)
                  00002d98    0000000c     ST7735_SDC.o (.text.ST7735_GetCursorX)
                  00002da4    0000000c     ST7735_SDC.o (.text.ST7735_GetCursorY)
                  00002db0    0000000c     libclang_rt.builtins.a : aeabi_memset.S.obj (.text.__aeabi_memclr)
                  00002dbc    0000000a     RTOS_Lab3.o (.text.Random7)
                  00002dc6    00000002     --HOLE-- [fill = 0]
                  00002dc8    00000008     libclang_rt.builtins.a : aeabi_memcpy.S.obj (.text.__aeabi_memcpy)
                  00002dd0    00000006     libc.a : exit.c.obj (.text:abort)
                  00002dd6    00000004     libsysbm.a : hostexit.c.obj (.text.HOSTexit)
                  00002dda    00000004     startup_mspm0g3507_ticlang.o (.text.Reset_Handler)
                  00002dde    00000004     libc.a : pre_init.c.obj (.text._system_pre_init)
                  00002de2    0000000e     --HOLE-- [fill = 0]

.cinit     0    000033e0    00000048     
                  000033e0    0000001d     (.cinit..data.load) [load image, compression = lzss]
                  000033fd    00000003     --HOLE-- [fill = 0]
                  00003400    0000000c     (__TI_handler_table)
                  0000340c    00000008     (.cinit..bss.load) [load image, compression = zero_init]
                  00003414    00000010     (__TI_cinit_table)
                  00003424    00000004     --HOLE-- [fill = 0]

.rodata    0    00002df0    000005f0     
                  00002df0    000004fb     ST7735_SDC.o (.rodata.Font)
                  000032eb    0000003b     ST7735_SDC.o (.rodata.Rcmd1)
                  00003326    0000002b     ST7735_SDC.o (.rodata.Rcmd3)
                  00003351    00000010     Interpreter.o (.rodata.str1.15287782171638189172.1)
                  00003361    0000000e     Interpreter.o (.rodata.str1.13584691219899174016.1)
                  0000336f    0000000e     Interpreter.o (.rodata.str1.438584629756741659.1)
                  0000337d    0000000d     ST7735_SDC.o (.rodata.Rcmd2green)
                  0000338a    0000000d     ST7735_SDC.o (.rodata.Rcmd2red)
                  00003397    0000000c     Interpreter.o (.rodata.str1.10788060859246666907.1)
                  000033a3    0000000c     Interpreter.o (.rodata.str1.6099132036730984718.1)
                  000033af    0000000b     Interpreter.o (.rodata.str1.8801398533620989010.1)
                  000033ba    0000000a     Interpreter.o (.rodata.str1.6869798450878480225.1)
                  000033c4    0000000a     Interpreter.o (.rodata.str1.8834951582488220755.1)
                  000033ce    00000008     Interpreter.o (.rodata.str1.8740789795297769696.1)
                  000033d6    00000006     Interpreter.o (.rodata.str1.16145079996052228972.1)
                  000033dc    00000002     Interpreter.o (.rodata.str1.1287619923014008887.1)
                  000033de    00000002     Interpreter.o (.rodata.str1.9303564720754203623.1)

.init_array 
*          0    00000000    00000000     UNINITIALIZED

.binit     0    00000000    00000000     

.bss       0    20200000    00001668     UNINITIALIZED
                  20200000    00001400     (.common:stacks)
                  20201400    000000c8     (.common:tcbs)
                  202014c8    00000060     (.common:periodic_threads)
                  20201528    00000040     RTOS_FIFO.o (.bss.TxFifo)
                  20201568    00000018     (.common:s2_threads)
                  20201580    00000015     (.common:str)
                  20201595    00000010     TFLuna2.o (.bss.Rx2Fifo)
                  202015a5    00000010     RTOS_FIFO.o (.bss.RxFifo)
                  202015b5    00000010     TFLuna2.o (.bss.Tx2Fifo)
                  202015c5    00000001     ST7735_SDC.o (.bss.ColStart)
                  202015c6    00000001     ST7735_SDC.o (.bss.RowStart)
                  202015c7    00000001     ST7735_SDC.o (.bss.TabColor)
                  202015c8    00000010     (.common:MaxJitter)
                  202015d8    0000000c     (.common:Message)
                  202015e4    0000000c     (.common:TFLuna2DataMessage)
                  202015f0    0000000a     (.common:used_tcbs)
                  202015fa    00000001     (.common:TFLuna2LastByte)
                  202015fb    00000001     (.common:c)
                  202015fc    00000004     RTOS_Lab3.o (.bss.BackgroundThread0f.LastTime)
                  20201600    00000004     RTOS_Lab3.o (.bss.BackgroundThread1f.LastTime)
                  20201604    00000004     RTOS_Lab3.o (.bss.BackgroundThread2f.LastTime)
                  20201608    00000004     RTOS_Lab3.o (.bss.BackgroundThread3f.LastTime)
                  2020160c    00000004     TFLuna2.o (.bss.Rx2GetI)
                  20201610    00000004     TFLuna2.o (.bss.Rx2PutI)
                  20201614    00000004     TFLuna2.o (.bss.Tx2GetI)
                  20201618    00000004     TFLuna2.o (.bss.Tx2PutI)
                  2020161c    00000004     (.common:BadCheckSum2)
                  20201620    00000004     (.common:Count0)
                  20201624    00000004     (.common:Count1)
                  20201628    00000004     (.common:Count2)
                  2020162c    00000004     (.common:Count3)
                  20201630    00000004     (.common:Count4)
                  20201634    00000004     (.common:Dummycount)
                  20201638    00000004     (.common:Messageindex)
                  2020163c    00000004     (.common:NumCreated)
                  20201640    00000004     (.common:RxGetI)
                  20201644    00000004     (.common:RxPutI)
                  20201648    00000004     (.common:TFLuna2Distance)
                  2020164c    00000004     (.common:TFLuna2Function)
                  20201650    00000004     (.common:TFLuna2Index)
                  20201654    00000004     (.common:TimeMs)
                  20201658    00000004     (.common:TxGetI)
                  2020165c    00000004     (.common:TxPutI)
                  20201660    00000004     (.common:Work4)
                  20201664    00000004     (.common:j)

.data      0    20201668    00000683     UNINITIALIZED
                  20201668    00000640     RTOS_Lab3.o (.data.JitterHistogram)
                  20201ca8    00000004     Clock.o (.data.BusFreq)
                  20201cac    00000004     ST7735_SDC.o (.data.Display_Free)
                  20201cb0    00000004     RTOS_Lab3.o (.data.M)
                  20201cb4    00000004     OS.o (.data.NextThreadPt)
                  20201cb8    00000004     OS.o (.data.RunPt)
                  20201cbc    00000004     SPI.o (.data.SPI1_init_Flag)
                  20201cc0    00000004     ST7735_SDC.o (.data.StX)
                  20201cc4    00000004     ST7735_SDC.o (.data.StY)
                  20201cc8    00000004     OS.o (.data.delta_queue_head)
                  20201ccc    00000004     OS.o (.data.level0)
                  20201cd0    00000004     OS.o (.data.level1)
                  20201cd4    00000004     OS.o (.data.level2)
                  20201cd8    00000004     OS.o (.data.level3)
                  20201cdc    00000004     OS.o (.data.periodic_head)
                  20201ce0    00000004     OS.o (.data.periodic_tail)
                  20201ce4    00000002     ST7735_SDC.o (.data.StTextColor)
                  20201ce6    00000002     ST7735_SDC.o (.data._height)
                  20201ce8    00000002     ST7735_SDC.o (.data._width)
                  20201cea    00000001     OS.o (.data.num_periodic_threads)

.sysmem    0    20201cf0    00000200     UNINITIALIZED
                  20201cf0    00000010     libc.a : memory.c.obj (.sysmem)
                  20201d00    000001f0     --HOLE--

.stack     0    20207e00    00000200     UNINITIALIZED
                  20207e00    00000004     libc.a : boot_cortex_m.c.obj (.stack)
                  20207e04    000001fc     --HOLE--

__llvm_prf_cnts 
*          0    20200000    00000000     UNINITIALIZED

__llvm_prf_bits 
*          0    20200000    00000000     UNINITIALIZED

MODULE SUMMARY

       Module                         code    ro data   rw data
       ------                         ----    -------   -------
    .\
       OS.o                           3214    0         5491   
       ST7735_SDC.o                   2084    1403      37     
       RTOS_Lab3.o                    1466    0         1668   
       TFLuna2.o                      688     0         77     
       Interpreter.o                  572     117       26     
       RTOS_UARTints.o                626     0         0      
       SPI.o                          588     0         4      
       Clock.o                        516     0         4      
       RTOS_FIFO.o                    368     0         96     
       Timer.o                        432     0         0      
       LaunchPad.o                    196     0         0      
       osasm.o                        112     0         0      
       RTOS_UART.o                    92      0         0      
    +--+------------------------------+-------+---------+---------+
       Total:                         10954   1520      7403   
                                                               
    .\ticlang\
       startup_mspm0g3507_ticlang.o   60      192       0      
    +--+------------------------------+-------+---------+---------+
       Total:                         60      192       0      
                                                               
    C:\ti\ccs2040\ccs\tools\compiler\ti-cgt-armllvm_4.0.4.LTS\lib\armv6m-ti-none-eabi/c/libc.a
       strcmp-armv6m.S.obj            136     0         0      
       copy_decompress_lzss.c.obj     124     0         0      
       autoinit.c.obj                 60      0         0      
       boot_cortex_m.c.obj            40      0         0      
       copy_decompress_none.c.obj     18      0         0      
       memcpy16.S.obj                 18      0         0      
       copy_zero_init.c.obj           16      0         0      
       memset16.S.obj                 14      0         0      
       exit.c.obj                     6       0         0      
       pre_init.c.obj                 4       0         0      
    +--+------------------------------+-------+---------+---------+
       Total:                         436     0         0      
                                                               
    C:\ti\ccs2040\ccs\tools\compiler\ti-cgt-armllvm_4.0.4.LTS\lib\armv6m-ti-none-eabi/c/libsysbm.a
       hostexit.c.obj                 4       0         0      
    +--+------------------------------+-------+---------+---------+
       Total:                         4       0         0      
                                                               
    C:\ti\ccs2040\ccs\tools\compiler\ti-cgt-armllvm_4.0.4.LTS\lib\armv6m-ti-none-eabi/libclang_rt.builtins.a
       aeabi_uidivmod.S.obj           64      0         0      
       aeabi_memset.S.obj             12      0         0      
       aeabi_memcpy.S.obj             8       0         0      
       aeabi_div0.c.obj               2       0         0      
    +--+------------------------------+-------+---------+---------+
       Total:                         86      0         0      
                                                               
       Heap:                          0       0         512    
       Stack:                         0       0         512    
       Linker Generated:              0       65        0      
    +--+------------------------------+-------+---------+---------+
       Grand Total:                   11540   1777      8427   


LINKER GENERATED COPY TABLES

__TI_cinit_table @ 00003414 records: 2, size/record: 8, table size: 16
	.data: load addr=000033e0, load size=0000001d bytes, run addr=20201668, run size=00000683 bytes, compression=lzss
	.bss: load addr=0000340c, load size=00000008 bytes, run addr=20200000, run size=00001668 bytes, compression=zero_init


LINKER GENERATED HANDLER TABLE

__TI_handler_table @ 00003400 records: 3, size/record: 4, table size: 12
	index: 0, handler: __TI_decompress_lzss
	index: 1, handler: __TI_decompress_none
	index: 2, handler: __TI_zero_init


GLOBAL SYMBOLS: SORTED ALPHABETICALLY BY Name 

address   name                          
-------   ----                          
00002be1  ADC0_IRQHandler               
00002be1  ADC1_IRQHandler               
00002be1  AES_IRQHandler                
0000297d  ActivatePortA_B               
00001821  BackgroundThread0f            
00001489  BackgroundThread1f            
00001571  BackgroundThread2f            
00001659  BackgroundThread3f            
2020161c  BadCheckSum2                  
20201ca8  BusFreq                       
00002dd6  C$$EXIT                       
00002be1  CANFD0_IRQHandler             
00002b59  CS_Init                       
00002d19  Clock_Delay                   
000029ed  Clock_Delay1ms                
00002d69  Clock_Freq                    
00000771  Clock_Init80MHz               
20201620  Count0                        
20201624  Count1                        
20201628  Count2                        
2020162c  Count3                        
20201630  Count4                        
00002be1  DAC0_IRQHandler               
00002be1  DMA_IRQHandler                
00002be1  Default_Handler               
00002d29  Delay                         
20201cac  Display_Free                  
00002ae1  DummyWork                     
20201634  Dummycount                    
000021b8  EndCritical                   
00002be1  GROUP0_IRQHandler             
0000173d  GROUP1_IRQHandler             
00002dd7  HOSTexit                      
00002bfd  HardFault_Handler             
00002be1  I2C0_IRQHandler               
00002be1  I2C1_IRQHandler               
0000032d  Interpreter                   
20201668  JitterHistogram               
00002341  Jitter_Init                   
000020b1  LaunchPad_Init                
00002455  Logic_Init                    
20201cb0  M                             
202015c8  MaxJitter                     
202015d8  Message                       
20201638  Messageindex                  
00002be1  NMI_Handler                   
20201cb4  NextThreadPt                  
2020163c  NumCreated                    
000021a8  OSDisableInterrupts           
000021ac  OSEnableInterrupts            
00000569  OS_AddPeriodicThread          
000000c1  OS_AddThread                  
00002c19  OS_ClearMsTime                
00002d75  OS_Id                         
000024ad  OS_Init                       
000019bd  OS_Kill                       
00001fb1  OS_Launch                     
00002d81  OS_MsTime                     
00000c29  OS_Sleep                      
00002c6d  OS_Suspend                    
00002d8d  OS_Time                       
00002d39  OS_TimeDifference             
00002c35  OS_bSignal                    
00002941  OS_bWait                      
000021d9  PendSV_Handler                
00002be1  RTC_IRQHandler                
00002ba1  Random32                      
00002dbd  Random7                       
00002ddb  Reset_Handler                 
20201cb8  RunPt                         
00002559  Rx2Fifo_Put                   
000025a5  RxFifo_Get                    
00002ccd  RxFifo_Init                   
000025f1  RxFifo_Put                    
20201640  RxGetI                        
20201644  RxPutI                        
00002be1  SPI0_IRQHandler               
00002be1  SPI1_IRQHandler               
00001279  SPI1_Init                     
00002845  SPI1_Reset                    
20201cbc  SPI1_init_Flag                
00000925  ST7735_DrawChar               
00001ea9  ST7735_DrawString             
0000114d  ST7735_FillRect               
00002ab5  ST7735_FillScreen             
00002d99  ST7735_GetCursorX             
00002da5  ST7735_GetCursorY             
00001c6d  ST7735_InitR                  
00000ac9  ST7735_Message                
00001d05  ST7735_OutUDec                
00002a21  ST7735_SetCursor              
000021f5  SVC_Handler                   
20201ce4  StTextColor                   
20201cc0  StX                           
20201cc4  StY                           
000021b0  StartCritical                 
000021be  StartOS                       
00001399  SysTick_Handler               
202015e4  TFLuna2DataMessage            
20201648  TFLuna2Distance               
2020164c  TFLuna2Function               
20201650  TFLuna2Index                  
202015fa  TFLuna2LastByte               
00002c85  TFLuna2_InStatus              
00002c9d  TFLuna2_OutStatus             
00002219  TFT_OutCommand                
0000227d  TFT_OutData                   
00002be1  TIMA0_IRQHandler              
00002be1  TIMA1_IRQHandler              
00002be1  TIMG0_IRQHandler              
00002be1  TIMG12_IRQHandler             
00002be1  TIMG6_IRQHandler              
00002031  TIMG7_IRQHandler              
00000d7d  TIMG8_IRQHandler              
00002cf5  TI_memcpy_small               
00002d59  TI_memset_small               
000018fd  Testmain6                     
0000276d  Thread4f                      
20201654  TimeMs                        
000022e1  TimerG12_Init                 
00001a79  TimerG7_IntArm                
00001b21  TimerG8_IntArm                
000027b5  Tx2Fifo_Get                   
0000263d  TxFifo_Get                    
00002ce1  TxFifo_Init                   
00002689  TxFifo_Put                    
00002cb5  TxFifo_Size                   
20201658  TxGetI                        
2020165c  TxPutI                        
0000239d  UART0_IRQHandler              
00002be1  UART1_IRQHandler              
000023f9  UART2_IRQHandler              
00002be1  UART3_IRQHandler              
00002b7d  UART_InChar                   
00001015  UART_Init                     
00002885  UART_OutChar                  
00002b31  UART_OutString                
000029b5  UART_OutUDec                  
20201660  Work4                         
20208000  __STACK_END                   
00000200  __STACK_SIZE                  
00000200  __SYSMEM_SIZE                 
00000000  __TI_ATRegion0_region_sz      
00000000  __TI_ATRegion0_src_addr       
00000000  __TI_ATRegion0_trg_addr       
00000000  __TI_ATRegion1_region_sz      
00000000  __TI_ATRegion1_src_addr       
00000000  __TI_ATRegion1_trg_addr       
00000000  __TI_ATRegion2_region_sz      
00000000  __TI_ATRegion2_src_addr       
00000000  __TI_ATRegion2_trg_addr       
00003414  __TI_CINIT_Base               
00003424  __TI_CINIT_Limit              
00003424  __TI_CINIT_Warm               
00003400  __TI_Handler_Table_Base       
0000340c  __TI_Handler_Table_Limit      
00002905  __TI_auto_init_nobinit_nopinit
0000212d  __TI_decompress_lzss          
00002d07  __TI_decompress_none          
ffffffff  __TI_pprof_out_hndl           
ffffffff  __TI_prof_data_size           
ffffffff  __TI_prof_data_start          
00000000  __TI_static_base__            
00002d49  __TI_zero_init                
00001c6b  __aeabi_idiv0                 
00002db1  __aeabi_memclr                
00002db1  __aeabi_memclr4               
00002db1  __aeabi_memclr8               
00002dc9  __aeabi_memcpy                
00002dc9  __aeabi_memcpy4               
00002dc9  __aeabi_memcpy8               
000028c5  __aeabi_uidiv                 
000028c5  __aeabi_uidivmod              
ffffffff  __binit__                     
UNDEFED   __mpu_init                    
20207e00  __stack                       
20200000  __start___llvm_prf_bits       
20200000  __start___llvm_prf_cnts       
20200000  __stop___llvm_prf_bits        
20200000  __stop___llvm_prf_cnts        
00002b09  _c_int00_noargs               
20201cf0  _sys_memory                   
UNDEFED   _system_post_cinit            
00002ddf  _system_pre_init              
00002dd1  abort                         
ffffffff  binit                         
202015fb  c                             
20201cc8  delta_queue_head              
00002505  fillmessage                   
000027fd  get_next_free_tcb             
00000000  interruptVectors              
20201664  j                             
20201ccc  level0                        
20201cd0  level1                        
20201cd4  level2                        
20201cd8  level3                        
00002c51  main                          
20201cea  num_periodic_threads          
20201cdc  periodic_head                 
20201ce0  periodic_tail                 
202014c8  periodic_threads              
20201568  s2_threads                    
20200000  stacks                        
20201580  str                           
00001e21  strcmp                        
20201400  tcbs                          
202015f0  used_tcbs                     


GLOBAL SYMBOLS: SORTED BY Symbol Address 

address   name                          
-------   ----                          
00000000  __TI_ATRegion0_region_sz      
00000000  __TI_ATRegion0_src_addr       
00000000  __TI_ATRegion0_trg_addr       
00000000  __TI_ATRegion1_region_sz      
00000000  __TI_ATRegion1_src_addr       
00000000  __TI_ATRegion1_trg_addr       
00000000  __TI_ATRegion2_region_sz      
00000000  __TI_ATRegion2_src_addr       
00000000  __TI_ATRegion2_trg_addr       
00000000  __TI_static_base__            
00000000  interruptVectors              
000000c1  OS_AddThread                  
00000200  __STACK_SIZE                  
00000200  __SYSMEM_SIZE                 
0000032d  Interpreter                   
00000569  OS_AddPeriodicThread          
00000771  Clock_Init80MHz               
00000925  ST7735_DrawChar               
00000ac9  ST7735_Message                
00000c29  OS_Sleep                      
00000d7d  TIMG8_IRQHandler              
00001015  UART_Init                     
0000114d  ST7735_FillRect               
00001279  SPI1_Init                     
00001399  SysTick_Handler               
00001489  BackgroundThread1f            
00001571  BackgroundThread2f            
00001659  BackgroundThread3f            
0000173d  GROUP1_IRQHandler             
00001821  BackgroundThread0f            
000018fd  Testmain6                     
000019bd  OS_Kill                       
00001a79  TimerG7_IntArm                
00001b21  TimerG8_IntArm                
00001c6b  __aeabi_idiv0                 
00001c6d  ST7735_InitR                  
00001d05  ST7735_OutUDec                
00001e21  strcmp                        
00001ea9  ST7735_DrawString             
00001fb1  OS_Launch                     
00002031  TIMG7_IRQHandler              
000020b1  LaunchPad_Init                
0000212d  __TI_decompress_lzss          
000021a8  OSDisableInterrupts           
000021ac  OSEnableInterrupts            
000021b0  StartCritical                 
000021b8  EndCritical                   
000021be  StartOS                       
000021d9  PendSV_Handler                
000021f5  SVC_Handler                   
00002219  TFT_OutCommand                
0000227d  TFT_OutData                   
000022e1  TimerG12_Init                 
00002341  Jitter_Init                   
0000239d  UART0_IRQHandler              
000023f9  UART2_IRQHandler              
00002455  Logic_Init                    
000024ad  OS_Init                       
00002505  fillmessage                   
00002559  Rx2Fifo_Put                   
000025a5  RxFifo_Get                    
000025f1  RxFifo_Put                    
0000263d  TxFifo_Get                    
00002689  TxFifo_Put                    
0000276d  Thread4f                      
000027b5  Tx2Fifo_Get                   
000027fd  get_next_free_tcb             
00002845  SPI1_Reset                    
00002885  UART_OutChar                  
000028c5  __aeabi_uidiv                 
000028c5  __aeabi_uidivmod              
00002905  __TI_auto_init_nobinit_nopinit
00002941  OS_bWait                      
0000297d  ActivatePortA_B               
000029b5  UART_OutUDec                  
000029ed  Clock_Delay1ms                
00002a21  ST7735_SetCursor              
00002ab5  ST7735_FillScreen             
00002ae1  DummyWork                     
00002b09  _c_int00_noargs               
00002b31  UART_OutString                
00002b59  CS_Init                       
00002b7d  UART_InChar                   
00002ba1  Random32                      
00002be1  ADC0_IRQHandler               
00002be1  ADC1_IRQHandler               
00002be1  AES_IRQHandler                
00002be1  CANFD0_IRQHandler             
00002be1  DAC0_IRQHandler               
00002be1  DMA_IRQHandler                
00002be1  Default_Handler               
00002be1  GROUP0_IRQHandler             
00002be1  I2C0_IRQHandler               
00002be1  I2C1_IRQHandler               
00002be1  NMI_Handler                   
00002be1  RTC_IRQHandler                
00002be1  SPI0_IRQHandler               
00002be1  SPI1_IRQHandler               
00002be1  TIMA0_IRQHandler              
00002be1  TIMA1_IRQHandler              
00002be1  TIMG0_IRQHandler              
00002be1  TIMG12_IRQHandler             
00002be1  TIMG6_IRQHandler              
00002be1  UART1_IRQHandler              
00002be1  UART3_IRQHandler              
00002bfd  HardFault_Handler             
00002c19  OS_ClearMsTime                
00002c35  OS_bSignal                    
00002c51  main                          
00002c6d  OS_Suspend                    
00002c85  TFLuna2_InStatus              
00002c9d  TFLuna2_OutStatus             
00002cb5  TxFifo_Size                   
00002ccd  RxFifo_Init                   
00002ce1  TxFifo_Init                   
00002cf5  TI_memcpy_small               
00002d07  __TI_decompress_none          
00002d19  Clock_Delay                   
00002d29  Delay                         
00002d39  OS_TimeDifference             
00002d49  __TI_zero_init                
00002d59  TI_memset_small               
00002d69  Clock_Freq                    
00002d75  OS_Id                         
00002d81  OS_MsTime                     
00002d8d  OS_Time                       
00002d99  ST7735_GetCursorX             
00002da5  ST7735_GetCursorY             
00002db1  __aeabi_memclr                
00002db1  __aeabi_memclr4               
00002db1  __aeabi_memclr8               
00002dbd  Random7                       
00002dc9  __aeabi_memcpy                
00002dc9  __aeabi_memcpy4               
00002dc9  __aeabi_memcpy8               
00002dd1  abort                         
00002dd6  C$$EXIT                       
00002dd7  HOSTexit                      
00002ddb  Reset_Handler                 
00002ddf  _system_pre_init              
00003400  __TI_Handler_Table_Base       
0000340c  __TI_Handler_Table_Limit      
00003414  __TI_CINIT_Base               
00003424  __TI_CINIT_Limit              
00003424  __TI_CINIT_Warm               
20200000  __start___llvm_prf_bits       
20200000  __start___llvm_prf_cnts       
20200000  __stop___llvm_prf_bits        
20200000  __stop___llvm_prf_cnts        
20200000  stacks                        
20201400  tcbs                          
202014c8  periodic_threads              
20201568  s2_threads                    
20201580  str                           
202015c8  MaxJitter                     
202015d8  Message                       
202015e4  TFLuna2DataMessage            
202015f0  used_tcbs                     
202015fa  TFLuna2LastByte               
202015fb  c                             
2020161c  BadCheckSum2                  
20201620  Count0                        
20201624  Count1                        
20201628  Count2                        
2020162c  Count3                        
20201630  Count4                        
20201634  Dummycount                    
20201638  Messageindex                  
2020163c  NumCreated                    
20201640  RxGetI                        
20201644  RxPutI                        
20201648  TFLuna2Distance               
2020164c  TFLuna2Function               
20201650  TFLuna2Index                  
20201654  TimeMs                        
20201658  TxGetI                        
2020165c  TxPutI                        
20201660  Work4                         
20201664  j                             
20201668  JitterHistogram               
20201ca8  BusFreq                       
20201cac  Display_Free                  
20201cb0  M                             
20201cb4  NextThreadPt                  
20201cb8  RunPt                         
20201cbc  SPI1_init_Flag                
20201cc0  StX                           
20201cc4  StY                           
20201cc8  delta_queue_head              
20201ccc  level0                        
20201cd0  level1                        
20201cd4  level2                        
20201cd8  level3                        
20201cdc  periodic_head                 
20201ce0  periodic_tail                 
20201ce4  StTextColor                   
20201cea  num_periodic_threads          
20201cf0  _sys_memory                   
20207e00  __stack                       
20208000  __STACK_END                   
ffffffff  __TI_pprof_out_hndl           
ffffffff  __TI_prof_data_size           
ffffffff  __TI_prof_data_start          
ffffffff  __binit__                     
ffffffff  binit                         
UNDEFED   __mpu_init                    
UNDEFED   _system_post_cinit            

[207 symbols]
