******************************************************************************
            TI ARM Clang Linker PC v4.0.4                      
******************************************************************************
>> Linked Tue Feb 17 16:05:29 2026

OUTPUT FILE NAME:   <RTOS_Lab3_RTOSpriority.out>
ENTRY POINT SYMBOL: "_c_int00_noargs"  address: 00001f3d


MEMORY CONFIGURATION

         name            origin    length      used     unused   attr    fill
----------------------  --------  ---------  --------  --------  ----  --------
  FLASH                 00000000   00020000  00002728  0001d8d8  R  X
  SRAM                  20200000   00008000  00001a34  000065cc  RW X
  BCR_CONFIG            41c00000   00000080  00000000  00000080  R   
  BSL_CONFIG            41c00100   00000080  00000000  00000080  R   


SEGMENT ALLOCATION MAP

run origin  load origin   length   init length attrs members
----------  ----------- ---------- ----------- ----- -------
00000000    00000000    00002728   00002728    r-x
  00000000    00000000    000000c0   000000c0    r-- .intvecs
  000000c0    000000c0    000020b0   000020b0    r-x .text
  00002170    00002170    00000580   00000580    r-- .rodata
  000026f0    000026f0    00000038   00000038    r-- .cinit
20200000    20200000    00001836   00000000    rw-
  20200000    20200000    000015fe   00000000    rw- .bss
  20201600    20201600    00000200   00000000    rw- .sysmem
  20201800    20201800    00000036   00000000    rw- .data
20207e00    20207e00    00000200   00000000    rw-
  20207e00    20207e00    00000200   00000000    rw- .stack


SECTION ALLOCATION MAP

 output                                  attributes/
section   page    origin      length       input sections
--------  ----  ----------  ----------   ----------------
.intvecs   0    00000000    000000c0     
                  00000000    000000c0     startup_mspm0g3507_ticlang.o (.intvecs)

.text      0    000000c0    000020b0     
                  000000c0    0000026c     OS.o (.text.OS_AddThread)
                  0000032c    000001b4     Clock.o (.text.Clock_Init80MHz)
                  000004e0    000001a4     ST7735_SDC.o (.text.ST7735_DrawChar)
                  00000684    00000160     ST7735_SDC.o (.text.ST7735_Message)
                  000007e4    00000154     OS.o (.text.OS_Sleep)
                  00000938    00000154     OS.o (.text.TIMG8_IRQHandler)
                  00000a8c    00000144     TFLuna2.o (.text.copyHardwareToSoftware2)
                  00000bd0    00000138     RTOS_UARTints.o (.text.UART_Init)
                  00000d08    0000012c     ST7735_SDC.o (.text.ST7735_FillRect)
                  00000e34    00000120     SPI.o (.text.SPI1_Init)
                  00000f54    000000f0     OS.o (.text.SysTick_Handler)
                  00001044    000000e4     OS.o (.text.GROUP1_IRQHandler)
                  00001128    000000bc     OS.o (.text.OS_Kill)
                  000011e4    000000a8     Timer.o (.text.TimerG8_IntArm)
                  0000128c    000000a2     ST7735_SDC.o (.text.commandList)
                  0000132e    00000002     libclang_rt.builtins.a : aeabi_div0.c.obj (.text.__aeabi_idiv0)
                  00001330    000000a0     OS.o (.text.TIMG7_IRQHandler)
                  000013d0    00000098     ST7735_SDC.o (.text.ST7735_InitR)
                  00001468    00000088     ST7735_SDC.o (.text.setAddrWindow)
                  000014f0    00000084     OS.o (.text.__NVIC_SetPriority)
                  00001574    00000080     OS.o (.text.OS_Launch)
                  000015f4    0000007c     LaunchPad.o (.text.LaunchPad_Init)
                  00001670    0000007c     libc.a : copy_decompress_lzss.c.obj (.text:decompress:lzss)
                  000016ec    00000070     osasm.o (.text)
                  0000175c    00000064     SPI.o (.text.TFT_OutCommand)
                  000017c0    00000064     SPI.o (.text.TFT_OutData)
                  00001824    00000064     RTOS_Lab3.o (.text.Testmain3)
                  00001888    00000060     Timer.o (.text.TimerG12_Init)
                  000018e8    0000005c     RTOS_UARTints.o (.text.UART0_IRQHandler)
                  00001944    0000005c     TFLuna2.o (.text.UART2_IRQHandler)
                  000019a0    00000058     RTOS_Lab3.o (.text.Logic_Init)
                  000019f8    00000058     OS.o (.text.OS_Init)
                  00001a50    0000004c     TFLuna2.o (.text.Rx2Fifo_Put)
                  00001a9c    0000004c     RTOS_FIFO.o (.text.RxFifo_Put)
                  00001ae8    0000004c     RTOS_FIFO.o (.text.TxFifo_Get)
                  00001b34    0000004c     TFLuna2.o (.text.copySoftwareToHardware2)
                  00001b80    0000004c     RTOS_UARTints.o (.text.copySoftwareToHardware)
                  00001bcc    00000048     RTOS_Lab3.o (.text.Thread0c)
                  00001c14    00000048     RTOS_Lab3.o (.text.Thread1c)
                  00001c5c    00000048     TFLuna2.o (.text.Tx2Fifo_Get)
                  00001ca4    00000048     OS.o (.text.get_next_free_tcb)
                  00001cec    00000040     SPI.o (.text.SPI1_Reset)
                  00001d2c    00000040     libclang_rt.builtins.a : aeabi_uidivmod.S.obj (.text.__aeabi_uidivmod)
                  00001d6c    0000003c     libc.a : autoinit.c.obj (.text:__TI_auto_init_nobinit_nopinit)
                  00001da8    0000003a     OS.o (.text.OS_bWait)
                  00001de2    00000002     --HOLE-- [fill = 0]
                  00001de4    00000038     LaunchPad.o (.text.ActivatePortA_B)
                  00001e1c    00000034     Clock.o (.text.Clock_Delay1ms)
                  00001e50    00000034     ST7735_SDC.o (.text.ST7735_SetCursor)
                  00001e84    00000030     ST7735_SDC.o (.text.commonInit)
                  00001eb4    00000030     RTOS_UARTints.o (.text.copyHardwareToSoftware)
                  00001ee4    0000002c     ST7735_SDC.o (.text.ST7735_FillScreen)
                  00001f10    0000002c     RTOS_Lab3.o (.text.Thread2c)
                  00001f3c    00000028     libc.a : boot_cortex_m.c.obj (.text:_c_int00_noargs)
                  00001f64    00000024     SPI.o (.text.CS_Init)
                  00001f88    0000001e     ST7735_SDC.o (.text.pushColor)
                  00001fa6    00000002     --HOLE-- [fill = 0]
                  00001fa8    0000001c     startup_mspm0g3507_ticlang.o (.text.Default_Handler)
                  00001fc4    0000001c     startup_mspm0g3507_ticlang.o (.text.HardFault_Handler)
                  00001fe0    0000001c     OS.o (.text.OS_ClearMsTime)
                  00001ffc    0000001c     OS.o (.text.OS_bSignal)
                  00002018    0000001c     RTOS_Lab3.o (.text.main)
                  00002034    00000018     OS.o (.text.OS_Suspend)
                  0000204c    00000018     TFLuna2.o (.text.TFLuna2_InStatus)
                  00002064    00000018     TFLuna2.o (.text.TFLuna2_OutStatus)
                  0000207c    00000018     RTOS_FIFO.o (.text.TxFifo_Size)
                  00002094    00000014     RTOS_FIFO.o (.text.RxFifo_Init)
                  000020a8    00000014     RTOS_FIFO.o (.text.TxFifo_Init)
                  000020bc    00000012     libc.a : memcpy16.S.obj (.text:TI_memcpy_small)
                  000020ce    00000012            : copy_decompress_none.c.obj (.text:decompress:none)
                  000020e0    00000010     Clock.o (.text.Clock_Delay)
                  000020f0    00000010     LaunchPad.o (.text.Delay)
                  00002100    00000010     libc.a : copy_zero_init.c.obj (.text:decompress:ZI)
                  00002110    0000000e            : memset16.S.obj (.text:TI_memset_small)
                  0000211e    00000002     --HOLE-- [fill = 0]
                  00002120    0000000c     Clock.o (.text.Clock_Freq)
                  0000212c    0000000c     OS.o (.text.OS_Id)
                  00002138    0000000c     OS.o (.text.OS_Time)
                  00002144    0000000c     libclang_rt.builtins.a : aeabi_memset.S.obj (.text.__aeabi_memclr)
                  00002150    00000008                            : aeabi_memcpy.S.obj (.text.__aeabi_memcpy)
                  00002158    00000006     libc.a : exit.c.obj (.text:abort)
                  0000215e    00000004     libsysbm.a : hostexit.c.obj (.text.HOSTexit)
                  00002162    00000004     startup_mspm0g3507_ticlang.o (.text.Reset_Handler)
                  00002166    00000004     libc.a : pre_init.c.obj (.text._system_pre_init)
                  0000216a    00000006     --HOLE-- [fill = 0]

.cinit     0    000026f0    00000038     
                  000026f0    00000014     (.cinit..data.load) [load image, compression = lzss]
                  00002704    0000000c     (__TI_handler_table)
                  00002710    00000008     (.cinit..bss.load) [load image, compression = zero_init]
                  00002718    00000010     (__TI_cinit_table)

.rodata    0    00002170    00000580     
                  00002170    000004fb     ST7735_SDC.o (.rodata.Font)
                  0000266b    0000003b     ST7735_SDC.o (.rodata.Rcmd1)
                  000026a6    0000002b     ST7735_SDC.o (.rodata.Rcmd3)
                  000026d1    0000000d     ST7735_SDC.o (.rodata.Rcmd2green)
                  000026de    0000000d     ST7735_SDC.o (.rodata.Rcmd2red)
                  000026eb    00000005     --HOLE-- [fill = 0]

.init_array 
*          0    00000000    00000000     UNINITIALIZED

.binit     0    00000000    00000000     

.bss       0    20200000    000015fe     UNINITIALIZED
                  20200000    00001400     (.common:stacks)
                  20201400    000000c8     (.common:tcbs)
                  202014c8    00000050     (.common:periodic_threads)
                  20201518    00000040     RTOS_FIFO.o (.bss.TxFifo)
                  20201558    00000018     (.common:s2_threads)
                  20201570    00000010     TFLuna2.o (.bss.Rx2Fifo)
                  20201580    00000010     RTOS_FIFO.o (.bss.RxFifo)
                  20201590    00000010     TFLuna2.o (.bss.Tx2Fifo)
                  202015a0    0000000c     (.common:TFLuna2DataMessage)
                  202015ac    0000000a     (.common:used_tcbs)
                  202015b6    00000001     ST7735_SDC.o (.bss.ColStart)
                  202015b7    00000001     ST7735_SDC.o (.bss.RowStart)
                  202015b8    00000004     TFLuna2.o (.bss.Rx2GetI)
                  202015bc    00000004     TFLuna2.o (.bss.Rx2PutI)
                  202015c0    00000004     TFLuna2.o (.bss.Tx2GetI)
                  202015c4    00000004     TFLuna2.o (.bss.Tx2PutI)
                  202015c8    00000004     (.common:BadCheckSum2)
                  202015cc    00000004     (.common:Count0)
                  202015d0    00000004     (.common:Count1)
                  202015d4    00000004     (.common:Count2)
                  202015d8    00000004     (.common:NumCreated)
                  202015dc    00000004     (.common:RxGetI)
                  202015e0    00000004     (.common:RxPutI)
                  202015e4    00000004     (.common:TFLuna2Distance)
                  202015e8    00000004     (.common:TFLuna2Function)
                  202015ec    00000004     (.common:TFLuna2Index)
                  202015f0    00000004     (.common:TimeMs)
                  202015f4    00000004     (.common:TxGetI)
                  202015f8    00000004     (.common:TxPutI)
                  202015fc    00000001     ST7735_SDC.o (.bss.TabColor)
                  202015fd    00000001     (.common:TFLuna2LastByte)

.sysmem    0    20201600    00000200     UNINITIALIZED
                  20201600    00000010     libc.a : memory.c.obj (.sysmem)
                  20201610    000001f0     --HOLE--

.data      0    20201800    00000036     UNINITIALIZED
                  20201800    00000004     Clock.o (.data.BusFreq)
                  20201804    00000004     ST7735_SDC.o (.data.Display_Free)
                  20201808    00000004     OS.o (.data.NextThreadPt)
                  2020180c    00000004     OS.o (.data.RunPt)
                  20201810    00000004     SPI.o (.data.SPI1_init_Flag)
                  20201814    00000004     ST7735_SDC.o (.data.StX)
                  20201818    00000004     ST7735_SDC.o (.data.StY)
                  2020181c    00000004     OS.o (.data.delta_queue_head)
                  20201820    00000004     OS.o (.data.level0)
                  20201824    00000004     OS.o (.data.level1)
                  20201828    00000004     OS.o (.data.level2)
                  2020182c    00000004     OS.o (.data.level3)
                  20201830    00000002     ST7735_SDC.o (.data.StTextColor)
                  20201832    00000002     ST7735_SDC.o (.data._height)
                  20201834    00000002     ST7735_SDC.o (.data._width)

.stack     0    20207e00    00000200     UNINITIALIZED
                  20207e00    00000004     libc.a : boot_cortex_m.c.obj (.stack)
                  20207e04    000001fc     --HOLE--

__llvm_prf_cnts 
*          0    20200000    00000000     UNINITIALIZED

__llvm_prf_bits 
*          0    20200000    00000000     UNINITIALIZED

MODULE SUMMARY

       Module                         code   ro data   rw data
       ------                         ----   -------   -------
    .\
       OS.o                           2698   0         5466   
       ST7735_SDC.o                   1696   1403      21     
       TFLuna2.o                      688    0         77     
       SPI.o                          588    0         4      
       RTOS_UARTints.o                528    0         0      
       Clock.o                        516    0         4      
       RTOS_Lab3.o                    404    0         16     
       RTOS_FIFO.o                    216    0         96     
       Timer.o                        264    0         0      
       LaunchPad.o                    196    0         0      
       osasm.o                        112    0         0      
    +--+------------------------------+------+---------+---------+
       Total:                         7906   1403      5684   
                                                              
    .\ticlang\
       startup_mspm0g3507_ticlang.o   60     192       0      
    +--+------------------------------+------+---------+---------+
       Total:                         60     192       0      
                                                              
    C:\ti\ccs2040\ccs\tools\compiler\ti-cgt-armllvm_4.0.4.LTS\lib\armv6m-ti-none-eabi/c/libc.a
       copy_decompress_lzss.c.obj     124    0         0      
       autoinit.c.obj                 60     0         0      
       boot_cortex_m.c.obj            40     0         0      
       copy_decompress_none.c.obj     18     0         0      
       memcpy16.S.obj                 18     0         0      
       copy_zero_init.c.obj           16     0         0      
       memset16.S.obj                 14     0         0      
       exit.c.obj                     6      0         0      
       pre_init.c.obj                 4      0         0      
    +--+------------------------------+------+---------+---------+
       Total:                         300    0         0      
                                                              
    C:\ti\ccs2040\ccs\tools\compiler\ti-cgt-armllvm_4.0.4.LTS\lib\armv6m-ti-none-eabi/c/libsysbm.a
       hostexit.c.obj                 4      0         0      
    +--+------------------------------+------+---------+---------+
       Total:                         4      0         0      
                                                              
    C:\ti\ccs2040\ccs\tools\compiler\ti-cgt-armllvm_4.0.4.LTS\lib\armv6m-ti-none-eabi/libclang_rt.builtins.a
       aeabi_uidivmod.S.obj           64     0         0      
       aeabi_memset.S.obj             12     0         0      
       aeabi_memcpy.S.obj             8      0         0      
       aeabi_div0.c.obj               2      0         0      
    +--+------------------------------+------+---------+---------+
       Total:                         86     0         0      
                                                              
       Heap:                          0      0         512    
       Stack:                         0      0         512    
       Linker Generated:              0      56        0      
    +--+------------------------------+------+---------+---------+
       Grand Total:                   8356   1651      6708   


LINKER GENERATED COPY TABLES

__TI_cinit_table @ 00002718 records: 2, size/record: 8, table size: 16
	.data: load addr=000026f0, load size=00000014 bytes, run addr=20201800, run size=00000036 bytes, compression=lzss
	.bss: load addr=00002710, load size=00000008 bytes, run addr=20200000, run size=000015fe bytes, compression=zero_init


LINKER GENERATED HANDLER TABLE

__TI_handler_table @ 00002704 records: 3, size/record: 4, table size: 12
	index: 0, handler: __TI_decompress_lzss
	index: 1, handler: __TI_decompress_none
	index: 2, handler: __TI_zero_init


GLOBAL SYMBOLS: SORTED ALPHABETICALLY BY Name 

address   name                          
-------   ----                          
00001fa9  ADC0_IRQHandler               
00001fa9  ADC1_IRQHandler               
00001fa9  AES_IRQHandler                
00001de5  ActivatePortA_B               
202015c8  BadCheckSum2                  
20201800  BusFreq                       
0000215e  C$$EXIT                       
00001fa9  CANFD0_IRQHandler             
00001f65  CS_Init                       
000020e1  Clock_Delay                   
00001e1d  Clock_Delay1ms                
00002121  Clock_Freq                    
0000032d  Clock_Init80MHz               
202015cc  Count0                        
202015d0  Count1                        
202015d4  Count2                        
00001fa9  DAC0_IRQHandler               
00001fa9  DMA_IRQHandler                
00001fa9  Default_Handler               
000020f1  Delay                         
20201804  Display_Free                  
000016fc  EndCritical                   
00001fa9  GROUP0_IRQHandler             
00001045  GROUP1_IRQHandler             
0000215f  HOSTexit                      
00001fc5  HardFault_Handler             
00001fa9  I2C0_IRQHandler               
00001fa9  I2C1_IRQHandler               
000015f5  LaunchPad_Init                
000019a1  Logic_Init                    
00001fa9  NMI_Handler                   
20201808  NextThreadPt                  
202015d8  NumCreated                    
000016ec  OSDisableInterrupts           
000016f0  OSEnableInterrupts            
000000c1  OS_AddThread                  
00001fe1  OS_ClearMsTime                
0000212d  OS_Id                         
000019f9  OS_Init                       
00001129  OS_Kill                       
00001575  OS_Launch                     
000007e5  OS_Sleep                      
00002035  OS_Suspend                    
00002139  OS_Time                       
00001ffd  OS_bSignal                    
00001da9  OS_bWait                      
0000171d  PendSV_Handler                
00001fa9  RTC_IRQHandler                
00002163  Reset_Handler                 
2020180c  RunPt                         
00001a51  Rx2Fifo_Put                   
00002095  RxFifo_Init                   
00001a9d  RxFifo_Put                    
202015dc  RxGetI                        
202015e0  RxPutI                        
00001fa9  SPI0_IRQHandler               
00001fa9  SPI1_IRQHandler               
00000e35  SPI1_Init                     
00001ced  SPI1_Reset                    
20201810  SPI1_init_Flag                
000004e1  ST7735_DrawChar               
00000d09  ST7735_FillRect               
00001ee5  ST7735_FillScreen             
000013d1  ST7735_InitR                  
00000685  ST7735_Message                
00001e51  ST7735_SetCursor              
00001739  SVC_Handler                   
20201830  StTextColor                   
20201814  StX                           
20201818  StY                           
000016f4  StartCritical                 
00001702  StartOS                       
00000f55  SysTick_Handler               
202015a0  TFLuna2DataMessage            
202015e4  TFLuna2Distance               
202015e8  TFLuna2Function               
202015ec  TFLuna2Index                  
202015fd  TFLuna2LastByte               
0000204d  TFLuna2_InStatus              
00002065  TFLuna2_OutStatus             
0000175d  TFT_OutCommand                
000017c1  TFT_OutData                   
00001fa9  TIMA0_IRQHandler              
00001fa9  TIMA1_IRQHandler              
00001fa9  TIMG0_IRQHandler              
00001fa9  TIMG12_IRQHandler             
00001fa9  TIMG6_IRQHandler              
00001331  TIMG7_IRQHandler              
00000939  TIMG8_IRQHandler              
000020bd  TI_memcpy_small               
00002111  TI_memset_small               
00001825  Testmain3                     
00001bcd  Thread0c                      
00001c15  Thread1c                      
00001f11  Thread2c                      
202015f0  TimeMs                        
00001889  TimerG12_Init                 
000011e5  TimerG8_IntArm                
00001c5d  Tx2Fifo_Get                   
00001ae9  TxFifo_Get                    
000020a9  TxFifo_Init                   
0000207d  TxFifo_Size                   
202015f4  TxGetI                        
202015f8  TxPutI                        
000018e9  UART0_IRQHandler              
00001fa9  UART1_IRQHandler              
00001945  UART2_IRQHandler              
00001fa9  UART3_IRQHandler              
00000bd1  UART_Init                     
20208000  __STACK_END                   
00000200  __STACK_SIZE                  
00000200  __SYSMEM_SIZE                 
00000000  __TI_ATRegion0_region_sz      
00000000  __TI_ATRegion0_src_addr       
00000000  __TI_ATRegion0_trg_addr       
00000000  __TI_ATRegion1_region_sz      
00000000  __TI_ATRegion1_src_addr       
00000000  __TI_ATRegion1_trg_addr       
00000000  __TI_ATRegion2_region_sz      
00000000  __TI_ATRegion2_src_addr       
00000000  __TI_ATRegion2_trg_addr       
00002718  __TI_CINIT_Base               
00002728  __TI_CINIT_Limit              
00002728  __TI_CINIT_Warm               
00002704  __TI_Handler_Table_Base       
00002710  __TI_Handler_Table_Limit      
00001d6d  __TI_auto_init_nobinit_nopinit
00001671  __TI_decompress_lzss          
000020cf  __TI_decompress_none          
ffffffff  __TI_pprof_out_hndl           
ffffffff  __TI_prof_data_size           
ffffffff  __TI_prof_data_start          
00000000  __TI_static_base__            
00002101  __TI_zero_init                
0000132f  __aeabi_idiv0                 
00002145  __aeabi_memclr                
00002145  __aeabi_memclr4               
00002145  __aeabi_memclr8               
00002151  __aeabi_memcpy                
00002151  __aeabi_memcpy4               
00002151  __aeabi_memcpy8               
00001d2d  __aeabi_uidiv                 
00001d2d  __aeabi_uidivmod              
ffffffff  __binit__                     
UNDEFED   __mpu_init                    
20207e00  __stack                       
20200000  __start___llvm_prf_bits       
20200000  __start___llvm_prf_cnts       
20200000  __stop___llvm_prf_bits        
20200000  __stop___llvm_prf_cnts        
00001f3d  _c_int00_noargs               
20201600  _sys_memory                   
UNDEFED   _system_post_cinit            
00002167  _system_pre_init              
00002159  abort                         
ffffffff  binit                         
2020181c  delta_queue_head              
00001ca5  get_next_free_tcb             
00000000  interruptVectors              
20201820  level0                        
20201824  level1                        
20201828  level2                        
2020182c  level3                        
00002019  main                          
202014c8  periodic_threads              
20201558  s2_threads                    
20200000  stacks                        
20201400  tcbs                          
202015ac  used_tcbs                     


GLOBAL SYMBOLS: SORTED BY Symbol Address 

address   name                          
-------   ----                          
00000000  __TI_ATRegion0_region_sz      
00000000  __TI_ATRegion0_src_addr       
00000000  __TI_ATRegion0_trg_addr       
00000000  __TI_ATRegion1_region_sz      
00000000  __TI_ATRegion1_src_addr       
00000000  __TI_ATRegion1_trg_addr       
00000000  __TI_ATRegion2_region_sz      
00000000  __TI_ATRegion2_src_addr       
00000000  __TI_ATRegion2_trg_addr       
00000000  __TI_static_base__            
00000000  interruptVectors              
000000c1  OS_AddThread                  
00000200  __STACK_SIZE                  
00000200  __SYSMEM_SIZE                 
0000032d  Clock_Init80MHz               
000004e1  ST7735_DrawChar               
00000685  ST7735_Message                
000007e5  OS_Sleep                      
00000939  TIMG8_IRQHandler              
00000bd1  UART_Init                     
00000d09  ST7735_FillRect               
00000e35  SPI1_Init                     
00000f55  SysTick_Handler               
00001045  GROUP1_IRQHandler             
00001129  OS_Kill                       
000011e5  TimerG8_IntArm                
0000132f  __aeabi_idiv0                 
00001331  TIMG7_IRQHandler              
000013d1  ST7735_InitR                  
00001575  OS_Launch                     
000015f5  LaunchPad_Init                
00001671  __TI_decompress_lzss          
000016ec  OSDisableInterrupts           
000016f0  OSEnableInterrupts            
000016f4  StartCritical                 
000016fc  EndCritical                   
00001702  StartOS                       
0000171d  PendSV_Handler                
00001739  SVC_Handler                   
0000175d  TFT_OutCommand                
000017c1  TFT_OutData                   
00001825  Testmain3                     
00001889  TimerG12_Init                 
000018e9  UART0_IRQHandler              
00001945  UART2_IRQHandler              
000019a1  Logic_Init                    
000019f9  OS_Init                       
00001a51  Rx2Fifo_Put                   
00001a9d  RxFifo_Put                    
00001ae9  TxFifo_Get                    
00001bcd  Thread0c                      
00001c15  Thread1c                      
00001c5d  Tx2Fifo_Get                   
00001ca5  get_next_free_tcb             
00001ced  SPI1_Reset                    
00001d2d  __aeabi_uidiv                 
00001d2d  __aeabi_uidivmod              
00001d6d  __TI_auto_init_nobinit_nopinit
00001da9  OS_bWait                      
00001de5  ActivatePortA_B               
00001e1d  Clock_Delay1ms                
00001e51  ST7735_SetCursor              
00001ee5  ST7735_FillScreen             
00001f11  Thread2c                      
00001f3d  _c_int00_noargs               
00001f65  CS_Init                       
00001fa9  ADC0_IRQHandler               
00001fa9  ADC1_IRQHandler               
00001fa9  AES_IRQHandler                
00001fa9  CANFD0_IRQHandler             
00001fa9  DAC0_IRQHandler               
00001fa9  DMA_IRQHandler                
00001fa9  Default_Handler               
00001fa9  GROUP0_IRQHandler             
00001fa9  I2C0_IRQHandler               
00001fa9  I2C1_IRQHandler               
00001fa9  NMI_Handler                   
00001fa9  RTC_IRQHandler                
00001fa9  SPI0_IRQHandler               
00001fa9  SPI1_IRQHandler               
00001fa9  TIMA0_IRQHandler              
00001fa9  TIMA1_IRQHandler              
00001fa9  TIMG0_IRQHandler              
00001fa9  TIMG12_IRQHandler             
00001fa9  TIMG6_IRQHandler              
00001fa9  UART1_IRQHandler              
00001fa9  UART3_IRQHandler              
00001fc5  HardFault_Handler             
00001fe1  OS_ClearMsTime                
00001ffd  OS_bSignal                    
00002019  main                          
00002035  OS_Suspend                    
0000204d  TFLuna2_InStatus              
00002065  TFLuna2_OutStatus             
0000207d  TxFifo_Size                   
00002095  RxFifo_Init                   
000020a9  TxFifo_Init                   
000020bd  TI_memcpy_small               
000020cf  __TI_decompress_none          
000020e1  Clock_Delay                   
000020f1  Delay                         
00002101  __TI_zero_init                
00002111  TI_memset_small               
00002121  Clock_Freq                    
0000212d  OS_Id                         
00002139  OS_Time                       
00002145  __aeabi_memclr                
00002145  __aeabi_memclr4               
00002145  __aeabi_memclr8               
00002151  __aeabi_memcpy                
00002151  __aeabi_memcpy4               
00002151  __aeabi_memcpy8               
00002159  abort                         
0000215e  C$$EXIT                       
0000215f  HOSTexit                      
00002163  Reset_Handler                 
00002167  _system_pre_init              
00002704  __TI_Handler_Table_Base       
00002710  __TI_Handler_Table_Limit      
00002718  __TI_CINIT_Base               
00002728  __TI_CINIT_Limit              
00002728  __TI_CINIT_Warm               
20200000  __start___llvm_prf_bits       
20200000  __start___llvm_prf_cnts       
20200000  __stop___llvm_prf_bits        
20200000  __stop___llvm_prf_cnts        
20200000  stacks                        
20201400  tcbs                          
202014c8  periodic_threads              
20201558  s2_threads                    
202015a0  TFLuna2DataMessage            
202015ac  used_tcbs                     
202015c8  BadCheckSum2                  
202015cc  Count0                        
202015d0  Count1                        
202015d4  Count2                        
202015d8  NumCreated                    
202015dc  RxGetI                        
202015e0  RxPutI                        
202015e4  TFLuna2Distance               
202015e8  TFLuna2Function               
202015ec  TFLuna2Index                  
202015f0  TimeMs                        
202015f4  TxGetI                        
202015f8  TxPutI                        
202015fd  TFLuna2LastByte               
20201600  _sys_memory                   
20201800  BusFreq                       
20201804  Display_Free                  
20201808  NextThreadPt                  
2020180c  RunPt                         
20201810  SPI1_init_Flag                
20201814  StX                           
20201818  StY                           
2020181c  delta_queue_head              
20201820  level0                        
20201824  level1                        
20201828  level2                        
2020182c  level3                        
20201830  StTextColor                   
20207e00  __stack                       
20208000  __STACK_END                   
ffffffff  __TI_pprof_out_hndl           
ffffffff  __TI_prof_data_size           
ffffffff  __TI_prof_data_start          
ffffffff  __binit__                     
ffffffff  binit                         
UNDEFED   __mpu_init                    
UNDEFED   _system_post_cinit            

[169 symbols]
